02:54:10 [INFO] year range 2023..2025
02:54:10 [INFO] mode=missing_only metric=revenue_op merge_existing=True
02:54:10 [INFO] primary fs_div=CFS (fallback enabled)
02:54:10 [INFO] explicit tickers rows=2
02:54:10 [INFO] explicit tickers provided -> restrict mode enabled
02:54:10 [INFO] corp_codes rows=3914
02:54:10 [CHECK] corp_code missing ratio=0.000
02:54:10 [INFO] corp_code usable rows: 2 -> 2
02:54:10 [INFO] existing fundamentals rows=23 from data\processed\fundamentals_quarterly__asof=2026-03-31__src=dart__fs=CFS__y=2023-2025__v=1.parquet
02:54:10 [1/2] 058470 리노공업 corp=00369657
02:54:15 [2/2] 214150 클래시스 corp=01061327
02:54:20 [OK] saved: data\processed\fundamentals_quarterly__asof=2026-03-31__src=dart__fs=CFS__y=2023-2025__v=1.parquet rows=23 new_rows=23 tickers_ok=2 skipped=0 err=0
02:54:20 [CHECK] quarter coverage:
02:54:20   - (2023, 1): 2
02:54:20   - (2023, 2): 2
02:54:20   - (2023, 3): 2
02:54:20   - (2023, 4): 2
02:54:20   - (2024, 1): 2
02:54:20   - (2024, 2): 2
02:54:20   - (2024, 3): 2
02:54:20   - (2024, 4): 2
02:54:20   - (2025, 1): 2
02:54:20   - (2025, 2): 2
02:54:20   - (2025, 3): 2
02:54:20   - (2025, 4): 1
