00:42:39 [INFO] year range 2016..2025
00:42:39 [INFO] mode=missing_only metric=revenue_op merge_existing=True
00:42:39 [INFO] primary fs_div=CFS (fallback enabled)
00:42:39 [INFO] universe=data\processed\universe__asof=2026-03-31__src=phase1__mcap_top=800__trd_bot=0.1__v=1.parquet rows=420
00:42:40 [INFO] union tickers rows=474
00:42:40 [INFO] input tickers rows=474 mode=missing_only
00:42:40 [INFO] corp_codes rows=3914
00:42:40 [CHECK] corp_code missing ratio=0.000
00:42:40 [INFO] corp_code usable rows: 474 -> 474
00:42:40 [INFO] no existing fundamentals cache at data\processed\fundamentals_quarterly__asof=2026-03-31__src=dart__fs=CFS__y=2016-2025__v=1.parquet
00:42:40 [1/474] 005930 삼성전자 corp=00126380
00:42:55 [2/474] 000660 SK하이닉스 corp=00164779
00:43:10 [3/474] 207940 삼성바이오로직스 corp=00877059
00:43:27 [4/474] 005380 현대자동차 corp=00164742
00:43:43 [5/474] 373220 LG에너지솔루션 corp=01515323
00:43:59 [6/474] 402340 SK스퀘어 corp=01596425
00:44:16 [7/474] 105560 KB금융 corp=00688996
00:44:33 [8/474] 000270 기아 corp=00106641
00:44:48 [9/474] 034020 두산에너빌리티 corp=00159616
00:45:05 [10/474] 028260 삼성물산 corp=00149655
00:45:20 [11/474] 068270 셀트리온 corp=00413046
00:45:35 [12/474] 055550 신한지주 corp=00382199
00:45:52 [13/474] 012450 한화에어로스페이스 corp=00126566
00:46:08 [14/474] 329180 HD현대중공업 corp=01390344
00:46:24 [15/474] 006800 미래에셋증권 corp=00111722
00:46:41 [16/474] 032830 삼성생명 corp=00126256
00:46:58 [17/474] 012330 현대모비스 corp=00164788
00:47:13 [18/474] 035420 NAVER corp=00266961
00:47:29 [19/474] 042660 한화오션 corp=00111704
00:47:44 [20/474] 015760 한국전력공사 corp=00159193
00:48:00 [21/474] 086790 하나금융지주 corp=00547583
00:48:32 [22/474] 010130 고려아연 corp=00102858
00:48:47 [23/474] 267260 HD현대일렉트릭 corp=01205851
00:49:03 [24/474] 005490 POSCO홀딩스 corp=00155319
00:49:19 [25/474] 316140 우리금융지주 corp=01350869
00:49:36 [26/474] 009540 HD한국조선해양 corp=00164830
00:49:51 [27/474] 000810 삼성화재해상보험 corp=00139214
00:50:08 [28/474] 138040 메리츠금융지주 corp=00860332
00:50:26 [29/474] 006400 삼성SDI corp=00126362
00:50:42 [30/474] 034730 SK corp=00181712
00:50:57 [31/474] 035720 카카오 corp=00258801
00:51:13 [32/474] 010140 삼성중공업 corp=00126478
00:51:28 [33/474] 009150 삼성전기 corp=00126371
00:51:44 [34/474] 051910 LG화학 corp=00356361
00:51:59 [35/474] 298040 효성중공업 corp=01316245
00:52:15 [36/474] 064350 현대로템 corp=00302926
00:52:30 [37/474] 033780 케이티앤지 corp=00244455
00:52:46 [38/474] 066570 LG전자 corp=00401731
00:53:01 [39/474] 024110 기업은행 corp=00149646
00:53:18 [40/474] 196170 알테오젠 corp=00989619
00:53:35 [41/474] 267250 HD현대 corp=01205709
00:53:50 [42/474] 000150 두산 corp=00117212
00:54:07 [43/474] 086520 에코프로 corp=00536541
00:54:23 [44/474] 010120 엘에스일렉트릭 corp=00105855
00:54:39 [45/474] 042700 한미반도체 corp=00161383
00:54:55 [46/474] 272210 한화시스템 corp=00339391
00:55:11 [47/474] 247540 에코프로비엠 corp=01160363
00:55:28 [48/474] 086280 현대글로비스 corp=00360595
00:55:43 [49/474] 011200 HMM corp=00164645
00:55:59 [50/474] 017670 SK텔레콤 corp=00159023
00:56:15 [51/474] 003670 포스코퓨처엠 corp=00155276
00:56:30 [52/474] 047810 한국항공우주 corp=00309503
00:56:45 [53/474] 096770 SK이노베이션 corp=00631518
00:57:01 [54/474] 030200 케이티 corp=00190321
00:57:17 [55/474] 352820 하이브 corp=01204056
00:57:33 [56/474] 003550 LG corp=00120021
00:57:49 [57/474] 071050 한국금융지주 corp=00432102
00:58:05 [58/474] 039490 키움증권 corp=00296290
00:58:22 [59/474] 018260 삼성에스디에스 corp=00126186
00:58:38 [60/474] 277810 레인보우로보틱스 corp=01261644
00:58:54 [61/474] 005830 DB손해보험 corp=00159102
00:59:11 [62/474] 000720 현대건설 corp=00164478
00:59:27 [63/474] 000250 삼천당제약 corp=00128546
00:59:43 [64/474] 259960 크래프톤 corp=00760971
00:59:59 [65/474] 307950 현대오토에버 corp=00362441
01:00:15 [66/474] 010950 S-Oil corp=00138279
01:00:30 [67/474] 047050 포스코인터내셔널 corp=00124504
01:00:46 [68/474] 000880 한화 corp=00160588
01:01:03 [69/474] 278470 에이피알 corp=01190568
01:01:20 [70/474] 079550 LIG넥스원 corp=00503668
01:01:35 [71/474] 005940 NH투자증권 corp=00120182
01:01:52 [72/474] 090430 아모레퍼시픽 corp=00583424
01:02:08 [73/474] 003490 대한항공 corp=00113526
01:02:24 [74/474] 180640 한진칼 corp=00983040
01:02:40 [75/474] 016360 삼성증권 corp=00104856
01:02:57 [76/474] 003230 삼양식품 corp=00126955
01:03:13 [77/474] 161390 한국타이어앤테크놀로지 corp=00937324
01:03:28 [78/474] 298380 에이비엘바이오 corp=01256864
01:03:45 [79/474] 000100 유한양행 corp=00145109
01:04:01 [80/474] 326030 에스케이바이오팜 corp=00878696
01:04:17 [81/474] 377300 카카오페이 corp=01244601
01:04:33 [82/474] 006260 LS corp=00105952
01:04:50 [83/474] 009830 한화솔루션 corp=00162461
01:05:05 [84/474] 128940 한미약품 corp=00828497
01:05:21 [85/474] 443060 HD현대마린솔루션 corp=01194689
01:05:38 [86/474] 032640 LG유플러스 corp=00231363
01:05:54 [87/474] 029780 삼성카드 corp=00126292
01:06:10 [88/474] 138930 BNK금융지주 corp=00858364
01:06:28 [89/474] 175330 JB금융지주 corp=00980122
01:06:45 [90/474] 028300 HLB corp=00199252
01:07:00 [91/474] 001040 CJ corp=00148540
01:07:16 [92/474] 028050 삼성E&A corp=00126308
01:07:32 [93/474] 021240 코웨이 corp=00170558
01:07:48 [94/474] 078930 GS corp=00500254
01:08:03 [95/474] 214370 케어젠 corp=00549891
01:08:19 [96/474] 454910 두산로보틱스 corp=01105153
01:08:36 [97/474] 241560 두산밥캣 corp=01032486
01:08:51 [98/474] 141080 리가켐바이오 corp=00842619
01:09:07 [99/474] 007660 이수페타시스 corp=00107613
01:09:23 [100/474] 064400 LG씨엔에스 corp=00139834
01:09:40 [101/474] 001440 대한전선 corp=00113207
01:09:56 [102/474] 022100 포스코DX corp=00155212
01:10:11 [103/474] 034220 LG디스플레이 corp=00105873
01:10:27 [104/474] 011070 LG이노텍 corp=00105961
01:10:42 [105/474] 052690 한전기술 corp=00159209
01:11:00 [106/474] 271560 오리온 corp=01238169
01:11:16 [107/474] 240810 원익IPS corp=01135941
01:11:31 [108/474] 002380 케이씨씨 corp=00105271
01:11:47 [109/474] 251270 넷마블 corp=00904672
01:12:03 [110/474] 036570 엔씨소프트 corp=00261443
01:12:19 [111/474] 082740 한화엔진 corp=00361008
01:12:35 [112/474] 039030 이오테크닉스 corp=00246417
01:12:51 [113/474] 004020 현대제철 corp=00145880
01:13:07 [114/474] 062040 산일전기 corp=00366438
01:13:24 [115/474] 011780 금호석유화학 corp=00106368
01:13:40 [116/474] 140410 메지온 corp=00808022
01:13:55 [117/474] 051900 LG생활건강 corp=00356370
01:14:11 [118/474] 088350 한화생명 corp=00113058
01:14:28 [119/474] 214150 클래시스 corp=01061327
01:14:43 [120/474] 000990 DB하이텍 corp=00160843
01:14:58 [121/474] 066970 엘앤에프 corp=00398701
01:15:14 [122/474] 011790 SKC corp=00139889
01:15:30 [123/474] 017800 현대엘리베이터 corp=00164724
01:15:46 [124/474] 035250 강원랜드 corp=00255619
01:16:02 [125/474] 111770 영원무역 corp=00776820
01:16:17 [126/474] 310210 보로노이 corp=01327746
01:16:34 [127/474] 036460 한국가스공사 corp=00261285
01:16:50 [128/474] 302440 SK바이오사이언스 corp=01319899
01:17:07 [129/474] 004990 롯데지주 corp=00120562
01:17:23 [130/474] 001720 신영증권 corp=00136721
01:17:41 [131/474] 214450 파마리서치 corp=00970453
01:17:57 [132/474] 095340 ISC corp=00572905
01:18:12 [133/474] 004170 신세계 corp=00136378
01:18:28 [134/474] 108490 로보티즈 corp=00946030
01:18:44 [135/474] 139130 iM금융지주 corp=00878915
01:19:01 [136/474] 012750 에스원 corp=00158501
01:19:16 [137/474] 011170 롯데케미칼 corp=00165413
01:19:32 [138/474] 014680 한솔케미칼 corp=00140955
01:19:48 [139/474] 103590 일진전기 corp=00683469
01:20:04 [140/474] 097950 CJ제일제당 corp=00635134
01:20:19 [141/474] 319400 현대무벡스 corp=01358463
01:20:36 [142/474] 263750 펄어비스 corp=01152470
01:20:52 [143/474] 023530 롯데쇼핑 corp=00120526
01:21:08 [144/474] 000120 CJ대한통운 corp=00113410
01:21:24 [145/474] 145020 휴젤 corp=00888347
01:21:39 [146/474] 081660 미스토홀딩스 corp=00195229
01:21:55 [147/474] 009970 영원무역홀딩스 corp=00140964
01:22:11 [148/474] 001450 현대해상 corp=00164973
01:22:28 [149/474] 139480 이마트 corp=00872984
01:22:44 [150/474] 357780 솔브레인 corp=01489648
01:23:00 [151/474] 489790 한화비전 corp=01867758
01:23:17 [152/474] 103140 풍산 corp=00684714
01:23:33 [153/474] 047040 대우건설 corp=00124540
01:23:48 [154/474] 018880 한온시스템 corp=00161125
01:24:04 [155/474] 457190 이수스페셜티케미컬 corp=01762569
01:24:21 [156/474] 068760 셀트리온제약 corp=00541349
01:24:39 [157/474] 058610 에스피지 corp=00220686
01:24:54 [158/474] 237690 에스티팜 corp=00871833
01:25:10 [159/474] 000240 한국앤컴퍼니 corp=00160047
01:25:26 [160/474] 010060 OCI홀딩스 corp=00148896
01:25:41 [161/474] 009420 한올바이오파마 corp=00162586
01:25:57 [162/474] 008930 한미사이언스 corp=00161426
01:26:13 [163/474] 353200 대덕전자 corp=01478712
01:26:30 [164/474] 002790 아모레퍼시픽홀딩스 corp=00154462
01:26:45 [165/474] 071970 HD현대마린엔진 corp=00406046
01:27:01 [166/474] 004370 농심 corp=00108241
01:27:16 [167/474] 204320 HL만도 corp=01042775
01:27:31 [168/474] 041510 에스엠 corp=00260930
01:27:47 [169/474] 028670 팬오션 corp=00122737
01:28:03 [170/474] 030530 원익홀딩스 corp=00216647
01:28:18 [171/474] 004800 효성 corp=00117188
01:28:34 [172/474] 012510 더존비즈온 corp=00172291
01:28:49 [173/474] 383220 F&F corp=01568413
01:29:25 [WARN] finstate_all corp=01568413 year=2025 reprt=11012 fs=CFS try=1/4 err=ConnectTimeout: HTTPSConnectionPool(host='opendart.fss.or.kr', port=443): Max retries exceeded with url: /api/fnlttSinglAcntAll.json?crtfc_key=75a12698fc0c7458be36a673011d7c3479f890ed&corp_code=01568413&bsns_year=2025&reprt_code=11012&fs_div=CFS (Caused by ConnectTimeoutError(<HTTPSConnection(host='opendart.fss.or.kr', port=443) at 0x2b6e0ac94c0>, 'Connection to opendart.fss.or.kr timed out. (connect timeout=None)'))
01:29:27 [174/474] 001430 세아베스틸지주 corp=00106669
01:29:43 [175/474] 005290 동진쎄미켐 corp=00118804
01:29:59 [176/474] 003690 코리안리 corp=00113191
01:30:16 [177/474] 051600 한전KPS corp=00159218
01:30:32 [178/474] 257720 실리콘투 corp=00982023
01:30:48 [179/474] 267270 HD건설기계 corp=01205842
01:31:04 [180/474] 440110 파두 corp=01292291
01:31:21 [181/474] 084370 유진테크 corp=00531014
01:31:36 [182/474] 030000 제일기획 corp=00148276
01:31:52 [183/474] 035900 JYP Ent. corp=00258689
01:32:07 [184/474] 023590 다우기술 corp=00176914
01:33:15 [185/474] 069960 현대백화점 corp=00428251
01:33:31 [186/474] 005850 에스엘 corp=00125521
01:33:46 [187/474] 036930 주성엔지니어링 corp=00252135
01:34:02 [188/474] 282330 BGF리테일 corp=01263022
01:34:17 [189/474] 226950 올릭스 corp=01113718
01:34:34 [190/474] 083650 비에이치아이 corp=00409788
01:34:49 [191/474] 336260 두산퓨얼셀 corp=01412725
01:35:06 [192/474] 192820 코스맥스 corp=01009789
01:35:22 [193/474] 011210 현대위아 corp=00106623
01:35:38 [194/474] 005440 현대지에프홀딩스 corp=00105280
01:35:54 [195/474] 067310 하나마이크론 corp=00445054
01:36:09 [196/474] 290650 엘앤씨바이오 corp=01181515
01:36:25 [197/474] 018670 SK가스 corp=00144164
01:36:41 [198/474] 098460 고영 corp=00579999
01:36:56 [199/474] 475830 오름테라퓨틱 corp=01658831
01:37:13 [200/474] 375500 DL이앤씨 corp=01524093
01:37:30 [201/474] 003540 대신증권 corp=00110893
01:37:47 [202/474] 099320 쎄트렉아이 corp=00449254
01:38:02 [203/474] 458870 씨어스테크놀로지 corp=01514227
01:38:20 [204/474] 178320 서진시스템 corp=00838005
01:38:36 [205/474] 006280 녹십자 corp=00129679
01:38:51 [206/474] 073240 금호타이어 corp=00481454
01:39:07 [207/474] 065350 신성델타테크 corp=00136226
01:39:22 [208/474] 097230 HJ중공업 corp=00633835
01:39:38 [209/474] 483650 달바글로벌 corp=01649204
01:39:55 [210/474] 032820 우리기술 corp=00231044
01:40:11 [211/474] 069620 대웅제약 corp=00427483
01:40:26 [212/474] 020150 롯데에너지머티리얼즈 corp=00113997
01:40:42 [213/474] 160190 하이젠알앤엠 corp=00650771
01:40:59 [214/474] 007340 DN오토모티브 corp=00116949
01:41:14 [215/474] 039200 오스코텍 corp=00263654
01:41:30 [216/474] 101490 에스앤에스텍 corp=00411048
01:41:47 [217/474] 032350 롯데관광개발 corp=00231372
01:42:02 [218/474] 008770 호텔신라 corp=00165680
01:42:18 [219/474] 034230 파라다이스 corp=00171265
01:42:33 [220/474] 006360 GS건설 corp=00120030
01:42:49 [221/474] 007070 GS리테일 corp=00140177
01:43:05 [222/474] 323280 태성 corp=01366000
01:43:21 [223/474] 361610 SK아이이테크놀로지 corp=01386916
01:43:45 [224/474] 003570 SNT다이내믹스 corp=00134477
01:44:00 [225/474] 445680 큐리옥스바이오시스템즈 corp=01498974
01:44:17 [226/474] 017960 한국카본 corp=00159795
01:44:33 [227/474] 112610 씨에스윈드 corp=00670340
01:44:48 [228/474] 140860 파크시스템스 corp=00244747
01:45:04 [229/474] 001120 LX인터내셔널 corp=00120076
01:45:19 [230/474] 298020 효성티앤씨 corp=01316227
01:45:35 [231/474] 120110 코오롱인더 corp=00795135
01:45:51 [232/474] 161890 한국콜마 corp=00939331
01:46:06 [233/474] 003380 하림지주 corp=00148364
01:46:22 [234/474] 319660 피에스케이 corp=01365825
01:46:38 [235/474] 082270 젬백스 corp=00492894
01:46:54 [236/474] 232140 와이씨 corp=01109539
01:47:09 [237/474] 437730 삼현 corp=00262266
01:47:26 [238/474] 035760 CJ ENM corp=00265324
01:47:41 [239/474] 466100 클로봇 corp=01784914
01:47:58 [240/474] 085620 미래에셋생명 corp=00112332
01:48:16 [241/474] 007310 오뚜기 corp=00141529
01:48:31 [242/474] 222800 심텍 corp=01095722
01:48:47 [243/474] 006040 동원산업 corp=00118026
01:49:03 [244/474] 348370 엔켐 corp=01011526
01:49:19 [245/474] 031980 피에스케이홀딩스 corp=00208444
01:49:34 [246/474] 003530 한화투자증권 corp=00148610
01:49:51 [247/474] 080220 제주반도체 corp=00447487
01:50:07 [248/474] 281740 레이크머티리얼즈 corp=01255652
01:50:23 [249/474] 089030 테크윙 corp=00535676
01:50:39 [250/474] 003090 대웅 corp=00111810
01:50:55 [251/474] 038500 삼표시멘트 corp=00239639
01:51:10 [252/474] 001800 오리온홀딩스 corp=00117577
01:51:26 [253/474] 294870 HDC현대산업개발 corp=01310269
01:51:41 [254/474] 007390 네이처셀 corp=00117276
01:51:59 [255/474] 090710 휴림로봇 corp=00540429
01:52:15 [256/474] 195940 HK이노엔 corp=01012066
01:52:33 [257/474] 096530 씨젠 corp=00788773
01:52:48 [258/474] 253450 스튜디오드래곤 corp=01168684
01:53:05 [259/474] 056080 유진로봇 corp=00234227
01:53:21 [260/474] 005300 롯데칠성음료 corp=00120571
01:53:37 [261/474] 007810 코리아써키트 corp=00152686
01:53:52 [262/474] 388720 유일로보틱스 corp=01152586
01:54:10 [263/474] 122870 와이지엔터테인먼트 corp=00613318
01:54:26 [264/474] 012630 HDC corp=00164636
01:54:42 [265/474] 229640 LS에코에너지 corp=01093007
01:54:58 [266/474] 078600 대주전자재료 corp=00177816
01:55:13 [267/474] 189300 인텔리안테크 corp=00664181
01:55:28 [268/474] 218410 RFHIC corp=01078178
01:55:44 [269/474] 043260 성호전자 corp=00317210
01:56:00 [270/474] 095610 테스 corp=00524421
01:56:16 [271/474] 499790 GS피앤엘 corp=01882845
01:56:33 [272/474] 000080 하이트진로 corp=00150244
01:56:49 [273/474] 293490 카카오게임즈 corp=01137383
01:57:05 [274/474] 181710 NHN corp=00983271
01:57:21 [275/474] 100790 미래에셋벤처투자 corp=00340096
01:57:38 [276/474] 004000 롯데정밀화학 corp=00157681
01:57:53 [277/474] 204270 제이앤티씨 corp=00447575
01:58:09 [278/474] 185750 종근당 corp=00992871
01:58:25 [279/474] 003240 태광산업 corp=00153393
01:58:41 [280/474] 137400 피엔티 corp=00612294
01:58:56 [281/474] 131970 두산테스나 corp=00563545
01:59:14 [282/474] 001740 SK네트웍스 corp=00131780
01:59:30 [283/474] 328130 루닛 corp=01397620
01:59:46 [284/474] 115180 큐리언트 corp=01042650
02:00:02 [285/474] 166090 하나머티리얼즈 corp=00660750
02:00:20 [286/474] 036540 SFA반도체 corp=00301246
02:00:36 [287/474] 006120 SK디스커버리 corp=00131832
02:00:52 [288/474] 192080 더블유게임즈 corp=01010110
02:01:08 [289/474] 298050 HS효성첨단소재 corp=01316254
02:01:24 [290/474] 085660 차바이오텍 corp=00525679
02:01:40 [291/474] 006730 서부T&D corp=00130383
02:01:57 [292/474] 124500 아이티센글로벌 corp=00620868
02:02:13 [293/474] 183300 코미코 corp=00997812
02:02:28 [294/474] 161580 필옵틱스 corp=00938721
02:02:44 [295/474] 056190 에스에프에이 corp=00358271
02:03:00 [296/474] 285130 SK케미칼 corp=01267170
02:03:15 [297/474] 417200 LS머트리얼즈 corp=01528141
02:03:32 [298/474] 006650 대한유화 corp=00260383
02:03:47 [299/474] 241710 코스메카코리아 corp=00763473
02:04:02 [300/474] 100090 SK오션플랜트 corp=00480367
02:04:18 [301/474] 071320 지역난방공사 corp=00159698
02:04:35 [302/474] 036830 솔브레인홀딩스 corp=00247975
02:04:51 [303/474] 213420 덕산네오룩스 corp=01061558
02:05:08 [304/474] 000210 DL corp=00109693
02:05:24 [305/474] 032190 다우데이타 corp=00238782
02:05:40 [306/474] 075580 세진중공업 corp=00415628
02:05:55 [307/474] 003160 디아이 corp=00118275
02:06:11 [308/474] 249420 일동제약 corp=01168383
02:06:27 [309/474] 086900 메디톡스 corp=00580199
02:06:43 [310/474] 003470 유안타증권 corp=00117601
02:07:00 [311/474] 376300 디어유 corp=01456011
02:07:17 [312/474] 195870 해성디에스 corp=01032413
02:07:32 [313/474] 347700 스피어 corp=01336762
02:07:49 [314/474] 100840 SNT에너지 corp=00648721
02:08:06 [315/474] 475150 SK이터닉스 corp=01817081
02:08:23 [316/474] 131290 티에스이 corp=00372226
02:08:39 [317/474] 281820 케이씨텍 corp=01261893
02:08:57 [318/474] 014620 성광벤드 corp=00132318
02:09:13 [319/474] 057050 현대홈쇼핑 corp=00412597
02:09:28 [320/474] 171090 선익시스템 corp=00327819
02:09:44 [321/474] 060370 LS마린솔루션 corp=00225742
02:10:02 [322/474] 222080 씨아이에스 corp=01090471
02:10:19 [323/474] 112040 위메이드 corp=00444329
02:10:34 [324/474] 033240 자화전자 corp=00146861
02:10:50 [325/474] 036810 에프에스티 corp=00223434
02:11:06 [326/474] 322000 HD현대에너지솔루션 corp=01199550
02:11:22 [327/474] 010780 아이에스동서 corp=00115977
02:11:38 [328/474] 079900 전진건설로봇 corp=00372129
02:11:55 [329/474] 108320 LX세미콘 corp=00525934
02:12:10 [330/474] 052400 코나아이 corp=00349732
02:12:26 [331/474] 248070 솔루엠 corp=01159233
02:12:42 [332/474] 000370 한화손해보험 corp=00135917
02:13:00 [333/474] 347850 디앤디파마텍 corp=01376715
02:13:17 [334/474] 000500 가온전선 corp=00104768
02:13:33 [335/474] 348340 뉴로메카 corp=01336461
02:13:50 [336/474] 089970 브이엠 corp=00544577
02:14:07 [337/474] 093370 후성 corp=00595191
02:14:22 [338/474] 121600 나노신소재 corp=00439965
02:14:38 [339/474] 060250 NHN KCP corp=00357740
02:14:53 [340/474] 005180 빙그레 corp=00124726
02:15:09 [341/474] 102710 이엔에프테크놀로지 corp=00530185
02:15:25 [342/474] 033500 동성화인텍 corp=00231105
02:15:41 [343/474] 042000 카페24 corp=00260879
02:15:56 [344/474] 114090 GKL corp=00557508
02:16:12 [345/474] 214430 아이쓰리시스템 corp=00612489
02:16:30 [346/474] 009520 포스코엠텍 corp=00128111
02:16:49 [347/474] 039130 하나투어 corp=00269940
02:17:04 [348/474] 001680 대상 corp=00121941
02:17:20 [349/474] 001270 부국증권 corp=00123772
02:17:36 [350/474] 086450 동국제약 corp=00114808
02:17:52 [351/474] 002020 코오롱 corp=00152862
02:18:08 [352/474] 003620 KG모빌리티 corp=00138242
02:18:24 [353/474] 067160 SOOP corp=00399694
02:18:40 [354/474] 348210 넥스틴 corp=01080252
02:18:56 [355/474] 389470 인벤티지랩 corp=01516456
02:19:14 [356/474] 456040 OCI corp=01760738
02:19:31 [357/474] 023160 태광 corp=00153375
02:19:48 [358/474] 272290 이녹스첨단소재 corp=01237540
02:20:04 [359/474] 074600 원익QnC corp=00468374
02:20:19 [360/474] 399720 가온칩스 corp=01364747
02:20:36 [361/474] 025980 아난티 corp=00161781
02:20:52 [362/474] 090360 로보스타 corp=00536523
02:21:07 [363/474] 078160 메디포스트 corp=00453929
02:21:22 [364/474] 077970 STX엔진 corp=00480455
02:21:38 [365/474] 053800 안랩 corp=00298270
02:21:53 [366/474] 420770 기가비스 corp=00765569
02:22:10 [367/474] 383310 에코프로에이치엔 corp=01566248
02:22:26 [368/474] 127120 제이에스링크 corp=00642541
02:22:42 [369/474] 090460 비에이치 corp=00447609
02:22:58 [370/474] 060280 큐렉소 corp=00356802
02:23:16 [371/474] 018290 브이티 corp=00150165
02:23:32 [372/474] 336570 원텍 corp=01407909
02:23:49 [373/474] 253590 네오셈 corp=01170865
02:24:05 [374/474] 372320 큐로셀 corp=01492651
02:24:22 [375/474] 130660 한전산업 corp=00194947
02:24:37 [376/474] 005880 대한해운 corp=00113535
02:24:53 [377/474] 475960 토모큐브 corp=01573336
02:25:10 [378/474] 126340 비나텍 corp=00563518
02:25:26 [379/474] 041190 우리기술투자 corp=00231664
02:25:43 [380/474] 005420 코스모화학 corp=00160302
02:26:00 [381/474] 015750 성우하이텍 corp=00132992
02:26:16 [382/474] 336370 솔루스첨단소재 corp=01412822
02:26:32 [383/474] 004690 삼천리 corp=00128555
02:26:47 [384/474] 036620 감성코퍼레이션 corp=00261009
02:27:05 [385/474] 025320 시노펙스 corp=00203023
02:27:21 [386/474] 053610 프로텍 corp=00325112
02:27:37 [387/474] 119850 지엔씨에너지 corp=00626464
02:27:53 [388/474] 027360 아주IB투자 corp=00156895
02:28:10 [389/474] 460930 현대힘스 corp=00667373
02:28:27 [390/474] 064260 다날 corp=00389970
02:28:42 [391/474] 042520 한스바이오메드 corp=00349060
02:28:58 [392/474] 001510 SK증권 corp=00131850
02:29:14 [393/474] 005090 SGC에너지 corp=00125150
02:29:30 [394/474] 003030 세아제강지주 corp=00124197
02:29:46 [395/474] 104830 원익머트리얼즈 corp=00623661
02:30:02 [396/474] 050890 쏠리드 corp=00364403
02:30:18 [397/474] 039440 에스티아이 corp=00298340
02:30:34 [398/474] 059090 미코 corp=00366942
02:30:50 [399/474] 356860 티엘비 corp=00920379
02:31:06 [400/474] 114810 한솔아이원스 corp=00625942
02:31:23 [401/474] 083450 GST corp=00540863
02:31:39 [402/474] 105840 우진 corp=00173944
02:31:54 [403/474] 200710 에이디테크놀로지 corp=00657002
02:32:10 [404/474] 079370 제우스 corp=00442570
02:32:25 [405/474] 045100 한양이엔지 corp=00216762
02:32:42 [406/474] 278280 천보 corp=00897752
02:32:57 [407/474] 006220 제주은행 corp=00148832
02:33:14 [408/474] 425420 티에프이 corp=01035368
02:33:31 [409/474] 089010 켐트로닉스 corp=00371485
02:33:46 [410/474] 215600 신라젠 corp=00919966
02:34:01 [411/474] 376900 로킷헬스케어 corp=01335143
02:34:18 [412/474] 206650 유바이오로직스 corp=00927558
02:34:36 [413/474] 368770 파이버프로 corp=01513440
02:34:52 [414/474] 041920 메디아나 corp=00273439
02:35:07 [415/474] 048410 현대바이오 corp=00313649
02:35:23 [416/474] 011930 신성이엔지 corp=00136271
02:35:40 [417/474] 122640 예스티 corp=00530556
02:35:56 [418/474] 082920 비츠로셀 corp=00154718
02:36:25 [WARN] finstate_all corp=00154718 year=2021 reprt=11013 fs=CFS try=1/4 err=ConnectTimeout: HTTPSConnectionPool(host='opendart.fss.or.kr', port=443): Max retries exceeded with url: /api/fnlttSinglAcntAll.json?crtfc_key=75a12698fc0c7458be36a673011d7c3479f890ed&corp_code=00154718&bsns_year=2021&reprt_code=11013&fs_div=CFS (Caused by ConnectTimeoutError(<HTTPSConnection(host='opendart.fss.or.kr', port=443) at 0x2b6e0a7a900>, 'Connection to opendart.fss.or.kr timed out. (connect timeout=None)'))
02:36:34 [419/474] 117730 티로보틱스 corp=00867098
02:36:49 [420/474] 001500 현대차증권 corp=00137997
02:37:06 [421/474] 026960 동서 corp=00144395
02:37:22 [422/474] 280360 롯데웰푸드 corp=01258507
02:37:37 [423/474] 009240 한샘 corp=00161693
02:37:53 [424/474] 030190 NICE평가정보 corp=00158325
02:38:08 [425/474] 064960 SNT모티브 corp=00398792
02:38:24 [426/474] 214320 이노션 corp=00565154
02:38:39 [427/474] 069260 티케이지휴켐스 corp=00426086
02:38:55 [428/474] 225570 넥슨게임즈 corp=01096341
02:39:12 [429/474] 211050 인카금융서비스 corp=01013694
02:39:49 [WARN] finstate_all corp=01013694 year=2025 reprt=11011 fs=OFS try=1/4 err=ConnectTimeout: HTTPSConnectionPool(host='opendart.fss.or.kr', port=443): Max retries exceeded with url: /api/fnlttSinglAcntAll.json?crtfc_key=75a12698fc0c7458be36a673011d7c3479f890ed&corp_code=01013694&bsns_year=2025&reprt_code=11011&fs_div=OFS (Caused by ConnectTimeoutError(<HTTPSConnection(host='opendart.fss.or.kr', port=443) at 0x2b6e083a060>, 'Connection to opendart.fss.or.kr timed out. (connect timeout=None)'))
02:39:50 [430/474] 099190 아이센스 corp=00550994
02:40:05 [431/474] 041960 코미팜 corp=00187415
02:40:22 [432/474] 192650 드림텍 corp=00415646
02:40:38 [433/474] 030520 한글과컴퓨터 corp=00204262
02:40:54 [434/474] 145720 덴티움 corp=00526599
02:41:09 [435/474] 105630 한세실업 corp=00728638
02:41:24 [436/474] 000070 삼양홀딩스 corp=00126937
02:41:40 [437/474] 000400 롯데손해보험 corp=00113562
02:41:58 [438/474] 001060 JW중외제약 corp=00149947
02:42:14 [439/474] 002350 넥센타이어 corp=00173874
02:42:29 [440/474] 003850 보령 corp=00123143
02:42:45 [441/474] 005070 코스모신소재 corp=00129989
02:43:04 [442/474] 005690 파미셀 corp=00145163
02:43:22 [443/474] 009450 경동나비엔 corp=00101488
02:43:38 [444/474] 016610 DB증권 corp=00115694
02:43:55 [445/474] 030610 교보증권 corp=00113359
02:44:12 [446/474] 033100 제룡전기 corp=00185356
02:44:30 [447/474] 034310 NICE corp=00158316
02:45:54 [448/474] 036530 SNT홀딩스 corp=00225159
02:46:10 [449/474] 044490 태웅 corp=00186799
02:46:29 [450/474] 058470 리노공업 corp=00369657
02:46:45 [451/474] 064760 티씨케이 corp=00245472
02:47:03 [452/474] 079160 CJ CGV corp=00303873
02:47:19 [453/474] 087010 펩트론 corp=00415868
02:47:37 [454/474] 094170 동운아나텍 corp=00695969
02:47:56 [455/474] 174900 앱클론 corp=00991191
02:48:14 [456/474] 178920 PI첨단소재 corp=00767460
02:48:33 [457/474] 251970 펌텍코리아 corp=00761059
02:48:49 [458/474] 252990 샘씨엔에스 corp=01199727
02:49:07 [459/474] 287840 인투셀 corp=01374443
02:49:24 [460/474] 295310 에이치브이엠 corp=01011368
02:49:54 [WARN] finstate_all corp=01011368 year=2021 reprt=11013 fs=OFS try=1/4 err=ConnectTimeout: HTTPSConnectionPool(host='opendart.fss.or.kr', port=443): Max retries exceeded with url: /api/fnlttSinglAcntAll.json?crtfc_key=75a12698fc0c7458be36a673011d7c3479f890ed&corp_code=01011368&bsns_year=2021&reprt_code=11013&fs_div=OFS (Caused by ConnectTimeoutError(<HTTPSConnection(host='opendart.fss.or.kr', port=443) at 0x2b722d56150>, 'Connection to opendart.fss.or.kr timed out. (connect timeout=None)'))
02:50:04 [461/474] 323410 카카오뱅크 corp=01133217
02:50:21 [462/474] 358570 지아이이노베이션 corp=01351080
02:50:39 [463/474] 365340 성일하이텍 corp=01274329
02:50:56 [464/474] 383800 LX홀딩스 corp=01562589
02:51:13 [465/474] 389650 넥스트바이오메디컬 corp=01385050
02:51:30 [466/474] 397030 에이프릴바이오 corp=01375822
02:51:48 [467/474] 403870 HPSP corp=01288827
02:52:05 [468/474] 450080 에코프로머티 corp=01311408
02:52:23 [469/474] 455900 엔젤로보틱스 corp=01592049
02:52:40 [470/474] 456160 지투지바이오 corp=01577952
02:52:58 [471/474] 476060 온코닉테라퓨틱스 corp=01632912
02:53:15 [472/474] 476830 알지노믹스 corp=01596920
02:53:33 [473/474] 484870 엠앤씨솔루션 corp=01519790
02:53:51 [474/474] 950160 코오롱티슈진 corp=01245062
02:54:09 [OK] saved: data\processed\fundamentals_quarterly__asof=2026-03-31__src=dart__fs=CFS__y=2016-2025__v=1.parquet rows=15237 new_rows=15237 tickers_ok=474 skipped=0 err=0
02:54:09 [CHECK] quarter coverage:
02:54:09   - (2016, 1): 296
02:54:09   - (2016, 2): 300
02:54:09   - (2016, 3): 302
02:54:09   - (2016, 4): 310
02:54:09   - (2017, 1): 313
02:54:09   - (2017, 2): 322
02:54:09   - (2017, 3): 326
02:54:09   - (2017, 4): 335
02:54:09   - (2018, 1): 334
02:54:09   - (2018, 2): 338
02:54:09   - (2018, 3): 340
02:54:09   - (2018, 4): 349
02:54:09   - (2019, 1): 348
02:54:09   - (2019, 2): 351
02:54:09   - (2019, 3): 352
02:54:09   - (2019, 4): 359
02:54:09   - (2020, 1): 359
02:54:09   - (2020, 2): 361
02:54:09   - (2020, 3): 365
02:54:09   - (2020, 4): 374
02:54:09   - (2021, 1): 375
02:54:09   - (2021, 2): 381
02:54:09   - (2021, 3): 383
02:54:09   - (2021, 4): 388
02:54:09   - (2022, 1): 390
02:54:09   - (2022, 2): 394
02:54:09   - (2022, 3): 397
02:54:09   - (2022, 4): 402
02:54:09   - (2023, 1): 402
02:54:09   - (2023, 2): 406
02:54:09   - (2023, 3): 449
02:54:09   - (2023, 4): 454
02:54:09   - (2024, 1): 456
02:54:09   - (2024, 2): 462
02:54:09   - (2024, 3): 468
02:54:09   - (2024, 4): 474
02:54:09   - (2025, 1): 474
02:54:09   - (2025, 2): 474
02:54:09   - (2025, 3): 474
02:54:09   - (2025, 4): 400
