23:26:46 [INFO] year range 2016..2025
23:26:46 [INFO] mode=universe metric=revenue_op merge_existing=False
23:26:46 [INFO] primary fs_div=CFS (fallback enabled)
23:26:46 [INFO] universe=data\processed\universe__asof=2026-03-29__src=phase1__mcap_top=800__trd_bot=0.1__v=1.parquet rows=455
23:26:46 [INFO] input tickers rows=455 mode=universe
23:26:46 [INFO] corp_codes rows=3915
23:26:46 [CHECK] corp_code missing ratio=0.000
23:26:46 [INFO] corp_code usable rows: 455 -> 455
23:26:46 [INFO] no existing fundamentals cache at data\processed\fundamentals_quarterly__asof=2026-03-29__src=dart__fs=CFS__y=2016-2025__v=1.parquet
23:26:46 [1/455] 005930 삼성전자 corp=00126380
23:26:57 [2/455] 000660 SK하이닉스 corp=00164779
23:27:07 [3/455] 207940 삼성바이오로직스 corp=00877059
23:27:21 [4/455] 005380 현대자동차 corp=00164742
23:27:31 [5/455] 373220 LG에너지솔루션 corp=01515323
23:27:48 [6/455] 402340 SK스퀘어 corp=01596425
23:28:07 [7/455] 105560 KB금융 corp=00688996
23:28:25 [8/455] 000270 기아 corp=00106641
23:28:36 [9/455] 034020 두산에너빌리티 corp=00159616
23:28:46 [10/455] 028260 삼성물산 corp=00149655
23:28:56 [11/455] 068270 셀트리온 corp=00413046
23:29:07 [12/455] 055550 신한지주 corp=00382199
23:29:22 [13/455] 012450 한화에어로스페이스 corp=00126566
23:29:33 [14/455] 329180 HD현대중공업 corp=01390344
23:29:46 [15/455] 006800 미래에셋증권 corp=00111722
23:30:02 [16/455] 032830 삼성생명 corp=00126256
23:30:17 [17/455] 012330 현대모비스 corp=00164788
23:30:28 [18/455] 035420 NAVER corp=00266961
23:30:38 [19/455] 042660 한화오션 corp=00111704
23:30:48 [20/455] 015760 한국전력공사 corp=00159193
23:30:59 [21/455] 086790 하나금융지주 corp=00547583
23:31:14 [22/455] 010130 고려아연 corp=00102858
23:31:24 [23/455] 267260 HD현대일렉트릭 corp=01205851
23:31:35 [24/455] 005490 POSCO홀딩스 corp=00155319
23:31:46 [25/455] 316140 우리금융지주 corp=01350869
23:32:01 [26/455] 009540 HD한국조선해양 corp=00164830
23:32:11 [27/455] 000810 삼성화재해상보험 corp=00139214
23:32:27 [28/455] 138040 메리츠금융지주 corp=00860332
23:32:43 [29/455] 006400 삼성SDI corp=00126362
23:32:53 [30/455] 034730 SK corp=00181712
23:33:03 [31/455] 035720 카카오 corp=00258801
23:33:14 [32/455] 010140 삼성중공업 corp=00126478
23:33:24 [33/455] 009150 삼성전기 corp=00126371
23:33:34 [34/455] 051910 LG화학 corp=00356361
23:33:44 [35/455] 298040 효성중공업 corp=01316245
23:33:57 [36/455] 064350 현대로템 corp=00302926
23:34:07 [37/455] 033780 케이티앤지 corp=00244455
23:34:17 [38/455] 066570 LG전자 corp=00401731
23:34:27 [39/455] 024110 기업은행 corp=00149646
23:34:43 [40/455] 196170 알테오젠 corp=00989619
23:34:54 [41/455] 267250 HD현대 corp=01205709
23:35:05 [42/455] 000150 두산 corp=00117212
23:35:15 [43/455] 086520 에코프로 corp=00536541
23:35:26 [44/455] 010120 엘에스일렉트릭 corp=00105855
23:35:36 [45/455] 042700 한미반도체 corp=00161383
23:35:46 [46/455] 272210 한화시스템 corp=00339391
23:35:59 [47/455] 247540 에코프로비엠 corp=01160363
23:36:12 [48/455] 086280 현대글로비스 corp=00360595
23:36:22 [49/455] 011200 HMM corp=00164645
23:36:32 [50/455] 017670 SK텔레콤 corp=00159023
23:36:43 [51/455] 003670 포스코퓨처엠 corp=00155276
23:36:53 [52/455] 047810 한국항공우주 corp=00309503
23:37:03 [53/455] 096770 SK이노베이션 corp=00631518
23:37:14 [54/455] 030200 케이티 corp=00190321
23:37:24 [55/455] 352820 하이브 corp=01204056
23:37:38 [56/455] 003550 LG corp=00120021
23:37:48 [57/455] 071050 한국금융지주 corp=00432102
23:38:04 [58/455] 039490 키움증권 corp=00296290
23:38:19 [59/455] 018260 삼성에스디에스 corp=00126186
23:38:30 [60/455] 323410 카카오뱅크 corp=01133217
23:38:46 [61/455] 277810 레인보우로보틱스 corp=01261644
23:39:00 [62/455] 005830 DB손해보험 corp=00159102
23:39:16 [63/455] 000720 현대건설 corp=00164478
23:39:26 [64/455] 000250 삼천당제약 corp=00128546
23:39:37 [65/455] 259960 크래프톤 corp=00760971
23:39:51 [66/455] 307950 현대오토에버 corp=00362441
23:40:03 [67/455] 010950 S-Oil corp=00138279
23:40:13 [68/455] 047050 포스코인터내셔널 corp=00124504
23:40:24 [69/455] 000880 한화 corp=00160588
23:40:34 [70/455] 278470 에이피알 corp=01190568
23:40:47 [71/455] 079550 LIG넥스원 corp=00503668
23:40:58 [72/455] 005940 NH투자증권 corp=00120182
23:41:14 [73/455] 090430 아모레퍼시픽 corp=00583424
23:41:24 [74/455] 003490 대한항공 corp=00113526
23:41:35 [75/455] 180640 한진칼 corp=00983040
23:41:45 [76/455] 016360 삼성증권 corp=00104856
23:42:01 [77/455] 003230 삼양식품 corp=00126955
23:42:11 [78/455] 161390 한국타이어앤테크놀로지 corp=00937324
23:42:21 [79/455] 298380 에이비엘바이오 corp=01256864
23:42:35 [80/455] 000100 유한양행 corp=00145109
23:42:45 [81/455] 326030 에스케이바이오팜 corp=00878696
23:42:58 [82/455] 377300 카카오페이 corp=01244601
23:43:14 [83/455] 006260 LS corp=00105952
23:43:24 [84/455] 009830 한화솔루션 corp=00162461
23:43:34 [85/455] 128940 한미약품 corp=00828497
23:43:45 [86/455] 443060 HD현대마린솔루션 corp=01194689
23:44:00 [87/455] 032640 LG유플러스 corp=00231363
23:44:11 [88/455] 029780 삼성카드 corp=00126292
23:44:26 [89/455] 138930 BNK금융지주 corp=00858364
23:44:42 [90/455] 175330 JB금융지주 corp=00980122
23:44:57 [91/455] 028300 HLB corp=00199252
23:45:07 [92/455] 001040 CJ corp=00148540
23:45:18 [93/455] 028050 삼성E&A corp=00126308
23:45:28 [94/455] 021240 코웨이 corp=00170558
23:45:38 [95/455] 078930 GS corp=00500254
23:45:49 [96/455] 214370 케어젠 corp=00549891
23:45:59 [97/455] 454910 두산로보틱스 corp=01105153
23:46:14 [98/455] 241560 두산밥캣 corp=01032486
23:46:25 [99/455] 141080 리가켐바이오 corp=00842619
23:46:36 [100/455] 007660 이수페타시스 corp=00107613
23:46:47 [101/455] 064400 LG씨엔에스 corp=00139834
23:47:02 [102/455] 001440 대한전선 corp=00113207
23:47:12 [103/455] 022100 포스코DX corp=00155212
23:47:23 [104/455] 034220 LG디스플레이 corp=00105873
23:47:33 [105/455] 011070 LG이노텍 corp=00105961
23:47:43 [106/455] 087010 펩트론 corp=00415868
23:47:57 [107/455] 052690 한전기술 corp=00159209
23:48:09 [108/455] 271560 오리온 corp=01238169
23:48:20 [109/455] 240810 원익IPS corp=01135941
23:48:31 [110/455] 002380 케이씨씨 corp=00105271
23:48:41 [111/455] 251270 넷마블 corp=00904672
23:48:52 [112/455] 036570 엔씨소프트 corp=00261443
23:49:03 [113/455] 450080 에코프로머티 corp=01311408
23:49:19 [114/455] 082740 한화엔진 corp=00361008
23:49:30 [115/455] 039030 이오테크닉스 corp=00246417
23:49:40 [116/455] 004020 현대제철 corp=00145880
23:49:51 [117/455] 062040 산일전기 corp=00366438
23:50:07 [118/455] 011780 금호석유화학 corp=00106368
23:50:18 [119/455] 140410 메지온 corp=00808022
23:50:28 [120/455] 051900 LG생활건강 corp=00356370
23:50:38 [121/455] 088350 한화생명 corp=00113058
23:50:54 [122/455] 214150 클래시스 corp=01061327
23:51:05 [123/455] 000990 DB하이텍 corp=00160843
23:51:15 [124/455] 066970 엘앤에프 corp=00398701
23:51:26 [125/455] 011790 SKC corp=00139889
23:51:36 [126/455] 017800 현대엘리베이터 corp=00164724
23:51:47 [127/455] 035250 강원랜드 corp=00255619
23:51:57 [128/455] 111770 영원무역 corp=00776820
23:52:07 [129/455] 310210 보로노이 corp=01327746
23:52:22 [130/455] 036460 한국가스공사 corp=00261285
23:52:32 [131/455] 302440 SK바이오사이언스 corp=01319899
23:52:47 [132/455] 004990 롯데지주 corp=00120562
23:52:58 [133/455] 001720 신영증권 corp=00136721
23:53:14 [134/455] 214450 파마리서치 corp=00970453
23:53:24 [135/455] 095340 ISC corp=00572905
23:53:35 [136/455] 004170 신세계 corp=00136378
23:53:45 [137/455] 108490 로보티즈 corp=00946030
23:53:57 [138/455] 403870 HPSP corp=01288827
23:54:13 [139/455] 139130 iM금융지주 corp=00878915
23:54:28 [140/455] 012750 에스원 corp=00158501
23:54:39 [141/455] 011170 롯데케미칼 corp=00165413
23:54:49 [142/455] 014680 한솔케미칼 corp=00140955
23:54:59 [143/455] 103590 일진전기 corp=00683469
23:55:10 [144/455] 097950 CJ제일제당 corp=00635134
23:55:20 [145/455] 319400 현대무벡스 corp=01358463
23:55:34 [146/455] 263750 펄어비스 corp=01152470
23:55:45 [147/455] 023530 롯데쇼핑 corp=00120526
23:55:56 [148/455] 000120 CJ대한통운 corp=00113410
23:56:06 [149/455] 145020 휴젤 corp=00888347
23:56:16 [150/455] 081660 미스토홀딩스 corp=00195229
23:56:27 [151/455] 009970 영원무역홀딩스 corp=00140964
23:56:37 [152/455] 001450 현대해상 corp=00164973
23:56:52 [153/455] 139480 이마트 corp=00872984
23:57:03 [154/455] 357780 솔브레인 corp=01489648
23:57:16 [155/455] 489790 한화비전 corp=01867758
23:57:32 [156/455] 103140 풍산 corp=00684714
23:57:43 [157/455] 047040 대우건설 corp=00124540
23:57:53 [158/455] 018880 한온시스템 corp=00161125
23:58:03 [159/455] 457190 이수스페셜티케미컬 corp=01762569
23:58:20 [160/455] 068760 셀트리온제약 corp=00541349
23:58:32 [161/455] 058610 에스피지 corp=00220686
23:58:42 [162/455] 237690 에스티팜 corp=00871833
23:58:53 [163/455] 000240 한국앤컴퍼니 corp=00160047
23:59:03 [164/455] 010060 OCI홀딩스 corp=00148896
23:59:13 [165/455] 026960 동서 corp=00144395
23:59:24 [166/455] 009420 한올바이오파마 corp=00162586
23:59:34 [167/455] 008930 한미사이언스 corp=00161426
23:59:44 [168/455] 353200 대덕전자 corp=01478712
23:59:57 [169/455] 002790 아모레퍼시픽홀딩스 corp=00154462
00:00:08 [170/455] 071970 HD현대마린엔진 corp=00406046
00:00:18 [171/455] 004370 농심 corp=00108241
00:00:28 [172/455] 204320 HL만도 corp=01042775
00:00:39 [173/455] 041510 에스엠 corp=00260930
00:00:49 [174/455] 028670 팬오션 corp=00122737
00:00:59 [175/455] 030530 원익홀딩스 corp=00216647
00:01:10 [176/455] 004800 효성 corp=00117188
00:01:20 [177/455] 012510 더존비즈온 corp=00172291
00:01:30 [178/455] 383220 F&F corp=01568413
00:01:44 [179/455] 001430 세아베스틸지주 corp=00106669
00:01:55 [180/455] 005290 동진쎄미켐 corp=00118804
00:02:05 [181/455] 003690 코리안리 corp=00113191
00:02:21 [182/455] 051600 한전KPS corp=00159218
00:02:31 [183/455] 257720 실리콘투 corp=00982023
00:02:46 [184/455] 267270 HD건설기계 corp=01205842
00:02:57 [185/455] 440110 파두 corp=01292291
00:03:13 [186/455] 084370 유진테크 corp=00531014
00:03:23 [187/455] 030000 제일기획 corp=00148276
00:03:34 [188/455] 035900 JYP Ent. corp=00258689
00:03:44 [189/455] 023590 다우기술 corp=00176914
00:03:54 [190/455] 069960 현대백화점 corp=00428251
00:04:05 [191/455] 005850 에스엘 corp=00125521
00:04:15 [192/455] 036930 주성엔지니어링 corp=00252135
00:04:25 [193/455] 282330 BGF리테일 corp=01263022
00:04:37 [194/455] 064760 티씨케이 corp=00245472
00:04:51 [195/455] 226950 올릭스 corp=01113718
00:05:03 [196/455] 083650 비에이치아이 corp=00409788
00:05:13 [197/455] 336260 두산퓨얼셀 corp=01412725
00:05:27 [198/455] 192820 코스맥스 corp=01009789
00:05:38 [199/455] 011210 현대위아 corp=00106623
00:05:48 [200/455] 005440 현대지에프홀딩스 corp=00105280
00:05:58 [201/455] 067310 하나마이크론 corp=00445054
00:06:09 [202/455] 290650 엘앤씨바이오 corp=01181515
00:06:21 [203/455] 018670 SK가스 corp=00144164
00:06:31 [204/455] 098460 고영 corp=00579999
00:06:41 [205/455] 475830 오름테라퓨틱 corp=01658831
00:06:58 [206/455] 375500 DL이앤씨 corp=01524093
00:07:12 [207/455] 003540 대신증권 corp=00110893
00:07:28 [208/455] 099320 쎄트렉아이 corp=00449254
00:07:39 [209/455] 458870 씨어스테크놀로지 corp=01514227
00:07:55 [210/455] 178320 서진시스템 corp=00838005
00:08:06 [211/455] 006280 녹십자 corp=00129679
00:08:17 [212/455] 073240 금호타이어 corp=00481454
00:08:27 [213/455] 065350 신성델타테크 corp=00136226
00:08:37 [214/455] 097230 HJ중공업 corp=00633835
00:08:48 [215/455] 483650 달바글로벌 corp=01649204
00:09:04 [216/455] 032820 우리기술 corp=00231044
00:09:14 [217/455] 069620 대웅제약 corp=00427483
00:09:24 [218/455] 020150 롯데에너지머티리얼즈 corp=00113997
00:09:35 [219/455] 160190 하이젠알앤엠 corp=00650771
00:09:51 [220/455] 007340 DN오토모티브 corp=00116949
00:10:01 [221/455] 039200 오스코텍 corp=00263654
00:10:11 [222/455] 101490 에스앤에스텍 corp=00411048
00:10:27 [223/455] 032350 롯데관광개발 corp=00231372
00:10:37 [224/455] 008770 호텔신라 corp=00165680
00:10:47 [225/455] 034230 파라다이스 corp=00171265
00:10:58 [226/455] 006360 GS건설 corp=00120030
00:11:08 [227/455] 007070 GS리테일 corp=00140177
00:11:18 [228/455] 323280 태성 corp=01366000
00:11:33 [229/455] 361610 SK아이이테크놀로지 corp=01386916
00:11:47 [230/455] 003570 SNT다이내믹스 corp=00134477
00:11:57 [231/455] 445680 큐리옥스바이오시스템즈 corp=01498974
00:12:13 [232/455] 017960 한국카본 corp=00159795
00:12:23 [233/455] 112610 씨에스윈드 corp=00670340
00:12:34 [234/455] 140860 파크시스템스 corp=00244747
00:12:44 [235/455] 001120 LX인터내셔널 corp=00120076
00:12:54 [236/455] 298020 효성티앤씨 corp=01316227
00:13:06 [237/455] 120110 코오롱인더 corp=00795135
00:13:17 [238/455] 005070 코스모신소재 corp=00129989
00:13:31 [239/455] 161890 한국콜마 corp=00939331
00:13:41 [240/455] 003380 하림지주 corp=00148364
00:13:53 [241/455] 319660 피에스케이 corp=01365825
00:14:05 [242/455] 082270 젬백스 corp=00492894
00:14:16 [243/455] 232140 와이씨 corp=01109539
00:14:27 [244/455] 437730 삼현 corp=00262266
00:14:43 [245/455] 035760 CJ ENM corp=00265324
00:14:53 [246/455] 466100 클로봇 corp=01784914
00:15:09 [247/455] 085620 미래에셋생명 corp=00112332
00:15:26 [248/455] 007310 오뚜기 corp=00141529
00:15:36 [249/455] 222800 심텍 corp=01095722
00:15:47 [250/455] 006040 동원산업 corp=00118026
00:15:57 [251/455] 348370 엔켐 corp=01011526
00:16:11 [252/455] 031980 피에스케이홀딩스 corp=00208444
00:16:22 [253/455] 003530 한화투자증권 corp=00148610
00:16:38 [254/455] 080220 제주반도체 corp=00447487
00:16:49 [255/455] 281740 레이크머티리얼즈 corp=01255652
00:17:02 [256/455] 089030 테크윙 corp=00535676
00:17:12 [257/455] 003090 대웅 corp=00111810
00:17:22 [258/455] 038500 삼표시멘트 corp=00239639
00:17:33 [259/455] 001800 오리온홀딩스 corp=00117577
00:17:43 [260/455] 294870 HDC현대산업개발 corp=01310269
00:17:55 [261/455] 007390 네이처셀 corp=00117276
00:18:08 [262/455] 090710 휴림로봇 corp=00540429
00:18:18 [263/455] 195940 HK이노엔 corp=01012066
00:18:33 [264/455] 058470 리노공업 corp=00369657
00:18:47 [265/455] 397030 에이프릴바이오 corp=01375822
00:19:03 [266/455] 096530 씨젠 corp=00788773
00:19:14 [267/455] 476830 알지노믹스 corp=01596920
00:19:31 [268/455] 950160 코오롱티슈진 corp=01245062
00:19:45 [269/455] 056080 유진로봇 corp=00234227
00:19:57 [270/455] 005300 롯데칠성음료 corp=00120571
00:20:07 [271/455] 007810 코리아써키트 corp=00152686
00:20:17 [272/455] 388720 유일로보틱스 corp=01152586
00:20:33 [273/455] 122870 와이지엔터테인먼트 corp=00613318
00:20:43 [274/455] 012630 HDC corp=00164636
00:20:54 [275/455] 229640 LS에코에너지 corp=01093007
00:21:04 [276/455] 078600 대주전자재료 corp=00177816
00:21:15 [277/455] 189300 인텔리안테크 corp=00664181
00:21:26 [278/455] 218410 RFHIC corp=01078178
00:21:37 [279/455] 043260 성호전자 corp=00317210
00:21:47 [280/455] 095610 테스 corp=00524421
00:21:58 [281/455] 499790 GS피앤엘 corp=01882845
00:22:14 [282/455] 000080 하이트진로 corp=00150244
00:22:24 [283/455] 484870 엠앤씨솔루션 corp=01519790
00:22:41 [284/455] 293490 카카오게임즈 corp=01137383
00:22:55 [285/455] 181710 NHN corp=00983271
00:23:05 [286/455] 100790 미래에셋벤처투자 corp=00340096
00:23:21 [287/455] 004000 롯데정밀화학 corp=00157681
00:23:31 [288/455] 204270 제이앤티씨 corp=00447575
00:23:44 [289/455] 280360 롯데웰푸드 corp=01258507
00:23:56 [290/455] 185750 종근당 corp=00992871
00:24:07 [291/455] 003240 태광산업 corp=00153393
00:24:17 [292/455] 137400 피엔티 corp=00612294
00:24:28 [293/455] 131970 두산테스나 corp=00563545
00:24:41 [294/455] 001740 SK네트웍스 corp=00131780
00:24:52 [295/455] 328130 루닛 corp=01397620
00:25:06 [296/455] 115180 큐리언트 corp=01042650
00:25:18 [297/455] 166090 하나머티리얼즈 corp=00660750
00:25:31 [298/455] 036540 SFA반도체 corp=00301246
00:25:42 [299/455] 006120 SK디스커버리 corp=00131832
00:25:52 [300/455] 192080 더블유게임즈 corp=01010110
00:26:03 [301/455] 298050 HS효성첨단소재 corp=01316254
00:26:15 [302/455] 085660 차바이오텍 corp=00525679
00:26:25 [303/455] 006730 서부T&D corp=00130383
00:26:36 [304/455] 124500 아이티센글로벌 corp=00620868
00:26:47 [305/455] 183300 코미코 corp=00997812
00:26:58 [306/455] 161580 필옵틱스 corp=00938721
00:27:09 [307/455] 056190 에스에프에이 corp=00358271
00:27:19 [308/455] 285130 SK케미칼 corp=01267170
00:27:31 [309/455] 417200 LS머트리얼즈 corp=01528141
00:27:46 [310/455] 006650 대한유화 corp=00260383
00:27:56 [311/455] 241710 코스메카코리아 corp=00763473
00:28:07 [312/455] 100090 SK오션플랜트 corp=00480367
00:28:18 [313/455] 071320 지역난방공사 corp=00159698
00:28:29 [314/455] 036830 솔브레인홀딩스 corp=00247975
00:28:40 [315/455] 213420 덕산네오룩스 corp=01061558
00:28:52 [316/455] 000210 DL corp=00109693
00:29:03 [317/455] 174900 앱클론 corp=00991191
00:29:18 [318/455] 032190 다우데이타 corp=00238782
00:29:28 [319/455] 075580 세진중공업 corp=00415628
00:29:39 [320/455] 295310 에이치브이엠 corp=01011368
00:29:55 [321/455] 003160 디아이 corp=00118275
00:30:06 [322/455] 249420 일동제약 corp=01168383
00:30:17 [323/455] 086900 메디톡스 corp=00580199
00:30:27 [324/455] 003470 유안타증권 corp=00117601
00:30:43 [325/455] 376300 디어유 corp=01456011
00:30:58 [326/455] 195870 해성디에스 corp=01032413
00:31:08 [327/455] 079160 CJ CGV corp=00303873
00:31:19 [328/455] 347700 스피어 corp=01336762
00:31:34 [329/455] 005690 파미셀 corp=00145163
00:31:48 [330/455] 100840 SNT에너지 corp=00648721
00:31:59 [331/455] 475150 SK이터닉스 corp=01817081
00:32:15 [332/455] 131290 티에스이 corp=00372226
00:32:26 [333/455] 281820 케이씨텍 corp=01261893
00:32:40 [334/455] 014620 성광벤드 corp=00132318
00:32:50 [335/455] 057050 현대홈쇼핑 corp=00412597
00:33:01 [336/455] 171090 선익시스템 corp=00327819
00:33:12 [337/455] 060370 LS마린솔루션 corp=00225742
00:33:26 [338/455] 222080 씨아이에스 corp=01090471
00:33:38 [339/455] 112040 위메이드 corp=00444329
00:33:48 [340/455] 033240 자화전자 corp=00146861
00:33:58 [341/455] 036810 에프에스티 corp=00223434
00:34:09 [342/455] 064960 SNT모티브 corp=00398792
00:34:19 [343/455] 322000 HD현대에너지솔루션 corp=01199550
00:34:32 [344/455] 010780 아이에스동서 corp=00115977
00:34:43 [345/455] 079900 전진건설로봇 corp=00372129
00:34:59 [346/455] 108320 LX세미콘 corp=00525934
00:35:10 [347/455] 052400 코나아이 corp=00349732
00:35:20 [348/455] 248070 솔루엠 corp=01159233
00:35:34 [349/455] 000370 한화손해보험 corp=00135917
00:35:50 [350/455] 347850 디앤디파마텍 corp=01376715
00:36:06 [351/455] 000500 가온전선 corp=00104768
00:36:16 [352/455] 348340 뉴로메카 corp=01336461
00:36:32 [353/455] 089970 브이엠 corp=00544577
00:36:44 [354/455] 093370 후성 corp=00595191
00:36:55 [355/455] 121600 나노신소재 corp=00439965
00:37:05 [356/455] 060250 NHN KCP corp=00357740
00:37:15 [357/455] 102710 이엔에프테크놀로지 corp=00530185
00:37:26 [358/455] 033500 동성화인텍 corp=00231105
00:37:36 [359/455] 033100 제룡전기 corp=00185356
00:37:50 [360/455] 042000 카페24 corp=00260879
00:38:02 [361/455] 114090 GKL corp=00557508
00:38:13 [362/455] 214430 아이쓰리시스템 corp=00612489
00:38:27 [363/455] 009520 포스코엠텍 corp=00128111
00:38:40 [364/455] 214320 이노션 corp=00565154
00:38:51 [365/455] 039130 하나투어 corp=00269940
00:39:01 [366/455] 069260 티케이지휴켐스 corp=00426086
00:39:12 [367/455] 001060 JW중외제약 corp=00149947
00:39:22 [368/455] 001680 대상 corp=00121941
00:39:32 [369/455] 086450 동국제약 corp=00114808
00:39:43 [370/455] 002020 코오롱 corp=00152862
00:39:53 [371/455] 225570 넥슨게임즈 corp=01096341
00:40:06 [372/455] 003620 KG모빌리티 corp=00138242
00:40:17 [373/455] 067160 SOOP corp=00399694
00:40:27 [374/455] 348210 넥스틴 corp=01080252
00:40:41 [375/455] 389470 인벤티지랩 corp=01516456
00:40:56 [376/455] 456040 OCI corp=01760738
00:41:13 [377/455] 365340 성일하이텍 corp=01274329
00:41:28 [378/455] 023160 태광 corp=00153375
00:41:39 [379/455] 272290 이녹스첨단소재 corp=01237540
00:41:50 [380/455] 074600 원익QnC corp=00468374
00:42:01 [381/455] 399720 가온칩스 corp=01364747
00:42:16 [382/455] 025980 아난티 corp=00161781
00:42:26 [383/455] 090360 로보스타 corp=00536523
00:42:36 [384/455] 078160 메디포스트 corp=00453929
00:42:47 [385/455] 077970 STX엔진 corp=00480455
00:42:57 [386/455] 420770 기가비스 corp=00765569
00:43:14 [387/455] 383310 에코프로에이치엔 corp=01566248
00:43:28 [388/455] 127120 제이에스링크 corp=00642541
00:43:39 [389/455] 090460 비에이치 corp=00447609
00:43:49 [390/455] 060280 큐렉소 corp=00356802
00:44:02 [391/455] 018290 브이티 corp=00150165
00:44:13 [392/455] 251970 펌텍코리아 corp=00761059
00:44:26 [393/455] 336570 원텍 corp=01407909
00:44:41 [394/455] 253590 네오셈 corp=01170865
00:44:53 [395/455] 287840 인투셀 corp=01374443
00:45:11 [396/455] 372320 큐로셀 corp=01492651
00:45:27 [397/455] 130660 한전산업 corp=00194947
00:45:38 [398/455] 005880 대한해운 corp=00113535
00:45:48 [399/455] 475960 토모큐브 corp=01573336
00:46:05 [400/455] 126340 비나텍 corp=00563518
00:46:19 [401/455] 041960 코미팜 corp=00187415
00:46:30 [402/455] 252990 샘씨엔에스 corp=01199727
00:46:46 [403/455] 041190 우리기술투자 corp=00231664
00:47:02 [404/455] 358570 지아이이노베이션 corp=01351080
00:47:18 [405/455] 016610 DB증권 corp=00115694
00:47:34 [406/455] 044490 태웅 corp=00186799
00:47:49 [407/455] 005420 코스모화학 corp=00160302
00:48:00 [408/455] 015750 성우하이텍 corp=00132992
00:48:10 [409/455] 336370 솔루스첨단소재 corp=01412822
00:48:23 [410/455] 004690 삼천리 corp=00128555
00:48:34 [411/455] 036620 감성코퍼레이션 corp=00261009
00:48:46 [412/455] 025320 시노펙스 corp=00203023
00:48:57 [413/455] 053610 프로텍 corp=00325112
00:49:07 [414/455] 119850 지엔씨에너지 corp=00626464
00:49:18 [415/455] 027360 아주IB투자 corp=00156895
00:49:34 [416/455] 460930 현대힘스 corp=00667373
00:49:50 [417/455] 178920 PI첨단소재 corp=00767460
00:50:04 [418/455] 094170 동운아나텍 corp=00695969
00:50:18 [419/455] 064260 다날 corp=00389970
00:50:28 [420/455] 389650 넥스트바이오메디컬 corp=01385050
00:50:45 [421/455] 042520 한스바이오메드 corp=00349060
00:50:56 [422/455] 001510 SK증권 corp=00131850
00:51:12 [423/455] 005090 SGC에너지 corp=00125150
00:51:22 [424/455] 192650 드림텍 corp=00415646
00:51:34 [425/455] 003030 세아제강지주 corp=00124197
00:51:45 [426/455] 104830 원익머트리얼즈 corp=00623661
00:51:55 [427/455] 050890 쏠리드 corp=00364403
00:52:06 [428/455] 030520 한글과컴퓨터 corp=00204262
00:52:16 [429/455] 039440 에스티아이 corp=00298340
00:52:26 [430/455] 145720 덴티움 corp=00526599
00:52:37 [431/455] 059090 미코 corp=00366942
00:52:48 [432/455] 356860 티엘비 corp=00920379
00:53:01 [433/455] 114810 한솔아이원스 corp=00625942
00:53:13 [434/455] 083450 GST corp=00540863
00:53:23 [435/455] 105840 우진 corp=00173944
00:53:34 [436/455] 200710 에이디테크놀로지 corp=00657002
00:53:44 [437/455] 079370 제우스 corp=00442570
00:53:54 [438/455] 045100 한양이엔지 corp=00216762
00:54:05 [439/455] 278280 천보 corp=00897752
00:54:17 [440/455] 006220 제주은행 corp=00148832
00:54:34 [441/455] 425420 티에프이 corp=01035368
00:54:49 [442/455] 089010 켐트로닉스 corp=00371485
00:54:59 [443/455] 215600 신라젠 corp=00919966
00:55:10 [444/455] 376900 로킷헬스케어 corp=01335143
00:55:26 [445/455] 206650 유바이오로직스 corp=00927558
00:55:40 [446/455] 368770 파이버프로 corp=01513440
00:55:54 [447/455] 041920 메디아나 corp=00273439
00:56:05 [448/455] 048410 현대바이오 corp=00313649
00:56:15 [449/455] 011930 신성이엔지 corp=00136271
00:56:26 [450/455] 122640 예스티 corp=00530556
00:56:36 [451/455] 082920 비츠로셀 corp=00154718
00:56:47 [452/455] 117730 티로보틱스 corp=00867098
00:57:00 [453/455] 001500 현대차증권 corp=00137997
00:57:15 [454/455] 476060 온코닉테라퓨틱스 corp=01632912
00:57:32 [455/455] 456160 지투지바이오 corp=01577952
00:57:49 [OK] saved: data\processed\fundamentals_quarterly__asof=2026-03-29__src=dart__fs=CFS__y=2016-2025__v=1.parquet rows=14720 new_rows=14720 tickers_ok=455 skipped=0 err=0
00:57:49 [CHECK] quarter coverage:
00:57:49   - (2016, 1): 284
00:57:49   - (2016, 2): 288
00:57:49   - (2016, 3): 290
00:57:49   - (2016, 4): 298
00:57:49   - (2017, 1): 301
00:57:49   - (2017, 2): 310
00:57:49   - (2017, 3): 314
00:57:49   - (2017, 4): 322
00:57:49   - (2018, 1): 321
00:57:49   - (2018, 2): 325
00:57:49   - (2018, 3): 327
00:57:49   - (2018, 4): 336
00:57:49   - (2019, 1): 336
00:57:49   - (2019, 2): 339
00:57:49   - (2019, 3): 339
00:57:49   - (2019, 4): 346
00:57:49   - (2020, 1): 346
00:57:49   - (2020, 2): 348
00:57:49   - (2020, 3): 352
00:57:49   - (2020, 4): 361
00:57:49   - (2021, 1): 362
00:57:49   - (2021, 2): 367
00:57:49   - (2021, 3): 369
00:57:49   - (2021, 4): 373
00:57:49   - (2022, 1): 375
00:57:49   - (2022, 2): 379
00:57:49   - (2022, 3): 382
00:57:49   - (2022, 4): 387
00:57:49   - (2023, 1): 387
00:57:49   - (2023, 2): 391
00:57:49   - (2023, 3): 431
00:57:49   - (2023, 4): 435
00:57:49   - (2024, 1): 437
00:57:49   - (2024, 2): 443
00:57:49   - (2024, 3): 449
00:57:49   - (2024, 4): 455
00:57:49   - (2025, 1): 455
00:57:49   - (2025, 2): 455
00:57:49   - (2025, 3): 455
00:57:49   - (2025, 4): 450
