11:18:15 [INFO] universe=data\processed\universe__asof=2026-02-18__metric=revenue_op__v=1.csv rows=474
11:18:16 [INFO] corp_codes rows=3913
11:18:16 [CHECK] corp_code missing ratio=0.000
11:18:16 [INFO] year range 2016..2025
11:18:16 [1/474] 000070 None corp=00126937
11:18:29 [2/474] 000080 None corp=00150244
11:18:42 [3/474] 000100 None corp=00145109
11:18:55 [4/474] 000120 None corp=00113410
11:19:08 [5/474] 000150 None corp=00117212
11:19:21 [6/474] 000210 None corp=00109693
11:19:34 [7/474] 000240 None corp=00160047
11:19:47 [8/474] 000250 None corp=00128546
11:20:00 [9/474] 000270 None corp=00106641
11:20:13 [10/474] 000370 None corp=00135917
11:20:25 [11/474] 000400 None corp=00113562
11:20:37 [12/474] 000500 None corp=00104768
11:20:50 [13/474] 000660 None corp=00164779
11:21:03 [14/474] 000720 None corp=00164478
11:21:16 [15/474] 000810 None corp=00139214
11:21:28 [16/474] 000880 None corp=00160588
11:21:41 [17/474] 000990 None corp=00160843
11:21:54 [18/474] 001040 None corp=00148540
11:22:07 [19/474] 001060 None corp=00149947
11:22:20 [20/474] 001120 None corp=00120076
11:22:33 [21/474] 001270 None corp=00123772
11:22:45 [22/474] 001430 None corp=00106669
11:22:58 [23/474] 001440 None corp=00113207
11:23:11 [24/474] 001450 None corp=00164973
11:23:23 [25/474] 001500 None corp=00137997
11:23:35 [26/474] 001510 None corp=00131850
11:23:47 [27/474] 001680 None corp=00121941
11:24:00 [28/474] 001720 None corp=00136721
11:24:12 [29/474] 001740 None corp=00131780
11:24:25 [30/474] 001800 None corp=00117577
11:24:39 [31/474] 002020 None corp=00152862
11:24:52 [32/474] 002350 None corp=00173874
11:25:04 [33/474] 002380 None corp=00105271
11:25:17 [34/474] 002790 None corp=00154462
11:25:30 [35/474] 003030 None corp=00124197
11:25:43 [36/474] 003090 None corp=00111810
11:25:56 [37/474] 003160 None corp=00118275
11:26:09 [38/474] 003230 None corp=00126955
11:26:22 [39/474] 003240 None corp=00153393
11:26:35 [40/474] 003380 None corp=00148364
11:26:48 [41/474] 003470 None corp=00117601
11:27:00 [42/474] 003490 None corp=00113526
11:27:13 [43/474] 003530 None corp=00148610
11:27:25 [44/474] 003540 None corp=00110893
11:27:37 [45/474] 003550 None corp=00120021
11:27:50 [46/474] 003570 None corp=00134477
11:28:03 [47/474] 003620 None corp=00138242
11:28:16 [48/474] 003670 None corp=00155276
11:28:29 [49/474] 003690 None corp=00113191
11:28:41 [50/474] 003850 None corp=00123143
11:28:53 [51/474] 004000 None corp=00157681
11:29:06 [52/474] 004020 None corp=00145880
11:29:19 [53/474] 004170 None corp=00136378
11:29:32 [54/474] 004370 None corp=00108241
11:29:45 [55/474] 004690 None corp=00128555
11:29:58 [56/474] 004800 None corp=00117188
11:30:11 [57/474] 004990 None corp=00120562
11:30:24 [58/474] 005070 None corp=00129989
11:30:36 [59/474] 005090 None corp=00125150
11:30:49 [60/474] 005180 None corp=00124726
11:31:02 [61/474] 005290 None corp=00118804
11:31:15 [62/474] 005300 None corp=00120571
11:31:28 [63/474] 005380 None corp=00164742
11:31:41 [64/474] 005420 None corp=00160302
11:31:54 [65/474] 005440 None corp=00105280
11:32:07 [66/474] 005490 None corp=00155319
11:32:20 [67/474] 005690 None corp=00145163
11:32:32 [68/474] 005830 None corp=00159102
11:32:44 [69/474] 005850 None corp=00125521
11:32:57 [70/474] 005880 None corp=00113535
11:33:10 [71/474] 005930 None corp=00126380
11:33:22 [72/474] 005940 None corp=00120182
11:33:34 [73/474] 006040 None corp=00118026
11:33:48 [74/474] 006120 None corp=00131832
11:34:00 [75/474] 006220 None corp=00148832
11:34:13 [76/474] 006260 None corp=00105952
11:34:26 [77/474] 006280 None corp=00129679
11:34:39 [78/474] 006360 None corp=00120030
11:34:52 [79/474] 006400 None corp=00126362
11:35:05 [80/474] 006650 None corp=00260383
11:35:17 [81/474] 006730 None corp=00130383
11:35:30 [82/474] 006800 None corp=00111722
11:35:43 [83/474] 007070 None corp=00140177
11:35:56 [84/474] 007310 None corp=00141529
11:36:09 [85/474] 007340 None corp=00116949
11:36:22 [86/474] 007390 None corp=00117276
11:36:34 [87/474] 007660 None corp=00107613
11:36:47 [88/474] 007810 None corp=00152686
11:37:00 [89/474] 008770 None corp=00165680
11:37:13 [90/474] 008930 None corp=00161426
11:37:26 [91/474] 009150 None corp=00126371
11:37:39 [92/474] 009240 None corp=00161693
11:37:52 [93/474] 009420 None corp=00162586
11:38:05 [94/474] 009450 None corp=00101488
11:38:17 [95/474] 009520 None corp=00128111
11:38:30 [96/474] 009540 None corp=00164830
11:38:43 [97/474] 009830 None corp=00162461
11:38:56 [98/474] 009970 None corp=00140964
11:39:09 [99/474] 010060 None corp=00148896
11:39:22 [100/474] 010120 None corp=00105855
11:39:35 [101/474] 010130 None corp=00102858
11:39:48 [102/474] 010140 None corp=00126478
11:40:01 [103/474] 010780 None corp=00115977
11:40:15 [104/474] 010950 None corp=00138279
11:40:27 [105/474] 011070 None corp=00105961
11:40:40 [106/474] 011170 None corp=00165413
11:40:53 [107/474] 011200 None corp=00164645
11:41:07 [108/474] 011210 None corp=00106623
11:41:19 [109/474] 011780 None corp=00106368
11:41:32 [110/474] 011790 None corp=00139889
11:41:45 [111/474] 011930 None corp=00136271
11:41:58 [112/474] 012330 None corp=00164788
11:42:11 [113/474] 012450 None corp=00126566
11:42:24 [114/474] 012510 None corp=00172291
11:42:37 [115/474] 012630 None corp=00164636
11:42:50 [116/474] 012750 None corp=00158501
11:43:03 [117/474] 014620 None corp=00132318
11:43:15 [118/474] 014680 None corp=00140955
11:43:29 [119/474] 015750 None corp=00132992
11:43:41 [120/474] 015760 None corp=00159193
11:43:55 [121/474] 016360 None corp=00104856
11:44:07 [122/474] 016610 None corp=00115694
11:44:19 [123/474] 017670 None corp=00159023
11:44:32 [124/474] 017800 None corp=00164724
11:44:45 [125/474] 017960 None corp=00159795
11:44:58 [126/474] 018260 None corp=00126186
11:45:11 [127/474] 018290 None corp=00150165
11:45:24 [128/474] 018670 None corp=00144164
11:45:37 [129/474] 018880 None corp=00161125
11:45:49 [130/474] 020150 None corp=00113997
11:46:03 [131/474] 021240 None corp=00170558
11:46:16 [132/474] 022100 None corp=00155212
11:46:29 [133/474] 023160 None corp=00153375
11:46:41 [134/474] 023530 None corp=00120526
11:46:54 [135/474] 023590 None corp=00176914
11:47:09 [136/474] 024110 None corp=00149646
11:47:21 [137/474] 025320 None corp=00203023
11:47:34 [138/474] 025980 None corp=00161781
11:47:47 [139/474] 026960 None corp=00144395
11:48:00 [140/474] 027360 None corp=00156895
11:48:12 [141/474] 028050 None corp=00126308
11:48:26 [142/474] 028260 None corp=00149655
11:48:39 [143/474] 028300 None corp=00199252
11:48:53 [144/474] 028670 None corp=00122737
11:49:05 [145/474] 029780 None corp=00126292
11:49:17 [146/474] 030000 None corp=00148276
11:49:30 [147/474] 030190 None corp=00158325
11:49:44 [148/474] 030200 None corp=00190321
11:49:57 [149/474] 030520 None corp=00204262
11:50:10 [150/474] 030530 None corp=00216647
11:50:24 [151/474] 030610 None corp=00113359
11:50:36 [152/474] 031980 None corp=00208444
11:50:49 [153/474] 032190 None corp=00238782
11:51:03 [154/474] 032350 None corp=00231372
11:51:16 [155/474] 032640 None corp=00231363
11:51:29 [156/474] 032820 None corp=00231044
11:51:42 [157/474] 032830 None corp=00126256
11:51:55 [158/474] 033100 None corp=00185356
11:52:06 [159/474] 033240 None corp=00146861
11:52:20 [160/474] 033500 None corp=00231105
11:52:33 [161/474] 033780 None corp=00244455
11:52:45 [162/474] 034020 None corp=00159616
11:52:59 [163/474] 034220 None corp=00105873
11:53:12 [164/474] 034230 None corp=00171265
11:53:24 [165/474] 034310 None corp=00158316
11:53:38 [166/474] 034730 None corp=00181712
11:53:51 [167/474] 035250 None corp=00255619
11:54:04 [168/474] 035420 None corp=00266961
11:54:17 [169/474] 035720 None corp=00258801
11:54:31 [170/474] 035760 None corp=00265324
11:54:44 [171/474] 035900 None corp=00258689
11:54:56 [172/474] 036460 None corp=00261285
11:55:10 [173/474] 036530 None corp=00225159
11:55:24 [174/474] 036540 None corp=00301246
11:55:36 [175/474] 036570 None corp=00261443
11:55:50 [176/474] 036620 None corp=00261009
11:56:02 [177/474] 036810 None corp=00223434
11:56:15 [178/474] 036830 None corp=00247975
11:56:28 [179/474] 036930 None corp=00252135
11:56:41 [180/474] 038500 None corp=00239639
11:56:53 [181/474] 039030 None corp=00246417
11:57:06 [182/474] 039130 None corp=00269940
11:57:19 [183/474] 039200 None corp=00263654
11:57:32 [184/474] 039440 None corp=00298340
11:57:45 [185/474] 039490 None corp=00296290
11:57:58 [186/474] 041190 None corp=00231664
11:58:10 [187/474] 041510 None corp=00260930
11:58:23 [188/474] 041920 None corp=00273439
11:58:35 [189/474] 041960 None corp=00187415
11:58:48 [190/474] 042000 None corp=00260879
11:59:01 [191/474] 042520 None corp=00349060
11:59:14 [192/474] 042660 None corp=00111704
11:59:27 [193/474] 042700 None corp=00161383
11:59:40 [194/474] 043260 None corp=00317210
11:59:53 [195/474] 044490 None corp=00186799
12:00:05 [196/474] 045100 None corp=00216762
12:00:18 [197/474] 047040 None corp=00124540
12:00:31 [198/474] 047050 None corp=00124504
12:00:45 [199/474] 047810 None corp=00309503
12:00:57 [200/474] 048410 None corp=00313649
12:01:11 [201/474] 050890 None corp=00364403
12:01:24 [202/474] 051600 None corp=00159218
12:01:37 [203/474] 051900 None corp=00356370
12:01:50 [204/474] 051910 None corp=00356361
12:02:04 [205/474] 052400 None corp=00349732
12:02:17 [206/474] 052690 None corp=00159209
12:02:29 [207/474] 053610 None corp=00325112
12:02:43 [208/474] 053800 None corp=00298270
12:02:55 [209/474] 055550 None corp=00382199
12:03:08 [210/474] 056080 None corp=00234227
12:03:20 [211/474] 056190 None corp=00358271
12:03:33 [212/474] 057050 None corp=00412597
12:03:46 [213/474] 058470 None corp=00369657
12:03:58 [214/474] 058610 None corp=00220686
12:04:12 [215/474] 059090 None corp=00366942
12:04:25 [216/474] 060250 None corp=00357740
12:04:38 [217/474] 060280 None corp=00356802
12:04:50 [218/474] 060370 None corp=00225742
12:05:02 [219/474] 062040 None corp=00366438
12:05:14 [220/474] 064260 None corp=00389970
12:05:27 [221/474] 064350 None corp=00302926
12:05:40 [222/474] 064400 None corp=00139834
12:05:52 [223/474] 064760 None corp=00245472
12:06:04 [224/474] 064960 None corp=00398792
12:06:17 [225/474] 065350 None corp=00136226
12:06:30 [226/474] 066570 None corp=00401731
12:06:43 [227/474] 066970 None corp=00398701
12:06:56 [228/474] 067160 None corp=00399694
12:07:10 [229/474] 067310 None corp=00445054
12:07:23 [230/474] 068270 None corp=00413046
12:07:36 [231/474] 068760 None corp=00541349
12:07:49 [232/474] 069260 None corp=00426086
12:08:01 [233/474] 069620 None corp=00427483
12:08:15 [234/474] 069960 None corp=00428251
12:08:28 [235/474] 071050 None corp=00432102
12:08:40 [236/474] 071320 None corp=00159698
12:08:53 [237/474] 071970 None corp=00406046
12:09:06 [238/474] 073240 None corp=00481454
12:09:19 [239/474] 074600 None corp=00468374
12:09:32 [240/474] 075580 None corp=00415628
12:09:45 [241/474] 077970 None corp=00480455
12:09:58 [242/474] 078160 None corp=00453929
12:10:11 [243/474] 078600 None corp=00177816
12:10:24 [244/474] 078930 None corp=00500254
12:10:38 [245/474] 079160 None corp=00303873
12:10:51 [246/474] 079370 None corp=00442570
12:11:04 [247/474] 079550 None corp=00503668
12:11:17 [248/474] 079900 None corp=00372129
12:11:28 [249/474] 080220 None corp=00447487
12:11:41 [250/474] 081660 None corp=00195229
12:11:54 [251/474] 082270 None corp=00492894
12:12:07 [252/474] 082740 None corp=00361008
12:12:21 [253/474] 082920 None corp=00154718
12:12:33 [254/474] 083450 None corp=00540863
12:12:46 [255/474] 083650 None corp=00409788
12:13:00 [256/474] 084370 None corp=00531014
12:13:15 [257/474] 085620 None corp=00112332
12:13:27 [258/474] 085660 None corp=00525679
12:13:42 [259/474] 086280 None corp=00360595
12:13:55 [260/474] 086450 None corp=00114808
12:14:08 [261/474] 086520 None corp=00536541
12:14:22 [262/474] 086790 None corp=00547583
12:14:34 [263/474] 086900 None corp=00580199
12:14:49 [264/474] 087010 None corp=00415868
12:15:01 [265/474] 088350 None corp=00113058
12:15:13 [266/474] 089010 None corp=00371485
12:15:27 [267/474] 089030 None corp=00535676
12:15:41 [268/474] 089970 None corp=00544577
12:15:53 [269/474] 090360 None corp=00536523
12:16:06 [270/474] 090430 None corp=00583424
12:16:19 [271/474] 090460 None corp=00447609
12:16:32 [272/474] 090710 None corp=00540429
12:16:45 [273/474] 093370 None corp=00595191
12:16:59 [274/474] 094170 None corp=00695969
12:17:11 [275/474] 095340 None corp=00572905
12:17:26 [276/474] 095610 None corp=00524421
12:17:40 [277/474] 096530 None corp=00788773
12:17:53 [278/474] 096770 None corp=00631518
12:18:06 [279/474] 097230 None corp=00633835
12:18:19 [280/474] 097950 None corp=00635134
12:18:32 [281/474] 098460 None corp=00579999
12:18:45 [282/474] 099190 None corp=00550994
12:18:58 [283/474] 099320 None corp=00449254
12:19:12 [284/474] 100090 None corp=00480367
12:19:25 [285/474] 100790 None corp=00340096
12:19:37 [286/474] 100840 None corp=00648721
12:19:49 [287/474] 101490 None corp=00411048
12:20:01 [288/474] 102710 None corp=00530185
12:20:14 [289/474] 103140 None corp=00684714
12:20:28 [290/474] 103590 None corp=00683469
12:20:41 [291/474] 104830 None corp=00623661
12:20:54 [292/474] 105560 None corp=00688996
12:21:07 [293/474] 105630 None corp=00728638
12:21:20 [294/474] 105840 None corp=00173944
12:21:32 [295/474] 108320 None corp=00525934
12:21:45 [296/474] 108490 None corp=00946030
12:21:58 [297/474] 111770 None corp=00776820
12:22:11 [298/474] 112040 None corp=00444329
12:22:24 [299/474] 112610 None corp=00670340
12:22:37 [300/474] 114090 None corp=00557508
12:22:49 [301/474] 114810 None corp=00625942
12:23:02 [302/474] 115180 None corp=01042650
12:23:15 [303/474] 117730 None corp=00867098
12:23:27 [304/474] 119850 None corp=00626464
12:23:40 [305/474] 120110 None corp=00795135
12:23:53 [306/474] 121600 None corp=00439965
12:24:07 [307/474] 122640 None corp=00530556
12:24:20 [308/474] 122870 None corp=00613318
12:24:33 [309/474] 124500 None corp=00620868
12:24:46 [310/474] 126340 None corp=00563518
12:24:58 [311/474] 127120 None corp=00642541
12:25:11 [312/474] 128940 None corp=00828497
12:25:25 [313/474] 130660 None corp=00194947
12:25:37 [314/474] 131290 None corp=00372226
12:25:50 [315/474] 131970 None corp=00563545
12:26:03 [316/474] 137400 None corp=00612294
12:26:16 [317/474] 138040 None corp=00860332
12:26:28 [318/474] 138930 None corp=00858364
12:26:40 [319/474] 139130 None corp=00878915
12:26:52 [320/474] 139480 None corp=00872984
12:27:06 [321/474] 140410 None corp=00808022
12:27:19 [322/474] 140860 None corp=00244747
12:27:32 [323/474] 141080 None corp=00842619
12:27:44 [324/474] 145020 None corp=00888347
12:27:57 [325/474] 145720 None corp=00526599
12:28:10 [326/474] 160190 None corp=00650771
12:28:22 [327/474] 161390 None corp=00937324
12:28:35 [328/474] 161580 None corp=00938721
12:28:48 [329/474] 161890 None corp=00939331
12:29:01 [330/474] 166090 None corp=00660750
12:29:13 [331/474] 171090 None corp=00327819
12:29:26 [332/474] 174900 None corp=00991191
12:29:38 [333/474] 175330 None corp=00980122
12:29:50 [334/474] 178320 None corp=00838005
12:30:04 [335/474] 178920 None corp=00767460
12:30:16 [336/474] 180640 None corp=00983040
12:30:29 [337/474] 181710 None corp=00983271
12:30:42 [338/474] 183300 None corp=00997812
12:30:55 [339/474] 185750 None corp=00992871
12:31:08 [340/474] 189300 None corp=00664181
12:31:20 [341/474] 192080 None corp=01010110
12:31:33 [342/474] 192650 None corp=00415646
12:31:46 [343/474] 192820 None corp=01009789
12:31:59 [344/474] 195870 None corp=01032413
12:32:12 [345/474] 195940 None corp=01012066
12:32:24 [346/474] 196170 None corp=00989619
12:32:37 [347/474] 200710 None corp=00657002
12:32:50 [348/474] 204270 None corp=00447575
12:33:02 [349/474] 204320 None corp=01042775
12:33:16 [350/474] 206650 None corp=00927558
12:33:28 [351/474] 207940 None corp=00877059
12:33:40 [352/474] 211050 None corp=01013694
12:33:52 [353/474] 213420 None corp=01061558
12:34:05 [354/474] 214150 None corp=01061327
12:34:18 [355/474] 214320 None corp=00565154
12:34:31 [356/474] 214370 None corp=00549891
12:34:44 [357/474] 214430 None corp=00612489
12:34:56 [358/474] 214450 None corp=00970453
12:35:09 [359/474] 215600 None corp=00919966
12:35:22 [360/474] 218410 None corp=01078178
12:35:35 [361/474] 222080 None corp=01090471
12:35:48 [362/474] 222800 None corp=01095722
12:36:01 [363/474] 225570 None corp=01096341
12:36:13 [364/474] 226950 None corp=01113718
12:36:26 [365/474] 229640 None corp=01093007
12:36:39 [366/474] 232140 None corp=01109539
12:36:52 [367/474] 237690 None corp=00871833
12:37:05 [368/474] 240810 None corp=01135941
12:37:18 [369/474] 241560 None corp=01032486
12:37:31 [370/474] 241710 None corp=00763473
12:37:44 [371/474] 247540 None corp=01160363
12:37:57 [372/474] 248070 None corp=01159233
12:38:09 [373/474] 249420 None corp=01168383
12:38:22 [374/474] 251270 None corp=00904672
12:38:35 [375/474] 251970 None corp=00761059
12:38:47 [376/474] 252990 None corp=01199727
12:38:59 [377/474] 253450 None corp=01168684
12:39:12 [378/474] 253590 None corp=01170865
12:39:24 [379/474] 257720 None corp=00982023
12:39:37 [380/474] 259960 None corp=00760971
12:39:49 [381/474] 263750 None corp=01152470
12:40:02 [382/474] 267250 None corp=01205709
12:40:15 [383/474] 267260 None corp=01205851
12:40:28 [384/474] 267270 None corp=01205842
12:40:41 [385/474] 271560 None corp=01238169
12:40:54 [386/474] 272210 None corp=00339391
12:41:07 [387/474] 272290 None corp=01237540
12:41:19 [388/474] 277810 None corp=01261644
12:41:32 [389/474] 278280 None corp=00897752
12:41:44 [390/474] 278470 None corp=01190568
12:41:57 [391/474] 280360 None corp=01258507
12:42:10 [392/474] 281740 None corp=01255652
12:42:22 [393/474] 281820 None corp=01261893
12:42:34 [394/474] 282330 None corp=01263022
12:42:47 [395/474] 285130 None corp=01267170
12:43:00 [396/474] 287840 None corp=01374443
12:43:12 [397/474] 290650 None corp=01181515
12:43:24 [398/474] 293490 None corp=01137383
12:43:37 [399/474] 294870 None corp=01310269
12:43:49 [400/474] 295310 None corp=01011368
12:44:01 [401/474] 298020 None corp=01316227
12:44:14 [402/474] 298040 None corp=01316245
12:44:27 [403/474] 298050 None corp=01316254
12:44:39 [404/474] 298380 None corp=01256864
12:44:51 [405/474] 302440 None corp=01319899
12:45:03 [406/474] 307950 None corp=00362441
12:45:16 [407/474] 310210 None corp=01327746
12:45:28 [408/474] 316140 None corp=01350869
12:45:40 [409/474] 319400 None corp=01358463
12:45:53 [410/474] 319660 None corp=01365825
12:46:05 [411/474] 322000 None corp=01199550
12:46:18 [412/474] 323280 None corp=01366000
12:46:30 [413/474] 323410 None corp=01133217
12:46:42 [414/474] 326030 None corp=00878696
12:46:54 [415/474] 328130 None corp=01397620
12:47:06 [416/474] 329180 None corp=01390344
12:47:19 [417/474] 336260 None corp=01412725
12:47:31 [418/474] 336370 None corp=01412822
12:47:43 [419/474] 336570 None corp=01407909
12:48:08 [WARN] finstate_all corp=01407909 year=2019 reprt=11014 fs=CFS try=1/4 err=ConnectTimeout: HTTPSConnectionPool(host='opendart.fss.or.kr', port=443): Max retries exceeded with url: /api/fnlttSinglAcntAll.json?crtfc_key=75a12698fc0c7458be36a673011d7c3479f890ed&corp_code=01407909&bsns_year=2019&reprt_code=11014&fs_div=CFS (Caused by ConnectTimeoutError(<HTTPSConnection(host='opendart.fss.or.kr', port=443) at 0x16ea025f050>, 'Connection to opendart.fss.or.kr timed out. (connect timeout=None)'))
12:48:17 [420/474] 347700 None corp=01336762
12:48:29 [421/474] 347850 None corp=01376715
12:48:42 [422/474] 348210 None corp=01080252
12:48:54 [423/474] 348340 None corp=01336461
12:49:06 [424/474] 348370 None corp=01011526
12:49:18 [425/474] 352820 None corp=01204056
12:49:31 [426/474] 353200 None corp=01478712
12:49:43 [427/474] 356860 None corp=00920379
12:49:55 [428/474] 357780 None corp=01489648
12:50:08 [429/474] 358570 None corp=01351080
12:50:20 [430/474] 361610 None corp=01386916
12:50:32 [431/474] 365340 None corp=01274329
12:50:44 [432/474] 368770 None corp=01513440
12:50:56 [433/474] 372320 None corp=01492651
12:51:08 [434/474] 373220 None corp=01515323
12:51:21 [435/474] 375500 None corp=01524093
12:51:33 [436/474] 376300 None corp=01456011
12:51:45 [437/474] 376900 None corp=01335143
12:51:57 [438/474] 377300 None corp=01244601
12:52:10 [439/474] 383220 None corp=01568413
12:52:22 [440/474] 383310 None corp=01566248
12:52:34 [441/474] 383800 None corp=01562589
12:52:46 [442/474] 388720 None corp=01152586
12:52:58 [443/474] 389470 None corp=01516456
12:53:10 [444/474] 389650 None corp=01385050
12:53:22 [445/474] 397030 None corp=01375822
12:53:34 [446/474] 399720 None corp=01364747
12:53:46 [447/474] 402340 None corp=01596425
12:53:58 [448/474] 403870 None corp=01288827
12:54:10 [449/474] 417200 None corp=01528141
12:54:22 [450/474] 420770 None corp=00765569
12:54:34 [451/474] 425420 None corp=01035368
12:54:46 [452/474] 437730 None corp=00262266
12:54:58 [453/474] 440110 None corp=01292291
12:55:11 [454/474] 443060 None corp=01194689
12:55:23 [455/474] 445680 None corp=01498974
12:55:35 [456/474] 450080 None corp=01311408
12:55:47 [457/474] 454910 None corp=01105153
12:55:59 [458/474] 455900 None corp=01592049
12:56:11 [459/474] 456040 None corp=01760738
12:56:23 [460/474] 456160 None corp=01577952
12:56:35 [461/474] 457190 None corp=01762569
12:56:47 [462/474] 458870 None corp=01514227
12:56:59 [463/474] 460930 None corp=00667373
12:57:11 [464/474] 466100 None corp=01784914
12:57:23 [465/474] 475150 None corp=01817081
12:57:35 [466/474] 475830 None corp=01658831
12:57:47 [467/474] 475960 None corp=01573336
12:57:59 [468/474] 476060 None corp=01632912
12:58:11 [469/474] 476830 None corp=01596920
12:58:22 [470/474] 483650 None corp=01649204
12:58:35 [471/474] 484870 None corp=01519790
12:58:46 [472/474] 489790 None corp=01867758
12:58:58 [473/474] 499790 None corp=01882845
12:59:10 [474/474] 950160 None corp=01245062
12:59:22 [OK] saved: data\processed\fundamentals_quarterly__asof=2026-02-18__src=dart__fs=CFS__y=2016-2025__v=1.parquet rows=10128 tickers_ok=474 skipped=0 err=0
12:59:22 [CHECK] quarter coverage:
12:59:22   - (2016, 2): 268
12:59:22   - (2016, 3): 270
12:59:22   - (2016, 4): 279
12:59:22   - (2017, 2): 289
12:59:22   - (2017, 3): 293
12:59:22   - (2017, 4): 301
12:59:22   - (2018, 2): 304
12:59:22   - (2018, 3): 306
12:59:22   - (2018, 4): 314
12:59:22   - (2019, 2): 317
12:59:22   - (2019, 3): 321
12:59:22   - (2019, 4): 326
12:59:22   - (2020, 2): 334
12:59:22   - (2020, 3): 339
12:59:22   - (2020, 4): 344
12:59:22   - (2021, 2): 351
12:59:22   - (2021, 3): 353
12:59:22   - (2021, 4): 358
12:59:22   - (2022, 2): 364
12:59:22   - (2022, 3): 367
12:59:22   - (2022, 4): 370
12:59:22   - (2023, 2): 373
12:59:22   - (2023, 3): 413
12:59:22   - (2023, 4): 413
12:59:22   - (2024, 2): 421
12:59:22   - (2024, 3): 427
12:59:22   - (2024, 4): 432
12:59:22   - (2025, 2): 436
12:59:22   - (2025, 3): 438
12:59:22   - (2025, 4): 7
