23:02:58 [INFO] year range 2023..2025
23:02:58 [INFO] mode=missing_only metric=revenue_op merge_existing=True
23:02:58 [INFO] universe=data\processed\universe__asof=2026-03-13__metric=revenue_op__v=1.csv rows=435
23:02:58 [INFO] union tickers rows=474
23:02:58 [INFO] explicit tickers rows=1
23:02:58 [INFO] input tickers rows=474 mode=missing_only
23:02:58 [INFO] corp_codes rows=3913
23:02:58 [CHECK] corp_code missing ratio=0.000
23:02:58 [INFO] corp_code usable rows: 474 -> 474
23:02:58 [INFO] no existing fundamentals cache at data\processed\fundamentals_quarterly__asof=2026-03-13__src=dart__fs=CFS__y=2023-2025__v=1.parquet
23:02:58 [INFO] no existing rows; all ticker-year pairs are missing (1422)
23:02:58 [1/1422] 005930 삼성전자 corp=00126380
23:03:03 [2/1422] 005930 삼성전자 corp=00126380
23:03:07 [3/1422] 005930 삼성전자 corp=00126380
23:03:11 [4/1422] 000660 SK하이닉스 corp=00164779
23:03:16 [5/1422] 000660 SK하이닉스 corp=00164779
23:03:20 [6/1422] 000660 SK하이닉스 corp=00164779
23:03:24 [7/1422] 207940 삼성바이오로직스 corp=00877059
23:03:28 [8/1422] 207940 삼성바이오로직스 corp=00877059
23:03:33 [9/1422] 207940 삼성바이오로직스 corp=00877059
23:03:37 [10/1422] 005380 현대자동차 corp=00164742
23:03:41 [11/1422] 005380 현대자동차 corp=00164742
23:03:46 [12/1422] 005380 현대자동차 corp=00164742
23:03:50 [13/1422] 373220 LG에너지솔루션 corp=01515323
23:03:54 [14/1422] 373220 LG에너지솔루션 corp=01515323
23:03:58 [15/1422] 373220 LG에너지솔루션 corp=01515323
23:04:03 [16/1422] 402340 SK스퀘어 corp=01596425
23:04:07 [17/1422] 402340 SK스퀘어 corp=01596425
23:04:11 [18/1422] 402340 SK스퀘어 corp=01596425
23:04:16 [19/1422] 105560 KB금융 corp=00688996
23:04:20 [20/1422] 105560 KB금융 corp=00688996
23:04:24 [21/1422] 105560 KB금융 corp=00688996
23:04:29 [22/1422] 000270 기아 corp=00106641
23:04:33 [23/1422] 000270 기아 corp=00106641
23:04:37 [24/1422] 000270 기아 corp=00106641
23:04:41 [25/1422] 034020 두산에너빌리티 corp=00159616
23:04:46 [26/1422] 034020 두산에너빌리티 corp=00159616
23:04:50 [27/1422] 034020 두산에너빌리티 corp=00159616
23:04:54 [28/1422] 028260 삼성물산 corp=00149655
23:04:59 [29/1422] 028260 삼성물산 corp=00149655
23:05:03 [30/1422] 028260 삼성물산 corp=00149655
23:05:07 [31/1422] 068270 셀트리온 corp=00413046
23:05:11 [32/1422] 068270 셀트리온 corp=00413046
23:05:16 [33/1422] 068270 셀트리온 corp=00413046
23:05:20 [34/1422] 055550 신한지주 corp=00382199
23:05:24 [35/1422] 055550 신한지주 corp=00382199
23:05:29 [36/1422] 055550 신한지주 corp=00382199
23:05:33 [37/1422] 012450 한화에어로스페이스 corp=00126566
23:05:37 [38/1422] 012450 한화에어로스페이스 corp=00126566
23:05:42 [39/1422] 012450 한화에어로스페이스 corp=00126566
23:05:46 [40/1422] 329180 HD현대중공업 corp=01390344
23:05:50 [41/1422] 329180 HD현대중공업 corp=01390344
23:05:54 [42/1422] 329180 HD현대중공업 corp=01390344
23:05:59 [43/1422] 006800 미래에셋증권 corp=00111722
23:06:03 [44/1422] 006800 미래에셋증권 corp=00111722
23:06:07 [45/1422] 006800 미래에셋증권 corp=00111722
23:06:12 [46/1422] 032830 삼성생명 corp=00126256
23:06:16 [47/1422] 032830 삼성생명 corp=00126256
23:06:20 [48/1422] 032830 삼성생명 corp=00126256
23:06:24 [49/1422] 012330 현대모비스 corp=00164788
23:06:29 [50/1422] 012330 현대모비스 corp=00164788
23:06:33 [51/1422] 012330 현대모비스 corp=00164788
23:06:37 [52/1422] 035420 NAVER corp=00266961
23:06:42 [53/1422] 035420 NAVER corp=00266961
23:06:46 [54/1422] 035420 NAVER corp=00266961
23:06:50 [55/1422] 042660 한화오션 corp=00111704
23:06:55 [56/1422] 042660 한화오션 corp=00111704
23:06:59 [57/1422] 042660 한화오션 corp=00111704
23:07:03 [58/1422] 015760 한국전력공사 corp=00159193
23:07:07 [59/1422] 015760 한국전력공사 corp=00159193
23:07:12 [60/1422] 015760 한국전력공사 corp=00159193
23:07:16 [61/1422] 086790 하나금융지주 corp=00547583
23:07:20 [62/1422] 086790 하나금융지주 corp=00547583
23:07:25 [63/1422] 086790 하나금융지주 corp=00547583
23:07:29 [64/1422] 010130 고려아연 corp=00102858
23:07:33 [65/1422] 010130 고려아연 corp=00102858
23:07:37 [66/1422] 010130 고려아연 corp=00102858
23:07:42 [67/1422] 267260 HD현대일렉트릭 corp=01205851
23:07:46 [68/1422] 267260 HD현대일렉트릭 corp=01205851
23:07:50 [69/1422] 267260 HD현대일렉트릭 corp=01205851
23:07:55 [70/1422] 005490 POSCO홀딩스 corp=00155319
23:07:59 [71/1422] 005490 POSCO홀딩스 corp=00155319
23:08:03 [72/1422] 005490 POSCO홀딩스 corp=00155319
23:08:07 [73/1422] 316140 우리금융지주 corp=01350869
23:08:12 [74/1422] 316140 우리금융지주 corp=01350869
23:08:16 [75/1422] 316140 우리금융지주 corp=01350869
23:08:20 [76/1422] 009540 HD한국조선해양 corp=00164830
23:08:25 [77/1422] 009540 HD한국조선해양 corp=00164830
23:08:29 [78/1422] 009540 HD한국조선해양 corp=00164830
23:08:33 [79/1422] 000810 삼성화재해상보험 corp=00139214
23:08:38 [80/1422] 000810 삼성화재해상보험 corp=00139214
23:08:42 [81/1422] 000810 삼성화재해상보험 corp=00139214
23:08:46 [82/1422] 138040 메리츠금융지주 corp=00860332
23:08:50 [83/1422] 138040 메리츠금융지주 corp=00860332
23:08:55 [84/1422] 138040 메리츠금융지주 corp=00860332
23:08:59 [85/1422] 006400 삼성SDI corp=00126362
23:09:03 [86/1422] 006400 삼성SDI corp=00126362
23:09:08 [87/1422] 006400 삼성SDI corp=00126362
23:09:12 [88/1422] 034730 SK corp=00181712
23:09:16 [89/1422] 034730 SK corp=00181712
23:09:20 [90/1422] 034730 SK corp=00181712
23:09:25 [91/1422] 035720 카카오 corp=00258801
23:09:29 [92/1422] 035720 카카오 corp=00258801
23:09:33 [93/1422] 035720 카카오 corp=00258801
23:09:38 [94/1422] 010140 삼성중공업 corp=00126478
23:09:42 [95/1422] 010140 삼성중공업 corp=00126478
23:09:46 [96/1422] 010140 삼성중공업 corp=00126478
23:09:51 [97/1422] 009150 삼성전기 corp=00126371
23:09:55 [98/1422] 009150 삼성전기 corp=00126371
23:09:59 [99/1422] 009150 삼성전기 corp=00126371
23:10:03 [100/1422] 051910 LG화학 corp=00356361
23:10:08 [101/1422] 051910 LG화학 corp=00356361
23:10:12 [102/1422] 051910 LG화학 corp=00356361
23:10:16 [103/1422] 298040 효성중공업 corp=01316245
23:10:21 [104/1422] 298040 효성중공업 corp=01316245
23:10:25 [105/1422] 298040 효성중공업 corp=01316245
23:10:29 [106/1422] 064350 현대로템 corp=00302926
23:10:33 [107/1422] 064350 현대로템 corp=00302926
23:10:38 [108/1422] 064350 현대로템 corp=00302926
23:10:42 [109/1422] 033780 케이티앤지 corp=00244455
23:10:46 [110/1422] 033780 케이티앤지 corp=00244455
23:10:51 [111/1422] 033780 케이티앤지 corp=00244455
23:10:55 [112/1422] 066570 LG전자 corp=00401731
23:10:59 [113/1422] 066570 LG전자 corp=00401731
23:11:04 [114/1422] 066570 LG전자 corp=00401731
23:11:08 [115/1422] 024110 기업은행 corp=00149646
23:11:12 [116/1422] 024110 기업은행 corp=00149646
23:11:16 [117/1422] 024110 기업은행 corp=00149646
23:11:21 [118/1422] 196170 알테오젠 corp=00989619
23:11:25 [119/1422] 196170 알테오젠 corp=00989619
23:11:29 [120/1422] 196170 알테오젠 corp=00989619
23:11:34 [121/1422] 267250 HD현대 corp=01205709
23:11:38 [122/1422] 267250 HD현대 corp=01205709
23:11:42 [123/1422] 267250 HD현대 corp=01205709
23:11:46 [124/1422] 000150 두산 corp=00117212
23:11:51 [125/1422] 000150 두산 corp=00117212
23:11:55 [126/1422] 000150 두산 corp=00117212
23:11:59 [127/1422] 086520 에코프로 corp=00536541
23:12:04 [128/1422] 086520 에코프로 corp=00536541
23:12:08 [129/1422] 086520 에코프로 corp=00536541
23:12:12 [130/1422] 010120 엘에스일렉트릭 corp=00105855
23:12:16 [131/1422] 010120 엘에스일렉트릭 corp=00105855
23:12:21 [132/1422] 010120 엘에스일렉트릭 corp=00105855
23:12:25 [133/1422] 042700 한미반도체 corp=00161383
23:12:29 [134/1422] 042700 한미반도체 corp=00161383
23:12:34 [135/1422] 042700 한미반도체 corp=00161383
23:12:38 [136/1422] 272210 한화시스템 corp=00339391
23:12:42 [137/1422] 272210 한화시스템 corp=00339391
23:12:47 [138/1422] 272210 한화시스템 corp=00339391
23:12:51 [139/1422] 247540 에코프로비엠 corp=01160363
23:12:55 [140/1422] 247540 에코프로비엠 corp=01160363
23:12:59 [141/1422] 247540 에코프로비엠 corp=01160363
23:13:04 [142/1422] 086280 현대글로비스 corp=00360595
23:13:08 [143/1422] 086280 현대글로비스 corp=00360595
23:13:12 [144/1422] 086280 현대글로비스 corp=00360595
23:13:17 [145/1422] 011200 HMM corp=00164645
23:13:21 [146/1422] 011200 HMM corp=00164645
23:13:25 [147/1422] 011200 HMM corp=00164645
23:13:29 [148/1422] 017670 SK텔레콤 corp=00159023
23:13:34 [149/1422] 017670 SK텔레콤 corp=00159023
23:13:38 [150/1422] 017670 SK텔레콤 corp=00159023
23:13:42 [151/1422] 003670 포스코퓨처엠 corp=00155276
23:13:47 [152/1422] 003670 포스코퓨처엠 corp=00155276
23:13:51 [153/1422] 003670 포스코퓨처엠 corp=00155276
23:13:55 [154/1422] 047810 한국항공우주 corp=00309503
23:13:59 [155/1422] 047810 한국항공우주 corp=00309503
23:14:04 [156/1422] 047810 한국항공우주 corp=00309503
23:14:08 [157/1422] 096770 SK이노베이션 corp=00631518
23:14:12 [158/1422] 096770 SK이노베이션 corp=00631518
23:14:17 [159/1422] 096770 SK이노베이션 corp=00631518
23:14:21 [160/1422] 030200 케이티 corp=00190321
23:14:25 [161/1422] 030200 케이티 corp=00190321
23:14:29 [162/1422] 030200 케이티 corp=00190321
23:14:34 [163/1422] 352820 하이브 corp=01204056
23:14:38 [164/1422] 352820 하이브 corp=01204056
23:14:42 [165/1422] 352820 하이브 corp=01204056
23:14:47 [166/1422] 003550 LG corp=00120021
23:14:51 [167/1422] 003550 LG corp=00120021
23:14:55 [168/1422] 003550 LG corp=00120021
23:14:59 [169/1422] 071050 한국금융지주 corp=00432102
23:15:04 [170/1422] 071050 한국금융지주 corp=00432102
23:15:08 [171/1422] 071050 한국금융지주 corp=00432102
23:15:12 [172/1422] 039490 키움증권 corp=00296290
23:15:17 [173/1422] 039490 키움증권 corp=00296290
23:15:21 [174/1422] 039490 키움증권 corp=00296290
23:15:25 [175/1422] 018260 삼성에스디에스 corp=00126186
23:15:29 [176/1422] 018260 삼성에스디에스 corp=00126186
23:15:34 [177/1422] 018260 삼성에스디에스 corp=00126186
23:15:38 [178/1422] 277810 레인보우로보틱스 corp=01261644
23:15:42 [179/1422] 277810 레인보우로보틱스 corp=01261644
23:15:47 [180/1422] 277810 레인보우로보틱스 corp=01261644
23:15:51 [181/1422] 005830 DB손해보험 corp=00159102
23:15:55 [182/1422] 005830 DB손해보험 corp=00159102
23:16:00 [183/1422] 005830 DB손해보험 corp=00159102
23:16:04 [184/1422] 000720 현대건설 corp=00164478
23:16:08 [185/1422] 000720 현대건설 corp=00164478
23:16:12 [186/1422] 000720 현대건설 corp=00164478
23:16:17 [187/1422] 000250 삼천당제약 corp=00128546
23:16:21 [188/1422] 000250 삼천당제약 corp=00128546
23:16:25 [189/1422] 000250 삼천당제약 corp=00128546
23:16:30 [190/1422] 259960 크래프톤 corp=00760971
23:16:34 [191/1422] 259960 크래프톤 corp=00760971
23:16:38 [192/1422] 259960 크래프톤 corp=00760971
23:16:42 [193/1422] 307950 현대오토에버 corp=00362441
23:16:47 [194/1422] 307950 현대오토에버 corp=00362441
23:16:51 [195/1422] 307950 현대오토에버 corp=00362441
23:16:55 [196/1422] 010950 S-Oil corp=00138279
23:17:00 [197/1422] 010950 S-Oil corp=00138279
23:17:04 [198/1422] 010950 S-Oil corp=00138279
23:17:08 [199/1422] 047050 포스코인터내셔널 corp=00124504
23:17:12 [200/1422] 047050 포스코인터내셔널 corp=00124504
23:17:17 [201/1422] 047050 포스코인터내셔널 corp=00124504
23:17:21 [202/1422] 000880 한화 corp=00160588
23:17:25 [203/1422] 000880 한화 corp=00160588
23:17:30 [204/1422] 000880 한화 corp=00160588
23:17:34 [205/1422] 278470 에이피알 corp=01190568
23:17:38 [206/1422] 278470 에이피알 corp=01190568
23:17:42 [207/1422] 278470 에이피알 corp=01190568
23:17:47 [208/1422] 079550 LIG넥스원 corp=00503668
23:17:51 [209/1422] 079550 LIG넥스원 corp=00503668
23:17:55 [210/1422] 079550 LIG넥스원 corp=00503668
23:18:00 [211/1422] 005940 NH투자증권 corp=00120182
23:18:04 [212/1422] 005940 NH투자증권 corp=00120182
23:18:08 [213/1422] 005940 NH투자증권 corp=00120182
23:18:13 [214/1422] 090430 아모레퍼시픽 corp=00583424
23:18:17 [215/1422] 090430 아모레퍼시픽 corp=00583424
23:18:21 [216/1422] 090430 아모레퍼시픽 corp=00583424
23:18:25 [217/1422] 003490 대한항공 corp=00113526
23:18:30 [218/1422] 003490 대한항공 corp=00113526
23:18:34 [219/1422] 003490 대한항공 corp=00113526
23:18:38 [220/1422] 180640 한진칼 corp=00983040
23:18:43 [221/1422] 180640 한진칼 corp=00983040
23:18:47 [222/1422] 180640 한진칼 corp=00983040
23:18:51 [223/1422] 016360 삼성증권 corp=00104856
23:18:55 [224/1422] 016360 삼성증권 corp=00104856
23:19:00 [225/1422] 016360 삼성증권 corp=00104856
23:19:04 [226/1422] 003230 삼양식품 corp=00126955
23:19:08 [227/1422] 003230 삼양식품 corp=00126955
23:19:13 [228/1422] 003230 삼양식품 corp=00126955
23:19:17 [229/1422] 161390 한국타이어앤테크놀로지 corp=00937324
23:19:21 [230/1422] 161390 한국타이어앤테크놀로지 corp=00937324
23:19:26 [231/1422] 161390 한국타이어앤테크놀로지 corp=00937324
23:19:30 [232/1422] 298380 에이비엘바이오 corp=01256864
23:19:34 [233/1422] 298380 에이비엘바이오 corp=01256864
23:19:38 [234/1422] 298380 에이비엘바이오 corp=01256864
23:19:43 [235/1422] 000100 유한양행 corp=00145109
23:19:47 [236/1422] 000100 유한양행 corp=00145109
23:19:51 [237/1422] 000100 유한양행 corp=00145109
23:19:56 [238/1422] 326030 에스케이바이오팜 corp=00878696
23:20:00 [239/1422] 326030 에스케이바이오팜 corp=00878696
23:20:04 [240/1422] 326030 에스케이바이오팜 corp=00878696
23:20:08 [241/1422] 377300 카카오페이 corp=01244601
23:20:13 [242/1422] 377300 카카오페이 corp=01244601
23:20:17 [243/1422] 377300 카카오페이 corp=01244601
23:20:21 [244/1422] 006260 LS corp=00105952
23:20:26 [245/1422] 006260 LS corp=00105952
23:20:30 [246/1422] 006260 LS corp=00105952
23:20:34 [247/1422] 009830 한화솔루션 corp=00162461
23:20:39 [248/1422] 009830 한화솔루션 corp=00162461
23:20:43 [249/1422] 009830 한화솔루션 corp=00162461
23:20:47 [250/1422] 128940 한미약품 corp=00828497
23:20:51 [251/1422] 128940 한미약품 corp=00828497
23:20:56 [252/1422] 128940 한미약품 corp=00828497
23:21:00 [253/1422] 443060 HD현대마린솔루션 corp=01194689
23:21:04 [254/1422] 443060 HD현대마린솔루션 corp=01194689
23:21:09 [255/1422] 443060 HD현대마린솔루션 corp=01194689
23:21:13 [256/1422] 032640 LG유플러스 corp=00231363
23:21:17 [257/1422] 032640 LG유플러스 corp=00231363
23:21:21 [258/1422] 032640 LG유플러스 corp=00231363
23:21:26 [259/1422] 029780 삼성카드 corp=00126292
23:21:30 [260/1422] 029780 삼성카드 corp=00126292
23:21:34 [261/1422] 029780 삼성카드 corp=00126292
23:21:39 [262/1422] 138930 BNK금융지주 corp=00858364
23:21:43 [263/1422] 138930 BNK금융지주 corp=00858364
23:21:47 [264/1422] 138930 BNK금융지주 corp=00858364
23:21:51 [265/1422] 175330 JB금융지주 corp=00980122
23:21:56 [266/1422] 175330 JB금융지주 corp=00980122
23:22:00 [267/1422] 175330 JB금융지주 corp=00980122
23:22:04 [268/1422] 028300 HLB corp=00199252
23:22:09 [269/1422] 028300 HLB corp=00199252
23:22:13 [270/1422] 028300 HLB corp=00199252
23:22:17 [271/1422] 001040 CJ corp=00148540
23:22:21 [272/1422] 001040 CJ corp=00148540
23:22:26 [273/1422] 001040 CJ corp=00148540
23:22:30 [274/1422] 028050 삼성E&A corp=00126308
23:22:34 [275/1422] 028050 삼성E&A corp=00126308
23:22:39 [276/1422] 028050 삼성E&A corp=00126308
23:22:43 [277/1422] 021240 코웨이 corp=00170558
23:22:47 [278/1422] 021240 코웨이 corp=00170558
23:22:51 [279/1422] 021240 코웨이 corp=00170558
23:22:56 [280/1422] 078930 GS corp=00500254
23:23:00 [281/1422] 078930 GS corp=00500254
23:23:04 [282/1422] 078930 GS corp=00500254
23:23:09 [283/1422] 214370 케어젠 corp=00549891
23:23:13 [284/1422] 214370 케어젠 corp=00549891
23:23:17 [285/1422] 214370 케어젠 corp=00549891
23:23:22 [286/1422] 454910 두산로보틱스 corp=01105153
23:23:26 [287/1422] 454910 두산로보틱스 corp=01105153
23:23:30 [288/1422] 454910 두산로보틱스 corp=01105153
23:23:34 [289/1422] 241560 두산밥캣 corp=01032486
23:23:39 [290/1422] 241560 두산밥캣 corp=01032486
23:23:43 [291/1422] 241560 두산밥캣 corp=01032486
23:23:47 [292/1422] 141080 리가켐바이오 corp=00842619
23:23:52 [293/1422] 141080 리가켐바이오 corp=00842619
23:23:56 [294/1422] 141080 리가켐바이오 corp=00842619
23:24:00 [295/1422] 007660 이수페타시스 corp=00107613
23:24:04 [296/1422] 007660 이수페타시스 corp=00107613
23:24:09 [297/1422] 007660 이수페타시스 corp=00107613
23:24:13 [298/1422] 064400 LG씨엔에스 corp=00139834
23:24:17 [299/1422] 064400 LG씨엔에스 corp=00139834
23:24:22 [300/1422] 064400 LG씨엔에스 corp=00139834
23:24:26 [301/1422] 001440 대한전선 corp=00113207
23:24:30 [302/1422] 001440 대한전선 corp=00113207
23:24:34 [303/1422] 001440 대한전선 corp=00113207
23:24:39 [304/1422] 022100 포스코DX corp=00155212
23:24:43 [305/1422] 022100 포스코DX corp=00155212
23:24:47 [306/1422] 022100 포스코DX corp=00155212
23:24:52 [307/1422] 034220 LG디스플레이 corp=00105873
23:24:56 [308/1422] 034220 LG디스플레이 corp=00105873
23:25:00 [309/1422] 034220 LG디스플레이 corp=00105873
23:25:04 [310/1422] 011070 LG이노텍 corp=00105961
23:25:09 [311/1422] 011070 LG이노텍 corp=00105961
23:25:13 [312/1422] 011070 LG이노텍 corp=00105961
23:25:17 [313/1422] 052690 한전기술 corp=00159209
23:25:22 [314/1422] 052690 한전기술 corp=00159209
23:25:26 [315/1422] 052690 한전기술 corp=00159209
23:25:30 [316/1422] 271560 오리온 corp=01238169
23:25:35 [317/1422] 271560 오리온 corp=01238169
23:25:39 [318/1422] 271560 오리온 corp=01238169
23:25:43 [319/1422] 240810 원익IPS corp=01135941
23:25:47 [320/1422] 240810 원익IPS corp=01135941
23:25:52 [321/1422] 240810 원익IPS corp=01135941
23:25:56 [322/1422] 002380 케이씨씨 corp=00105271
23:26:00 [323/1422] 002380 케이씨씨 corp=00105271
23:26:05 [324/1422] 002380 케이씨씨 corp=00105271
23:26:09 [325/1422] 251270 넷마블 corp=00904672
23:26:13 [326/1422] 251270 넷마블 corp=00904672
23:26:17 [327/1422] 251270 넷마블 corp=00904672
23:26:22 [328/1422] 036570 엔씨소프트 corp=00261443
23:26:26 [329/1422] 036570 엔씨소프트 corp=00261443
23:26:30 [330/1422] 036570 엔씨소프트 corp=00261443
23:26:35 [331/1422] 082740 한화엔진 corp=00361008
23:26:39 [332/1422] 082740 한화엔진 corp=00361008
23:26:43 [333/1422] 082740 한화엔진 corp=00361008
23:26:47 [334/1422] 039030 이오테크닉스 corp=00246417
23:26:52 [335/1422] 039030 이오테크닉스 corp=00246417
23:26:56 [336/1422] 039030 이오테크닉스 corp=00246417
23:27:00 [337/1422] 004020 현대제철 corp=00145880
23:27:05 [338/1422] 004020 현대제철 corp=00145880
23:27:09 [339/1422] 004020 현대제철 corp=00145880
23:27:13 [340/1422] 062040 산일전기 corp=00366438
23:27:17 [341/1422] 062040 산일전기 corp=00366438
23:27:22 [342/1422] 062040 산일전기 corp=00366438
23:27:26 [343/1422] 011780 금호석유화학 corp=00106368
23:27:30 [344/1422] 011780 금호석유화학 corp=00106368
23:27:34 [345/1422] 011780 금호석유화학 corp=00106368
23:27:39 [346/1422] 140410 메지온 corp=00808022
23:27:43 [347/1422] 140410 메지온 corp=00808022
23:27:47 [348/1422] 140410 메지온 corp=00808022
23:27:52 [349/1422] 051900 LG생활건강 corp=00356370
23:27:56 [350/1422] 051900 LG생활건강 corp=00356370
23:28:00 [351/1422] 051900 LG생활건강 corp=00356370
23:28:04 [352/1422] 088350 한화생명 corp=00113058
23:28:09 [353/1422] 088350 한화생명 corp=00113058
23:28:13 [354/1422] 088350 한화생명 corp=00113058
23:28:17 [355/1422] 214150 클래시스 corp=01061327
23:28:22 [356/1422] 214150 클래시스 corp=01061327
23:28:26 [357/1422] 214150 클래시스 corp=01061327
23:28:30 [358/1422] 000990 DB하이텍 corp=00160843
23:28:35 [359/1422] 000990 DB하이텍 corp=00160843
23:28:39 [360/1422] 000990 DB하이텍 corp=00160843
23:28:43 [361/1422] 066970 엘앤에프 corp=00398701
23:28:47 [362/1422] 066970 엘앤에프 corp=00398701
23:28:52 [363/1422] 066970 엘앤에프 corp=00398701
23:28:56 [364/1422] 011790 SKC corp=00139889
23:29:00 [365/1422] 011790 SKC corp=00139889
23:29:05 [366/1422] 011790 SKC corp=00139889
23:29:09 [367/1422] 017800 현대엘리베이터 corp=00164724
23:29:13 [368/1422] 017800 현대엘리베이터 corp=00164724
23:29:18 [369/1422] 017800 현대엘리베이터 corp=00164724
23:29:22 [370/1422] 035250 강원랜드 corp=00255619
23:29:26 [371/1422] 035250 강원랜드 corp=00255619
23:29:30 [372/1422] 035250 강원랜드 corp=00255619
23:29:35 [373/1422] 111770 영원무역 corp=00776820
23:29:39 [374/1422] 111770 영원무역 corp=00776820
23:29:43 [375/1422] 111770 영원무역 corp=00776820
23:29:48 [376/1422] 310210 보로노이 corp=01327746
23:29:52 [377/1422] 310210 보로노이 corp=01327746
23:29:56 [378/1422] 310210 보로노이 corp=01327746
23:30:00 [379/1422] 036460 한국가스공사 corp=00261285
23:30:05 [380/1422] 036460 한국가스공사 corp=00261285
23:30:09 [381/1422] 036460 한국가스공사 corp=00261285
23:30:13 [382/1422] 302440 SK바이오사이언스 corp=01319899
23:30:18 [383/1422] 302440 SK바이오사이언스 corp=01319899
23:30:22 [384/1422] 302440 SK바이오사이언스 corp=01319899
23:30:26 [385/1422] 004990 롯데지주 corp=00120562
23:30:31 [386/1422] 004990 롯데지주 corp=00120562
23:30:35 [387/1422] 004990 롯데지주 corp=00120562
23:30:39 [388/1422] 001720 신영증권 corp=00136721
23:30:43 [389/1422] 001720 신영증권 corp=00136721
23:30:48 [390/1422] 001720 신영증권 corp=00136721
23:30:52 [391/1422] 214450 파마리서치 corp=00970453
23:30:56 [392/1422] 214450 파마리서치 corp=00970453
23:31:01 [393/1422] 214450 파마리서치 corp=00970453
23:31:05 [394/1422] 095340 ISC corp=00572905
23:31:09 [395/1422] 095340 ISC corp=00572905
23:31:13 [396/1422] 095340 ISC corp=00572905
23:31:18 [397/1422] 004170 신세계 corp=00136378
23:31:22 [398/1422] 004170 신세계 corp=00136378
23:31:26 [399/1422] 004170 신세계 corp=00136378
23:31:31 [400/1422] 108490 로보티즈 corp=00946030
23:31:35 [401/1422] 108490 로보티즈 corp=00946030
23:31:39 [402/1422] 108490 로보티즈 corp=00946030
23:31:43 [403/1422] 139130 iM금융지주 corp=00878915
23:31:48 [404/1422] 139130 iM금융지주 corp=00878915
23:31:52 [405/1422] 139130 iM금융지주 corp=00878915
23:31:56 [406/1422] 012750 에스원 corp=00158501
23:32:01 [407/1422] 012750 에스원 corp=00158501
23:32:05 [408/1422] 012750 에스원 corp=00158501
23:32:09 [409/1422] 011170 롯데케미칼 corp=00165413
23:32:14 [410/1422] 011170 롯데케미칼 corp=00165413
23:32:18 [411/1422] 011170 롯데케미칼 corp=00165413
23:32:22 [412/1422] 014680 한솔케미칼 corp=00140955
23:32:26 [413/1422] 014680 한솔케미칼 corp=00140955
23:32:31 [414/1422] 014680 한솔케미칼 corp=00140955
23:32:35 [415/1422] 103590 일진전기 corp=00683469
23:32:39 [416/1422] 103590 일진전기 corp=00683469
23:32:44 [417/1422] 103590 일진전기 corp=00683469
23:32:48 [418/1422] 097950 CJ제일제당 corp=00635134
23:32:52 [419/1422] 097950 CJ제일제당 corp=00635134
23:32:56 [420/1422] 097950 CJ제일제당 corp=00635134
23:33:01 [421/1422] 319400 현대무벡스 corp=01358463
23:33:05 [422/1422] 319400 현대무벡스 corp=01358463
23:33:09 [423/1422] 319400 현대무벡스 corp=01358463
23:33:14 [424/1422] 263750 펄어비스 corp=01152470
23:33:18 [425/1422] 263750 펄어비스 corp=01152470
23:33:22 [426/1422] 263750 펄어비스 corp=01152470
23:33:27 [427/1422] 023530 롯데쇼핑 corp=00120526
23:33:31 [428/1422] 023530 롯데쇼핑 corp=00120526
23:33:35 [429/1422] 023530 롯데쇼핑 corp=00120526
23:33:39 [430/1422] 000120 CJ대한통운 corp=00113410
23:33:44 [431/1422] 000120 CJ대한통운 corp=00113410
23:33:48 [432/1422] 000120 CJ대한통운 corp=00113410
23:33:52 [433/1422] 145020 휴젤 corp=00888347
23:33:57 [434/1422] 145020 휴젤 corp=00888347
23:34:01 [435/1422] 145020 휴젤 corp=00888347
23:34:05 [436/1422] 081660 미스토홀딩스 corp=00195229
23:34:09 [437/1422] 081660 미스토홀딩스 corp=00195229
23:34:14 [438/1422] 081660 미스토홀딩스 corp=00195229
23:34:18 [439/1422] 009970 영원무역홀딩스 corp=00140964
23:34:22 [440/1422] 009970 영원무역홀딩스 corp=00140964
23:34:27 [441/1422] 009970 영원무역홀딩스 corp=00140964
23:34:31 [442/1422] 001450 현대해상 corp=00164973
23:34:35 [443/1422] 001450 현대해상 corp=00164973
23:34:39 [444/1422] 001450 현대해상 corp=00164973
23:34:44 [445/1422] 139480 이마트 corp=00872984
23:34:48 [446/1422] 139480 이마트 corp=00872984
23:34:52 [447/1422] 139480 이마트 corp=00872984
23:34:57 [448/1422] 357780 솔브레인 corp=01489648
23:35:01 [449/1422] 357780 솔브레인 corp=01489648
23:35:05 [450/1422] 357780 솔브레인 corp=01489648
23:35:10 [451/1422] 489790 한화비전 corp=01867758
23:35:14 [452/1422] 489790 한화비전 corp=01867758
23:35:18 [453/1422] 489790 한화비전 corp=01867758
23:35:22 [454/1422] 103140 풍산 corp=00684714
23:35:27 [455/1422] 103140 풍산 corp=00684714
23:35:31 [456/1422] 103140 풍산 corp=00684714
23:35:35 [457/1422] 047040 대우건설 corp=00124540
23:35:40 [458/1422] 047040 대우건설 corp=00124540
23:35:44 [459/1422] 047040 대우건설 corp=00124540
23:35:48 [460/1422] 018880 한온시스템 corp=00161125
23:35:52 [461/1422] 018880 한온시스템 corp=00161125
23:35:57 [462/1422] 018880 한온시스템 corp=00161125
23:36:01 [463/1422] 457190 이수스페셜티케미컬 corp=01762569
23:36:05 [464/1422] 457190 이수스페셜티케미컬 corp=01762569
23:36:10 [465/1422] 457190 이수스페셜티케미컬 corp=01762569
23:36:14 [466/1422] 068760 셀트리온제약 corp=00541349
23:36:18 [467/1422] 068760 셀트리온제약 corp=00541349
23:36:22 [468/1422] 068760 셀트리온제약 corp=00541349
23:36:26 [469/1422] 058610 에스피지 corp=00220686
23:36:31 [470/1422] 058610 에스피지 corp=00220686
23:36:35 [471/1422] 058610 에스피지 corp=00220686
23:36:39 [472/1422] 237690 에스티팜 corp=00871833
23:36:44 [473/1422] 237690 에스티팜 corp=00871833
23:36:48 [474/1422] 237690 에스티팜 corp=00871833
23:36:52 [475/1422] 000240 한국앤컴퍼니 corp=00160047
23:36:56 [476/1422] 000240 한국앤컴퍼니 corp=00160047
23:37:01 [477/1422] 000240 한국앤컴퍼니 corp=00160047
23:37:05 [478/1422] 010060 OCI홀딩스 corp=00148896
23:37:09 [479/1422] 010060 OCI홀딩스 corp=00148896
23:37:14 [480/1422] 010060 OCI홀딩스 corp=00148896
23:37:18 [481/1422] 026960 동서 corp=00144395
23:37:22 [482/1422] 026960 동서 corp=00144395
23:37:27 [483/1422] 026960 동서 corp=00144395
23:37:31 [484/1422] 009420 한올바이오파마 corp=00162586
23:37:35 [485/1422] 009420 한올바이오파마 corp=00162586
23:37:39 [486/1422] 009420 한올바이오파마 corp=00162586
23:37:44 [487/1422] 008930 한미사이언스 corp=00161426
23:37:48 [488/1422] 008930 한미사이언스 corp=00161426
23:37:52 [489/1422] 008930 한미사이언스 corp=00161426
23:37:57 [490/1422] 353200 대덕전자 corp=01478712
23:38:01 [491/1422] 353200 대덕전자 corp=01478712
23:38:05 [492/1422] 353200 대덕전자 corp=01478712
23:38:09 [493/1422] 002790 아모레퍼시픽홀딩스 corp=00154462
23:38:14 [494/1422] 002790 아모레퍼시픽홀딩스 corp=00154462
23:38:18 [495/1422] 002790 아모레퍼시픽홀딩스 corp=00154462
23:38:22 [496/1422] 071970 HD현대마린엔진 corp=00406046
23:38:27 [497/1422] 071970 HD현대마린엔진 corp=00406046
23:38:31 [498/1422] 071970 HD현대마린엔진 corp=00406046
23:38:35 [499/1422] 004370 농심 corp=00108241
23:38:39 [500/1422] 004370 농심 corp=00108241
23:38:44 [501/1422] 004370 농심 corp=00108241
23:38:48 [502/1422] 204320 HL만도 corp=01042775
23:38:52 [503/1422] 204320 HL만도 corp=01042775
23:38:57 [504/1422] 204320 HL만도 corp=01042775
23:39:01 [505/1422] 041510 에스엠 corp=00260930
23:39:05 [506/1422] 041510 에스엠 corp=00260930
23:39:10 [507/1422] 041510 에스엠 corp=00260930
23:39:14 [508/1422] 028670 팬오션 corp=00122737
23:39:18 [509/1422] 028670 팬오션 corp=00122737
23:39:22 [510/1422] 028670 팬오션 corp=00122737
23:39:27 [511/1422] 030530 원익홀딩스 corp=00216647
23:39:31 [512/1422] 030530 원익홀딩스 corp=00216647
23:39:35 [513/1422] 030530 원익홀딩스 corp=00216647
23:39:40 [514/1422] 004800 효성 corp=00117188
23:39:44 [515/1422] 004800 효성 corp=00117188
23:39:48 [516/1422] 004800 효성 corp=00117188
23:39:52 [517/1422] 012510 더존비즈온 corp=00172291
23:39:57 [518/1422] 012510 더존비즈온 corp=00172291
23:40:01 [519/1422] 012510 더존비즈온 corp=00172291
23:40:05 [520/1422] 383220 F&F corp=01568413
23:40:10 [521/1422] 383220 F&F corp=01568413
23:40:14 [522/1422] 383220 F&F corp=01568413
23:40:18 [523/1422] 001430 세아베스틸지주 corp=00106669
23:40:23 [524/1422] 001430 세아베스틸지주 corp=00106669
23:40:27 [525/1422] 001430 세아베스틸지주 corp=00106669
23:40:31 [526/1422] 005290 동진쎄미켐 corp=00118804
23:40:35 [527/1422] 005290 동진쎄미켐 corp=00118804
23:40:40 [528/1422] 005290 동진쎄미켐 corp=00118804
23:40:44 [529/1422] 003690 코리안리 corp=00113191
23:40:48 [530/1422] 003690 코리안리 corp=00113191
23:40:53 [531/1422] 003690 코리안리 corp=00113191
23:40:57 [532/1422] 051600 한전KPS corp=00159218
23:41:01 [533/1422] 051600 한전KPS corp=00159218
23:41:05 [534/1422] 051600 한전KPS corp=00159218
23:41:10 [535/1422] 257720 실리콘투 corp=00982023
23:41:14 [536/1422] 257720 실리콘투 corp=00982023
23:41:18 [537/1422] 257720 실리콘투 corp=00982023
23:41:23 [538/1422] 267270 HD건설기계 corp=01205842
23:41:27 [539/1422] 267270 HD건설기계 corp=01205842
23:41:31 [540/1422] 267270 HD건설기계 corp=01205842
23:41:36 [541/1422] 440110 파두 corp=01292291
23:41:40 [542/1422] 440110 파두 corp=01292291
23:41:44 [543/1422] 440110 파두 corp=01292291
23:41:48 [544/1422] 084370 유진테크 corp=00531014
23:41:53 [545/1422] 084370 유진테크 corp=00531014
23:41:57 [546/1422] 084370 유진테크 corp=00531014
23:42:01 [547/1422] 030000 제일기획 corp=00148276
23:42:06 [548/1422] 030000 제일기획 corp=00148276
23:42:10 [549/1422] 030000 제일기획 corp=00148276
23:42:14 [550/1422] 035900 JYP Ent. corp=00258689
23:42:18 [551/1422] 035900 JYP Ent. corp=00258689
23:42:23 [552/1422] 035900 JYP Ent. corp=00258689
23:42:27 [553/1422] 023590 다우기술 corp=00176914
23:42:31 [554/1422] 023590 다우기술 corp=00176914
23:42:36 [555/1422] 023590 다우기술 corp=00176914
23:42:40 [556/1422] 069960 현대백화점 corp=00428251
23:42:44 [557/1422] 069960 현대백화점 corp=00428251
23:42:48 [558/1422] 069960 현대백화점 corp=00428251
23:42:53 [559/1422] 005850 에스엘 corp=00125521
23:42:57 [560/1422] 005850 에스엘 corp=00125521
23:43:01 [561/1422] 005850 에스엘 corp=00125521
23:43:06 [562/1422] 036930 주성엔지니어링 corp=00252135
23:43:10 [563/1422] 036930 주성엔지니어링 corp=00252135
23:43:14 [564/1422] 036930 주성엔지니어링 corp=00252135
23:43:19 [565/1422] 282330 BGF리테일 corp=01263022
23:43:23 [566/1422] 282330 BGF리테일 corp=01263022
23:43:27 [567/1422] 282330 BGF리테일 corp=01263022
23:43:31 [568/1422] 226950 올릭스 corp=01113718
23:43:36 [569/1422] 226950 올릭스 corp=01113718
23:43:40 [570/1422] 226950 올릭스 corp=01113718
23:43:44 [571/1422] 083650 비에이치아이 corp=00409788
23:43:49 [572/1422] 083650 비에이치아이 corp=00409788
23:43:53 [573/1422] 083650 비에이치아이 corp=00409788
23:43:57 [574/1422] 336260 두산퓨얼셀 corp=01412725
23:44:01 [575/1422] 336260 두산퓨얼셀 corp=01412725
23:44:06 [576/1422] 336260 두산퓨얼셀 corp=01412725
23:44:10 [577/1422] 192820 코스맥스 corp=01009789
23:44:14 [578/1422] 192820 코스맥스 corp=01009789
23:44:19 [579/1422] 192820 코스맥스 corp=01009789
23:44:23 [580/1422] 011210 현대위아 corp=00106623
23:44:27 [581/1422] 011210 현대위아 corp=00106623
23:44:31 [582/1422] 011210 현대위아 corp=00106623
23:44:36 [583/1422] 005440 현대지에프홀딩스 corp=00105280
23:44:40 [584/1422] 005440 현대지에프홀딩스 corp=00105280
23:44:44 [585/1422] 005440 현대지에프홀딩스 corp=00105280
23:44:49 [586/1422] 067310 하나마이크론 corp=00445054
23:44:53 [587/1422] 067310 하나마이크론 corp=00445054
23:44:57 [588/1422] 067310 하나마이크론 corp=00445054
23:45:01 [589/1422] 290650 엘앤씨바이오 corp=01181515
23:45:06 [590/1422] 290650 엘앤씨바이오 corp=01181515
23:45:10 [591/1422] 290650 엘앤씨바이오 corp=01181515
23:45:14 [592/1422] 018670 SK가스 corp=00144164
23:45:19 [593/1422] 018670 SK가스 corp=00144164
23:45:23 [594/1422] 018670 SK가스 corp=00144164
23:45:27 [595/1422] 098460 고영 corp=00579999
23:45:31 [596/1422] 098460 고영 corp=00579999
23:45:36 [597/1422] 098460 고영 corp=00579999
23:45:40 [598/1422] 475830 오름테라퓨틱 corp=01658831
23:45:44 [599/1422] 475830 오름테라퓨틱 corp=01658831
23:45:49 [600/1422] 475830 오름테라퓨틱 corp=01658831
23:45:53 [601/1422] 375500 DL이앤씨 corp=01524093
23:45:57 [602/1422] 375500 DL이앤씨 corp=01524093
23:46:01 [603/1422] 375500 DL이앤씨 corp=01524093
23:46:06 [604/1422] 003540 대신증권 corp=00110893
23:46:10 [605/1422] 003540 대신증권 corp=00110893
23:46:14 [606/1422] 003540 대신증권 corp=00110893
23:46:19 [607/1422] 099320 쎄트렉아이 corp=00449254
23:46:23 [608/1422] 099320 쎄트렉아이 corp=00449254
23:46:27 [609/1422] 099320 쎄트렉아이 corp=00449254
23:46:31 [610/1422] 458870 씨어스테크놀로지 corp=01514227
23:46:36 [611/1422] 458870 씨어스테크놀로지 corp=01514227
23:46:40 [612/1422] 458870 씨어스테크놀로지 corp=01514227
23:46:44 [613/1422] 178320 서진시스템 corp=00838005
23:46:49 [614/1422] 178320 서진시스템 corp=00838005
23:46:53 [615/1422] 178320 서진시스템 corp=00838005
23:46:57 [616/1422] 006280 녹십자 corp=00129679
23:47:01 [617/1422] 006280 녹십자 corp=00129679
23:47:06 [618/1422] 006280 녹십자 corp=00129679
23:47:10 [619/1422] 073240 금호타이어 corp=00481454
23:47:14 [620/1422] 073240 금호타이어 corp=00481454
23:47:19 [621/1422] 073240 금호타이어 corp=00481454
23:47:23 [622/1422] 065350 신성델타테크 corp=00136226
23:47:27 [623/1422] 065350 신성델타테크 corp=00136226
23:47:31 [624/1422] 065350 신성델타테크 corp=00136226
23:47:36 [625/1422] 097230 HJ중공업 corp=00633835
23:47:40 [626/1422] 097230 HJ중공업 corp=00633835
23:47:44 [627/1422] 097230 HJ중공업 corp=00633835
23:47:49 [628/1422] 483650 달바글로벌 corp=01649204
23:47:53 [629/1422] 483650 달바글로벌 corp=01649204
23:47:57 [630/1422] 483650 달바글로벌 corp=01649204
23:48:01 [631/1422] 032820 우리기술 corp=00231044
23:48:06 [632/1422] 032820 우리기술 corp=00231044
23:48:10 [633/1422] 032820 우리기술 corp=00231044
23:48:14 [634/1422] 069620 대웅제약 corp=00427483
23:48:19 [635/1422] 069620 대웅제약 corp=00427483
23:48:23 [636/1422] 069620 대웅제약 corp=00427483
23:48:27 [637/1422] 020150 롯데에너지머티리얼즈 corp=00113997
23:48:31 [638/1422] 020150 롯데에너지머티리얼즈 corp=00113997
23:48:36 [639/1422] 020150 롯데에너지머티리얼즈 corp=00113997
23:48:40 [640/1422] 160190 하이젠알앤엠 corp=00650771
23:48:44 [641/1422] 160190 하이젠알앤엠 corp=00650771
23:48:49 [642/1422] 160190 하이젠알앤엠 corp=00650771
23:48:53 [643/1422] 007340 DN오토모티브 corp=00116949
23:48:57 [644/1422] 007340 DN오토모티브 corp=00116949
23:49:01 [645/1422] 007340 DN오토모티브 corp=00116949
23:49:06 [646/1422] 039200 오스코텍 corp=00263654
23:49:10 [647/1422] 039200 오스코텍 corp=00263654
23:49:14 [648/1422] 039200 오스코텍 corp=00263654
23:49:19 [649/1422] 101490 에스앤에스텍 corp=00411048
23:49:23 [650/1422] 101490 에스앤에스텍 corp=00411048
23:49:27 [651/1422] 101490 에스앤에스텍 corp=00411048
23:49:31 [652/1422] 032350 롯데관광개발 corp=00231372
23:49:36 [653/1422] 032350 롯데관광개발 corp=00231372
23:49:40 [654/1422] 032350 롯데관광개발 corp=00231372
23:49:44 [655/1422] 008770 호텔신라 corp=00165680
23:49:49 [656/1422] 008770 호텔신라 corp=00165680
23:49:53 [657/1422] 008770 호텔신라 corp=00165680
23:49:57 [658/1422] 034230 파라다이스 corp=00171265
23:50:01 [659/1422] 034230 파라다이스 corp=00171265
23:50:06 [660/1422] 034230 파라다이스 corp=00171265
23:50:10 [661/1422] 006360 GS건설 corp=00120030
23:50:14 [662/1422] 006360 GS건설 corp=00120030
23:50:19 [663/1422] 006360 GS건설 corp=00120030
23:50:23 [664/1422] 007070 GS리테일 corp=00140177
23:50:27 [665/1422] 007070 GS리테일 corp=00140177
23:50:32 [666/1422] 007070 GS리테일 corp=00140177
23:50:36 [667/1422] 323280 태성 corp=01366000
23:50:40 [668/1422] 323280 태성 corp=01366000
23:50:44 [669/1422] 323280 태성 corp=01366000
23:50:49 [670/1422] 361610 SK아이이테크놀로지 corp=01386916
23:50:53 [671/1422] 361610 SK아이이테크놀로지 corp=01386916
23:50:57 [672/1422] 361610 SK아이이테크놀로지 corp=01386916
23:51:02 [673/1422] 003570 SNT다이내믹스 corp=00134477
23:51:06 [674/1422] 003570 SNT다이내믹스 corp=00134477
23:51:10 [675/1422] 003570 SNT다이내믹스 corp=00134477
23:51:14 [676/1422] 445680 큐리옥스바이오시스템즈 corp=01498974
23:51:19 [677/1422] 445680 큐리옥스바이오시스템즈 corp=01498974
23:51:23 [678/1422] 445680 큐리옥스바이오시스템즈 corp=01498974
23:51:27 [679/1422] 017960 한국카본 corp=00159795
23:51:32 [680/1422] 017960 한국카본 corp=00159795
23:51:36 [681/1422] 017960 한국카본 corp=00159795
23:51:40 [682/1422] 112610 씨에스윈드 corp=00670340
23:51:44 [683/1422] 112610 씨에스윈드 corp=00670340
23:51:49 [684/1422] 112610 씨에스윈드 corp=00670340
23:51:53 [685/1422] 140860 파크시스템스 corp=00244747
23:51:57 [686/1422] 140860 파크시스템스 corp=00244747
23:52:02 [687/1422] 140860 파크시스템스 corp=00244747
23:52:06 [688/1422] 001120 LX인터내셔널 corp=00120076
23:52:10 [689/1422] 001120 LX인터내셔널 corp=00120076
23:52:15 [690/1422] 001120 LX인터내셔널 corp=00120076
23:52:19 [691/1422] 298020 효성티앤씨 corp=01316227
23:52:23 [692/1422] 298020 효성티앤씨 corp=01316227
23:52:27 [693/1422] 298020 효성티앤씨 corp=01316227
23:52:32 [694/1422] 120110 코오롱인더 corp=00795135
23:52:36 [695/1422] 120110 코오롱인더 corp=00795135
23:52:40 [696/1422] 120110 코오롱인더 corp=00795135
23:52:45 [697/1422] 161890 한국콜마 corp=00939331
23:52:49 [698/1422] 161890 한국콜마 corp=00939331
23:52:53 [699/1422] 161890 한국콜마 corp=00939331
23:52:58 [700/1422] 003380 하림지주 corp=00148364
23:53:02 [701/1422] 003380 하림지주 corp=00148364
23:53:06 [702/1422] 003380 하림지주 corp=00148364
23:53:10 [703/1422] 319660 피에스케이 corp=01365825
23:53:15 [704/1422] 319660 피에스케이 corp=01365825
23:53:19 [705/1422] 319660 피에스케이 corp=01365825
23:53:23 [706/1422] 082270 젬백스 corp=00492894
23:53:28 [707/1422] 082270 젬백스 corp=00492894
23:53:32 [708/1422] 082270 젬백스 corp=00492894
23:53:36 [709/1422] 232140 와이씨 corp=01109539
23:53:40 [710/1422] 232140 와이씨 corp=01109539
23:53:45 [711/1422] 232140 와이씨 corp=01109539
23:53:49 [712/1422] 437730 삼현 corp=00262266
23:53:53 [713/1422] 437730 삼현 corp=00262266
23:53:57 [714/1422] 437730 삼현 corp=00262266
23:54:02 [715/1422] 035760 CJ ENM corp=00265324
23:54:06 [716/1422] 035760 CJ ENM corp=00265324
23:54:10 [717/1422] 035760 CJ ENM corp=00265324
23:54:15 [718/1422] 466100 클로봇 corp=01784914
23:54:19 [719/1422] 466100 클로봇 corp=01784914
23:54:23 [720/1422] 466100 클로봇 corp=01784914
23:54:27 [721/1422] 085620 미래에셋생명 corp=00112332
23:54:32 [722/1422] 085620 미래에셋생명 corp=00112332
23:54:36 [723/1422] 085620 미래에셋생명 corp=00112332
23:54:40 [724/1422] 007310 오뚜기 corp=00141529
23:54:45 [725/1422] 007310 오뚜기 corp=00141529
23:54:49 [726/1422] 007310 오뚜기 corp=00141529
23:54:53 [727/1422] 222800 심텍 corp=01095722
23:54:57 [728/1422] 222800 심텍 corp=01095722
23:55:02 [729/1422] 222800 심텍 corp=01095722
23:55:06 [730/1422] 006040 동원산업 corp=00118026
23:55:10 [731/1422] 006040 동원산업 corp=00118026
23:55:15 [732/1422] 006040 동원산업 corp=00118026
23:55:19 [733/1422] 348370 엔켐 corp=01011526
23:55:23 [734/1422] 348370 엔켐 corp=01011526
23:55:27 [735/1422] 348370 엔켐 corp=01011526
23:55:32 [736/1422] 031980 피에스케이홀딩스 corp=00208444
23:55:36 [737/1422] 031980 피에스케이홀딩스 corp=00208444
23:55:40 [738/1422] 031980 피에스케이홀딩스 corp=00208444
23:55:45 [739/1422] 003530 한화투자증권 corp=00148610
23:55:49 [740/1422] 003530 한화투자증권 corp=00148610
23:55:53 [741/1422] 003530 한화투자증권 corp=00148610
23:55:57 [742/1422] 080220 제주반도체 corp=00447487
23:56:02 [743/1422] 080220 제주반도체 corp=00447487
23:56:06 [744/1422] 080220 제주반도체 corp=00447487
23:56:10 [745/1422] 281740 레이크머티리얼즈 corp=01255652
23:56:15 [746/1422] 281740 레이크머티리얼즈 corp=01255652
23:56:19 [747/1422] 281740 레이크머티리얼즈 corp=01255652
23:56:23 [748/1422] 089030 테크윙 corp=00535676
23:56:27 [749/1422] 089030 테크윙 corp=00535676
23:56:32 [750/1422] 089030 테크윙 corp=00535676
23:56:36 [751/1422] 003090 대웅 corp=00111810
23:56:40 [752/1422] 003090 대웅 corp=00111810
23:56:45 [753/1422] 003090 대웅 corp=00111810
23:56:49 [754/1422] 038500 삼표시멘트 corp=00239639
23:56:53 [755/1422] 038500 삼표시멘트 corp=00239639
23:56:58 [756/1422] 038500 삼표시멘트 corp=00239639
23:57:02 [757/1422] 001800 오리온홀딩스 corp=00117577
23:57:06 [758/1422] 001800 오리온홀딩스 corp=00117577
23:57:10 [759/1422] 001800 오리온홀딩스 corp=00117577
23:57:15 [760/1422] 294870 HDC현대산업개발 corp=01310269
23:57:19 [761/1422] 294870 HDC현대산업개발 corp=01310269
23:57:23 [762/1422] 294870 HDC현대산업개발 corp=01310269
23:57:28 [763/1422] 007390 네이처셀 corp=00117276
23:57:32 [764/1422] 007390 네이처셀 corp=00117276
23:57:36 [765/1422] 007390 네이처셀 corp=00117276
23:57:40 [766/1422] 090710 휴림로봇 corp=00540429
23:57:45 [767/1422] 090710 휴림로봇 corp=00540429
23:57:49 [768/1422] 090710 휴림로봇 corp=00540429
23:57:53 [769/1422] 195940 HK이노엔 corp=01012066
23:57:58 [770/1422] 195940 HK이노엔 corp=01012066
23:58:02 [771/1422] 195940 HK이노엔 corp=01012066
23:58:06 [772/1422] 096530 씨젠 corp=00788773
23:58:10 [773/1422] 096530 씨젠 corp=00788773
23:58:15 [774/1422] 096530 씨젠 corp=00788773
23:58:19 [775/1422] 253450 스튜디오드래곤 corp=01168684
23:58:23 [776/1422] 253450 스튜디오드래곤 corp=01168684
23:58:28 [777/1422] 253450 스튜디오드래곤 corp=01168684
23:58:32 [778/1422] 056080 유진로봇 corp=00234227
23:58:36 [779/1422] 056080 유진로봇 corp=00234227
23:58:40 [780/1422] 056080 유진로봇 corp=00234227
23:58:44 [781/1422] 005300 롯데칠성음료 corp=00120571
23:58:49 [782/1422] 005300 롯데칠성음료 corp=00120571
23:58:53 [783/1422] 005300 롯데칠성음료 corp=00120571
23:58:57 [784/1422] 007810 코리아써키트 corp=00152686
23:59:02 [785/1422] 007810 코리아써키트 corp=00152686
23:59:06 [786/1422] 007810 코리아써키트 corp=00152686
23:59:10 [787/1422] 388720 유일로보틱스 corp=01152586
23:59:14 [788/1422] 388720 유일로보틱스 corp=01152586
23:59:19 [789/1422] 388720 유일로보틱스 corp=01152586
23:59:23 [790/1422] 122870 와이지엔터테인먼트 corp=00613318
23:59:27 [791/1422] 122870 와이지엔터테인먼트 corp=00613318
23:59:32 [792/1422] 122870 와이지엔터테인먼트 corp=00613318
23:59:36 [793/1422] 012630 HDC corp=00164636
23:59:40 [794/1422] 012630 HDC corp=00164636
23:59:44 [795/1422] 012630 HDC corp=00164636
23:59:49 [796/1422] 229640 LS에코에너지 corp=01093007
23:59:53 [797/1422] 229640 LS에코에너지 corp=01093007
23:59:57 [798/1422] 229640 LS에코에너지 corp=01093007
00:00:02 [799/1422] 078600 대주전자재료 corp=00177816
00:00:06 [800/1422] 078600 대주전자재료 corp=00177816
00:00:10 [801/1422] 078600 대주전자재료 corp=00177816
00:00:14 [802/1422] 189300 인텔리안테크 corp=00664181
00:00:19 [803/1422] 189300 인텔리안테크 corp=00664181
00:00:23 [804/1422] 189300 인텔리안테크 corp=00664181
00:00:27 [805/1422] 218410 RFHIC corp=01078178
00:00:32 [806/1422] 218410 RFHIC corp=01078178
00:00:36 [807/1422] 218410 RFHIC corp=01078178
00:00:40 [808/1422] 043260 성호전자 corp=00317210
00:00:45 [809/1422] 043260 성호전자 corp=00317210
00:00:49 [810/1422] 043260 성호전자 corp=00317210
00:00:53 [811/1422] 095610 테스 corp=00524421
00:00:57 [812/1422] 095610 테스 corp=00524421
00:01:02 [813/1422] 095610 테스 corp=00524421
00:01:06 [814/1422] 499790 GS피앤엘 corp=01882845
00:01:10 [815/1422] 499790 GS피앤엘 corp=01882845
00:01:15 [816/1422] 499790 GS피앤엘 corp=01882845
00:01:19 [817/1422] 000080 하이트진로 corp=00150244
00:01:23 [818/1422] 000080 하이트진로 corp=00150244
00:01:27 [819/1422] 000080 하이트진로 corp=00150244
00:01:32 [820/1422] 293490 카카오게임즈 corp=01137383
00:01:36 [821/1422] 293490 카카오게임즈 corp=01137383
00:01:40 [822/1422] 293490 카카오게임즈 corp=01137383
00:01:45 [823/1422] 181710 NHN corp=00983271
00:01:49 [824/1422] 181710 NHN corp=00983271
00:01:53 [825/1422] 181710 NHN corp=00983271
00:01:58 [826/1422] 100790 미래에셋벤처투자 corp=00340096
00:02:02 [827/1422] 100790 미래에셋벤처투자 corp=00340096
00:02:06 [828/1422] 100790 미래에셋벤처투자 corp=00340096
00:02:10 [829/1422] 004000 롯데정밀화학 corp=00157681
00:02:15 [830/1422] 004000 롯데정밀화학 corp=00157681
00:02:19 [831/1422] 004000 롯데정밀화학 corp=00157681
00:02:23 [832/1422] 204270 제이앤티씨 corp=00447575
00:02:28 [833/1422] 204270 제이앤티씨 corp=00447575
00:02:32 [834/1422] 204270 제이앤티씨 corp=00447575
00:02:36 [835/1422] 280360 롯데웰푸드 corp=01258507
00:02:41 [836/1422] 280360 롯데웰푸드 corp=01258507
00:02:45 [837/1422] 280360 롯데웰푸드 corp=01258507
00:02:49 [838/1422] 185750 종근당 corp=00992871
00:02:53 [839/1422] 185750 종근당 corp=00992871
00:02:58 [840/1422] 185750 종근당 corp=00992871
00:03:02 [841/1422] 003240 태광산업 corp=00153393
00:03:06 [842/1422] 003240 태광산업 corp=00153393
00:03:11 [843/1422] 003240 태광산업 corp=00153393
00:03:15 [844/1422] 137400 피엔티 corp=00612294
00:03:19 [845/1422] 137400 피엔티 corp=00612294
00:03:24 [846/1422] 137400 피엔티 corp=00612294
00:03:28 [847/1422] 131970 두산테스나 corp=00563545
00:03:32 [848/1422] 131970 두산테스나 corp=00563545
00:03:36 [849/1422] 131970 두산테스나 corp=00563545
00:03:41 [850/1422] 001740 SK네트웍스 corp=00131780
00:03:45 [851/1422] 001740 SK네트웍스 corp=00131780
00:03:49 [852/1422] 001740 SK네트웍스 corp=00131780
00:03:54 [853/1422] 328130 루닛 corp=01397620
00:03:58 [854/1422] 328130 루닛 corp=01397620
00:04:02 [855/1422] 328130 루닛 corp=01397620
00:04:06 [856/1422] 115180 큐리언트 corp=01042650
00:04:11 [857/1422] 115180 큐리언트 corp=01042650
00:04:15 [858/1422] 115180 큐리언트 corp=01042650
00:04:19 [859/1422] 166090 하나머티리얼즈 corp=00660750
00:04:24 [860/1422] 166090 하나머티리얼즈 corp=00660750
00:04:28 [861/1422] 166090 하나머티리얼즈 corp=00660750
00:04:32 [862/1422] 036540 SFA반도체 corp=00301246
00:04:36 [863/1422] 036540 SFA반도체 corp=00301246
00:04:41 [864/1422] 036540 SFA반도체 corp=00301246
00:04:45 [865/1422] 006120 SK디스커버리 corp=00131832
00:04:49 [866/1422] 006120 SK디스커버리 corp=00131832
00:04:54 [867/1422] 006120 SK디스커버리 corp=00131832
00:04:58 [868/1422] 192080 더블유게임즈 corp=01010110
00:05:02 [869/1422] 192080 더블유게임즈 corp=01010110
00:05:07 [870/1422] 192080 더블유게임즈 corp=01010110
00:05:11 [871/1422] 298050 HS효성첨단소재 corp=01316254
00:05:15 [872/1422] 298050 HS효성첨단소재 corp=01316254
00:05:20 [873/1422] 298050 HS효성첨단소재 corp=01316254
00:05:24 [874/1422] 085660 차바이오텍 corp=00525679
00:05:28 [875/1422] 085660 차바이오텍 corp=00525679
00:05:32 [876/1422] 085660 차바이오텍 corp=00525679
00:05:37 [877/1422] 006730 서부T&D corp=00130383
00:05:41 [878/1422] 006730 서부T&D corp=00130383
00:05:45 [879/1422] 006730 서부T&D corp=00130383
00:05:50 [880/1422] 009240 한샘 corp=00161693
00:05:54 [881/1422] 009240 한샘 corp=00161693
00:05:58 [882/1422] 009240 한샘 corp=00161693
00:06:03 [883/1422] 124500 아이티센글로벌 corp=00620868
00:06:07 [884/1422] 124500 아이티센글로벌 corp=00620868
00:06:11 [885/1422] 124500 아이티센글로벌 corp=00620868
00:06:15 [886/1422] 183300 코미코 corp=00997812
00:06:20 [887/1422] 183300 코미코 corp=00997812
00:06:24 [888/1422] 183300 코미코 corp=00997812
00:06:28 [889/1422] 161580 필옵틱스 corp=00938721
00:06:33 [890/1422] 161580 필옵틱스 corp=00938721
00:06:37 [891/1422] 161580 필옵틱스 corp=00938721
00:06:41 [892/1422] 056190 에스에프에이 corp=00358271
00:06:46 [893/1422] 056190 에스에프에이 corp=00358271
00:06:50 [894/1422] 056190 에스에프에이 corp=00358271
00:06:54 [895/1422] 285130 SK케미칼 corp=01267170
00:06:58 [896/1422] 285130 SK케미칼 corp=01267170
00:07:03 [897/1422] 285130 SK케미칼 corp=01267170
00:07:07 [898/1422] 417200 LS머트리얼즈 corp=01528141
00:07:11 [899/1422] 417200 LS머트리얼즈 corp=01528141
00:07:16 [900/1422] 417200 LS머트리얼즈 corp=01528141
00:07:20 [901/1422] 006650 대한유화 corp=00260383
00:07:24 [902/1422] 006650 대한유화 corp=00260383
00:07:28 [903/1422] 006650 대한유화 corp=00260383
00:07:33 [904/1422] 241710 코스메카코리아 corp=00763473
00:07:37 [905/1422] 241710 코스메카코리아 corp=00763473
00:07:41 [906/1422] 241710 코스메카코리아 corp=00763473
00:07:46 [907/1422] 100090 SK오션플랜트 corp=00480367
00:07:50 [908/1422] 100090 SK오션플랜트 corp=00480367
00:07:54 [909/1422] 100090 SK오션플랜트 corp=00480367
00:07:58 [910/1422] 071320 지역난방공사 corp=00159698
00:08:03 [911/1422] 071320 지역난방공사 corp=00159698
00:08:07 [912/1422] 071320 지역난방공사 corp=00159698
00:08:11 [913/1422] 030190 NICE평가정보 corp=00158325
00:08:16 [914/1422] 030190 NICE평가정보 corp=00158325
00:08:20 [915/1422] 030190 NICE평가정보 corp=00158325
00:08:24 [916/1422] 036830 솔브레인홀딩스 corp=00247975
00:08:29 [917/1422] 036830 솔브레인홀딩스 corp=00247975
00:08:33 [918/1422] 036830 솔브레인홀딩스 corp=00247975
00:08:37 [919/1422] 213420 덕산네오룩스 corp=01061558
00:08:41 [920/1422] 213420 덕산네오룩스 corp=01061558
00:08:46 [921/1422] 213420 덕산네오룩스 corp=01061558
00:08:50 [922/1422] 000210 DL corp=00109693
00:08:54 [923/1422] 000210 DL corp=00109693
00:08:59 [924/1422] 000210 DL corp=00109693
00:09:03 [925/1422] 032190 다우데이타 corp=00238782
00:09:07 [926/1422] 032190 다우데이타 corp=00238782
00:09:12 [927/1422] 032190 다우데이타 corp=00238782
00:09:16 [928/1422] 075580 세진중공업 corp=00415628
00:09:20 [929/1422] 075580 세진중공업 corp=00415628
00:09:24 [930/1422] 075580 세진중공업 corp=00415628
00:09:29 [931/1422] 003160 디아이 corp=00118275
00:09:33 [932/1422] 003160 디아이 corp=00118275
00:09:37 [933/1422] 003160 디아이 corp=00118275
00:09:42 [934/1422] 249420 일동제약 corp=01168383
00:09:46 [935/1422] 249420 일동제약 corp=01168383
00:09:50 [936/1422] 249420 일동제약 corp=01168383
00:09:55 [937/1422] 086900 메디톡스 corp=00580199
00:09:59 [938/1422] 086900 메디톡스 corp=00580199
00:10:03 [939/1422] 086900 메디톡스 corp=00580199
00:10:07 [940/1422] 003470 유안타증권 corp=00117601
00:10:12 [941/1422] 003470 유안타증권 corp=00117601
00:10:16 [942/1422] 003470 유안타증권 corp=00117601
00:10:20 [943/1422] 376300 디어유 corp=01456011
00:10:25 [944/1422] 376300 디어유 corp=01456011
00:10:29 [945/1422] 376300 디어유 corp=01456011
00:10:33 [946/1422] 195870 해성디에스 corp=01032413
00:10:37 [947/1422] 195870 해성디에스 corp=01032413
00:10:42 [948/1422] 195870 해성디에스 corp=01032413
00:10:46 [949/1422] 347700 스피어 corp=01336762
00:10:50 [950/1422] 347700 스피어 corp=01336762
00:10:55 [951/1422] 347700 스피어 corp=01336762
00:10:59 [952/1422] 100840 SNT에너지 corp=00648721
00:11:03 [953/1422] 100840 SNT에너지 corp=00648721
00:11:08 [954/1422] 100840 SNT에너지 corp=00648721
00:11:12 [955/1422] 475150 SK이터닉스 corp=01817081
00:11:16 [956/1422] 475150 SK이터닉스 corp=01817081
00:11:20 [957/1422] 475150 SK이터닉스 corp=01817081
00:11:25 [958/1422] 131290 티에스이 corp=00372226
00:11:29 [959/1422] 131290 티에스이 corp=00372226
00:11:33 [960/1422] 131290 티에스이 corp=00372226
00:11:38 [961/1422] 281820 케이씨텍 corp=01261893
00:11:42 [962/1422] 281820 케이씨텍 corp=01261893
00:11:46 [963/1422] 281820 케이씨텍 corp=01261893
00:11:50 [964/1422] 014620 성광벤드 corp=00132318
00:11:55 [965/1422] 014620 성광벤드 corp=00132318
00:11:59 [966/1422] 014620 성광벤드 corp=00132318
00:12:03 [967/1422] 057050 현대홈쇼핑 corp=00412597
00:12:07 [968/1422] 057050 현대홈쇼핑 corp=00412597
00:12:12 [969/1422] 057050 현대홈쇼핑 corp=00412597
00:12:16 [970/1422] 171090 선익시스템 corp=00327819
00:12:20 [971/1422] 171090 선익시스템 corp=00327819
00:12:25 [972/1422] 171090 선익시스템 corp=00327819
00:12:29 [973/1422] 060370 LS마린솔루션 corp=00225742
00:12:33 [974/1422] 060370 LS마린솔루션 corp=00225742
00:12:37 [975/1422] 060370 LS마린솔루션 corp=00225742
00:12:42 [976/1422] 222080 씨아이에스 corp=01090471
00:12:46 [977/1422] 222080 씨아이에스 corp=01090471
00:12:50 [978/1422] 222080 씨아이에스 corp=01090471
00:12:55 [979/1422] 112040 위메이드 corp=00444329
00:12:59 [980/1422] 112040 위메이드 corp=00444329
00:13:03 [981/1422] 112040 위메이드 corp=00444329
00:13:08 [982/1422] 033240 자화전자 corp=00146861
00:13:12 [983/1422] 033240 자화전자 corp=00146861
00:13:16 [984/1422] 033240 자화전자 corp=00146861
00:13:20 [985/1422] 036810 에프에스티 corp=00223434
00:13:25 [986/1422] 036810 에프에스티 corp=00223434
00:13:29 [987/1422] 036810 에프에스티 corp=00223434
00:13:33 [988/1422] 064960 SNT모티브 corp=00398792
00:13:38 [989/1422] 064960 SNT모티브 corp=00398792
00:13:42 [990/1422] 064960 SNT모티브 corp=00398792
00:13:46 [991/1422] 322000 HD현대에너지솔루션 corp=01199550
00:13:51 [992/1422] 322000 HD현대에너지솔루션 corp=01199550
00:13:55 [993/1422] 322000 HD현대에너지솔루션 corp=01199550
00:13:59 [994/1422] 010780 아이에스동서 corp=00115977
00:14:03 [995/1422] 010780 아이에스동서 corp=00115977
00:14:08 [996/1422] 010780 아이에스동서 corp=00115977
00:14:12 [997/1422] 079900 전진건설로봇 corp=00372129
00:14:16 [998/1422] 079900 전진건설로봇 corp=00372129
00:14:21 [999/1422] 079900 전진건설로봇 corp=00372129
00:14:25 [1000/1422] 108320 LX세미콘 corp=00525934
00:14:29 [1001/1422] 108320 LX세미콘 corp=00525934
00:14:33 [1002/1422] 108320 LX세미콘 corp=00525934
00:14:38 [1003/1422] 052400 코나아이 corp=00349732
00:14:42 [1004/1422] 052400 코나아이 corp=00349732
00:14:46 [1005/1422] 052400 코나아이 corp=00349732
00:14:51 [1006/1422] 248070 솔루엠 corp=01159233
00:14:55 [1007/1422] 248070 솔루엠 corp=01159233
00:14:59 [1008/1422] 248070 솔루엠 corp=01159233
00:15:04 [1009/1422] 000370 한화손해보험 corp=00135917
00:15:08 [1010/1422] 000370 한화손해보험 corp=00135917
00:15:12 [1011/1422] 000370 한화손해보험 corp=00135917
00:15:16 [1012/1422] 347850 디앤디파마텍 corp=01376715
00:15:21 [1013/1422] 347850 디앤디파마텍 corp=01376715
00:15:25 [1014/1422] 347850 디앤디파마텍 corp=01376715
00:15:29 [1015/1422] 000500 가온전선 corp=00104768
00:15:34 [1016/1422] 000500 가온전선 corp=00104768
00:15:38 [1017/1422] 000500 가온전선 corp=00104768
00:15:42 [1018/1422] 348340 뉴로메카 corp=01336461
00:15:46 [1019/1422] 348340 뉴로메카 corp=01336461
00:15:51 [1020/1422] 348340 뉴로메카 corp=01336461
00:15:55 [1021/1422] 089970 브이엠 corp=00544577
00:15:59 [1022/1422] 089970 브이엠 corp=00544577
00:16:04 [1023/1422] 089970 브이엠 corp=00544577
00:16:08 [1024/1422] 093370 후성 corp=00595191
00:16:12 [1025/1422] 093370 후성 corp=00595191
00:16:17 [1026/1422] 093370 후성 corp=00595191
00:16:21 [1027/1422] 121600 나노신소재 corp=00439965
00:16:25 [1028/1422] 121600 나노신소재 corp=00439965
00:16:29 [1029/1422] 121600 나노신소재 corp=00439965
00:16:34 [1030/1422] 060250 NHN KCP corp=00357740
00:16:38 [1031/1422] 060250 NHN KCP corp=00357740
00:16:42 [1032/1422] 060250 NHN KCP corp=00357740
00:16:47 [1033/1422] 005180 빙그레 corp=00124726
00:16:51 [1034/1422] 005180 빙그레 corp=00124726
00:16:55 [1035/1422] 005180 빙그레 corp=00124726
00:17:00 [1036/1422] 102710 이엔에프테크놀로지 corp=00530185
00:17:04 [1037/1422] 102710 이엔에프테크놀로지 corp=00530185
00:17:08 [1038/1422] 102710 이엔에프테크놀로지 corp=00530185
00:17:12 [1039/1422] 033500 동성화인텍 corp=00231105
00:17:17 [1040/1422] 033500 동성화인텍 corp=00231105
00:17:21 [1041/1422] 033500 동성화인텍 corp=00231105
00:17:25 [1042/1422] 042000 카페24 corp=00260879
00:17:30 [1043/1422] 042000 카페24 corp=00260879
00:17:34 [1044/1422] 042000 카페24 corp=00260879
00:17:38 [1045/1422] 114090 GKL corp=00557508
00:17:43 [1046/1422] 114090 GKL corp=00557508
00:17:47 [1047/1422] 114090 GKL corp=00557508
00:17:51 [1048/1422] 214430 아이쓰리시스템 corp=00612489
00:17:55 [1049/1422] 214430 아이쓰리시스템 corp=00612489
00:18:00 [1050/1422] 214430 아이쓰리시스템 corp=00612489
00:18:04 [1051/1422] 009520 포스코엠텍 corp=00128111
00:18:08 [1052/1422] 009520 포스코엠텍 corp=00128111
00:18:12 [1053/1422] 009520 포스코엠텍 corp=00128111
00:18:17 [1054/1422] 214320 이노션 corp=00565154
00:18:21 [1055/1422] 214320 이노션 corp=00565154
00:18:25 [1056/1422] 214320 이노션 corp=00565154
00:18:30 [1057/1422] 039130 하나투어 corp=00269940
00:18:34 [1058/1422] 039130 하나투어 corp=00269940
00:18:38 [1059/1422] 039130 하나투어 corp=00269940
00:18:42 [1060/1422] 069260 티케이지휴켐스 corp=00426086
00:18:47 [1061/1422] 069260 티케이지휴켐스 corp=00426086
00:18:51 [1062/1422] 069260 티케이지휴켐스 corp=00426086
00:18:55 [1063/1422] 001680 대상 corp=00121941
00:19:00 [1064/1422] 001680 대상 corp=00121941
00:19:04 [1065/1422] 001680 대상 corp=00121941
00:19:08 [1066/1422] 001270 부국증권 corp=00123772
00:19:13 [1067/1422] 001270 부국증권 corp=00123772
00:19:17 [1068/1422] 001270 부국증권 corp=00123772
00:19:21 [1069/1422] 086450 동국제약 corp=00114808
00:19:25 [1070/1422] 086450 동국제약 corp=00114808
00:19:30 [1071/1422] 086450 동국제약 corp=00114808
00:19:34 [1072/1422] 002020 코오롱 corp=00152862
00:19:38 [1073/1422] 002020 코오롱 corp=00152862
00:19:43 [1074/1422] 002020 코오롱 corp=00152862
00:19:47 [1075/1422] 225570 넥슨게임즈 corp=01096341
00:19:51 [1076/1422] 225570 넥슨게임즈 corp=01096341
00:19:56 [1077/1422] 225570 넥슨게임즈 corp=01096341
00:20:00 [1078/1422] 003620 KG모빌리티 corp=00138242
00:20:04 [1079/1422] 003620 KG모빌리티 corp=00138242
00:20:08 [1080/1422] 003620 KG모빌리티 corp=00138242
00:20:13 [1081/1422] 067160 SOOP corp=00399694
00:20:17 [1082/1422] 067160 SOOP corp=00399694
00:20:21 [1083/1422] 067160 SOOP corp=00399694
00:20:26 [1084/1422] 348210 넥스틴 corp=01080252
00:20:30 [1085/1422] 348210 넥스틴 corp=01080252
00:20:34 [1086/1422] 348210 넥스틴 corp=01080252
00:20:39 [1087/1422] 389470 인벤티지랩 corp=01516456
00:20:43 [1088/1422] 389470 인벤티지랩 corp=01516456
00:20:47 [1089/1422] 389470 인벤티지랩 corp=01516456
00:20:51 [1090/1422] 456040 OCI corp=01760738
00:20:56 [1091/1422] 456040 OCI corp=01760738
00:21:00 [1092/1422] 456040 OCI corp=01760738
00:21:04 [1093/1422] 023160 태광 corp=00153375
00:21:09 [1094/1422] 023160 태광 corp=00153375
00:21:13 [1095/1422] 023160 태광 corp=00153375
00:21:17 [1096/1422] 272290 이녹스첨단소재 corp=01237540
00:21:21 [1097/1422] 272290 이녹스첨단소재 corp=01237540
00:21:26 [1098/1422] 272290 이녹스첨단소재 corp=01237540
00:21:30 [1099/1422] 074600 원익QnC corp=00468374
00:21:34 [1100/1422] 074600 원익QnC corp=00468374
00:21:39 [1101/1422] 074600 원익QnC corp=00468374
00:21:43 [1102/1422] 399720 가온칩스 corp=01364747
00:21:47 [1103/1422] 399720 가온칩스 corp=01364747
00:21:52 [1104/1422] 399720 가온칩스 corp=01364747
00:21:56 [1105/1422] 025980 아난티 corp=00161781
00:22:00 [1106/1422] 025980 아난티 corp=00161781
00:22:04 [1107/1422] 025980 아난티 corp=00161781
00:22:09 [1108/1422] 090360 로보스타 corp=00536523
00:22:13 [1109/1422] 090360 로보스타 corp=00536523
00:22:17 [1110/1422] 090360 로보스타 corp=00536523
00:22:22 [1111/1422] 078160 메디포스트 corp=00453929
00:22:26 [1112/1422] 078160 메디포스트 corp=00453929
00:22:30 [1113/1422] 078160 메디포스트 corp=00453929
00:22:35 [1114/1422] 077970 STX엔진 corp=00480455
00:22:39 [1115/1422] 077970 STX엔진 corp=00480455
00:22:43 [1116/1422] 077970 STX엔진 corp=00480455
00:22:47 [1117/1422] 053800 안랩 corp=00298270
00:22:52 [1118/1422] 053800 안랩 corp=00298270
00:22:56 [1119/1422] 053800 안랩 corp=00298270
00:23:00 [1120/1422] 420770 기가비스 corp=00765569
00:23:05 [1121/1422] 420770 기가비스 corp=00765569
00:23:09 [1122/1422] 420770 기가비스 corp=00765569
00:23:13 [1123/1422] 383310 에코프로에이치엔 corp=01566248
00:23:17 [1124/1422] 383310 에코프로에이치엔 corp=01566248
00:23:22 [1125/1422] 383310 에코프로에이치엔 corp=01566248
00:23:26 [1126/1422] 127120 제이에스링크 corp=00642541
00:23:30 [1127/1422] 127120 제이에스링크 corp=00642541
00:23:35 [1128/1422] 127120 제이에스링크 corp=00642541
00:23:39 [1129/1422] 211050 인카금융서비스 corp=01013694
00:23:43 [1130/1422] 211050 인카금융서비스 corp=01013694
00:23:47 [1131/1422] 211050 인카금융서비스 corp=01013694
00:23:52 [1132/1422] 090460 비에이치 corp=00447609
00:23:56 [1133/1422] 090460 비에이치 corp=00447609
00:24:00 [1134/1422] 090460 비에이치 corp=00447609
00:24:05 [1135/1422] 060280 큐렉소 corp=00356802
00:24:09 [1136/1422] 060280 큐렉소 corp=00356802
00:24:13 [1137/1422] 060280 큐렉소 corp=00356802
00:24:17 [1138/1422] 018290 브이티 corp=00150165
00:24:22 [1139/1422] 018290 브이티 corp=00150165
00:24:26 [1140/1422] 018290 브이티 corp=00150165
00:24:30 [1141/1422] 336570 원텍 corp=01407909
00:24:35 [1142/1422] 336570 원텍 corp=01407909
00:24:39 [1143/1422] 336570 원텍 corp=01407909
00:24:43 [1144/1422] 253590 네오셈 corp=01170865
00:24:47 [1145/1422] 253590 네오셈 corp=01170865
00:24:52 [1146/1422] 253590 네오셈 corp=01170865
00:24:56 [1147/1422] 372320 큐로셀 corp=01492651
00:25:00 [1148/1422] 372320 큐로셀 corp=01492651
00:25:05 [1149/1422] 372320 큐로셀 corp=01492651
00:25:09 [1150/1422] 099190 아이센스 corp=00550994
00:25:13 [1151/1422] 099190 아이센스 corp=00550994
00:25:17 [1152/1422] 099190 아이센스 corp=00550994
00:25:22 [1153/1422] 130660 한전산업 corp=00194947
00:25:26 [1154/1422] 130660 한전산업 corp=00194947
00:25:30 [1155/1422] 130660 한전산업 corp=00194947
00:25:35 [1156/1422] 005880 대한해운 corp=00113535
00:25:39 [1157/1422] 005880 대한해운 corp=00113535
00:25:43 [1158/1422] 005880 대한해운 corp=00113535
00:25:48 [1159/1422] 475960 토모큐브 corp=01573336
00:25:52 [1160/1422] 475960 토모큐브 corp=01573336
00:25:56 [1161/1422] 475960 토모큐브 corp=01573336
00:26:00 [1162/1422] 126340 비나텍 corp=00563518
00:26:05 [1163/1422] 126340 비나텍 corp=00563518
00:26:09 [1164/1422] 126340 비나텍 corp=00563518
00:26:13 [1165/1422] 041960 코미팜 corp=00187415
00:26:18 [1166/1422] 041960 코미팜 corp=00187415
00:26:22 [1167/1422] 041960 코미팜 corp=00187415
00:26:26 [1168/1422] 041190 우리기술투자 corp=00231664
00:26:30 [1169/1422] 041190 우리기술투자 corp=00231664
00:26:35 [1170/1422] 041190 우리기술투자 corp=00231664
00:26:39 [1171/1422] 005420 코스모화학 corp=00160302
00:26:43 [1172/1422] 005420 코스모화학 corp=00160302
00:26:48 [1173/1422] 005420 코스모화학 corp=00160302
00:26:52 [1174/1422] 015750 성우하이텍 corp=00132992
00:26:56 [1175/1422] 015750 성우하이텍 corp=00132992
00:27:00 [1176/1422] 015750 성우하이텍 corp=00132992
00:27:05 [1177/1422] 336370 솔루스첨단소재 corp=01412822
00:27:09 [1178/1422] 336370 솔루스첨단소재 corp=01412822
00:27:13 [1179/1422] 336370 솔루스첨단소재 corp=01412822
00:27:18 [1180/1422] 004690 삼천리 corp=00128555
00:27:22 [1181/1422] 004690 삼천리 corp=00128555
00:27:26 [1182/1422] 004690 삼천리 corp=00128555
00:27:31 [1183/1422] 036620 감성코퍼레이션 corp=00261009
00:27:35 [1184/1422] 036620 감성코퍼레이션 corp=00261009
00:27:39 [1185/1422] 036620 감성코퍼레이션 corp=00261009
00:27:43 [1186/1422] 025320 시노펙스 corp=00203023
00:27:48 [1187/1422] 025320 시노펙스 corp=00203023
00:27:52 [1188/1422] 025320 시노펙스 corp=00203023
00:27:56 [1189/1422] 053610 프로텍 corp=00325112
00:28:01 [1190/1422] 053610 프로텍 corp=00325112
00:28:05 [1191/1422] 053610 프로텍 corp=00325112
00:28:09 [1192/1422] 119850 지엔씨에너지 corp=00626464
00:28:13 [1193/1422] 119850 지엔씨에너지 corp=00626464
00:28:18 [1194/1422] 119850 지엔씨에너지 corp=00626464
00:28:22 [1195/1422] 027360 아주IB투자 corp=00156895
00:28:26 [1196/1422] 027360 아주IB투자 corp=00156895
00:28:31 [1197/1422] 027360 아주IB투자 corp=00156895
00:28:35 [1198/1422] 460930 현대힘스 corp=00667373
00:28:39 [1199/1422] 460930 현대힘스 corp=00667373
00:28:44 [1200/1422] 460930 현대힘스 corp=00667373
00:28:48 [1201/1422] 064260 다날 corp=00389970
00:28:52 [1202/1422] 064260 다날 corp=00389970
00:28:56 [1203/1422] 064260 다날 corp=00389970
00:29:01 [1204/1422] 042520 한스바이오메드 corp=00349060
00:29:05 [1205/1422] 042520 한스바이오메드 corp=00349060
00:29:09 [1206/1422] 042520 한스바이오메드 corp=00349060
00:29:14 [1207/1422] 001510 SK증권 corp=00131850
00:29:18 [1208/1422] 001510 SK증권 corp=00131850
00:29:22 [1209/1422] 001510 SK증권 corp=00131850
00:29:26 [1210/1422] 005090 SGC에너지 corp=00125150
00:29:31 [1211/1422] 005090 SGC에너지 corp=00125150
00:29:35 [1212/1422] 005090 SGC에너지 corp=00125150
00:29:39 [1213/1422] 192650 드림텍 corp=00415646
00:29:44 [1214/1422] 192650 드림텍 corp=00415646
00:29:48 [1215/1422] 192650 드림텍 corp=00415646
00:29:52 [1216/1422] 003030 세아제강지주 corp=00124197
00:29:57 [1217/1422] 003030 세아제강지주 corp=00124197
00:30:01 [1218/1422] 003030 세아제강지주 corp=00124197
00:30:05 [1219/1422] 104830 원익머트리얼즈 corp=00623661
00:30:10 [1220/1422] 104830 원익머트리얼즈 corp=00623661
00:30:14 [1221/1422] 104830 원익머트리얼즈 corp=00623661
00:30:18 [1222/1422] 050890 쏠리드 corp=00364403
00:30:22 [1223/1422] 050890 쏠리드 corp=00364403
00:30:27 [1224/1422] 050890 쏠리드 corp=00364403
00:30:31 [1225/1422] 030520 한글과컴퓨터 corp=00204262
00:30:35 [1226/1422] 030520 한글과컴퓨터 corp=00204262
00:30:40 [1227/1422] 030520 한글과컴퓨터 corp=00204262
00:30:44 [1228/1422] 039440 에스티아이 corp=00298340
00:30:48 [1229/1422] 039440 에스티아이 corp=00298340
00:30:53 [1230/1422] 039440 에스티아이 corp=00298340
00:30:57 [1231/1422] 145720 덴티움 corp=00526599
00:31:01 [1232/1422] 145720 덴티움 corp=00526599
00:31:05 [1233/1422] 145720 덴티움 corp=00526599
00:31:10 [1234/1422] 059090 미코 corp=00366942
00:31:14 [1235/1422] 059090 미코 corp=00366942
00:31:18 [1236/1422] 059090 미코 corp=00366942
00:31:23 [1237/1422] 356860 티엘비 corp=00920379
00:31:27 [1238/1422] 356860 티엘비 corp=00920379
00:31:31 [1239/1422] 356860 티엘비 corp=00920379
00:31:35 [1240/1422] 114810 한솔아이원스 corp=00625942
00:31:40 [1241/1422] 114810 한솔아이원스 corp=00625942
00:31:44 [1242/1422] 114810 한솔아이원스 corp=00625942
00:31:48 [1243/1422] 083450 GST corp=00540863
00:31:53 [1244/1422] 083450 GST corp=00540863
00:31:57 [1245/1422] 083450 GST corp=00540863
00:32:01 [1246/1422] 105840 우진 corp=00173944
00:32:06 [1247/1422] 105840 우진 corp=00173944
00:32:10 [1248/1422] 105840 우진 corp=00173944
00:32:14 [1249/1422] 200710 에이디테크놀로지 corp=00657002
00:32:19 [1250/1422] 200710 에이디테크놀로지 corp=00657002
00:32:23 [1251/1422] 200710 에이디테크놀로지 corp=00657002
00:32:27 [1252/1422] 079370 제우스 corp=00442570
00:32:31 [1253/1422] 079370 제우스 corp=00442570
00:32:36 [1254/1422] 079370 제우스 corp=00442570
00:32:40 [1255/1422] 045100 한양이엔지 corp=00216762
00:32:44 [1256/1422] 045100 한양이엔지 corp=00216762
00:32:49 [1257/1422] 045100 한양이엔지 corp=00216762
00:32:53 [1258/1422] 278280 천보 corp=00897752
00:32:57 [1259/1422] 278280 천보 corp=00897752
00:33:02 [1260/1422] 278280 천보 corp=00897752
00:33:06 [1261/1422] 105630 한세실업 corp=00728638
00:33:10 [1262/1422] 105630 한세실업 corp=00728638
00:33:14 [1263/1422] 105630 한세실업 corp=00728638
00:33:19 [1264/1422] 006220 제주은행 corp=00148832
00:33:23 [1265/1422] 006220 제주은행 corp=00148832
00:33:27 [1266/1422] 006220 제주은행 corp=00148832
00:33:32 [1267/1422] 425420 티에프이 corp=01035368
00:33:36 [1268/1422] 425420 티에프이 corp=01035368
00:33:40 [1269/1422] 425420 티에프이 corp=01035368
00:33:44 [1270/1422] 089010 켐트로닉스 corp=00371485
00:33:49 [1271/1422] 089010 켐트로닉스 corp=00371485
00:33:53 [1272/1422] 089010 켐트로닉스 corp=00371485
00:33:57 [1273/1422] 215600 신라젠 corp=00919966
00:34:02 [1274/1422] 215600 신라젠 corp=00919966
00:34:06 [1275/1422] 215600 신라젠 corp=00919966
00:34:10 [1276/1422] 376900 로킷헬스케어 corp=01335143
00:34:15 [1277/1422] 376900 로킷헬스케어 corp=01335143
00:34:19 [1278/1422] 376900 로킷헬스케어 corp=01335143
00:34:23 [1279/1422] 206650 유바이오로직스 corp=00927558
00:34:27 [1280/1422] 206650 유바이오로직스 corp=00927558
00:34:32 [1281/1422] 206650 유바이오로직스 corp=00927558
00:34:36 [1282/1422] 368770 파이버프로 corp=01513440
00:34:40 [1283/1422] 368770 파이버프로 corp=01513440
00:34:45 [1284/1422] 368770 파이버프로 corp=01513440
00:34:49 [1285/1422] 041920 메디아나 corp=00273439
00:34:53 [1286/1422] 041920 메디아나 corp=00273439
00:34:57 [1287/1422] 041920 메디아나 corp=00273439
00:35:02 [1288/1422] 048410 현대바이오 corp=00313649
00:35:06 [1289/1422] 048410 현대바이오 corp=00313649
00:35:10 [1290/1422] 048410 현대바이오 corp=00313649
00:35:15 [1291/1422] 011930 신성이엔지 corp=00136271
00:35:19 [1292/1422] 011930 신성이엔지 corp=00136271
00:35:23 [1293/1422] 011930 신성이엔지 corp=00136271
00:35:28 [1294/1422] 122640 예스티 corp=00530556
00:35:32 [1295/1422] 122640 예스티 corp=00530556
00:35:36 [1296/1422] 122640 예스티 corp=00530556
00:35:40 [1297/1422] 082920 비츠로셀 corp=00154718
00:35:45 [1298/1422] 082920 비츠로셀 corp=00154718
00:35:49 [1299/1422] 082920 비츠로셀 corp=00154718
00:35:53 [1300/1422] 117730 티로보틱스 corp=00867098
00:35:58 [1301/1422] 117730 티로보틱스 corp=00867098
00:36:02 [1302/1422] 117730 티로보틱스 corp=00867098
00:36:06 [1303/1422] 001500 현대차증권 corp=00137997
00:36:10 [1304/1422] 001500 현대차증권 corp=00137997
00:36:15 [1305/1422] 001500 현대차증권 corp=00137997
00:36:19 [1306/1422] 000070 삼양홀딩스 corp=00126937
00:36:25 [1307/1422] 000070 삼양홀딩스 corp=00126937
00:36:29 [1308/1422] 000070 삼양홀딩스 corp=00126937
00:36:34 [1309/1422] 000400 롯데손해보험 corp=00113562
00:36:39 [1310/1422] 000400 롯데손해보험 corp=00113562
00:36:43 [1311/1422] 000400 롯데손해보험 corp=00113562
00:36:47 [1312/1422] 001060 JW중외제약 corp=00149947
00:36:53 [1313/1422] 001060 JW중외제약 corp=00149947
00:36:57 [1314/1422] 001060 JW중외제약 corp=00149947
00:37:02 [1315/1422] 002350 넥센타이어 corp=00173874
00:37:07 [1316/1422] 002350 넥센타이어 corp=00173874
00:37:12 [1317/1422] 002350 넥센타이어 corp=00173874
00:37:16 [1318/1422] 003850 보령 corp=00123143
00:37:22 [1319/1422] 003850 보령 corp=00123143
00:37:26 [1320/1422] 003850 보령 corp=00123143
00:37:30 [1321/1422] 005070 코스모신소재 corp=00129989
00:37:35 [1322/1422] 005070 코스모신소재 corp=00129989
00:37:40 [1323/1422] 005070 코스모신소재 corp=00129989
00:37:44 [1324/1422] 005690 파미셀 corp=00145163
00:37:49 [1325/1422] 005690 파미셀 corp=00145163
00:37:53 [1326/1422] 005690 파미셀 corp=00145163
00:37:58 [1327/1422] 009450 경동나비엔 corp=00101488
00:38:03 [1328/1422] 009450 경동나비엔 corp=00101488
00:38:08 [1329/1422] 009450 경동나비엔 corp=00101488
00:38:12 [1330/1422] 016610 DB증권 corp=00115694
00:38:18 [1331/1422] 016610 DB증권 corp=00115694
00:38:22 [1332/1422] 016610 DB증권 corp=00115694
00:38:26 [1333/1422] 030610 교보증권 corp=00113359
00:38:32 [1334/1422] 030610 교보증권 corp=00113359
00:38:36 [1335/1422] 030610 교보증권 corp=00113359
00:38:40 [1336/1422] 033100 제룡전기 corp=00185356
00:38:46 [1337/1422] 033100 제룡전기 corp=00185356
00:38:50 [1338/1422] 033100 제룡전기 corp=00185356
00:38:54 [1339/1422] 034310 NICE corp=00158316
00:39:00 [1340/1422] 034310 NICE corp=00158316
00:39:05 [1341/1422] 034310 NICE corp=00158316
00:39:09 [1342/1422] 036530 SNT홀딩스 corp=00225159
00:39:15 [1343/1422] 036530 SNT홀딩스 corp=00225159
00:39:19 [1344/1422] 036530 SNT홀딩스 corp=00225159
00:39:23 [1345/1422] 044490 태웅 corp=00186799
00:39:29 [1346/1422] 044490 태웅 corp=00186799
00:39:33 [1347/1422] 044490 태웅 corp=00186799
00:39:37 [1348/1422] 058470 리노공업 corp=00369657
00:39:42 [1349/1422] 058470 리노공업 corp=00369657
00:39:47 [1350/1422] 058470 리노공업 corp=00369657
00:39:51 [1351/1422] 064760 티씨케이 corp=00245472
00:39:56 [1352/1422] 064760 티씨케이 corp=00245472
00:40:00 [1353/1422] 064760 티씨케이 corp=00245472
00:40:05 [1354/1422] 079160 CJ CGV corp=00303873
00:40:10 [1355/1422] 079160 CJ CGV corp=00303873
00:40:15 [1356/1422] 079160 CJ CGV corp=00303873
00:40:19 [1357/1422] 087010 펩트론 corp=00415868
00:40:24 [1358/1422] 087010 펩트론 corp=00415868
00:40:29 [1359/1422] 087010 펩트론 corp=00415868
00:40:33 [1360/1422] 094170 동운아나텍 corp=00695969
00:40:38 [1361/1422] 094170 동운아나텍 corp=00695969
00:40:42 [1362/1422] 094170 동운아나텍 corp=00695969
00:40:47 [1363/1422] 174900 앱클론 corp=00991191
00:40:52 [1364/1422] 174900 앱클론 corp=00991191
00:40:56 [1365/1422] 174900 앱클론 corp=00991191
00:41:00 [1366/1422] 178920 PI첨단소재 corp=00767460
00:41:06 [1367/1422] 178920 PI첨단소재 corp=00767460
00:41:10 [1368/1422] 178920 PI첨단소재 corp=00767460
00:41:14 [1369/1422] 251970 펌텍코리아 corp=00761059
00:41:20 [1370/1422] 251970 펌텍코리아 corp=00761059
00:41:24 [1371/1422] 251970 펌텍코리아 corp=00761059
00:41:28 [1372/1422] 252990 샘씨엔에스 corp=01199727
00:41:34 [1373/1422] 252990 샘씨엔에스 corp=01199727
00:41:38 [1374/1422] 252990 샘씨엔에스 corp=01199727
00:41:42 [1375/1422] 287840 인투셀 corp=01374443
00:41:48 [1376/1422] 287840 인투셀 corp=01374443
00:41:52 [1377/1422] 287840 인투셀 corp=01374443
00:41:56 [1378/1422] 295310 에이치브이엠 corp=01011368
00:42:02 [1379/1422] 295310 에이치브이엠 corp=01011368
00:42:06 [1380/1422] 295310 에이치브이엠 corp=01011368
00:42:10 [1381/1422] 323410 카카오뱅크 corp=01133217
00:42:15 [1382/1422] 323410 카카오뱅크 corp=01133217
00:42:20 [1383/1422] 323410 카카오뱅크 corp=01133217
00:42:24 [1384/1422] 358570 지아이이노베이션 corp=01351080
00:42:29 [1385/1422] 358570 지아이이노베이션 corp=01351080
00:42:33 [1386/1422] 358570 지아이이노베이션 corp=01351080
00:42:38 [1387/1422] 365340 성일하이텍 corp=01274329
00:42:43 [1388/1422] 365340 성일하이텍 corp=01274329
00:42:48 [1389/1422] 365340 성일하이텍 corp=01274329
00:42:52 [1390/1422] 383800 LX홀딩스 corp=01562589
00:42:58 [1391/1422] 383800 LX홀딩스 corp=01562589
00:43:02 [1392/1422] 383800 LX홀딩스 corp=01562589
00:43:06 [1393/1422] 389650 넥스트바이오메디컬 corp=01385050
00:43:12 [1394/1422] 389650 넥스트바이오메디컬 corp=01385050
00:43:16 [1395/1422] 389650 넥스트바이오메디컬 corp=01385050
00:43:20 [1396/1422] 397030 에이프릴바이오 corp=01375822
00:43:26 [1397/1422] 397030 에이프릴바이오 corp=01375822
00:43:30 [1398/1422] 397030 에이프릴바이오 corp=01375822
00:43:34 [1399/1422] 403870 HPSP corp=01288827
00:43:39 [1400/1422] 403870 HPSP corp=01288827
00:43:44 [1401/1422] 403870 HPSP corp=01288827
00:43:48 [1402/1422] 450080 에코프로머티 corp=01311408
00:43:53 [1403/1422] 450080 에코프로머티 corp=01311408
00:43:58 [1404/1422] 450080 에코프로머티 corp=01311408
00:44:02 [1405/1422] 455900 엔젤로보틱스 corp=01592049
00:44:07 [1406/1422] 455900 엔젤로보틱스 corp=01592049
00:44:12 [1407/1422] 455900 엔젤로보틱스 corp=01592049
00:44:16 [1408/1422] 456160 지투지바이오 corp=01577952
00:44:21 [1409/1422] 456160 지투지바이오 corp=01577952
00:44:25 [1410/1422] 456160 지투지바이오 corp=01577952
00:44:30 [1411/1422] 476060 온코닉테라퓨틱스 corp=01632912
00:44:35 [1412/1422] 476060 온코닉테라퓨틱스 corp=01632912
00:44:39 [1413/1422] 476060 온코닉테라퓨틱스 corp=01632912
00:44:43 [1414/1422] 476830 알지노믹스 corp=01596920
00:44:49 [1415/1422] 476830 알지노믹스 corp=01596920
00:44:53 [1416/1422] 476830 알지노믹스 corp=01596920
00:44:57 [1417/1422] 484870 엠앤씨솔루션 corp=01519790
00:45:03 [1418/1422] 484870 엠앤씨솔루션 corp=01519790
00:45:07 [1419/1422] 484870 엠앤씨솔루션 corp=01519790
00:45:11 [1420/1422] 950160 코오롱티슈진 corp=01245062
00:45:16 [1421/1422] 950160 코오롱티슈진 corp=01245062
00:45:21 [1422/1422] 950160 코오롱티슈진 corp=01245062
00:45:25 [OK] saved: data\processed\fundamentals_quarterly__asof=2026-03-13__src=dart__fs=CFS__y=2023-2025__v=1.parquet rows=14001 new_rows=14001 tickers_ok=1422 skipped=0 err=0
00:45:25 [CHECK] quarter coverage:
00:45:25   - (2023, 1): 372
00:45:25   - (2023, 2): 373
00:45:25   - (2023, 3): 413
00:45:25   - (2023, 4): 414
00:45:25   - (2024, 1): 418
00:45:25   - (2024, 2): 422
00:45:25   - (2024, 3): 427
00:45:25   - (2024, 4): 432
00:45:25   - (2025, 1): 433
00:45:25   - (2025, 2): 436
00:45:25   - (2025, 3): 438
00:45:25   - (2025, 4): 89
