23:27:28 [INFO] universe=data\processed\universe__asof=2026-02-18__metric=revenue_op__v=1.parquet rows=474
23:27:28 [INFO] corp_codes rows=3913
23:27:28 [CHECK] corp_code missing ratio=0.000
23:27:28 [INFO] year range 2016..2025
23:27:28 [1/474] 000070 None corp=00126937
23:27:35 [2/474] 000080 None corp=00150244
23:27:41 [3/474] 000100 None corp=00145109
23:27:47 [4/474] 000120 None corp=00113410
23:27:54 [5/474] 000150 None corp=00117212
23:28:00 [6/474] 000210 None corp=00109693
23:28:07 [7/474] 000240 None corp=00160047
23:28:13 [8/474] 000250 None corp=00128546
23:28:19 [9/474] 000270 None corp=00106641
23:28:26 [10/474] 000370 None corp=00135917
23:28:32 [11/474] 000400 None corp=00113562
23:28:37 [12/474] 000500 None corp=00104768
23:28:44 [13/474] 000660 None corp=00164779
23:28:50 [14/474] 000720 None corp=00164478
23:28:56 [15/474] 000810 None corp=00139214
23:29:02 [16/474] 000880 None corp=00160588
23:29:09 [17/474] 000990 None corp=00160843
23:29:15 [18/474] 001040 None corp=00148540
23:29:21 [19/474] 001060 None corp=00149947
23:29:27 [20/474] 001120 None corp=00120076
23:29:34 [21/474] 001270 None corp=00123772
23:29:40 [22/474] 001430 None corp=00106669
23:29:47 [23/474] 001440 None corp=00113207
23:29:53 [24/474] 001450 None corp=00164973
23:29:59 [25/474] 001500 None corp=00137997
23:30:05 [26/474] 001510 None corp=00131850
23:30:11 [27/474] 001680 None corp=00121941
23:30:17 [28/474] 001720 None corp=00136721
23:30:23 [29/474] 001740 None corp=00131780
23:30:29 [30/474] 001800 None corp=00117577
23:30:36 [31/474] 002020 None corp=00152862
23:30:42 [32/474] 002350 None corp=00173874
23:30:49 [33/474] 002380 None corp=00105271
23:30:55 [34/474] 002790 None corp=00154462
23:31:02 [35/474] 003030 None corp=00124197
23:31:09 [36/474] 003090 None corp=00111810
23:31:17 [37/474] 003160 None corp=00118275
23:31:25 [38/474] 003230 None corp=00126955
23:31:32 [39/474] 003240 None corp=00153393
23:31:39 [40/474] 003380 None corp=00148364
23:31:46 [41/474] 003470 None corp=00117601
23:31:53 [42/474] 003490 None corp=00113526
23:32:00 [43/474] 003530 None corp=00148610
23:32:06 [44/474] 003540 None corp=00110893
23:32:12 [45/474] 003550 None corp=00120021
23:32:18 [46/474] 003570 None corp=00134477
23:32:25 [47/474] 003620 None corp=00138242
23:32:31 [48/474] 003670 None corp=00155276
23:32:37 [49/474] 003690 None corp=00113191
23:32:43 [50/474] 003850 None corp=00123143
23:32:49 [51/474] 004000 None corp=00157681
23:32:55 [52/474] 004020 None corp=00145880
23:33:02 [53/474] 004170 None corp=00136378
23:33:08 [54/474] 004370 None corp=00108241
23:33:15 [55/474] 004690 None corp=00128555
23:33:21 [56/474] 004800 None corp=00117188
23:33:27 [57/474] 004990 None corp=00120562
23:33:34 [58/474] 005070 None corp=00129989
23:33:40 [59/474] 005090 None corp=00125150
23:33:46 [60/474] 005180 None corp=00124726
23:33:52 [61/474] 005290 None corp=00118804
23:33:59 [62/474] 005300 None corp=00120571
23:34:05 [63/474] 005380 None corp=00164742
23:34:12 [64/474] 005420 None corp=00160302
23:34:19 [65/474] 005440 None corp=00105280
23:34:25 [66/474] 005490 None corp=00155319
23:34:31 [67/474] 005690 None corp=00145163
23:34:37 [68/474] 005830 None corp=00159102
23:34:43 [69/474] 005850 None corp=00125521
23:34:50 [70/474] 005880 None corp=00113535
23:34:56 [71/474] 005930 None corp=00126380
23:35:01 [72/474] 005940 None corp=00120182
23:35:07 [73/474] 006040 None corp=00118026
23:35:13 [74/474] 006120 None corp=00131832
23:35:20 [75/474] 006220 None corp=00148832
23:35:26 [76/474] 006260 None corp=00105952
23:35:32 [77/474] 006280 None corp=00129679
23:35:38 [78/474] 006360 None corp=00120030
23:35:45 [79/474] 006400 None corp=00126362
23:35:51 [80/474] 006650 None corp=00260383
23:35:57 [81/474] 006730 None corp=00130383
23:36:03 [82/474] 006800 None corp=00111722
23:36:11 [83/474] 007070 None corp=00140177
23:36:19 [84/474] 007310 None corp=00141529
23:36:25 [85/474] 007340 None corp=00116949
23:36:32 [86/474] 007390 None corp=00117276
23:36:38 [87/474] 007660 None corp=00107613
23:36:44 [88/474] 007810 None corp=00152686
23:36:50 [89/474] 008770 None corp=00165680
23:36:57 [90/474] 008930 None corp=00161426
23:37:03 [91/474] 009150 None corp=00126371
23:37:09 [92/474] 009240 None corp=00161693
23:37:16 [93/474] 009420 None corp=00162586
23:37:22 [94/474] 009450 None corp=00101488
23:37:28 [95/474] 009520 None corp=00128111
23:37:34 [96/474] 009540 None corp=00164830
23:37:40 [97/474] 009830 None corp=00162461
23:37:47 [98/474] 009970 None corp=00140964
23:37:54 [99/474] 010060 None corp=00148896
23:38:00 [100/474] 010120 None corp=00105855
23:38:06 [101/474] 010130 None corp=00102858
23:38:13 [102/474] 010140 None corp=00126478
23:38:19 [103/474] 010780 None corp=00115977
23:38:25 [104/474] 010950 None corp=00138279
23:38:32 [105/474] 011070 None corp=00105961
23:38:38 [106/474] 011170 None corp=00165413
23:38:44 [107/474] 011200 None corp=00164645
23:38:51 [108/474] 011210 None corp=00106623
23:38:57 [109/474] 011780 None corp=00106368
23:39:03 [110/474] 011790 None corp=00139889
23:39:10 [111/474] 011930 None corp=00136271
23:39:16 [112/474] 012330 None corp=00164788
23:39:23 [113/474] 012450 None corp=00126566
23:39:29 [114/474] 012510 None corp=00172291
23:39:35 [115/474] 012630 None corp=00164636
23:39:42 [116/474] 012750 None corp=00158501
23:39:48 [117/474] 014620 None corp=00132318
23:39:54 [118/474] 014680 None corp=00140955
23:40:01 [119/474] 015750 None corp=00132992
23:40:07 [120/474] 015760 None corp=00159193
23:40:13 [121/474] 016360 None corp=00104856
23:40:20 [122/474] 016610 None corp=00115694
23:40:26 [123/474] 017670 None corp=00159023
23:40:32 [124/474] 017800 None corp=00164724
23:40:39 [125/474] 017960 None corp=00159795
23:40:45 [126/474] 018260 None corp=00126186
23:40:51 [127/474] 018290 None corp=00150165
23:40:58 [128/474] 018670 None corp=00144164
23:41:04 [129/474] 018880 None corp=00161125
23:41:10 [130/474] 020150 None corp=00113997
23:41:17 [131/474] 021240 None corp=00170558
23:41:23 [132/474] 022100 None corp=00155212
23:41:29 [133/474] 023160 None corp=00153375
23:41:35 [134/474] 023530 None corp=00120526
23:41:42 [135/474] 023590 None corp=00176914
23:41:48 [136/474] 024110 None corp=00149646
23:41:54 [137/474] 025320 None corp=00203023
23:42:00 [138/474] 025980 None corp=00161781
23:42:07 [139/474] 026960 None corp=00144395
23:42:13 [140/474] 027360 None corp=00156895
23:42:19 [141/474] 028050 None corp=00126308
23:42:26 [142/474] 028260 None corp=00149655
23:42:32 [143/474] 028300 None corp=00199252
23:42:38 [144/474] 028670 None corp=00122737
23:42:45 [145/474] 029780 None corp=00126292
23:42:51 [146/474] 030000 None corp=00148276
23:42:57 [147/474] 030190 None corp=00158325
23:43:04 [148/474] 030200 None corp=00190321
23:43:10 [149/474] 030520 None corp=00204262
23:43:16 [150/474] 030530 None corp=00216647
23:43:23 [151/474] 030610 None corp=00113359
23:43:29 [152/474] 031980 None corp=00208444
23:43:35 [153/474] 032190 None corp=00238782
23:43:41 [154/474] 032350 None corp=00231372
23:43:48 [155/474] 032640 None corp=00231363
23:43:55 [156/474] 032820 None corp=00231044
23:44:01 [157/474] 032830 None corp=00126256
23:44:07 [158/474] 033100 None corp=00185356
23:44:13 [159/474] 033240 None corp=00146861
23:44:19 [160/474] 033500 None corp=00231105
23:44:26 [161/474] 033780 None corp=00244455
23:44:33 [162/474] 034020 None corp=00159616
23:44:40 [163/474] 034220 None corp=00105873
23:44:47 [164/474] 034230 None corp=00171265
23:44:54 [165/474] 034310 None corp=00158316
23:45:01 [166/474] 034730 None corp=00181712
23:45:08 [167/474] 035250 None corp=00255619
23:45:15 [168/474] 035420 None corp=00266961
23:45:22 [169/474] 035720 None corp=00258801
23:45:29 [170/474] 035760 None corp=00265324
23:45:36 [171/474] 035900 None corp=00258689
23:45:43 [172/474] 036460 None corp=00261285
23:45:51 [173/474] 036530 None corp=00225159
23:45:58 [174/474] 036540 None corp=00301246
23:46:04 [175/474] 036570 None corp=00261443
23:46:11 [176/474] 036620 None corp=00261009
23:46:17 [177/474] 036810 None corp=00223434
23:46:24 [178/474] 036830 None corp=00247975
23:46:31 [179/474] 036930 None corp=00252135
23:46:38 [180/474] 038500 None corp=00239639
23:46:45 [181/474] 039030 None corp=00246417
23:46:52 [182/474] 039130 None corp=00269940
23:46:59 [183/474] 039200 None corp=00263654
23:47:06 [184/474] 039440 None corp=00298340
23:47:13 [185/474] 039490 None corp=00296290
23:47:19 [186/474] 041190 None corp=00231664
23:47:26 [187/474] 041510 None corp=00260930
23:47:33 [188/474] 041920 None corp=00273439
23:47:39 [189/474] 041960 None corp=00187415
23:47:45 [190/474] 042000 None corp=00260879
23:47:51 [191/474] 042520 None corp=00349060
23:47:58 [192/474] 042660 None corp=00111704
23:48:04 [193/474] 042700 None corp=00161383
23:48:10 [194/474] 043260 None corp=00317210
23:48:17 [195/474] 044490 None corp=00186799
23:48:23 [196/474] 045100 None corp=00216762
23:48:29 [197/474] 047040 None corp=00124540
23:48:35 [198/474] 047050 None corp=00124504
23:50:12 [199/474] 047810 None corp=00309503
23:50:20 [200/474] 048410 None corp=00313649
23:50:26 [201/474] 050890 None corp=00364403
23:50:34 [202/474] 051600 None corp=00159218
23:50:41 [203/474] 051900 None corp=00356370
23:50:48 [204/474] 051910 None corp=00356361
23:50:55 [205/474] 052400 None corp=00349732
23:51:02 [206/474] 052690 None corp=00159209
23:51:08 [207/474] 053610 None corp=00325112
23:51:15 [208/474] 053800 None corp=00298270
23:51:22 [209/474] 055550 None corp=00382199
23:51:29 [210/474] 056080 None corp=00234227
23:51:36 [211/474] 056190 None corp=00358271
23:51:43 [212/474] 057050 None corp=00412597
23:51:50 [213/474] 058470 None corp=00369657
23:51:56 [214/474] 058610 None corp=00220686
23:52:03 [215/474] 059090 None corp=00366942
23:52:10 [216/474] 060250 None corp=00357740
23:52:16 [217/474] 060280 None corp=00356802
23:52:22 [218/474] 060370 None corp=00225742
23:52:28 [219/474] 062040 None corp=00366438
23:52:34 [220/474] 064260 None corp=00389970
23:52:40 [221/474] 064350 None corp=00302926
23:52:47 [222/474] 064400 None corp=00139834
23:52:52 [223/474] 064760 None corp=00245472
23:52:58 [224/474] 064960 None corp=00398792
23:53:06 [225/474] 065350 None corp=00136226
23:53:13 [226/474] 066570 None corp=00401731
23:53:19 [227/474] 066970 None corp=00398701
23:53:25 [228/474] 067160 None corp=00399694
23:53:32 [229/474] 067310 None corp=00445054
23:53:38 [230/474] 068270 None corp=00413046
23:53:44 [231/474] 068760 None corp=00541349
23:53:50 [232/474] 069260 None corp=00426086
23:53:57 [233/474] 069620 None corp=00427483
23:54:03 [234/474] 069960 None corp=00428251
23:54:09 [235/474] 071050 None corp=00432102
23:54:15 [236/474] 071320 None corp=00159698
23:54:21 [237/474] 071970 None corp=00406046
23:54:28 [238/474] 073240 None corp=00481454
23:54:34 [239/474] 074600 None corp=00468374
23:54:40 [240/474] 075580 None corp=00415628
23:54:46 [241/474] 077970 None corp=00480455
23:54:53 [242/474] 078160 None corp=00453929
23:54:59 [243/474] 078600 None corp=00177816
23:55:05 [244/474] 078930 None corp=00500254
23:55:12 [245/474] 079160 None corp=00303873
23:55:18 [246/474] 079370 None corp=00442570
23:55:25 [247/474] 079550 None corp=00503668
23:55:31 [248/474] 079900 None corp=00372129
23:55:37 [249/474] 080220 None corp=00447487
23:55:43 [250/474] 081660 None corp=00195229
23:55:49 [251/474] 082270 None corp=00492894
23:55:56 [252/474] 082740 None corp=00361008
23:56:02 [253/474] 082920 None corp=00154718
23:56:08 [254/474] 083450 None corp=00540863
23:56:14 [255/474] 083650 None corp=00409788
23:56:21 [256/474] 084370 None corp=00531014
23:56:27 [257/474] 085620 None corp=00112332
23:56:33 [258/474] 085660 None corp=00525679
23:56:39 [259/474] 086280 None corp=00360595
23:56:46 [260/474] 086450 None corp=00114808
23:56:52 [261/474] 086520 None corp=00536541
23:56:58 [262/474] 086790 None corp=00547583
23:57:05 [263/474] 086900 None corp=00580199
23:57:11 [264/474] 087010 None corp=00415868
23:57:17 [265/474] 088350 None corp=00113058
23:57:23 [266/474] 089010 None corp=00371485
23:57:29 [267/474] 089030 None corp=00535676
23:57:35 [268/474] 089970 None corp=00544577
23:57:42 [269/474] 090360 None corp=00536523
23:57:48 [270/474] 090430 None corp=00583424
23:57:54 [271/474] 090460 None corp=00447609
23:58:01 [272/474] 090710 None corp=00540429
23:58:07 [273/474] 093370 None corp=00595191
23:58:13 [274/474] 094170 None corp=00695969
23:58:19 [275/474] 095340 None corp=00572905
23:58:26 [276/474] 095610 None corp=00524421
23:58:32 [277/474] 096530 None corp=00788773
23:58:38 [278/474] 096770 None corp=00631518
23:58:45 [279/474] 097230 None corp=00633835
23:58:51 [280/474] 097950 None corp=00635134
23:58:57 [281/474] 098460 None corp=00579999
23:59:03 [282/474] 099190 None corp=00550994
23:59:10 [283/474] 099320 None corp=00449254
23:59:16 [284/474] 100090 None corp=00480367
23:59:22 [285/474] 100790 None corp=00340096
23:59:28 [286/474] 100840 None corp=00648721
23:59:34 [287/474] 101490 None corp=00411048
23:59:40 [288/474] 102710 None corp=00530185
23:59:47 [289/474] 103140 None corp=00684714
23:59:53 [290/474] 103590 None corp=00683469
00:00:00 [291/474] 104830 None corp=00623661
00:00:06 [292/474] 105560 None corp=00688996
00:00:12 [293/474] 105630 None corp=00728638
00:00:18 [294/474] 105840 None corp=00173944
00:00:25 [295/474] 108320 None corp=00525934
00:00:31 [296/474] 108490 None corp=00946030
00:00:37 [297/474] 111770 None corp=00776820
00:00:44 [298/474] 112040 None corp=00444329
00:00:50 [299/474] 112610 None corp=00670340
00:00:56 [300/474] 114090 None corp=00557508
00:01:03 [301/474] 114810 None corp=00625942
00:01:09 [302/474] 115180 None corp=01042650
00:01:15 [303/474] 117730 None corp=00867098
00:01:21 [304/474] 119850 None corp=00626464
00:01:27 [305/474] 120110 None corp=00795135
00:01:33 [306/474] 121600 None corp=00439965
00:01:40 [307/474] 122640 None corp=00530556
00:01:46 [308/474] 122870 None corp=00613318
00:01:52 [309/474] 124500 None corp=00620868
00:01:58 [310/474] 126340 None corp=00563518
00:02:04 [311/474] 127120 None corp=00642541
00:02:11 [312/474] 128940 None corp=00828497
00:02:17 [313/474] 130660 None corp=00194947
00:02:23 [314/474] 131290 None corp=00372226
00:02:30 [315/474] 131970 None corp=00563545
00:02:35 [316/474] 137400 None corp=00612294
00:02:42 [317/474] 138040 None corp=00860332
00:02:48 [318/474] 138930 None corp=00858364
00:02:54 [319/474] 139130 None corp=00878915
00:03:00 [320/474] 139480 None corp=00872984
00:03:06 [321/474] 140410 None corp=00808022
00:03:13 [322/474] 140860 None corp=00244747
00:03:19 [323/474] 141080 None corp=00842619
00:03:25 [324/474] 145020 None corp=00888347
00:03:31 [325/474] 145720 None corp=00526599
00:03:37 [326/474] 160190 None corp=00650771
00:03:43 [327/474] 161390 None corp=00937324
00:03:50 [328/474] 161580 None corp=00938721
00:03:56 [329/474] 161890 None corp=00939331
00:04:02 [330/474] 166090 None corp=00660750
00:04:08 [331/474] 171090 None corp=00327819
00:04:15 [332/474] 174900 None corp=00991191
00:04:20 [333/474] 175330 None corp=00980122
00:04:27 [334/474] 178320 None corp=00838005
00:04:33 [335/474] 178920 None corp=00767460
00:04:39 [336/474] 180640 None corp=00983040
00:04:45 [337/474] 181710 None corp=00983271
00:04:51 [338/474] 183300 None corp=00997812
00:04:57 [339/474] 185750 None corp=00992871
00:05:04 [340/474] 189300 None corp=00664181
00:05:10 [341/474] 192080 None corp=01010110
00:05:17 [342/474] 192650 None corp=00415646
00:05:23 [343/474] 192820 None corp=01009789
00:05:29 [344/474] 195870 None corp=01032413
00:05:35 [345/474] 195940 None corp=01012066
00:05:41 [346/474] 196170 None corp=00989619
00:05:48 [347/474] 200710 None corp=00657002
00:05:54 [348/474] 204270 None corp=00447575
00:06:00 [349/474] 204320 None corp=01042775
00:06:07 [350/474] 206650 None corp=00927558
00:06:13 [351/474] 207940 None corp=00877059
00:06:19 [352/474] 211050 None corp=01013694
00:06:25 [353/474] 213420 None corp=01061558
00:06:31 [354/474] 214150 None corp=01061327
00:06:37 [355/474] 214320 None corp=00565154
00:06:43 [356/474] 214370 None corp=00549891
00:06:50 [357/474] 214430 None corp=00612489
00:06:56 [358/474] 214450 None corp=00970453
00:07:02 [359/474] 215600 None corp=00919966
00:07:09 [360/474] 218410 None corp=01078178
00:07:15 [361/474] 222080 None corp=01090471
00:07:21 [362/474] 222800 None corp=01095722
00:07:27 [363/474] 225570 None corp=01096341
00:07:33 [364/474] 226950 None corp=01113718
00:07:40 [365/474] 229640 None corp=01093007
00:07:46 [366/474] 232140 None corp=01109539
00:07:52 [367/474] 237690 None corp=00871833
00:07:59 [368/474] 240810 None corp=01135941
00:08:05 [369/474] 241560 None corp=01032486
00:08:12 [370/474] 241710 None corp=00763473
00:08:18 [371/474] 247540 None corp=01160363
00:08:25 [372/474] 248070 None corp=01159233
00:08:31 [373/474] 249420 None corp=01168383
00:08:38 [374/474] 251270 None corp=00904672
00:08:44 [375/474] 251970 None corp=00761059
00:08:50 [376/474] 252990 None corp=01199727
00:08:56 [377/474] 253450 None corp=01168684
00:09:03 [378/474] 253590 None corp=01170865
00:09:09 [379/474] 257720 None corp=00982023
00:09:15 [380/474] 259960 None corp=00760971
00:09:21 [381/474] 263750 None corp=01152470
00:09:28 [382/474] 267250 None corp=01205709
00:09:34 [383/474] 267260 None corp=01205851
00:09:40 [384/474] 267270 None corp=01205842
00:09:46 [385/474] 271560 None corp=01238169
00:09:53 [386/474] 272210 None corp=00339391
00:09:59 [387/474] 272290 None corp=01237540
00:10:05 [388/474] 277810 None corp=01261644
00:10:12 [389/474] 278280 None corp=00897752
00:10:18 [390/474] 278470 None corp=01190568
00:10:24 [391/474] 280360 None corp=01258507
00:10:31 [392/474] 281740 None corp=01255652
00:10:37 [393/474] 281820 None corp=01261893
00:10:43 [394/474] 282330 None corp=01263022
00:10:49 [395/474] 285130 None corp=01267170
00:10:55 [396/474] 287840 None corp=01374443
00:11:01 [397/474] 290650 None corp=01181515
00:11:07 [398/474] 293490 None corp=01137383
00:11:14 [399/474] 294870 None corp=01310269
00:11:20 [400/474] 295310 None corp=01011368
00:11:26 [401/474] 298020 None corp=01316227
00:11:32 [402/474] 298040 None corp=01316245
00:11:38 [403/474] 298050 None corp=01316254
00:11:44 [404/474] 298380 None corp=01256864
00:11:50 [405/474] 302440 None corp=01319899
00:11:57 [406/474] 307950 None corp=00362441
00:12:03 [407/474] 310210 None corp=01327746
00:12:09 [408/474] 316140 None corp=01350869
00:12:15 [409/474] 319400 None corp=01358463
00:12:22 [410/474] 319660 None corp=01365825
00:12:28 [411/474] 322000 None corp=01199550
00:12:34 [412/474] 323280 None corp=01366000
00:12:44 [413/474] 323410 None corp=01133217
00:12:50 [414/474] 326030 None corp=00878696
00:12:56 [415/474] 328130 None corp=01397620
00:13:02 [416/474] 329180 None corp=01390344
00:13:08 [417/474] 336260 None corp=01412725
00:13:14 [418/474] 336370 None corp=01412822
00:13:20 [419/474] 336570 None corp=01407909
00:13:26 [420/474] 347700 None corp=01336762
00:13:32 [421/474] 347850 None corp=01376715
00:13:38 [422/474] 348210 None corp=01080252
00:13:44 [423/474] 348340 None corp=01336461
00:13:50 [424/474] 348370 None corp=01011526
00:13:56 [425/474] 352820 None corp=01204056
00:14:02 [426/474] 353200 None corp=01478712
00:14:09 [427/474] 356860 None corp=00920379
00:14:15 [428/474] 357780 None corp=01489648
00:14:21 [429/474] 358570 None corp=01351080
00:14:27 [430/474] 361610 None corp=01386916
00:14:33 [431/474] 365340 None corp=01274329
00:14:39 [432/474] 368770 None corp=01513440
00:14:45 [433/474] 372320 None corp=01492651
00:14:51 [434/474] 373220 None corp=01515323
00:14:57 [435/474] 375500 None corp=01524093
00:15:04 [436/474] 376300 None corp=01456011
00:15:09 [437/474] 376900 None corp=01335143
00:15:16 [438/474] 377300 None corp=01244601
00:15:22 [439/474] 383220 None corp=01568413
00:15:28 [440/474] 383310 None corp=01566248
00:15:34 [441/474] 383800 None corp=01562589
00:15:40 [442/474] 388720 None corp=01152586
00:15:46 [443/474] 389470 None corp=01516456
00:15:52 [444/474] 389650 None corp=01385050
00:15:58 [445/474] 397030 None corp=01375822
00:16:04 [446/474] 399720 None corp=01364747
00:16:10 [447/474] 402340 None corp=01596425
00:16:17 [448/474] 403870 None corp=01288827
00:16:23 [449/474] 417200 None corp=01528141
00:16:29 [450/474] 420770 None corp=00765569
00:16:35 [451/474] 425420 None corp=01035368
00:16:41 [452/474] 437730 None corp=00262266
00:16:47 [453/474] 440110 None corp=01292291
00:16:53 [454/474] 443060 None corp=01194689
00:17:00 [455/474] 445680 None corp=01498974
00:17:06 [456/474] 450080 None corp=01311408
00:17:12 [457/474] 454910 None corp=01105153
00:17:18 [458/474] 455900 None corp=01592049
00:17:24 [459/474] 456040 None corp=01760738
00:17:30 [460/474] 456160 None corp=01577952
00:17:36 [461/474] 457190 None corp=01762569
00:17:42 [462/474] 458870 None corp=01514227
00:17:48 [463/474] 460930 None corp=00667373
00:17:55 [464/474] 466100 None corp=01784914
00:18:01 [465/474] 475150 None corp=01817081
00:18:07 [466/474] 475830 None corp=01658831
00:18:13 [467/474] 475960 None corp=01573336
00:18:19 [468/474] 476060 None corp=01632912
00:18:25 [469/474] 476830 None corp=01596920
00:18:31 [470/474] 483650 None corp=01649204
00:18:37 [471/474] 484870 None corp=01519790
00:18:43 [472/474] 489790 None corp=01867758
00:18:50 [473/474] 499790 None corp=01882845
00:18:56 [474/474] 950160 None corp=01245062
00:19:02 [OK] saved: data\processed\fundamentals_quarterly__asof=2026-02-18__src=dart__fs=CFS__y=2016-2025__v=1.parquet rows=3144 tickers_ok=474 skipped=0 err=0
00:19:02 [CHECK] null ratios:
00:19:02   - Revenue: 0.000
00:19:02   - OpIncome: 0.002
00:19:02   - NetIncome: 0.005
00:19:02   - CFO: 0.288
00:19:02   - CAPEX: 0.036
00:19:02   - Assets: 0.003
00:19:02   - Equity: 0.003
