06:51:17 [INFO] year range 2016..2025
06:51:17 [INFO] mode=universe metric=revenue_op merge_existing=False
06:51:17 [INFO] primary fs_div=CFS (fallback enabled)
06:51:17 [INFO] universe=data\processed\universe__asof=2025-11-16__metric=revenue_op__v=1.csv rows=456
06:51:17 [INFO] input tickers rows=456 mode=universe
06:51:17 [INFO] corp_codes rows=3915
06:51:17 [CHECK] corp_code missing ratio=0.000
06:51:17 [INFO] corp_code usable rows: 456 -> 456
06:51:17 [INFO] existing fundamentals rows=10363 from data\processed\fundamentals_quarterly__asof=2025-11-16__src=dart__fs=CFS__y=2016-2025__v=1.parquet
06:51:18 [1/456] 005930 삼성전자 corp=00126380
06:51:33 [2/456] 000660 SK하이닉스 corp=00164779
06:51:48 [3/456] 005380 현대자동차 corp=00164742
06:52:04 [4/456] 373220 LG에너지솔루션 corp=01515323
06:52:20 [5/456] 402340 SK스퀘어 corp=01596425
06:52:37 [6/456] 105560 KB금융 corp=00688996
06:52:54 [7/456] 000270 기아 corp=00106641
06:53:09 [8/456] 034020 두산에너빌리티 corp=00159616
06:53:25 [9/456] 028260 삼성물산 corp=00149655
06:53:41 [10/456] 068270 셀트리온 corp=00413046
06:53:56 [11/456] 055550 신한지주 corp=00382199
06:54:13 [12/456] 012450 한화에어로스페이스 corp=00126566
06:54:29 [13/456] 329180 HD현대중공업 corp=01390344
06:54:45 [14/456] 006800 미래에셋증권 corp=00111722
06:55:02 [15/456] 032830 삼성생명 corp=00126256
06:55:19 [16/456] 012330 현대모비스 corp=00164788
06:55:34 [17/456] 035420 NAVER corp=00266961
06:55:50 [18/456] 042660 한화오션 corp=00111704
06:56:05 [19/456] 015760 한국전력공사 corp=00159193
06:56:21 [20/456] 086790 하나금융지주 corp=00547583
06:56:38 [21/456] 010130 고려아연 corp=00102858
06:56:54 [22/456] 267260 HD현대일렉트릭 corp=01205851
06:57:09 [23/456] 005490 POSCO홀딩스 corp=00155319
06:57:25 [24/456] 316140 우리금융지주 corp=01350869
06:57:42 [25/456] 009540 HD한국조선해양 corp=00164830
06:57:57 [26/456] 000810 삼성화재해상보험 corp=00139214
06:58:15 [27/456] 138040 메리츠금융지주 corp=00860332
06:58:32 [28/456] 006400 삼성SDI corp=00126362
06:58:47 [29/456] 034730 SK corp=00181712
06:59:03 [30/456] 035720 카카오 corp=00258801
06:59:19 [31/456] 010140 삼성중공업 corp=00126478
06:59:34 [32/456] 009150 삼성전기 corp=00126371
06:59:49 [33/456] 051910 LG화학 corp=00356361
07:00:05 [34/456] 298040 효성중공업 corp=01316245
07:00:21 [35/456] 064350 현대로템 corp=00302926
07:00:38 [36/456] 033780 케이티앤지 corp=00244455
07:00:54 [37/456] 066570 LG전자 corp=00401731
07:01:11 [38/456] 024110 기업은행 corp=00149646
07:01:28 [39/456] 196170 알테오젠 corp=00989619
07:01:59 [WARN] finstate_all corp=00989619 year=2022 reprt=11014 fs=CFS try=1/4 err=ConnectTimeout: HTTPSConnectionPool(host='opendart.fss.or.kr', port=443): Max retries exceeded with url: /api/fnlttSinglAcntAll.json?crtfc_key=75a12698fc0c7458be36a673011d7c3479f890ed&corp_code=00989619&bsns_year=2022&reprt_code=11014&fs_div=CFS (Caused by ConnectTimeoutError(<HTTPSConnection(host='opendart.fss.or.kr', port=443) at 0x1b79139d130>, 'Connection to opendart.fss.or.kr timed out. (connect timeout=None)'))
07:02:06 [40/456] 267250 HD현대 corp=01205709
07:02:22 [41/456] 000150 두산 corp=00117212
07:02:38 [42/456] 086520 에코프로 corp=00536541
07:02:54 [43/456] 010120 엘에스일렉트릭 corp=00105855
07:03:11 [44/456] 042700 한미반도체 corp=00161383
07:03:26 [45/456] 272210 한화시스템 corp=00339391
07:03:42 [46/456] 247540 에코프로비엠 corp=01160363
07:03:59 [47/456] 086280 현대글로비스 corp=00360595
07:04:15 [48/456] 011200 HMM corp=00164645
07:04:31 [49/456] 017670 SK텔레콤 corp=00159023
07:04:46 [50/456] 003670 포스코퓨처엠 corp=00155276
07:05:02 [51/456] 047810 한국항공우주 corp=00309503
07:05:17 [52/456] 096770 SK이노베이션 corp=00631518
07:05:33 [53/456] 030200 케이티 corp=00190321
07:05:49 [54/456] 352820 하이브 corp=01204056
07:06:06 [55/456] 003550 LG corp=00120021
07:06:22 [56/456] 071050 한국금융지주 corp=00432102
07:06:39 [57/456] 039490 키움증권 corp=00296290
07:06:56 [58/456] 018260 삼성에스디에스 corp=00126186
07:07:11 [59/456] 323410 카카오뱅크 corp=01133217
07:07:29 [60/456] 277810 레인보우로보틱스 corp=01261644
07:07:45 [61/456] 005830 DB손해보험 corp=00159102
07:08:02 [62/456] 000720 현대건설 corp=00164478
07:08:18 [63/456] 000250 삼천당제약 corp=00128546
07:08:34 [64/456] 259960 크래프톤 corp=00760971
07:08:51 [65/456] 307950 현대오토에버 corp=00362441
07:09:06 [66/456] 010950 S-Oil corp=00138279
07:09:22 [67/456] 047050 포스코인터내셔널 corp=00124504
07:09:38 [68/456] 000880 한화 corp=00160588
07:09:54 [69/456] 278470 에이피알 corp=01190568
07:10:10 [70/456] 079550 LIG넥스원 corp=00503668
07:10:26 [71/456] 005940 NH투자증권 corp=00120182
07:10:43 [72/456] 090430 아모레퍼시픽 corp=00583424
07:10:59 [73/456] 003490 대한항공 corp=00113526
07:11:15 [74/456] 180640 한진칼 corp=00983040
07:11:31 [75/456] 016360 삼성증권 corp=00104856
07:11:48 [76/456] 003230 삼양식품 corp=00126955
07:12:03 [77/456] 161390 한국타이어앤테크놀로지 corp=00937324
07:12:18 [78/456] 298380 에이비엘바이오 corp=01256864
07:12:36 [79/456] 000100 유한양행 corp=00145109
07:12:52 [80/456] 326030 에스케이바이오팜 corp=00878696
07:13:08 [81/456] 377300 카카오페이 corp=01244601
07:13:25 [82/456] 006260 LS corp=00105952
07:13:41 [83/456] 009830 한화솔루션 corp=00162461
07:13:57 [84/456] 128940 한미약품 corp=00828497
07:14:12 [85/456] 443060 HD현대마린솔루션 corp=01194689
07:14:29 [86/456] 032640 LG유플러스 corp=00231363
07:14:45 [87/456] 029780 삼성카드 corp=00126292
07:15:01 [88/456] 138930 BNK금융지주 corp=00858364
07:15:18 [89/456] 175330 JB금융지주 corp=00980122
07:15:35 [90/456] 028300 HLB corp=00199252
07:15:52 [91/456] 001040 CJ corp=00148540
07:16:08 [92/456] 028050 삼성E&A corp=00126308
07:16:24 [93/456] 021240 코웨이 corp=00170558
07:16:39 [94/456] 078930 GS corp=00500254
07:16:55 [95/456] 214370 케어젠 corp=00549891
07:17:11 [96/456] 454910 두산로보틱스 corp=01105153
07:17:28 [97/456] 241560 두산밥캣 corp=01032486
07:18:12 [98/456] 141080 리가켐바이오 corp=00842619
07:18:29 [99/456] 007660 이수페타시스 corp=00107613
07:18:44 [100/456] 064400 LG씨엔에스 corp=00139834
07:19:01 [101/456] 001440 대한전선 corp=00113207
07:19:17 [102/456] 022100 포스코DX corp=00155212
07:19:33 [103/456] 034220 LG디스플레이 corp=00105873
07:19:49 [104/456] 011070 LG이노텍 corp=00105961
07:20:04 [105/456] 087010 펩트론 corp=00415868
07:20:24 [106/456] 052690 한전기술 corp=00159209
07:20:41 [107/456] 271560 오리온 corp=01238169
07:20:56 [108/456] 240810 원익IPS corp=01135941
07:21:12 [109/456] 002380 케이씨씨 corp=00105271
07:21:29 [110/456] 251270 넷마블 corp=00904672
07:21:44 [111/456] 036570 엔씨소프트 corp=00261443
07:22:01 [112/456] 450080 에코프로머티 corp=01311408
07:22:19 [113/456] 082740 한화엔진 corp=00361008
07:22:35 [114/456] 039030 이오테크닉스 corp=00246417
07:22:50 [115/456] 004020 현대제철 corp=00145880
07:23:05 [116/456] 062040 산일전기 corp=00366438
07:23:23 [117/456] 011780 금호석유화학 corp=00106368
07:23:38 [118/456] 140410 메지온 corp=00808022
07:23:53 [119/456] 051900 LG생활건강 corp=00356370
07:24:09 [120/456] 088350 한화생명 corp=00113058
07:24:26 [121/456] 214150 클래시스 corp=01061327
07:24:42 [122/456] 000990 DB하이텍 corp=00160843
07:24:58 [123/456] 066970 엘앤에프 corp=00398701
07:25:14 [124/456] 011790 SKC corp=00139889
07:25:31 [125/456] 017800 현대엘리베이터 corp=00164724
07:25:46 [126/456] 035250 강원랜드 corp=00255619
07:26:02 [127/456] 111770 영원무역 corp=00776820
07:26:18 [128/456] 310210 보로노이 corp=01327746
07:26:37 [129/456] 036460 한국가스공사 corp=00261285
07:26:53 [130/456] 302440 SK바이오사이언스 corp=01319899
07:27:10 [131/456] 004990 롯데지주 corp=00120562
07:27:26 [132/456] 001720 신영증권 corp=00136721
07:27:43 [133/456] 214450 파마리서치 corp=00970453
07:27:59 [134/456] 095340 ISC corp=00572905
07:28:14 [135/456] 004170 신세계 corp=00136378
07:28:30 [136/456] 108490 로보티즈 corp=00946030
07:28:46 [137/456] 403870 HPSP corp=01288827
07:29:04 [138/456] 139130 iM금융지주 corp=00878915
07:29:20 [139/456] 012750 에스원 corp=00158501
07:29:36 [140/456] 011170 롯데케미칼 corp=00165413
07:29:52 [141/456] 014680 한솔케미칼 corp=00140955
07:30:08 [142/456] 103590 일진전기 corp=00683469
07:30:25 [143/456] 097950 CJ제일제당 corp=00635134
07:30:41 [144/456] 319400 현대무벡스 corp=01358463
07:30:57 [145/456] 263750 펄어비스 corp=01152470
07:31:14 [146/456] 023530 롯데쇼핑 corp=00120526
07:31:30 [147/456] 000120 CJ대한통운 corp=00113410
07:31:46 [148/456] 145020 휴젤 corp=00888347
07:32:02 [149/456] 081660 미스토홀딩스 corp=00195229
07:32:27 [150/456] 009970 영원무역홀딩스 corp=00140964
07:32:57 [151/456] 001450 현대해상 corp=00164973
07:33:35 [152/456] 139480 이마트 corp=00872984
07:33:56 [153/456] 357780 솔브레인 corp=01489648
07:34:12 [154/456] 489790 한화비전 corp=01867758
07:34:29 [155/456] 103140 풍산 corp=00684714
07:34:46 [156/456] 047040 대우건설 corp=00124540
07:35:07 [157/456] 018880 한온시스템 corp=00161125
07:35:27 [158/456] 457190 이수스페셜티케미컬 corp=01762569
07:35:47 [159/456] 068760 셀트리온제약 corp=00541349
07:36:13 [160/456] 058610 에스피지 corp=00220686
07:36:31 [161/456] 237690 에스티팜 corp=00871833
07:36:48 [162/456] 000240 한국앤컴퍼니 corp=00160047
07:37:05 [163/456] 010060 OCI홀딩스 corp=00148896
07:37:22 [164/456] 026960 동서 corp=00144395
07:37:40 [165/456] 009420 한올바이오파마 corp=00162586
07:37:57 [166/456] 008930 한미사이언스 corp=00161426
07:38:14 [167/456] 353200 대덕전자 corp=01478712
07:38:31 [168/456] 002790 아모레퍼시픽홀딩스 corp=00154462
07:38:50 [169/456] 071970 HD현대마린엔진 corp=00406046
07:39:06 [170/456] 004370 농심 corp=00108241
07:39:23 [171/456] 204320 HL만도 corp=01042775
07:39:39 [172/456] 041510 에스엠 corp=00260930
07:39:56 [173/456] 028670 팬오션 corp=00122737
07:40:12 [174/456] 030530 원익홀딩스 corp=00216647
07:40:29 [175/456] 004800 효성 corp=00117188
07:40:46 [176/456] 012510 더존비즈온 corp=00172291
07:41:02 [177/456] 383220 F&F corp=01568413
07:41:19 [178/456] 001430 세아베스틸지주 corp=00106669
07:41:35 [179/456] 005290 동진쎄미켐 corp=00118804
07:41:51 [180/456] 003690 코리안리 corp=00113191
07:42:10 [181/456] 051600 한전KPS corp=00159218
07:42:28 [182/456] 257720 실리콘투 corp=00982023
07:42:46 [183/456] 267270 HD건설기계 corp=01205842
07:43:03 [184/456] 440110 파두 corp=01292291
07:43:20 [185/456] 084370 유진테크 corp=00531014
07:43:36 [186/456] 030000 제일기획 corp=00148276
07:43:54 [187/456] 035900 JYP Ent. corp=00258689
07:44:12 [188/456] 023590 다우기술 corp=00176914
07:44:30 [189/456] 069960 현대백화점 corp=00428251
07:44:46 [190/456] 005850 에스엘 corp=00125521
07:45:06 [191/456] 036930 주성엔지니어링 corp=00252135
07:45:23 [192/456] 282330 BGF리테일 corp=01263022
07:45:41 [193/456] 064760 티씨케이 corp=00245472
07:46:03 [194/456] 226950 올릭스 corp=01113718
07:46:21 [195/456] 083650 비에이치아이 corp=00409788
07:46:37 [196/456] 336260 두산퓨얼셀 corp=01412725
07:46:55 [197/456] 192820 코스맥스 corp=01009789
07:47:12 [198/456] 011210 현대위아 corp=00106623
07:47:28 [199/456] 005440 현대지에프홀딩스 corp=00105280
07:47:44 [200/456] 067310 하나마이크론 corp=00445054
07:48:00 [201/456] 290650 엘앤씨바이오 corp=01181515
07:48:17 [202/456] 018670 SK가스 corp=00144164
07:48:33 [203/456] 098460 고영 corp=00579999
07:48:48 [204/456] 475830 오름테라퓨틱 corp=01658831
07:49:05 [205/456] 375500 DL이앤씨 corp=01524093
07:49:22 [206/456] 003540 대신증권 corp=00110893
07:49:40 [207/456] 099320 쎄트렉아이 corp=00449254
07:49:55 [208/456] 458870 씨어스테크놀로지 corp=01514227
07:50:13 [209/456] 178320 서진시스템 corp=00838005
07:50:33 [210/456] 006280 녹십자 corp=00129679
07:50:50 [211/456] 073240 금호타이어 corp=00481454
07:51:08 [212/456] 065350 신성델타테크 corp=00136226
07:51:24 [213/456] 097230 HJ중공업 corp=00633835
07:51:40 [214/456] 483650 달바글로벌 corp=01649204
07:51:58 [215/456] 032820 우리기술 corp=00231044
07:52:15 [216/456] 069620 대웅제약 corp=00427483
07:52:31 [217/456] 020150 롯데에너지머티리얼즈 corp=00113997
07:52:48 [218/456] 160190 하이젠알앤엠 corp=00650771
07:53:07 [219/456] 007340 DN오토모티브 corp=00116949
07:53:23 [220/456] 039200 오스코텍 corp=00263654
07:53:40 [221/456] 101490 에스앤에스텍 corp=00411048
07:53:59 [222/456] 032350 롯데관광개발 corp=00231372
07:54:16 [223/456] 008770 호텔신라 corp=00165680
07:54:32 [224/456] 034230 파라다이스 corp=00171265
07:54:50 [225/456] 006360 GS건설 corp=00120030
07:55:07 [226/456] 007070 GS리테일 corp=00140177
07:55:24 [227/456] 323280 태성 corp=01366000
07:55:43 [228/456] 361610 SK아이이테크놀로지 corp=01386916
07:56:01 [229/456] 003570 SNT다이내믹스 corp=00134477
07:56:17 [230/456] 445680 큐리옥스바이오시스템즈 corp=01498974
07:56:37 [231/456] 017960 한국카본 corp=00159795
07:56:53 [232/456] 112610 씨에스윈드 corp=00670340
07:57:09 [233/456] 140860 파크시스템스 corp=00244747
07:57:24 [234/456] 001120 LX인터내셔널 corp=00120076
07:57:40 [235/456] 298020 효성티앤씨 corp=01316227
07:57:56 [236/456] 120110 코오롱인더 corp=00795135
07:58:12 [237/456] 005070 코스모신소재 corp=00129989
07:58:32 [238/456] 161890 한국콜마 corp=00939331
07:58:48 [239/456] 003380 하림지주 corp=00148364
07:59:03 [240/456] 319660 피에스케이 corp=01365825
07:59:19 [241/456] 082270 젬백스 corp=00492894
07:59:35 [242/456] 232140 와이씨 corp=01109539
07:59:51 [243/456] 437730 삼현 corp=00262266
08:00:10 [244/456] 035760 CJ ENM corp=00265324
08:00:27 [245/456] 466100 클로봇 corp=01784914
08:00:47 [246/456] 085620 미래에셋생명 corp=00112332
08:01:05 [247/456] 007310 오뚜기 corp=00141529
08:01:23 [248/456] 222800 심텍 corp=01095722
08:01:41 [249/456] 006040 동원산업 corp=00118026
08:01:58 [250/456] 030610 교보증권 corp=00113359
08:02:16 [251/456] 348370 엔켐 corp=01011526
08:02:36 [252/456] 031980 피에스케이홀딩스 corp=00208444
08:02:53 [253/456] 003530 한화투자증권 corp=00148610
08:03:12 [254/456] 080220 제주반도체 corp=00447487
08:03:28 [255/456] 281740 레이크머티리얼즈 corp=01255652
08:03:45 [256/456] 089030 테크윙 corp=00535676
08:04:02 [257/456] 003090 대웅 corp=00111810
08:04:18 [258/456] 001800 오리온홀딩스 corp=00117577
08:04:36 [259/456] 294870 HDC현대산업개발 corp=01310269
08:04:53 [260/456] 007390 네이처셀 corp=00117276
08:05:13 [261/456] 090710 휴림로봇 corp=00540429
08:05:30 [262/456] 195940 HK이노엔 corp=01012066
08:05:49 [263/456] 058470 리노공업 corp=00369657
08:06:09 [264/456] 397030 에이프릴바이오 corp=01375822
08:06:31 [265/456] 096530 씨젠 corp=00788773
08:06:49 [266/456] 253450 스튜디오드래곤 corp=01168684
08:07:10 [267/456] 950160 코오롱티슈진 corp=01245062
08:07:33 [268/456] 056080 유진로봇 corp=00234227
08:07:52 [269/456] 005300 롯데칠성음료 corp=00120571
08:08:08 [270/456] 007810 코리아써키트 corp=00152686
08:08:25 [271/456] 388720 유일로보틱스 corp=01152586
08:08:44 [272/456] 122870 와이지엔터테인먼트 corp=00613318
08:09:01 [273/456] 012630 HDC corp=00164636
08:09:20 [274/456] 229640 LS에코에너지 corp=01093007
08:09:36 [275/456] 078600 대주전자재료 corp=00177816
08:09:52 [276/456] 189300 인텔리안테크 corp=00664181
08:10:08 [277/456] 218410 RFHIC corp=01078178
08:10:27 [278/456] 043260 성호전자 corp=00317210
08:10:45 [279/456] 095610 테스 corp=00524421
08:11:01 [280/456] 499790 GS피앤엘 corp=01882845
08:11:19 [281/456] 000080 하이트진로 corp=00150244
08:11:36 [282/456] 484870 엠앤씨솔루션 corp=01519790
08:11:55 [283/456] 293490 카카오게임즈 corp=01137383
08:12:12 [284/456] 181710 NHN corp=00983271
08:12:29 [285/456] 100790 미래에셋벤처투자 corp=00340096
08:12:50 [286/456] 004000 롯데정밀화학 corp=00157681
08:13:09 [287/456] 204270 제이앤티씨 corp=00447575
08:13:28 [288/456] 280360 롯데웰푸드 corp=01258507
08:13:44 [289/456] 185750 종근당 corp=00992871
08:14:01 [290/456] 003240 태광산업 corp=00153393
08:14:18 [291/456] 137400 피엔티 corp=00612294
08:14:36 [292/456] 131970 두산테스나 corp=00563545
08:14:54 [293/456] 328130 루닛 corp=01397620
08:15:12 [294/456] 115180 큐리언트 corp=01042650
08:15:30 [295/456] 166090 하나머티리얼즈 corp=00660750
08:15:49 [296/456] 036540 SFA반도체 corp=00301246
08:16:06 [297/456] 006120 SK디스커버리 corp=00131832
08:16:22 [298/456] 192080 더블유게임즈 corp=01010110
08:16:38 [299/456] 298050 HS효성첨단소재 corp=01316254
08:16:56 [300/456] 085660 차바이오텍 corp=00525679
08:17:13 [301/456] 006730 서부T&D corp=00130383
08:17:31 [302/456] 009240 한샘 corp=00161693
08:17:46 [303/456] 124500 아이티센글로벌 corp=00620868
08:18:04 [304/456] 183300 코미코 corp=00997812
08:18:21 [305/456] 161580 필옵틱스 corp=00938721
08:18:37 [306/456] 056190 에스에프에이 corp=00358271
08:18:53 [307/456] 285130 SK케미칼 corp=01267170
08:19:09 [308/456] 417200 LS머트리얼즈 corp=01528141
08:19:26 [309/456] 006650 대한유화 corp=00260383
08:19:41 [310/456] 241710 코스메카코리아 corp=00763473
08:19:57 [311/456] 100090 SK오션플랜트 corp=00480367
08:20:13 [312/456] 071320 지역난방공사 corp=00159698
08:20:29 [313/456] 036530 SNT홀딩스 corp=00225159
08:20:45 [314/456] 030190 NICE평가정보 corp=00158325
08:21:03 [315/456] 036830 솔브레인홀딩스 corp=00247975
08:21:19 [316/456] 213420 덕산네오룩스 corp=01061558
08:21:38 [317/456] 000210 DL corp=00109693
08:21:54 [318/456] 174900 앱클론 corp=00991191
08:22:16 [319/456] 032190 다우데이타 corp=00238782
08:22:34 [320/456] 075580 세진중공업 corp=00415628
08:22:52 [321/456] 295310 에이치브이엠 corp=01011368
08:23:11 [322/456] 003160 디아이 corp=00118275
08:23:27 [323/456] 249420 일동제약 corp=01168383
08:23:44 [324/456] 086900 메디톡스 corp=00580199
08:24:01 [325/456] 003470 유안타증권 corp=00117601
08:24:19 [326/456] 376300 디어유 corp=01456011
08:24:39 [327/456] 195870 해성디에스 corp=01032413
08:24:56 [328/456] 079160 CJ CGV corp=00303873
08:25:13 [329/456] 009450 경동나비엔 corp=00101488
08:25:31 [330/456] 347700 스피어 corp=01336762
08:25:52 [331/456] 005690 파미셀 corp=00145163
08:26:11 [332/456] 100840 SNT에너지 corp=00648721
08:26:30 [333/456] 475150 SK이터닉스 corp=01817081
08:26:54 [334/456] 131290 티에스이 corp=00372226
08:27:11 [335/456] 281820 케이씨텍 corp=01261893
08:27:34 [336/456] 014620 성광벤드 corp=00132318
08:27:50 [337/456] 057050 현대홈쇼핑 corp=00412597
08:28:05 [338/456] 171090 선익시스템 corp=00327819
08:28:22 [339/456] 060370 LS마린솔루션 corp=00225742
08:28:42 [340/456] 222080 씨아이에스 corp=01090471
08:28:59 [341/456] 112040 위메이드 corp=00444329
08:29:17 [342/456] 033240 자화전자 corp=00146861
08:29:36 [343/456] 036810 에프에스티 corp=00223434
08:30:13 [344/456] 064960 SNT모티브 corp=00398792
08:30:32 [345/456] 322000 HD현대에너지솔루션 corp=01199550
08:30:54 [346/456] 108320 LX세미콘 corp=00525934
08:31:13 [347/456] 052400 코나아이 corp=00349732
08:31:31 [348/456] 002350 넥센타이어 corp=00173874
08:31:48 [349/456] 248070 솔루엠 corp=01159233
08:32:09 [350/456] 000370 한화손해보험 corp=00135917
08:32:34 [351/456] 347850 디앤디파마텍 corp=01376715
08:32:53 [352/456] 000500 가온전선 corp=00104768
08:33:15 [353/456] 348340 뉴로메카 corp=01336461
08:33:35 [354/456] 089970 브이엠 corp=00544577
08:33:56 [355/456] 093370 후성 corp=00595191
08:34:12 [356/456] 121600 나노신소재 corp=00439965
08:34:31 [357/456] 060250 NHN KCP corp=00357740
08:34:52 [358/456] 005180 빙그레 corp=00124726
08:35:08 [359/456] 102710 이엔에프테크놀로지 corp=00530185
08:35:25 [360/456] 033100 제룡전기 corp=00185356
08:35:46 [361/456] 042000 카페24 corp=00260879
08:36:02 [362/456] 114090 GKL corp=00557508
08:36:21 [363/456] 214430 아이쓰리시스템 corp=00612489
08:36:40 [364/456] 003850 보령 corp=00123143
08:36:57 [365/456] 009520 포스코엠텍 corp=00128111
08:37:16 [366/456] 214320 이노션 corp=00565154
08:37:31 [367/456] 039130 하나투어 corp=00269940
08:37:47 [368/456] 069260 티케이지휴켐스 corp=00426086
08:38:04 [369/456] 001060 JW중외제약 corp=00149947
08:38:20 [370/456] 001680 대상 corp=00121941
08:38:36 [371/456] 001270 부국증권 corp=00123772
08:38:53 [372/456] 086450 동국제약 corp=00114808
08:39:09 [373/456] 002020 코오롱 corp=00152862
08:39:27 [374/456] 225570 넥슨게임즈 corp=01096341
08:39:45 [375/456] 067160 SOOP corp=00399694
08:40:01 [376/456] 348210 넥스틴 corp=01080252
08:40:18 [377/456] 389470 인벤티지랩 corp=01516456
08:40:35 [378/456] 456040 OCI corp=01760738
08:40:53 [379/456] 023160 태광 corp=00153375
08:41:10 [380/456] 272290 이녹스첨단소재 corp=01237540
08:41:26 [381/456] 074600 원익QnC corp=00468374
08:41:53 [WARN] finstate_all corp=00468374 year=2019 reprt=11011 fs=CFS try=1/4 err=ConnectTimeout: HTTPSConnectionPool(host='opendart.fss.or.kr', port=443): Max retries exceeded with url: /api/fnlttSinglAcntAll.json?crtfc_key=75a12698fc0c7458be36a673011d7c3479f890ed&corp_code=00468374&bsns_year=2019&reprt_code=11011&fs_div=CFS (Caused by ConnectTimeoutError(<HTTPSConnection(host='opendart.fss.or.kr', port=443) at 0x1b7919bf320>, 'Connection to opendart.fss.or.kr timed out. (connect timeout=None)'))
08:42:04 [382/456] 399720 가온칩스 corp=01364747
08:42:21 [383/456] 025980 아난티 corp=00161781
08:42:37 [384/456] 090360 로보스타 corp=00536523
08:42:52 [385/456] 078160 메디포스트 corp=00453929
08:43:08 [386/456] 077970 STX엔진 corp=00480455
08:43:24 [387/456] 053800 안랩 corp=00298270
08:43:39 [388/456] 420770 기가비스 corp=00765569
08:43:57 [389/456] 383310 에코프로에이치엔 corp=01566248
08:44:14 [390/456] 127120 제이에스링크 corp=00642541
08:44:30 [391/456] 211050 인카금융서비스 corp=01013694
08:44:47 [392/456] 090460 비에이치 corp=00447609
08:45:03 [393/456] 060280 큐렉소 corp=00356802
08:45:22 [394/456] 018290 브이티 corp=00150165
08:45:38 [395/456] 251970 펌텍코리아 corp=00761059
08:45:54 [396/456] 336570 원텍 corp=01407909
08:46:11 [397/456] 253590 네오셈 corp=01170865
08:46:27 [398/456] 287840 인투셀 corp=01374443
08:46:45 [399/456] 372320 큐로셀 corp=01492651
08:47:03 [400/456] 099190 아이센스 corp=00550994
08:47:19 [401/456] 005880 대한해운 corp=00113535
08:47:35 [402/456] 383800 LX홀딩스 corp=01562589
08:47:52 [403/456] 475960 토모큐브 corp=01573336
08:48:10 [404/456] 126340 비나텍 corp=00563518
08:48:26 [405/456] 252990 샘씨엔에스 corp=01199727
08:48:44 [406/456] 041190 우리기술투자 corp=00231664
08:49:01 [407/456] 358570 지아이이노베이션 corp=01351080
08:49:20 [408/456] 016610 DB증권 corp=00115694
08:49:37 [409/456] 044490 태웅 corp=00186799
08:49:56 [410/456] 005420 코스모화학 corp=00160302
08:50:15 [411/456] 015750 성우하이텍 corp=00132992
08:50:31 [412/456] 336370 솔루스첨단소재 corp=01412822
08:50:47 [413/456] 004690 삼천리 corp=00128555
08:51:03 [414/456] 036620 감성코퍼레이션 corp=00261009
08:51:21 [415/456] 025320 시노펙스 corp=00203023
08:51:37 [416/456] 053610 프로텍 corp=00325112
08:51:53 [417/456] 119850 지엔씨에너지 corp=00626464
08:52:10 [418/456] 460930 현대힘스 corp=00667373
08:52:27 [419/456] 178920 PI첨단소재 corp=00767460
08:52:46 [420/456] 094170 동운아나텍 corp=00695969
08:53:05 [421/456] 064260 다날 corp=00389970
08:53:23 [422/456] 389650 넥스트바이오메디컬 corp=01385050
08:53:41 [423/456] 042520 한스바이오메드 corp=00349060
08:53:57 [424/456] 001510 SK증권 corp=00131850
08:54:14 [425/456] 192650 드림텍 corp=00415646
08:54:30 [426/456] 104830 원익머트리얼즈 corp=00623661
08:54:46 [427/456] 050890 쏠리드 corp=00364403
08:55:02 [428/456] 030520 한글과컴퓨터 corp=00204262
08:55:18 [429/456] 039440 에스티아이 corp=00298340
08:55:34 [430/456] 145720 덴티움 corp=00526599
08:55:50 [431/456] 059090 미코 corp=00366942
08:56:07 [432/456] 356860 티엘비 corp=00920379
08:56:23 [433/456] 114810 한솔아이원스 corp=00625942
08:56:40 [434/456] 083450 GST corp=00540863
08:56:56 [435/456] 455900 엔젤로보틱스 corp=01592049
08:57:13 [436/456] 105840 우진 corp=00173944
08:57:29 [437/456] 200710 에이디테크놀로지 corp=00657002
08:57:45 [438/456] 079370 제우스 corp=00442570
08:58:01 [439/456] 045100 한양이엔지 corp=00216762
08:58:17 [440/456] 278280 천보 corp=00897752
08:58:33 [441/456] 105630 한세실업 corp=00728638
08:58:48 [442/456] 006220 제주은행 corp=00148832
08:59:06 [443/456] 425420 티에프이 corp=01035368
08:59:23 [444/456] 089010 켐트로닉스 corp=00371485
08:59:39 [445/456] 215600 신라젠 corp=00919966
08:59:55 [446/456] 376900 로킷헬스케어 corp=01335143
09:00:14 [447/456] 206650 유바이오로직스 corp=00927558
09:00:33 [448/456] 368770 파이버프로 corp=01513440
09:00:50 [449/456] 048410 현대바이오 corp=00313649
09:01:07 [450/456] 011930 신성이엔지 corp=00136271
09:01:24 [451/456] 122640 예스티 corp=00530556
09:01:41 [452/456] 082920 비츠로셀 corp=00154718
09:01:57 [453/456] 117730 티로보틱스 corp=00867098
09:02:13 [454/456] 001500 현대차증권 corp=00137997
09:02:31 [455/456] 476060 온코닉테라퓨틱스 corp=01632912
09:02:49 [456/456] 456160 지투지바이오 corp=01577952
09:03:07 [OK] saved: data\processed\fundamentals_quarterly__asof=2025-11-16__src=dart__fs=CFS__y=2016-2025__v=1.parquet rows=14717 new_rows=14717 tickers_ok=456 skipped=0 err=0
09:03:07 [CHECK] quarter coverage:
09:03:07   - (2016, 1): 284
09:03:07   - (2016, 2): 288
09:03:07   - (2016, 3): 290
09:03:07   - (2016, 4): 298
09:03:07   - (2017, 1): 300
09:03:07   - (2017, 2): 309
09:03:07   - (2017, 3): 313
09:03:07   - (2017, 4): 322
09:03:07   - (2018, 1): 321
09:03:07   - (2018, 2): 325
09:03:07   - (2018, 3): 327
09:03:07   - (2018, 4): 336
09:03:07   - (2019, 1): 336
09:03:07   - (2019, 2): 339
09:03:07   - (2019, 3): 339
09:03:07   - (2019, 4): 346
09:03:07   - (2020, 1): 346
09:03:07   - (2020, 2): 348
09:03:07   - (2020, 3): 352
09:03:07   - (2020, 4): 361
09:03:07   - (2021, 1): 362
09:03:07   - (2021, 2): 368
09:03:07   - (2021, 3): 370
09:03:07   - (2021, 4): 375
09:03:07   - (2022, 1): 377
09:03:07   - (2022, 2): 381
09:03:07   - (2022, 3): 383
09:03:07   - (2022, 4): 388
09:03:07   - (2023, 1): 388
09:03:07   - (2023, 2): 392
09:03:07   - (2023, 3): 433
09:03:07   - (2023, 4): 437
09:03:07   - (2024, 1): 439
09:03:07   - (2024, 2): 445
09:03:07   - (2024, 3): 450
09:03:07   - (2024, 4): 456
09:03:07   - (2025, 1): 456
09:03:07   - (2025, 2): 456
09:03:07   - (2025, 3): 456
09:03:07   - (2025, 4): 425
