00:10:04 [INFO] year range 2022..2025
00:10:04 [INFO] mode=missing_only metric=revenue_op merge_existing=True
00:10:04 [INFO] primary fs_div=CFS (fallback enabled)
00:10:04 [INFO] explicit tickers rows=2
00:10:04 [INFO] explicit tickers provided -> restrict mode enabled
00:10:04 [INFO] corp_codes rows=3914
00:10:04 [CHECK] corp_code missing ratio=0.000
00:10:04 [INFO] corp_code usable rows: 2 -> 2
00:10:04 [INFO] no existing fundamentals cache at data\processed\fundamentals_quarterly__asof=2025-11-30__src=dart__fs=CFS__y=2022-2025__v=1.parquet
00:10:04 [1/2] 058470 리노공업 corp=00369657
00:10:11 [2/2] 214150 클래시스 corp=01061327
00:10:18 [OK] saved: data\processed\fundamentals_quarterly__asof=2025-11-30__src=dart__fs=CFS__y=2022-2025__v=1.parquet rows=31 new_rows=31 tickers_ok=2 skipped=0 err=0
00:10:18 [CHECK] quarter coverage:
00:10:18   - (2022, 1): 2
00:10:18   - (2022, 2): 2
00:10:18   - (2022, 3): 2
00:10:18   - (2022, 4): 2
00:10:18   - (2023, 1): 2
00:10:18   - (2023, 2): 2
00:10:18   - (2023, 3): 2
00:10:18   - (2023, 4): 2
00:10:18   - (2024, 1): 2
00:10:18   - (2024, 2): 2
00:10:18   - (2024, 3): 2
00:10:18   - (2024, 4): 2
00:10:18   - (2025, 1): 2
00:10:18   - (2025, 2): 2
00:10:18   - (2025, 3): 2
00:10:18   - (2025, 4): 1
