20:21:46 [INFO] year range 2016..2025
20:21:46 [INFO] mode=universe metric=revenue_op merge_existing=False
20:21:46 [INFO] primary fs_div=CFS (fallback enabled)
20:21:46 [INFO] universe=data\processed\universe__asof=2025-11-16__metric=revenue_op__v=1.csv rows=456
20:21:46 [INFO] input tickers rows=456 mode=universe
20:21:46 [INFO] corp_codes rows=3914
20:21:46 [CHECK] corp_code missing ratio=0.000
20:21:46 [INFO] corp_code usable rows: 456 -> 456
20:21:46 [INFO] no existing fundamentals cache at data\processed\fundamentals_quarterly__asof=2025-11-16__src=dart__fs=CFS__y=2016-2025__v=1.parquet
20:21:46 [1/456] 005930 삼성전자 corp=00126380
20:22:01 [2/456] 000660 SK하이닉스 corp=00164779
20:22:17 [3/456] 005380 현대자동차 corp=00164742
20:22:33 [4/456] 373220 LG에너지솔루션 corp=01515323
20:22:50 [5/456] 402340 SK스퀘어 corp=01596425
20:23:08 [6/456] 105560 KB금융 corp=00688996
20:23:26 [7/456] 000270 기아 corp=00106641
20:23:41 [8/456] 034020 두산에너빌리티 corp=00159616
20:23:57 [9/456] 028260 삼성물산 corp=00149655
20:24:13 [10/456] 068270 셀트리온 corp=00413046
20:24:29 [11/456] 055550 신한지주 corp=00382199
20:24:47 [12/456] 012450 한화에어로스페이스 corp=00126566
20:25:03 [13/456] 329180 HD현대중공업 corp=01390344
20:25:20 [14/456] 006800 미래에셋증권 corp=00111722
20:25:38 [15/456] 032830 삼성생명 corp=00126256
20:25:55 [16/456] 012330 현대모비스 corp=00164788
20:26:10 [17/456] 035420 NAVER corp=00266961
20:26:26 [18/456] 042660 한화오션 corp=00111704
20:26:42 [19/456] 015760 한국전력공사 corp=00159193
20:26:58 [20/456] 086790 하나금융지주 corp=00547583
20:27:15 [21/456] 010130 고려아연 corp=00102858
20:27:31 [22/456] 267260 HD현대일렉트릭 corp=01205851
20:27:47 [23/456] 005490 POSCO홀딩스 corp=00155319
20:28:03 [24/456] 316140 우리금융지주 corp=01350869
20:28:20 [25/456] 009540 HD한국조선해양 corp=00164830
20:28:36 [26/456] 000810 삼성화재해상보험 corp=00139214
20:28:53 [27/456] 138040 메리츠금융지주 corp=00860332
20:29:10 [28/456] 006400 삼성SDI corp=00126362
20:29:26 [29/456] 034730 SK corp=00181712
20:29:42 [30/456] 035720 카카오 corp=00258801
20:29:58 [31/456] 010140 삼성중공업 corp=00126478
20:30:14 [32/456] 009150 삼성전기 corp=00126371
20:30:29 [33/456] 051910 LG화학 corp=00356361
20:30:46 [34/456] 298040 효성중공업 corp=01316245
20:31:01 [35/456] 064350 현대로템 corp=00302926
20:31:18 [36/456] 033780 케이티앤지 corp=00244455
20:31:34 [37/456] 066570 LG전자 corp=00401731
20:31:50 [38/456] 024110 기업은행 corp=00149646
20:32:10 [39/456] 196170 알테오젠 corp=00989619
20:32:25 [40/456] 267250 HD현대 corp=01205709
20:32:41 [41/456] 000150 두산 corp=00117212
20:32:57 [42/456] 086520 에코프로 corp=00536541
20:33:13 [43/456] 010120 엘에스일렉트릭 corp=00105855
20:33:30 [44/456] 042700 한미반도체 corp=00161383
20:34:26 [45/456] 272210 한화시스템 corp=00339391
20:34:43 [46/456] 247540 에코프로비엠 corp=01160363
20:34:59 [47/456] 086280 현대글로비스 corp=00360595
20:35:21 [48/456] 011200 HMM corp=00164645
20:35:37 [49/456] 017670 SK텔레콤 corp=00159023
20:35:53 [50/456] 003670 포스코퓨처엠 corp=00155276
20:36:09 [51/456] 047810 한국항공우주 corp=00309503
20:36:24 [52/456] 096770 SK이노베이션 corp=00631518
20:36:40 [53/456] 030200 케이티 corp=00190321
20:37:03 [54/456] 352820 하이브 corp=01204056
20:37:25 [55/456] 003550 LG corp=00120021
20:37:41 [56/456] 071050 한국금융지주 corp=00432102
20:38:00 [57/456] 039490 키움증권 corp=00296290
20:38:30 [WARN] finstate_all corp=00296290 year=2021 reprt=11012 fs=CFS try=1/4 err=ConnectTimeout: HTTPSConnectionPool(host='opendart.fss.or.kr', port=443): Max retries exceeded with url: /api/fnlttSinglAcntAll.json?crtfc_key=75a12698fc0c7458be36a673011d7c3479f890ed&corp_code=00296290&bsns_year=2021&reprt_code=11012&fs_div=CFS (Caused by ConnectTimeoutError(<HTTPSConnection(host='opendart.fss.or.kr', port=443) at 0x1ed95ffdf10>, 'Connection to opendart.fss.or.kr timed out. (connect timeout=None)'))
20:38:39 [58/456] 018260 삼성에스디에스 corp=00126186
20:38:55 [59/456] 323410 카카오뱅크 corp=01133217
20:39:13 [60/456] 277810 레인보우로보틱스 corp=01261644
20:39:30 [61/456] 005830 DB손해보험 corp=00159102
20:39:47 [62/456] 000720 현대건설 corp=00164478
20:40:03 [63/456] 000250 삼천당제약 corp=00128546
20:40:19 [64/456] 259960 크래프톤 corp=00760971
20:40:36 [65/456] 307950 현대오토에버 corp=00362441
20:40:52 [66/456] 010950 S-Oil corp=00138279
20:41:07 [67/456] 047050 포스코인터내셔널 corp=00124504
20:41:24 [68/456] 000880 한화 corp=00160588
20:41:40 [69/456] 278470 에이피알 corp=01190568
20:41:57 [70/456] 079550 LIG넥스원 corp=00503668
20:42:13 [71/456] 005940 NH투자증권 corp=00120182
20:42:30 [72/456] 090430 아모레퍼시픽 corp=00583424
20:42:46 [73/456] 003490 대한항공 corp=00113526
20:43:02 [74/456] 180640 한진칼 corp=00983040
20:43:19 [75/456] 016360 삼성증권 corp=00104856
20:43:36 [76/456] 003230 삼양식품 corp=00126955
20:43:51 [77/456] 161390 한국타이어앤테크놀로지 corp=00937324
20:44:07 [78/456] 298380 에이비엘바이오 corp=01256864
20:44:24 [79/456] 000100 유한양행 corp=00145109
20:44:40 [80/456] 326030 에스케이바이오팜 corp=00878696
20:44:56 [81/456] 377300 카카오페이 corp=01244601
20:45:13 [82/456] 006260 LS corp=00105952
20:45:29 [83/456] 009830 한화솔루션 corp=00162461
20:45:45 [84/456] 128940 한미약품 corp=00828497
20:46:01 [85/456] 443060 HD현대마린솔루션 corp=01194689
20:46:22 [86/456] 032640 LG유플러스 corp=00231363
20:46:39 [87/456] 029780 삼성카드 corp=00126292
20:46:56 [88/456] 138930 BNK금융지주 corp=00858364
20:47:13 [89/456] 175330 JB금융지주 corp=00980122
20:47:31 [90/456] 028300 HLB corp=00199252
20:47:46 [91/456] 001040 CJ corp=00148540
20:48:02 [92/456] 028050 삼성E&A corp=00126308
20:48:18 [93/456] 021240 코웨이 corp=00170558
20:48:33 [94/456] 078930 GS corp=00500254
20:48:50 [95/456] 214370 케어젠 corp=00549891
20:49:06 [96/456] 454910 두산로보틱스 corp=01105153
20:49:23 [97/456] 241560 두산밥캣 corp=01032486
20:49:38 [98/456] 141080 리가켐바이오 corp=00842619
20:49:55 [99/456] 007660 이수페타시스 corp=00107613
20:50:11 [100/456] 064400 LG씨엔에스 corp=00139834
20:50:28 [101/456] 001440 대한전선 corp=00113207
20:50:44 [102/456] 022100 포스코DX corp=00155212
20:50:59 [103/456] 034220 LG디스플레이 corp=00105873
20:51:15 [104/456] 011070 LG이노텍 corp=00105961
20:51:30 [105/456] 087010 펩트론 corp=00415868
20:51:58 [WARN] finstate_all corp=00415868 year=2019 reprt=11012 fs=CFS try=1/4 err=ConnectTimeout: HTTPSConnectionPool(host='opendart.fss.or.kr', port=443): Max retries exceeded with url: /api/fnlttSinglAcntAll.json?crtfc_key=75a12698fc0c7458be36a673011d7c3479f890ed&corp_code=00415868&bsns_year=2019&reprt_code=11012&fs_div=CFS (Caused by ConnectTimeoutError(<HTTPSConnection(host='opendart.fss.or.kr', port=443) at 0x1ed95ea4350>, 'Connection to opendart.fss.or.kr timed out. (connect timeout=None)'))
20:52:12 [106/456] 052690 한전기술 corp=00159209
20:52:29 [107/456] 271560 오리온 corp=01238169
20:52:45 [108/456] 240810 원익IPS corp=01135941
20:53:01 [109/456] 002380 케이씨씨 corp=00105271
20:53:18 [110/456] 251270 넷마블 corp=00904672
20:53:33 [111/456] 036570 엔씨소프트 corp=00261443
20:53:50 [112/456] 450080 에코프로머티 corp=01311408
20:54:08 [113/456] 082740 한화엔진 corp=00361008
20:54:24 [114/456] 039030 이오테크닉스 corp=00246417
20:54:40 [115/456] 004020 현대제철 corp=00145880
20:54:57 [116/456] 062040 산일전기 corp=00366438
20:55:15 [117/456] 011780 금호석유화학 corp=00106368
20:55:31 [118/456] 140410 메지온 corp=00808022
20:55:46 [119/456] 051900 LG생활건강 corp=00356370
20:56:03 [120/456] 088350 한화생명 corp=00113058
20:56:20 [121/456] 214150 클래시스 corp=01061327
20:56:37 [122/456] 000990 DB하이텍 corp=00160843
20:56:52 [123/456] 066970 엘앤에프 corp=00398701
20:57:09 [124/456] 011790 SKC corp=00139889
20:57:25 [125/456] 017800 현대엘리베이터 corp=00164724
20:57:43 [126/456] 035250 강원랜드 corp=00255619
20:57:59 [127/456] 111770 영원무역 corp=00776820
20:58:15 [128/456] 310210 보로노이 corp=01327746
20:58:33 [129/456] 036460 한국가스공사 corp=00261285
20:58:49 [130/456] 302440 SK바이오사이언스 corp=01319899
20:59:08 [131/456] 004990 롯데지주 corp=00120562
20:59:24 [132/456] 001720 신영증권 corp=00136721
20:59:41 [133/456] 214450 파마리서치 corp=00970453
20:59:57 [134/456] 095340 ISC corp=00572905
21:00:15 [135/456] 004170 신세계 corp=00136378
21:00:31 [136/456] 108490 로보티즈 corp=00946030
21:00:48 [137/456] 403870 HPSP corp=01288827
21:01:14 [138/456] 139130 iM금융지주 corp=00878915
21:01:32 [139/456] 012750 에스원 corp=00158501
21:01:47 [140/456] 011170 롯데케미칼 corp=00165413
21:02:04 [141/456] 014680 한솔케미칼 corp=00140955
21:02:20 [142/456] 103590 일진전기 corp=00683469
21:02:35 [143/456] 097950 CJ제일제당 corp=00635134
21:02:51 [144/456] 319400 현대무벡스 corp=01358463
21:03:08 [145/456] 263750 펄어비스 corp=01152470
21:03:23 [146/456] 023530 롯데쇼핑 corp=00120526
21:03:39 [147/456] 000120 CJ대한통운 corp=00113410
21:03:55 [148/456] 145020 휴젤 corp=00888347
21:04:11 [149/456] 081660 미스토홀딩스 corp=00195229
21:04:27 [150/456] 009970 영원무역홀딩스 corp=00140964
21:04:43 [151/456] 001450 현대해상 corp=00164973
21:05:00 [152/456] 139480 이마트 corp=00872984
21:05:16 [153/456] 357780 솔브레인 corp=01489648
21:05:40 [WARN] finstate_all corp=01489648 year=2017 reprt=11012 fs=OFS try=1/4 err=ConnectTimeout: HTTPSConnectionPool(host='opendart.fss.or.kr', port=443): Max retries exceeded with url: /api/fnlttSinglAcntAll.json?crtfc_key=75a12698fc0c7458be36a673011d7c3479f890ed&corp_code=01489648&bsns_year=2017&reprt_code=11012&fs_div=OFS (Caused by ConnectTimeoutError(<HTTPSConnection(host='opendart.fss.or.kr', port=443) at 0x1ed95e80650>, 'Connection to opendart.fss.or.kr timed out. (connect timeout=None)'))
21:05:55 [154/456] 489790 한화비전 corp=01867758
21:06:12 [155/456] 103140 풍산 corp=00684714
21:06:28 [156/456] 047040 대우건설 corp=00124540
21:06:44 [157/456] 018880 한온시스템 corp=00161125
21:07:00 [158/456] 457190 이수스페셜티케미컬 corp=01762569
21:07:19 [159/456] 068760 셀트리온제약 corp=00541349
21:07:37 [160/456] 058610 에스피지 corp=00220686
21:07:54 [161/456] 237690 에스티팜 corp=00871833
21:08:09 [162/456] 000240 한국앤컴퍼니 corp=00160047
21:08:25 [163/456] 010060 OCI홀딩스 corp=00148896
21:08:41 [164/456] 026960 동서 corp=00144395
21:08:56 [165/456] 009420 한올바이오파마 corp=00162586
21:09:12 [166/456] 008930 한미사이언스 corp=00161426
21:09:28 [167/456] 353200 대덕전자 corp=01478712
21:09:45 [168/456] 002790 아모레퍼시픽홀딩스 corp=00154462
21:10:01 [169/456] 071970 HD현대마린엔진 corp=00406046
21:10:16 [170/456] 004370 농심 corp=00108241
21:10:32 [171/456] 204320 HL만도 corp=01042775
21:10:48 [172/456] 041510 에스엠 corp=00260930
21:11:06 [173/456] 028670 팬오션 corp=00122737
21:11:22 [174/456] 030530 원익홀딩스 corp=00216647
21:11:38 [175/456] 004800 효성 corp=00117188
21:11:53 [176/456] 012510 더존비즈온 corp=00172291
21:12:09 [177/456] 383220 F&F corp=01568413
21:12:26 [178/456] 001430 세아베스틸지주 corp=00106669
21:12:42 [179/456] 005290 동진쎄미켐 corp=00118804
21:12:58 [180/456] 003690 코리안리 corp=00113191
21:13:15 [181/456] 051600 한전KPS corp=00159218
21:13:32 [182/456] 257720 실리콘투 corp=00982023
21:13:48 [183/456] 267270 HD건설기계 corp=01205842
21:14:04 [184/456] 440110 파두 corp=01292291
21:14:22 [185/456] 084370 유진테크 corp=00531014
21:14:38 [186/456] 030000 제일기획 corp=00148276
21:14:54 [187/456] 035900 JYP Ent. corp=00258689
21:15:10 [188/456] 023590 다우기술 corp=00176914
21:15:26 [189/456] 069960 현대백화점 corp=00428251
21:15:42 [190/456] 005850 에스엘 corp=00125521
21:15:58 [191/456] 036930 주성엔지니어링 corp=00252135
21:16:14 [192/456] 282330 BGF리테일 corp=01263022
21:16:31 [193/456] 064760 티씨케이 corp=00245472
21:16:50 [194/456] 226950 올릭스 corp=01113718
21:17:06 [195/456] 083650 비에이치아이 corp=00409788
21:17:22 [196/456] 336260 두산퓨얼셀 corp=01412725
21:17:41 [197/456] 192820 코스맥스 corp=01009789
21:17:57 [198/456] 011210 현대위아 corp=00106623
21:18:13 [199/456] 005440 현대지에프홀딩스 corp=00105280
21:18:29 [200/456] 067310 하나마이크론 corp=00445054
21:18:45 [201/456] 290650 엘앤씨바이오 corp=01181515
21:19:01 [202/456] 018670 SK가스 corp=00144164
21:19:17 [203/456] 098460 고영 corp=00579999
21:19:33 [204/456] 475830 오름테라퓨틱 corp=01658831
21:19:50 [205/456] 375500 DL이앤씨 corp=01524093
21:20:07 [206/456] 003540 대신증권 corp=00110893
21:20:24 [207/456] 099320 쎄트렉아이 corp=00449254
21:20:40 [208/456] 458870 씨어스테크놀로지 corp=01514227
21:20:57 [209/456] 178320 서진시스템 corp=00838005
21:21:14 [210/456] 006280 녹십자 corp=00129679
21:21:30 [211/456] 073240 금호타이어 corp=00481454
21:21:47 [212/456] 065350 신성델타테크 corp=00136226
21:22:03 [213/456] 097230 HJ중공업 corp=00633835
21:22:19 [214/456] 483650 달바글로벌 corp=01649204
21:22:37 [215/456] 032820 우리기술 corp=00231044
21:22:54 [216/456] 069620 대웅제약 corp=00427483
21:23:10 [217/456] 020150 롯데에너지머티리얼즈 corp=00113997
21:23:25 [218/456] 160190 하이젠알앤엠 corp=00650771
21:23:43 [219/456] 007340 DN오토모티브 corp=00116949
21:23:58 [220/456] 039200 오스코텍 corp=00263654
21:24:14 [221/456] 101490 에스앤에스텍 corp=00411048
21:24:32 [222/456] 032350 롯데관광개발 corp=00231372
21:24:47 [223/456] 008770 호텔신라 corp=00165680
21:25:03 [224/456] 034230 파라다이스 corp=00171265
21:25:19 [225/456] 006360 GS건설 corp=00120030
21:25:35 [226/456] 007070 GS리테일 corp=00140177
21:25:51 [227/456] 323280 태성 corp=01366000
21:26:08 [228/456] 361610 SK아이이테크놀로지 corp=01386916
21:26:24 [229/456] 003570 SNT다이내믹스 corp=00134477
21:26:40 [230/456] 445680 큐리옥스바이오시스템즈 corp=01498974
21:26:57 [231/456] 017960 한국카본 corp=00159795
21:27:13 [232/456] 112610 씨에스윈드 corp=00670340
21:27:30 [233/456] 140860 파크시스템스 corp=00244747
21:27:45 [234/456] 001120 LX인터내셔널 corp=00120076
21:28:01 [235/456] 298020 효성티앤씨 corp=01316227
21:28:17 [236/456] 120110 코오롱인더 corp=00795135
21:28:32 [237/456] 005070 코스모신소재 corp=00129989
21:28:51 [238/456] 161890 한국콜마 corp=00939331
21:29:07 [239/456] 003380 하림지주 corp=00148364
21:29:24 [240/456] 319660 피에스케이 corp=01365825
21:29:40 [241/456] 082270 젬백스 corp=00492894
21:29:55 [242/456] 232140 와이씨 corp=01109539
21:30:12 [243/456] 437730 삼현 corp=00262266
21:30:29 [244/456] 035760 CJ ENM corp=00265324
21:30:45 [245/456] 466100 클로봇 corp=01784914
21:31:03 [246/456] 085620 미래에셋생명 corp=00112332
21:31:20 [247/456] 007310 오뚜기 corp=00141529
21:31:36 [248/456] 222800 심텍 corp=01095722
21:31:51 [249/456] 006040 동원산업 corp=00118026
21:32:07 [250/456] 030610 교보증권 corp=00113359
21:32:25 [251/456] 348370 엔켐 corp=01011526
21:32:42 [252/456] 031980 피에스케이홀딩스 corp=00208444
21:32:57 [253/456] 003530 한화투자증권 corp=00148610
21:33:14 [254/456] 080220 제주반도체 corp=00447487
21:33:29 [255/456] 281740 레이크머티리얼즈 corp=01255652
21:33:45 [256/456] 089030 테크윙 corp=00535676
21:34:01 [257/456] 003090 대웅 corp=00111810
21:34:17 [258/456] 001800 오리온홀딩스 corp=00117577
21:34:33 [259/456] 294870 HDC현대산업개발 corp=01310269
21:34:49 [260/456] 007390 네이처셀 corp=00117276
21:35:07 [261/456] 090710 휴림로봇 corp=00540429
21:35:23 [262/456] 195940 HK이노엔 corp=01012066
21:35:42 [263/456] 058470 리노공업 corp=00369657
21:36:06 [264/456] 397030 에이프릴바이오 corp=01375822
21:36:29 [265/456] 096530 씨젠 corp=00788773
21:36:48 [266/456] 253450 스튜디오드래곤 corp=01168684
21:37:05 [267/456] 950160 코오롱티슈진 corp=01245062
21:37:24 [268/456] 056080 유진로봇 corp=00234227
21:37:41 [269/456] 005300 롯데칠성음료 corp=00120571
21:37:57 [270/456] 007810 코리아써키트 corp=00152686
21:38:12 [271/456] 388720 유일로보틱스 corp=01152586
21:38:32 [272/456] 122870 와이지엔터테인먼트 corp=00613318
21:38:49 [273/456] 012630 HDC corp=00164636
21:39:05 [274/456] 229640 LS에코에너지 corp=01093007
21:39:20 [275/456] 078600 대주전자재료 corp=00177816
21:39:35 [276/456] 189300 인텔리안테크 corp=00664181
21:39:51 [277/456] 218410 RFHIC corp=01078178
21:40:07 [278/456] 043260 성호전자 corp=00317210
21:40:23 [279/456] 095610 테스 corp=00524421
21:40:40 [280/456] 499790 GS피앤엘 corp=01882845
21:40:58 [281/456] 000080 하이트진로 corp=00150244
21:41:14 [282/456] 484870 엠앤씨솔루션 corp=01519790
21:41:32 [283/456] 293490 카카오게임즈 corp=01137383
21:41:49 [284/456] 181710 NHN corp=00983271
21:42:06 [285/456] 100790 미래에셋벤처투자 corp=00340096
21:42:23 [286/456] 004000 롯데정밀화학 corp=00157681
21:42:38 [287/456] 204270 제이앤티씨 corp=00447575
21:42:55 [288/456] 280360 롯데웰푸드 corp=01258507
21:43:11 [289/456] 185750 종근당 corp=00992871
21:43:28 [290/456] 003240 태광산업 corp=00153393
21:43:44 [291/456] 137400 피엔티 corp=00612294
21:44:01 [292/456] 131970 두산테스나 corp=00563545
21:44:19 [293/456] 328130 루닛 corp=01397620
21:44:36 [294/456] 115180 큐리언트 corp=01042650
21:44:52 [295/456] 166090 하나머티리얼즈 corp=00660750
21:45:10 [296/456] 036540 SFA반도체 corp=00301246
21:45:26 [297/456] 006120 SK디스커버리 corp=00131832
21:45:41 [298/456] 192080 더블유게임즈 corp=01010110
21:45:57 [299/456] 298050 HS효성첨단소재 corp=01316254
21:46:13 [300/456] 085660 차바이오텍 corp=00525679
21:46:29 [301/456] 006730 서부T&D corp=00130383
21:46:47 [302/456] 009240 한샘 corp=00161693
21:47:13 [WARN] finstate_all corp=00161693 year=2018 reprt=11011 fs=CFS try=1/4 err=ConnectTimeout: HTTPSConnectionPool(host='opendart.fss.or.kr', port=443): Max retries exceeded with url: /api/fnlttSinglAcntAll.json?crtfc_key=75a12698fc0c7458be36a673011d7c3479f890ed&corp_code=00161693&bsns_year=2018&reprt_code=11011&fs_div=CFS (Caused by ConnectTimeoutError(<HTTPSConnection(host='opendart.fss.or.kr', port=443) at 0x1edd772e0f0>, 'Connection to opendart.fss.or.kr timed out. (connect timeout=None)'))
21:47:25 [303/456] 124500 아이티센글로벌 corp=00620868
21:47:40 [304/456] 183300 코미코 corp=00997812
21:47:56 [305/456] 161580 필옵틱스 corp=00938721
21:48:11 [306/456] 056190 에스에프에이 corp=00358271
21:48:27 [307/456] 285130 SK케미칼 corp=01267170
21:48:43 [308/456] 417200 LS머트리얼즈 corp=01528141
21:49:00 [309/456] 006650 대한유화 corp=00260383
21:49:16 [310/456] 241710 코스메카코리아 corp=00763473
21:49:31 [311/456] 100090 SK오션플랜트 corp=00480367
21:49:47 [312/456] 071320 지역난방공사 corp=00159698
21:50:04 [313/456] 036530 SNT홀딩스 corp=00225159
21:50:22 [314/456] 030190 NICE평가정보 corp=00158325
21:50:38 [315/456] 036830 솔브레인홀딩스 corp=00247975
21:50:54 [316/456] 213420 덕산네오룩스 corp=01061558
21:51:11 [317/456] 000210 DL corp=00109693
21:51:27 [318/456] 174900 앱클론 corp=00991191
21:51:43 [319/456] 032190 다우데이타 corp=00238782
21:52:00 [320/456] 075580 세진중공업 corp=00415628
21:52:17 [321/456] 295310 에이치브이엠 corp=01011368
21:52:34 [322/456] 003160 디아이 corp=00118275
21:52:50 [323/456] 249420 일동제약 corp=01168383
21:53:06 [324/456] 086900 메디톡스 corp=00580199
21:53:23 [325/456] 003470 유안타증권 corp=00117601
21:53:40 [326/456] 376300 디어유 corp=01456011
21:53:56 [327/456] 195870 해성디에스 corp=01032413
21:54:13 [328/456] 079160 CJ CGV corp=00303873
21:54:29 [329/456] 009450 경동나비엔 corp=00101488
21:54:46 [330/456] 347700 스피어 corp=01336762
21:55:03 [331/456] 005690 파미셀 corp=00145163
21:55:19 [332/456] 100840 SNT에너지 corp=00648721
21:55:36 [333/456] 475150 SK이터닉스 corp=01817081
21:55:54 [334/456] 131290 티에스이 corp=00372226
21:56:11 [335/456] 281820 케이씨텍 corp=01261893
21:56:28 [336/456] 014620 성광벤드 corp=00132318
21:56:45 [337/456] 057050 현대홈쇼핑 corp=00412597
21:57:01 [338/456] 171090 선익시스템 corp=00327819
21:57:18 [339/456] 060370 LS마린솔루션 corp=00225742
21:57:34 [340/456] 222080 씨아이에스 corp=01090471
21:57:50 [341/456] 112040 위메이드 corp=00444329
21:58:07 [342/456] 033240 자화전자 corp=00146861
21:58:24 [343/456] 036810 에프에스티 corp=00223434
21:58:40 [344/456] 064960 SNT모티브 corp=00398792
21:58:57 [345/456] 322000 HD현대에너지솔루션 corp=01199550
21:59:13 [346/456] 108320 LX세미콘 corp=00525934
21:59:29 [347/456] 052400 코나아이 corp=00349732
21:59:46 [348/456] 002350 넥센타이어 corp=00173874
22:00:04 [349/456] 248070 솔루엠 corp=01159233
22:00:22 [350/456] 000370 한화손해보험 corp=00135917
22:00:39 [351/456] 347850 디앤디파마텍 corp=01376715
22:00:56 [352/456] 000500 가온전선 corp=00104768
22:01:13 [353/456] 348340 뉴로메카 corp=01336461
22:01:30 [354/456] 089970 브이엠 corp=00544577
22:01:46 [355/456] 093370 후성 corp=00595191
22:02:03 [356/456] 121600 나노신소재 corp=00439965
22:02:20 [357/456] 060250 NHN KCP corp=00357740
22:02:36 [358/456] 005180 빙그레 corp=00124726
22:02:53 [359/456] 102710 이엔에프테크놀로지 corp=00530185
22:03:09 [360/456] 033100 제룡전기 corp=00185356
22:03:26 [361/456] 042000 카페24 corp=00260879
22:03:43 [362/456] 114090 GKL corp=00557508
22:04:00 [363/456] 214430 아이쓰리시스템 corp=00612489
22:04:16 [364/456] 003850 보령 corp=00123143
22:04:33 [365/456] 009520 포스코엠텍 corp=00128111
22:04:49 [366/456] 214320 이노션 corp=00565154
22:05:06 [367/456] 039130 하나투어 corp=00269940
22:05:23 [368/456] 069260 티케이지휴켐스 corp=00426086
22:05:40 [369/456] 001060 JW중외제약 corp=00149947
22:05:57 [370/456] 001680 대상 corp=00121941
22:06:13 [371/456] 001270 부국증권 corp=00123772
22:06:30 [372/456] 086450 동국제약 corp=00114808
22:06:46 [373/456] 002020 코오롱 corp=00152862
22:07:02 [374/456] 225570 넥슨게임즈 corp=01096341
22:07:19 [375/456] 067160 SOOP corp=00399694
22:07:36 [376/456] 348210 넥스틴 corp=01080252
22:07:52 [377/456] 389470 인벤티지랩 corp=01516456
22:08:08 [378/456] 456040 OCI corp=01760738
22:08:25 [379/456] 023160 태광 corp=00153375
22:08:42 [380/456] 272290 이녹스첨단소재 corp=01237540
22:08:58 [381/456] 074600 원익QnC corp=00468374
22:09:16 [382/456] 399720 가온칩스 corp=01364747
22:09:32 [383/456] 025980 아난티 corp=00161781
22:09:50 [384/456] 090360 로보스타 corp=00536523
22:10:06 [385/456] 078160 메디포스트 corp=00453929
22:10:23 [386/456] 077970 STX엔진 corp=00480455
22:10:39 [387/456] 053800 안랩 corp=00298270
22:10:56 [388/456] 420770 기가비스 corp=00765569
22:11:12 [389/456] 383310 에코프로에이치엔 corp=01566248
22:11:29 [390/456] 127120 제이에스링크 corp=00642541
22:11:45 [391/456] 211050 인카금융서비스 corp=01013694
22:12:02 [392/456] 090460 비에이치 corp=00447609
22:12:18 [393/456] 060280 큐렉소 corp=00356802
22:12:35 [394/456] 018290 브이티 corp=00150165
22:12:53 [395/456] 251970 펌텍코리아 corp=00761059
22:13:09 [396/456] 336570 원텍 corp=01407909
22:13:25 [397/456] 253590 네오셈 corp=01170865
22:13:42 [398/456] 287840 인투셀 corp=01374443
22:13:59 [399/456] 372320 큐로셀 corp=01492651
22:14:15 [400/456] 099190 아이센스 corp=00550994
22:14:31 [401/456] 005880 대한해운 corp=00113535
22:14:48 [402/456] 383800 LX홀딩스 corp=01562589
22:15:05 [403/456] 475960 토모큐브 corp=01573336
22:15:21 [404/456] 126340 비나텍 corp=00563518
22:15:38 [405/456] 252990 샘씨엔에스 corp=01199727
22:15:54 [406/456] 041190 우리기술투자 corp=00231664
22:16:11 [407/456] 358570 지아이이노베이션 corp=01351080
22:16:28 [408/456] 016610 DB증권 corp=00115694
22:16:47 [409/456] 044490 태웅 corp=00186799
22:17:04 [410/456] 005420 코스모화학 corp=00160302
22:17:21 [411/456] 015750 성우하이텍 corp=00132992
22:17:38 [412/456] 336370 솔루스첨단소재 corp=01412822
22:17:54 [413/456] 004690 삼천리 corp=00128555
22:18:11 [414/456] 036620 감성코퍼레이션 corp=00261009
22:18:27 [415/456] 025320 시노펙스 corp=00203023
22:18:45 [416/456] 053610 프로텍 corp=00325112
22:19:01 [417/456] 119850 지엔씨에너지 corp=00626464
22:19:18 [418/456] 460930 현대힘스 corp=00667373
22:19:34 [419/456] 178920 PI첨단소재 corp=00767460
22:19:52 [420/456] 094170 동운아나텍 corp=00695969
22:20:08 [421/456] 064260 다날 corp=00389970
22:20:26 [422/456] 389650 넥스트바이오메디컬 corp=01385050
22:20:43 [423/456] 042520 한스바이오메드 corp=00349060
22:21:00 [424/456] 001510 SK증권 corp=00131850
22:21:16 [425/456] 192650 드림텍 corp=00415646
22:21:33 [426/456] 104830 원익머트리얼즈 corp=00623661
22:22:06 [427/456] 050890 쏠리드 corp=00364403
22:22:23 [428/456] 030520 한글과컴퓨터 corp=00204262
22:22:40 [429/456] 039440 에스티아이 corp=00298340
22:23:03 [WARN] finstate_all corp=00298340 year=2017 reprt=11014 fs=CFS try=1/4 err=ConnectTimeout: HTTPSConnectionPool(host='opendart.fss.or.kr', port=443): Max retries exceeded with url: /api/fnlttSinglAcntAll.json?crtfc_key=75a12698fc0c7458be36a673011d7c3479f890ed&corp_code=00298340&bsns_year=2017&reprt_code=11014&fs_div=CFS (Caused by ConnectTimeoutError(<HTTPSConnection(host='opendart.fss.or.kr', port=443) at 0x1ed94d82900>, 'Connection to opendart.fss.or.kr timed out. (connect timeout=None)'))
22:23:18 [430/456] 145720 덴티움 corp=00526599
22:23:35 [431/456] 059090 미코 corp=00366942
22:23:54 [432/456] 356860 티엘비 corp=00920379
22:24:10 [433/456] 114810 한솔아이원스 corp=00625942
22:24:27 [434/456] 083450 GST corp=00540863
22:24:44 [435/456] 455900 엔젤로보틱스 corp=01592049
22:25:00 [436/456] 105840 우진 corp=00173944
22:25:17 [437/456] 200710 에이디테크놀로지 corp=00657002
22:25:34 [438/456] 079370 제우스 corp=00442570
22:25:50 [439/456] 045100 한양이엔지 corp=00216762
22:26:06 [440/456] 278280 천보 corp=00897752
22:26:23 [441/456] 105630 한세실업 corp=00728638
22:26:40 [442/456] 006220 제주은행 corp=00148832
22:26:57 [443/456] 425420 티에프이 corp=01035368
22:27:15 [444/456] 089010 켐트로닉스 corp=00371485
22:27:32 [445/456] 215600 신라젠 corp=00919966
22:27:49 [446/456] 376900 로킷헬스케어 corp=01335143
22:28:05 [447/456] 206650 유바이오로직스 corp=00927558
22:28:22 [448/456] 368770 파이버프로 corp=01513440
22:28:38 [449/456] 048410 현대바이오 corp=00313649
22:28:56 [450/456] 011930 신성이엔지 corp=00136271
22:29:27 [451/456] 122640 예스티 corp=00530556
22:29:44 [452/456] 082920 비츠로셀 corp=00154718
22:30:00 [453/456] 117730 티로보틱스 corp=00867098
22:30:17 [454/456] 001500 현대차증권 corp=00137997
22:30:34 [455/456] 476060 온코닉테라퓨틱스 corp=01632912
22:30:51 [456/456] 456160 지투지바이오 corp=01577952
22:31:08 [OK] saved: data\processed\fundamentals_quarterly__asof=2025-11-16__src=dart__fs=CFS__y=2016-2025__v=1.parquet rows=10363 new_rows=10363 tickers_ok=456 skipped=0 err=0
22:31:08 [CHECK] quarter coverage:
22:31:08   - (2016, 1): 205
22:31:08   - (2016, 2): 207
22:31:08   - (2016, 3): 208
22:31:08   - (2016, 4): 212
22:31:08   - (2017, 1): 215
22:31:08   - (2017, 2): 222
22:31:08   - (2017, 3): 223
22:31:08   - (2017, 4): 230
22:31:08   - (2018, 1): 229
22:31:08   - (2018, 2): 234
22:31:08   - (2018, 3): 234
22:31:08   - (2018, 4): 239
22:31:08   - (2019, 1): 239
22:31:08   - (2019, 2): 241
22:31:08   - (2019, 3): 241
22:31:08   - (2019, 4): 246
22:31:08   - (2020, 1): 246
22:31:08   - (2020, 2): 248
22:31:08   - (2020, 3): 250
22:31:08   - (2020, 4): 256
22:31:08   - (2021, 1): 257
22:31:08   - (2021, 2): 260
22:31:08   - (2021, 3): 261
22:31:08   - (2021, 4): 264
22:31:08   - (2022, 1): 265
22:31:08   - (2022, 2): 267
22:31:08   - (2022, 3): 269
22:31:08   - (2022, 4): 270
22:31:08   - (2023, 1): 270
22:31:08   - (2023, 2): 272
22:31:08   - (2023, 3): 304
22:31:08   - (2023, 4): 305
22:31:08   - (2024, 1): 306
22:31:08   - (2024, 2): 309
22:31:08   - (2024, 3): 312
22:31:08   - (2024, 4): 316
22:31:08   - (2025, 1): 316
22:31:08   - (2025, 2): 316
22:31:08   - (2025, 3): 316
22:31:08   - (2025, 4): 283
