22:12:34 [INFO] year range 2016..2025
22:12:34 [INFO] mode=universe metric=revenue_op merge_existing=False
22:12:34 [INFO] primary fs_div=CFS (fallback enabled)
22:12:35 [INFO] universe=data\processed\universe__asof=2026-03-29__src=phase1__mcap_top=800__trd_bot=0.1__v=1.parquet rows=455
22:12:35 [INFO] input tickers rows=455 mode=universe
22:12:35 [INFO] corp_codes rows=3915
22:12:35 [CHECK] corp_code missing ratio=0.000
22:12:35 [INFO] corp_code usable rows: 455 -> 455
22:12:35 [INFO] existing fundamentals rows=14063 from data\processed\fundamentals_quarterly__asof=2026-03-29__src=dart__fs=CFS__y=2016-2025__v=1.parquet
22:12:35 [1/455] 005930 삼성전자 corp=00126380
22:12:45 [2/455] 000660 SK하이닉스 corp=00164779
22:12:55 [3/455] 207940 삼성바이오로직스 corp=00877059
22:13:06 [4/455] 005380 현대자동차 corp=00164742
22:13:16 [5/455] 373220 LG에너지솔루션 corp=01515323
22:13:26 [6/455] 402340 SK스퀘어 corp=01596425
22:13:37 [7/455] 105560 KB금융 corp=00688996
22:13:47 [8/455] 000270 기아 corp=00106641
22:13:57 [9/455] 034020 두산에너빌리티 corp=00159616
22:14:07 [10/455] 028260 삼성물산 corp=00149655
22:14:18 [11/455] 068270 셀트리온 corp=00413046
22:14:28 [12/455] 055550 신한지주 corp=00382199
22:14:38 [13/455] 012450 한화에어로스페이스 corp=00126566
22:14:49 [14/455] 329180 HD현대중공업 corp=01390344
22:14:59 [15/455] 006800 미래에셋증권 corp=00111722
22:15:09 [16/455] 032830 삼성생명 corp=00126256
22:15:19 [17/455] 012330 현대모비스 corp=00164788
22:15:30 [18/455] 035420 NAVER corp=00266961
22:15:40 [19/455] 042660 한화오션 corp=00111704
22:15:50 [20/455] 015760 한국전력공사 corp=00159193
22:16:00 [21/455] 086790 하나금융지주 corp=00547583
22:16:11 [22/455] 010130 고려아연 corp=00102858
22:16:21 [23/455] 267260 HD현대일렉트릭 corp=01205851
22:16:31 [24/455] 005490 POSCO홀딩스 corp=00155319
22:16:42 [25/455] 316140 우리금융지주 corp=01350869
22:16:52 [26/455] 009540 HD한국조선해양 corp=00164830
22:17:02 [27/455] 000810 삼성화재해상보험 corp=00139214
22:17:12 [28/455] 138040 메리츠금융지주 corp=00860332
22:17:22 [29/455] 006400 삼성SDI corp=00126362
22:17:33 [30/455] 034730 SK corp=00181712
22:17:43 [31/455] 035720 카카오 corp=00258801
22:17:53 [32/455] 010140 삼성중공업 corp=00126478
22:18:04 [33/455] 009150 삼성전기 corp=00126371
22:18:14 [34/455] 051910 LG화학 corp=00356361
22:18:24 [35/455] 298040 효성중공업 corp=01316245
22:18:35 [36/455] 064350 현대로템 corp=00302926
22:18:45 [37/455] 033780 케이티앤지 corp=00244455
22:18:55 [38/455] 066570 LG전자 corp=00401731
22:19:06 [39/455] 024110 기업은행 corp=00149646
22:19:16 [40/455] 196170 알테오젠 corp=00989619
22:19:26 [41/455] 267250 HD현대 corp=01205709
22:19:36 [42/455] 000150 두산 corp=00117212
22:19:47 [43/455] 086520 에코프로 corp=00536541
22:19:57 [44/455] 010120 엘에스일렉트릭 corp=00105855
22:20:07 [45/455] 042700 한미반도체 corp=00161383
22:20:18 [46/455] 272210 한화시스템 corp=00339391
22:20:28 [47/455] 247540 에코프로비엠 corp=01160363
22:20:38 [48/455] 086280 현대글로비스 corp=00360595
22:20:49 [49/455] 011200 HMM corp=00164645
22:20:59 [50/455] 017670 SK텔레콤 corp=00159023
22:21:09 [51/455] 003670 포스코퓨처엠 corp=00155276
22:21:20 [52/455] 047810 한국항공우주 corp=00309503
22:21:30 [53/455] 096770 SK이노베이션 corp=00631518
22:21:40 [54/455] 030200 케이티 corp=00190321
22:21:51 [55/455] 352820 하이브 corp=01204056
22:22:01 [56/455] 003550 LG corp=00120021
22:22:11 [57/455] 071050 한국금융지주 corp=00432102
22:22:22 [58/455] 039490 키움증권 corp=00296290
22:22:32 [59/455] 018260 삼성에스디에스 corp=00126186
22:22:42 [60/455] 323410 카카오뱅크 corp=01133217
22:23:00 [61/455] 277810 레인보우로보틱스 corp=01261644
22:23:10 [62/455] 005830 DB손해보험 corp=00159102
22:23:20 [63/455] 000720 현대건설 corp=00164478
22:23:30 [64/455] 000250 삼천당제약 corp=00128546
22:23:41 [65/455] 259960 크래프톤 corp=00760971
22:23:51 [66/455] 307950 현대오토에버 corp=00362441
22:24:01 [67/455] 010950 S-Oil corp=00138279
22:24:12 [68/455] 047050 포스코인터내셔널 corp=00124504
22:24:22 [69/455] 000880 한화 corp=00160588
22:24:32 [70/455] 278470 에이피알 corp=01190568
22:24:43 [71/455] 079550 LIG넥스원 corp=00503668
22:24:53 [72/455] 005940 NH투자증권 corp=00120182
22:25:03 [73/455] 090430 아모레퍼시픽 corp=00583424
22:25:13 [74/455] 003490 대한항공 corp=00113526
22:25:24 [75/455] 180640 한진칼 corp=00983040
22:25:34 [76/455] 016360 삼성증권 corp=00104856
22:25:44 [77/455] 003230 삼양식품 corp=00126955
22:25:55 [78/455] 161390 한국타이어앤테크놀로지 corp=00937324
22:26:05 [79/455] 298380 에이비엘바이오 corp=01256864
22:26:15 [80/455] 000100 유한양행 corp=00145109
22:26:26 [81/455] 326030 에스케이바이오팜 corp=00878696
22:26:36 [82/455] 377300 카카오페이 corp=01244601
22:26:46 [83/455] 006260 LS corp=00105952
22:26:56 [84/455] 009830 한화솔루션 corp=00162461
22:27:07 [85/455] 128940 한미약품 corp=00828497
22:27:17 [86/455] 443060 HD현대마린솔루션 corp=01194689
22:27:27 [87/455] 032640 LG유플러스 corp=00231363
22:27:37 [88/455] 029780 삼성카드 corp=00126292
22:27:48 [89/455] 138930 BNK금융지주 corp=00858364
22:27:58 [90/455] 175330 JB금융지주 corp=00980122
22:28:08 [91/455] 028300 HLB corp=00199252
22:28:18 [92/455] 001040 CJ corp=00148540
22:28:29 [93/455] 028050 삼성E&A corp=00126308
22:28:39 [94/455] 021240 코웨이 corp=00170558
22:28:49 [95/455] 078930 GS corp=00500254
22:29:00 [96/455] 214370 케어젠 corp=00549891
22:29:10 [97/455] 454910 두산로보틱스 corp=01105153
22:29:20 [98/455] 241560 두산밥캣 corp=01032486
22:29:30 [99/455] 141080 리가켐바이오 corp=00842619
22:29:41 [100/455] 007660 이수페타시스 corp=00107613
22:29:51 [101/455] 064400 LG씨엔에스 corp=00139834
22:30:01 [102/455] 001440 대한전선 corp=00113207
22:30:12 [103/455] 022100 포스코DX corp=00155212
22:30:22 [104/455] 034220 LG디스플레이 corp=00105873
22:30:32 [105/455] 011070 LG이노텍 corp=00105961
22:30:43 [106/455] 087010 펩트론 corp=00415868
22:31:01 [107/455] 052690 한전기술 corp=00159209
22:31:12 [108/455] 271560 오리온 corp=01238169
22:31:22 [109/455] 240810 원익IPS corp=01135941
22:31:32 [110/455] 002380 케이씨씨 corp=00105271
22:31:43 [111/455] 251270 넷마블 corp=00904672
22:31:53 [112/455] 036570 엔씨소프트 corp=00261443
22:32:03 [113/455] 450080 에코프로머티 corp=01311408
22:32:21 [114/455] 082740 한화엔진 corp=00361008
22:32:31 [115/455] 039030 이오테크닉스 corp=00246417
22:32:42 [116/455] 004020 현대제철 corp=00145880
22:32:52 [117/455] 062040 산일전기 corp=00366438
22:33:02 [118/455] 011780 금호석유화학 corp=00106368
22:33:12 [119/455] 140410 메지온 corp=00808022
22:33:23 [120/455] 051900 LG생활건강 corp=00356370
22:33:33 [121/455] 088350 한화생명 corp=00113058
22:33:43 [122/455] 214150 클래시스 corp=01061327
22:33:54 [123/455] 000990 DB하이텍 corp=00160843
22:34:04 [124/455] 066970 엘앤에프 corp=00398701
22:34:14 [125/455] 011790 SKC corp=00139889
22:34:25 [126/455] 017800 현대엘리베이터 corp=00164724
22:34:35 [127/455] 035250 강원랜드 corp=00255619
22:34:45 [128/455] 111770 영원무역 corp=00776820
22:34:55 [129/455] 310210 보로노이 corp=01327746
22:35:06 [130/455] 036460 한국가스공사 corp=00261285
22:35:16 [131/455] 302440 SK바이오사이언스 corp=01319899
22:35:26 [132/455] 004990 롯데지주 corp=00120562
22:35:36 [133/455] 001720 신영증권 corp=00136721
22:35:47 [134/455] 214450 파마리서치 corp=00970453
22:35:57 [135/455] 095340 ISC corp=00572905
22:36:07 [136/455] 004170 신세계 corp=00136378
22:36:18 [137/455] 108490 로보티즈 corp=00946030
22:36:28 [138/455] 403870 HPSP corp=01288827
22:36:46 [139/455] 139130 iM금융지주 corp=00878915
22:36:56 [140/455] 012750 에스원 corp=00158501
22:37:06 [141/455] 011170 롯데케미칼 corp=00165413
22:37:16 [142/455] 014680 한솔케미칼 corp=00140955
22:37:27 [143/455] 103590 일진전기 corp=00683469
22:37:37 [144/455] 097950 CJ제일제당 corp=00635134
22:37:48 [145/455] 319400 현대무벡스 corp=01358463
22:37:58 [146/455] 263750 펄어비스 corp=01152470
22:38:08 [147/455] 023530 롯데쇼핑 corp=00120526
22:38:18 [148/455] 000120 CJ대한통운 corp=00113410
22:38:29 [149/455] 145020 휴젤 corp=00888347
22:38:39 [150/455] 081660 미스토홀딩스 corp=00195229
22:38:49 [151/455] 009970 영원무역홀딩스 corp=00140964
22:39:00 [152/455] 001450 현대해상 corp=00164973
22:39:10 [153/455] 139480 이마트 corp=00872984
22:39:20 [154/455] 357780 솔브레인 corp=01489648
22:39:31 [155/455] 489790 한화비전 corp=01867758
22:39:41 [156/455] 103140 풍산 corp=00684714
22:39:51 [157/455] 047040 대우건설 corp=00124540
22:40:01 [158/455] 018880 한온시스템 corp=00161125
22:40:12 [159/455] 457190 이수스페셜티케미컬 corp=01762569
22:40:22 [160/455] 068760 셀트리온제약 corp=00541349
22:40:32 [161/455] 058610 에스피지 corp=00220686
22:40:43 [162/455] 237690 에스티팜 corp=00871833
22:40:53 [163/455] 000240 한국앤컴퍼니 corp=00160047
22:41:03 [164/455] 010060 OCI홀딩스 corp=00148896
22:41:14 [165/455] 026960 동서 corp=00144395
22:41:24 [166/455] 009420 한올바이오파마 corp=00162586
22:41:34 [167/455] 008930 한미사이언스 corp=00161426
22:41:45 [168/455] 353200 대덕전자 corp=01478712
22:41:55 [169/455] 002790 아모레퍼시픽홀딩스 corp=00154462
22:42:05 [170/455] 071970 HD현대마린엔진 corp=00406046
22:42:15 [171/455] 004370 농심 corp=00108241
22:42:26 [172/455] 204320 HL만도 corp=01042775
22:42:36 [173/455] 041510 에스엠 corp=00260930
22:42:46 [174/455] 028670 팬오션 corp=00122737
22:42:57 [175/455] 030530 원익홀딩스 corp=00216647
22:43:07 [176/455] 004800 효성 corp=00117188
22:43:17 [177/455] 012510 더존비즈온 corp=00172291
22:43:28 [178/455] 383220 F&F corp=01568413
22:43:38 [179/455] 001430 세아베스틸지주 corp=00106669
22:43:48 [180/455] 005290 동진쎄미켐 corp=00118804
22:43:58 [181/455] 003690 코리안리 corp=00113191
22:44:09 [182/455] 051600 한전KPS corp=00159218
22:44:19 [183/455] 257720 실리콘투 corp=00982023
22:44:29 [184/455] 267270 HD건설기계 corp=01205842
22:44:40 [185/455] 440110 파두 corp=01292291
22:44:50 [186/455] 084370 유진테크 corp=00531014
22:45:00 [187/455] 030000 제일기획 corp=00148276
22:45:10 [188/455] 035900 JYP Ent. corp=00258689
22:45:21 [189/455] 023590 다우기술 corp=00176914
22:45:31 [190/455] 069960 현대백화점 corp=00428251
22:45:42 [191/455] 005850 에스엘 corp=00125521
22:45:52 [192/455] 036930 주성엔지니어링 corp=00252135
22:46:02 [193/455] 282330 BGF리테일 corp=01263022
22:46:12 [194/455] 064760 티씨케이 corp=00245472
22:46:31 [195/455] 226950 올릭스 corp=01113718
22:46:42 [196/455] 083650 비에이치아이 corp=00409788
22:46:52 [197/455] 336260 두산퓨얼셀 corp=01412725
22:47:02 [198/455] 192820 코스맥스 corp=01009789
22:47:13 [199/455] 011210 현대위아 corp=00106623
22:47:23 [200/455] 005440 현대지에프홀딩스 corp=00105280
22:47:33 [201/455] 067310 하나마이크론 corp=00445054
22:47:44 [202/455] 290650 엘앤씨바이오 corp=01181515
22:47:54 [203/455] 018670 SK가스 corp=00144164
22:48:04 [204/455] 098460 고영 corp=00579999
22:48:14 [205/455] 475830 오름테라퓨틱 corp=01658831
22:48:25 [206/455] 375500 DL이앤씨 corp=01524093
22:48:35 [207/455] 003540 대신증권 corp=00110893
22:48:45 [208/455] 099320 쎄트렉아이 corp=00449254
22:48:56 [209/455] 458870 씨어스테크놀로지 corp=01514227
22:49:06 [210/455] 178320 서진시스템 corp=00838005
22:49:16 [211/455] 006280 녹십자 corp=00129679
22:49:26 [212/455] 073240 금호타이어 corp=00481454
22:49:37 [213/455] 065350 신성델타테크 corp=00136226
22:49:47 [214/455] 097230 HJ중공업 corp=00633835
22:49:58 [215/455] 483650 달바글로벌 corp=01649204
22:50:08 [216/455] 032820 우리기술 corp=00231044
22:50:18 [217/455] 069620 대웅제약 corp=00427483
22:50:28 [218/455] 020150 롯데에너지머티리얼즈 corp=00113997
22:50:39 [219/455] 160190 하이젠알앤엠 corp=00650771
22:50:49 [220/455] 007340 DN오토모티브 corp=00116949
22:50:59 [221/455] 039200 오스코텍 corp=00263654
22:51:10 [222/455] 101490 에스앤에스텍 corp=00411048
22:51:20 [223/455] 032350 롯데관광개발 corp=00231372
22:51:30 [224/455] 008770 호텔신라 corp=00165680
22:51:41 [225/455] 034230 파라다이스 corp=00171265
22:51:51 [226/455] 006360 GS건설 corp=00120030
22:52:02 [227/455] 007070 GS리테일 corp=00140177
22:52:12 [228/455] 323280 태성 corp=01366000
22:52:22 [229/455] 361610 SK아이이테크놀로지 corp=01386916
22:52:32 [230/455] 003570 SNT다이내믹스 corp=00134477
22:52:43 [231/455] 445680 큐리옥스바이오시스템즈 corp=01498974
22:52:53 [232/455] 017960 한국카본 corp=00159795
22:53:03 [233/455] 112610 씨에스윈드 corp=00670340
22:53:14 [234/455] 140860 파크시스템스 corp=00244747
22:53:24 [235/455] 001120 LX인터내셔널 corp=00120076
22:53:34 [236/455] 298020 효성티앤씨 corp=01316227
22:53:44 [237/455] 120110 코오롱인더 corp=00795135
22:53:55 [238/455] 005070 코스모신소재 corp=00129989
22:54:13 [239/455] 161890 한국콜마 corp=00939331
22:54:24 [240/455] 003380 하림지주 corp=00148364
22:54:34 [241/455] 319660 피에스케이 corp=01365825
22:54:44 [242/455] 082270 젬백스 corp=00492894
22:54:54 [243/455] 232140 와이씨 corp=01109539
22:55:05 [244/455] 437730 삼현 corp=00262266
22:55:15 [245/455] 035760 CJ ENM corp=00265324
22:55:25 [246/455] 466100 클로봇 corp=01784914
22:55:35 [247/455] 085620 미래에셋생명 corp=00112332
22:55:46 [248/455] 007310 오뚜기 corp=00141529
22:55:56 [249/455] 222800 심텍 corp=01095722
22:56:06 [250/455] 006040 동원산업 corp=00118026
22:56:17 [251/455] 348370 엔켐 corp=01011526
22:56:27 [252/455] 031980 피에스케이홀딩스 corp=00208444
22:56:37 [253/455] 003530 한화투자증권 corp=00148610
22:56:47 [254/455] 080220 제주반도체 corp=00447487
22:56:58 [255/455] 281740 레이크머티리얼즈 corp=01255652
22:57:08 [256/455] 089030 테크윙 corp=00535676
22:57:18 [257/455] 003090 대웅 corp=00111810
22:57:29 [258/455] 038500 삼표시멘트 corp=00239639
22:57:39 [259/455] 001800 오리온홀딩스 corp=00117577
22:57:49 [260/455] 294870 HDC현대산업개발 corp=01310269
22:57:59 [261/455] 007390 네이처셀 corp=00117276
22:58:10 [262/455] 090710 휴림로봇 corp=00540429
22:58:20 [263/455] 195940 HK이노엔 corp=01012066
22:58:30 [264/455] 058470 리노공업 corp=00369657
22:58:41 [265/455] 397030 에이프릴바이오 corp=01375822
22:58:58 [266/455] 096530 씨젠 corp=00788773
22:59:08 [267/455] 476830 알지노믹스 corp=01596920
22:59:25 [268/455] 950160 코오롱티슈진 corp=01245062
22:59:44 [269/455] 056080 유진로봇 corp=00234227
22:59:54 [270/455] 005300 롯데칠성음료 corp=00120571
23:00:04 [271/455] 007810 코리아써키트 corp=00152686
23:00:15 [272/455] 388720 유일로보틱스 corp=01152586
23:00:25 [273/455] 122870 와이지엔터테인먼트 corp=00613318
23:00:35 [274/455] 012630 HDC corp=00164636
23:00:46 [275/455] 229640 LS에코에너지 corp=01093007
23:00:56 [276/455] 078600 대주전자재료 corp=00177816
23:01:06 [277/455] 189300 인텔리안테크 corp=00664181
23:01:17 [278/455] 218410 RFHIC corp=01078178
23:01:27 [279/455] 043260 성호전자 corp=00317210
23:01:37 [280/455] 095610 테스 corp=00524421
23:01:48 [281/455] 499790 GS피앤엘 corp=01882845
23:01:58 [282/455] 000080 하이트진로 corp=00150244
23:02:08 [283/455] 484870 엠앤씨솔루션 corp=01519790
23:02:26 [284/455] 293490 카카오게임즈 corp=01137383
23:02:36 [285/455] 181710 NHN corp=00983271
23:02:46 [286/455] 100790 미래에셋벤처투자 corp=00340096
23:02:57 [287/455] 004000 롯데정밀화학 corp=00157681
23:03:07 [288/455] 204270 제이앤티씨 corp=00447575
23:03:17 [289/455] 280360 롯데웰푸드 corp=01258507
23:03:28 [290/455] 185750 종근당 corp=00992871
23:03:38 [291/455] 003240 태광산업 corp=00153393
23:03:48 [292/455] 137400 피엔티 corp=00612294
23:03:58 [293/455] 131970 두산테스나 corp=00563545
23:04:09 [294/455] 001740 SK네트웍스 corp=00131780
23:04:19 [295/455] 328130 루닛 corp=01397620
23:04:29 [296/455] 115180 큐리언트 corp=01042650
23:04:40 [297/455] 166090 하나머티리얼즈 corp=00660750
23:04:50 [298/455] 036540 SFA반도체 corp=00301246
23:05:01 [299/455] 006120 SK디스커버리 corp=00131832
23:05:11 [300/455] 192080 더블유게임즈 corp=01010110
23:05:21 [301/455] 298050 HS효성첨단소재 corp=01316254
23:05:31 [302/455] 085660 차바이오텍 corp=00525679
23:05:42 [303/455] 006730 서부T&D corp=00130383
23:05:52 [304/455] 124500 아이티센글로벌 corp=00620868
23:06:02 [305/455] 183300 코미코 corp=00997812
23:06:13 [306/455] 161580 필옵틱스 corp=00938721
23:06:23 [307/455] 056190 에스에프에이 corp=00358271
23:06:33 [308/455] 285130 SK케미칼 corp=01267170
23:06:43 [309/455] 417200 LS머트리얼즈 corp=01528141
23:06:54 [310/455] 006650 대한유화 corp=00260383
23:07:04 [311/455] 241710 코스메카코리아 corp=00763473
23:07:14 [312/455] 100090 SK오션플랜트 corp=00480367
23:07:25 [313/455] 071320 지역난방공사 corp=00159698
23:07:35 [314/455] 036830 솔브레인홀딩스 corp=00247975
23:07:45 [315/455] 213420 덕산네오룩스 corp=01061558
23:07:56 [316/455] 000210 DL corp=00109693
23:08:06 [317/455] 174900 앱클론 corp=00991191
23:08:24 [318/455] 032190 다우데이타 corp=00238782
23:08:35 [319/455] 075580 세진중공업 corp=00415628
23:08:45 [320/455] 295310 에이치브이엠 corp=01011368
23:09:02 [321/455] 003160 디아이 corp=00118275
23:09:12 [322/455] 249420 일동제약 corp=01168383
23:09:23 [323/455] 086900 메디톡스 corp=00580199
23:09:33 [324/455] 003470 유안타증권 corp=00117601
23:09:43 [325/455] 376300 디어유 corp=01456011
23:09:53 [326/455] 195870 해성디에스 corp=01032413
23:10:04 [327/455] 079160 CJ CGV corp=00303873
23:10:20 [328/455] 347700 스피어 corp=01336762
23:10:30 [329/455] 005690 파미셀 corp=00145163
23:10:48 [330/455] 100840 SNT에너지 corp=00648721
23:10:59 [331/455] 475150 SK이터닉스 corp=01817081
23:11:09 [332/455] 131290 티에스이 corp=00372226
23:11:19 [333/455] 281820 케이씨텍 corp=01261893
23:11:30 [334/455] 014620 성광벤드 corp=00132318
23:11:40 [335/455] 057050 현대홈쇼핑 corp=00412597
23:11:50 [336/455] 171090 선익시스템 corp=00327819
23:12:00 [337/455] 060370 LS마린솔루션 corp=00225742
23:12:11 [338/455] 222080 씨아이에스 corp=01090471
23:12:21 [339/455] 112040 위메이드 corp=00444329
23:12:31 [340/455] 033240 자화전자 corp=00146861
23:12:42 [341/455] 036810 에프에스티 corp=00223434
23:12:52 [342/455] 064960 SNT모티브 corp=00398792
23:13:02 [343/455] 322000 HD현대에너지솔루션 corp=01199550
23:13:13 [344/455] 010780 아이에스동서 corp=00115977
23:13:23 [345/455] 079900 전진건설로봇 corp=00372129
23:13:33 [346/455] 108320 LX세미콘 corp=00525934
23:13:43 [347/455] 052400 코나아이 corp=00349732
23:13:54 [348/455] 248070 솔루엠 corp=01159233
23:14:04 [349/455] 000370 한화손해보험 corp=00135917
23:14:14 [350/455] 347850 디앤디파마텍 corp=01376715
23:14:24 [351/455] 000500 가온전선 corp=00104768
23:14:35 [352/455] 348340 뉴로메카 corp=01336461
23:14:45 [353/455] 089970 브이엠 corp=00544577
23:14:55 [354/455] 093370 후성 corp=00595191
23:15:06 [355/455] 121600 나노신소재 corp=00439965
23:15:16 [356/455] 060250 NHN KCP corp=00357740
23:15:26 [357/455] 102710 이엔에프테크놀로지 corp=00530185
23:15:37 [358/455] 033500 동성화인텍 corp=00231105
23:15:47 [359/455] 033100 제룡전기 corp=00185356
23:16:05 [360/455] 042000 카페24 corp=00260879
23:16:15 [361/455] 114090 GKL corp=00557508
23:16:26 [362/455] 214430 아이쓰리시스템 corp=00612489
23:16:36 [363/455] 009520 포스코엠텍 corp=00128111
23:16:46 [364/455] 214320 이노션 corp=00565154
23:16:57 [365/455] 039130 하나투어 corp=00269940
23:17:07 [366/455] 069260 티케이지휴켐스 corp=00426086
23:17:17 [367/455] 001060 JW중외제약 corp=00149947
23:17:33 [368/455] 001680 대상 corp=00121941
23:17:43 [369/455] 086450 동국제약 corp=00114808
23:17:53 [370/455] 002020 코오롱 corp=00152862
23:18:04 [371/455] 225570 넥슨게임즈 corp=01096341
23:18:14 [372/455] 003620 KG모빌리티 corp=00138242
23:18:24 [373/455] 067160 SOOP corp=00399694
23:18:35 [374/455] 348210 넥스틴 corp=01080252
23:18:45 [375/455] 389470 인벤티지랩 corp=01516456
23:18:55 [376/455] 456040 OCI corp=01760738
23:19:05 [377/455] 365340 성일하이텍 corp=01274329
23:19:22 [378/455] 023160 태광 corp=00153375
23:19:32 [379/455] 272290 이녹스첨단소재 corp=01237540
23:19:42 [380/455] 074600 원익QnC corp=00468374
23:19:53 [381/455] 399720 가온칩스 corp=01364747
23:20:03 [382/455] 025980 아난티 corp=00161781
23:20:13 [383/455] 090360 로보스타 corp=00536523
23:20:24 [384/455] 078160 메디포스트 corp=00453929
23:20:34 [385/455] 077970 STX엔진 corp=00480455
23:20:44 [386/455] 420770 기가비스 corp=00765569
23:20:54 [387/455] 383310 에코프로에이치엔 corp=01566248
23:21:04 [388/455] 127120 제이에스링크 corp=00642541
23:21:15 [389/455] 090460 비에이치 corp=00447609
23:21:25 [390/455] 060280 큐렉소 corp=00356802
23:21:36 [391/455] 018290 브이티 corp=00150165
23:21:46 [392/455] 251970 펌텍코리아 corp=00761059
23:22:01 [393/455] 336570 원텍 corp=01407909
23:22:12 [394/455] 253590 네오셈 corp=01170865
23:22:22 [395/455] 287840 인투셀 corp=01374443
23:22:39 [396/455] 372320 큐로셀 corp=01492651
23:22:50 [397/455] 130660 한전산업 corp=00194947
23:23:00 [398/455] 005880 대한해운 corp=00113535
23:23:10 [399/455] 475960 토모큐브 corp=01573336
23:23:21 [400/455] 126340 비나텍 corp=00563518
23:23:31 [401/455] 041960 코미팜 corp=00187415
23:23:41 [402/455] 252990 샘씨엔에스 corp=01199727
23:23:58 [403/455] 041190 우리기술투자 corp=00231664
23:24:09 [404/455] 358570 지아이이노베이션 corp=01351080
23:24:26 [405/455] 016610 DB증권 corp=00115694
23:24:43 [406/455] 044490 태웅 corp=00186799
23:25:01 [407/455] 005420 코스모화학 corp=00160302
23:25:12 [408/455] 015750 성우하이텍 corp=00132992
23:25:22 [409/455] 336370 솔루스첨단소재 corp=01412822
23:25:32 [410/455] 004690 삼천리 corp=00128555
23:25:42 [411/455] 036620 감성코퍼레이션 corp=00261009
23:25:53 [412/455] 025320 시노펙스 corp=00203023
23:26:03 [413/455] 053610 프로텍 corp=00325112
23:26:13 [414/455] 119850 지엔씨에너지 corp=00626464
23:26:24 [415/455] 027360 아주IB투자 corp=00156895
23:26:34 [416/455] 460930 현대힘스 corp=00667373
23:26:44 [417/455] 178920 PI첨단소재 corp=00767460
23:27:02 [418/455] 094170 동운아나텍 corp=00695969
23:27:21 [419/455] 064260 다날 corp=00389970
23:27:31 [420/455] 389650 넥스트바이오메디컬 corp=01385050
23:27:48 [421/455] 042520 한스바이오메드 corp=00349060
23:27:58 [422/455] 001510 SK증권 corp=00131850
23:28:09 [423/455] 005090 SGC에너지 corp=00125150
23:28:19 [424/455] 192650 드림텍 corp=00415646
23:28:29 [425/455] 003030 세아제강지주 corp=00124197
23:28:40 [426/455] 104830 원익머트리얼즈 corp=00623661
23:28:50 [427/455] 050890 쏠리드 corp=00364403
23:29:00 [428/455] 030520 한글과컴퓨터 corp=00204262
23:29:11 [429/455] 039440 에스티아이 corp=00298340
23:29:21 [430/455] 145720 덴티움 corp=00526599
23:29:31 [431/455] 059090 미코 corp=00366942
23:29:42 [432/455] 356860 티엘비 corp=00920379
23:29:52 [433/455] 114810 한솔아이원스 corp=00625942
23:30:02 [434/455] 083450 GST corp=00540863
23:30:13 [435/455] 105840 우진 corp=00173944
23:30:23 [436/455] 200710 에이디테크놀로지 corp=00657002
23:30:33 [437/455] 079370 제우스 corp=00442570
23:30:44 [438/455] 045100 한양이엔지 corp=00216762
23:30:54 [439/455] 278280 천보 corp=00897752
23:31:04 [440/455] 006220 제주은행 corp=00148832
23:31:14 [441/455] 425420 티에프이 corp=01035368
23:31:25 [442/455] 089010 켐트로닉스 corp=00371485
23:31:35 [443/455] 215600 신라젠 corp=00919966
23:31:45 [444/455] 376900 로킷헬스케어 corp=01335143
23:31:56 [445/455] 206650 유바이오로직스 corp=00927558
23:32:06 [446/455] 368770 파이버프로 corp=01513440
23:32:16 [447/455] 041920 메디아나 corp=00273439
23:32:26 [448/455] 048410 현대바이오 corp=00313649
23:32:37 [449/455] 011930 신성이엔지 corp=00136271
23:32:47 [450/455] 122640 예스티 corp=00530556
23:32:58 [451/455] 082920 비츠로셀 corp=00154718
23:33:08 [452/455] 117730 티로보틱스 corp=00867098
23:33:18 [453/455] 001500 현대차증권 corp=00137997
23:33:28 [454/455] 476060 온코닉테라퓨틱스 corp=01632912
23:33:45 [455/455] 456160 지투지바이오 corp=01577952
23:34:02 [OK] saved: data\processed\fundamentals_quarterly__asof=2026-03-29__src=dart__fs=CFS__y=2016-2025__v=1.parquet rows=14709 new_rows=14709 tickers_ok=455 skipped=0 err=0
23:34:02 [CHECK] quarter coverage:
23:34:02   - (2016, 1): 284
23:34:02   - (2016, 2): 288
23:34:02   - (2016, 3): 290
23:34:02   - (2016, 4): 298
23:34:02   - (2017, 1): 301
23:34:02   - (2017, 2): 310
23:34:02   - (2017, 3): 314
23:34:02   - (2017, 4): 322
23:34:02   - (2018, 1): 321
23:34:02   - (2018, 2): 325
23:34:02   - (2018, 3): 327
23:34:02   - (2018, 4): 336
23:34:02   - (2019, 1): 336
23:34:02   - (2019, 2): 339
23:34:02   - (2019, 3): 339
23:34:02   - (2019, 4): 346
23:34:02   - (2020, 1): 346
23:34:02   - (2020, 2): 348
23:34:02   - (2020, 3): 352
23:34:02   - (2020, 4): 361
23:34:02   - (2021, 1): 362
23:34:02   - (2021, 2): 367
23:34:02   - (2021, 3): 369
23:34:02   - (2021, 4): 373
23:34:02   - (2022, 1): 375
23:34:02   - (2022, 2): 379
23:34:02   - (2022, 3): 382
23:34:02   - (2022, 4): 387
23:34:02   - (2023, 1): 387
23:34:02   - (2023, 2): 391
23:34:02   - (2023, 3): 431
23:34:02   - (2023, 4): 435
23:34:02   - (2024, 1): 437
23:34:02   - (2024, 2): 443
23:34:02   - (2024, 3): 449
23:34:02   - (2024, 4): 455
23:34:02   - (2025, 1): 455
23:34:02   - (2025, 2): 455
23:34:02   - (2025, 3): 455
23:34:02   - (2025, 4): 439
