19:57:51 [INFO] year range 2016..2025
19:57:51 [INFO] mode=universe metric=revenue_op merge_existing=False
19:57:51 [INFO] primary fs_div=CFS (fallback enabled)
19:57:51 [INFO] universe=data\processed\universe__asof=2025-11-16__metric=revenue_op__v=1.csv rows=456
19:57:51 [INFO] input tickers rows=456 mode=universe
19:57:51 [INFO] corp_codes rows=3915
19:57:51 [CHECK] corp_code missing ratio=0.000
19:57:51 [INFO] corp_code usable rows: 456 -> 456
19:57:51 [INFO] existing fundamentals rows=14717 from data\processed\fundamentals_quarterly__asof=2025-11-16__src=dart__fs=CFS__y=2016-2025__v=1.parquet
19:57:51 [1/456] 005930 삼성전자 corp=00126380
19:58:07 [2/456] 000660 SK하이닉스 corp=00164779
19:58:23 [3/456] 005380 현대자동차 corp=00164742
19:58:39 [4/456] 373220 LG에너지솔루션 corp=01515323
19:58:55 [5/456] 402340 SK스퀘어 corp=01596425
19:59:12 [6/456] 105560 KB금융 corp=00688996
19:59:29 [7/456] 000270 기아 corp=00106641
19:59:45 [8/456] 034020 두산에너빌리티 corp=00159616
20:00:01 [9/456] 028260 삼성물산 corp=00149655
20:00:18 [10/456] 068270 셀트리온 corp=00413046
20:00:35 [11/456] 055550 신한지주 corp=00382199
20:00:52 [12/456] 012450 한화에어로스페이스 corp=00126566
20:01:09 [13/456] 329180 HD현대중공업 corp=01390344
20:01:25 [14/456] 006800 미래에셋증권 corp=00111722
20:01:42 [15/456] 032830 삼성생명 corp=00126256
20:01:59 [16/456] 012330 현대모비스 corp=00164788
20:02:16 [17/456] 035420 NAVER corp=00266961
20:02:32 [18/456] 042660 한화오션 corp=00111704
20:02:48 [19/456] 015760 한국전력공사 corp=00159193
20:03:05 [20/456] 086790 하나금융지주 corp=00547583
20:03:22 [21/456] 010130 고려아연 corp=00102858
20:03:38 [22/456] 267260 HD현대일렉트릭 corp=01205851
20:03:53 [23/456] 005490 POSCO홀딩스 corp=00155319
20:04:09 [24/456] 316140 우리금융지주 corp=01350869
20:04:26 [25/456] 009540 HD한국조선해양 corp=00164830
20:04:42 [26/456] 000810 삼성화재해상보험 corp=00139214
20:04:59 [27/456] 138040 메리츠금융지주 corp=00860332
20:05:17 [28/456] 006400 삼성SDI corp=00126362
20:05:33 [29/456] 034730 SK corp=00181712
20:05:49 [30/456] 035720 카카오 corp=00258801
20:06:05 [31/456] 010140 삼성중공업 corp=00126478
20:06:20 [32/456] 009150 삼성전기 corp=00126371
20:06:36 [33/456] 051910 LG화학 corp=00356361
20:06:52 [34/456] 298040 효성중공업 corp=01316245
20:07:08 [35/456] 064350 현대로템 corp=00302926
20:07:24 [36/456] 033780 케이티앤지 corp=00244455
20:07:40 [37/456] 066570 LG전자 corp=00401731
20:07:56 [38/456] 024110 기업은행 corp=00149646
20:08:14 [39/456] 196170 알테오젠 corp=00989619
20:08:30 [40/456] 267250 HD현대 corp=01205709
20:08:45 [41/456] 000150 두산 corp=00117212
20:09:02 [42/456] 086520 에코프로 corp=00536541
20:09:18 [43/456] 010120 엘에스일렉트릭 corp=00105855
20:09:34 [44/456] 042700 한미반도체 corp=00161383
20:09:50 [45/456] 272210 한화시스템 corp=00339391
20:10:06 [46/456] 247540 에코프로비엠 corp=01160363
20:10:23 [47/456] 086280 현대글로비스 corp=00360595
20:10:40 [48/456] 011200 HMM corp=00164645
20:10:55 [49/456] 017670 SK텔레콤 corp=00159023
20:11:12 [50/456] 003670 포스코퓨처엠 corp=00155276
20:11:27 [51/456] 047810 한국항공우주 corp=00309503
20:11:43 [52/456] 096770 SK이노베이션 corp=00631518
20:11:59 [53/456] 030200 케이티 corp=00190321
20:12:16 [54/456] 352820 하이브 corp=01204056
20:12:32 [55/456] 003550 LG corp=00120021
20:12:48 [56/456] 071050 한국금융지주 corp=00432102
20:13:05 [57/456] 039490 키움증권 corp=00296290
20:13:22 [58/456] 018260 삼성에스디에스 corp=00126186
20:13:37 [59/456] 323410 카카오뱅크 corp=01133217
20:13:55 [60/456] 277810 레인보우로보틱스 corp=01261644
20:14:11 [61/456] 005830 DB손해보험 corp=00159102
20:14:29 [62/456] 000720 현대건설 corp=00164478
20:14:45 [63/456] 000250 삼천당제약 corp=00128546
20:15:01 [64/456] 259960 크래프톤 corp=00760971
20:15:18 [65/456] 307950 현대오토에버 corp=00362441
20:15:33 [66/456] 010950 S-Oil corp=00138279
20:15:49 [67/456] 047050 포스코인터내셔널 corp=00124504
20:16:05 [68/456] 000880 한화 corp=00160588
20:16:22 [69/456] 278470 에이피알 corp=01190568
20:16:38 [70/456] 079550 LIG넥스원 corp=00503668
20:16:54 [71/456] 005940 NH투자증권 corp=00120182
20:17:11 [72/456] 090430 아모레퍼시픽 corp=00583424
20:17:28 [73/456] 003490 대한항공 corp=00113526
20:17:44 [74/456] 180640 한진칼 corp=00983040
20:18:00 [75/456] 016360 삼성증권 corp=00104856
20:18:17 [76/456] 003230 삼양식품 corp=00126955
20:18:32 [77/456] 161390 한국타이어앤테크놀로지 corp=00937324
20:18:48 [78/456] 298380 에이비엘바이오 corp=01256864
20:19:05 [79/456] 000100 유한양행 corp=00145109
20:19:21 [80/456] 326030 에스케이바이오팜 corp=00878696
20:19:37 [81/456] 377300 카카오페이 corp=01244601
20:19:54 [82/456] 006260 LS corp=00105952
20:20:10 [83/456] 009830 한화솔루션 corp=00162461
20:20:26 [84/456] 128940 한미약품 corp=00828497
20:20:42 [85/456] 443060 HD현대마린솔루션 corp=01194689
20:20:59 [86/456] 032640 LG유플러스 corp=00231363
20:21:15 [87/456] 029780 삼성카드 corp=00126292
20:21:32 [88/456] 138930 BNK금융지주 corp=00858364
20:21:50 [89/456] 175330 JB금융지주 corp=00980122
20:22:08 [90/456] 028300 HLB corp=00199252
20:22:24 [91/456] 001040 CJ corp=00148540
20:22:41 [92/456] 028050 삼성E&A corp=00126308
20:22:56 [93/456] 021240 코웨이 corp=00170558
20:23:13 [94/456] 078930 GS corp=00500254
20:23:30 [95/456] 214370 케어젠 corp=00549891
20:23:45 [96/456] 454910 두산로보틱스 corp=01105153
20:24:02 [97/456] 241560 두산밥캣 corp=01032486
20:24:49 [98/456] 141080 리가켐바이오 corp=00842619
20:25:06 [99/456] 007660 이수페타시스 corp=00107613
20:25:22 [100/456] 064400 LG씨엔에스 corp=00139834
20:25:40 [101/456] 001440 대한전선 corp=00113207
20:25:56 [102/456] 022100 포스코DX corp=00155212
20:26:13 [103/456] 034220 LG디스플레이 corp=00105873
20:26:29 [104/456] 011070 LG이노텍 corp=00105961
20:26:45 [105/456] 087010 펩트론 corp=00415868
20:27:03 [106/456] 052690 한전기술 corp=00159209
20:27:21 [107/456] 271560 오리온 corp=01238169
20:27:37 [108/456] 240810 원익IPS corp=01135941
20:27:53 [109/456] 002380 케이씨씨 corp=00105271
20:28:09 [110/456] 251270 넷마블 corp=00904672
20:28:25 [111/456] 036570 엔씨소프트 corp=00261443
20:28:42 [112/456] 450080 에코프로머티 corp=01311408
20:29:00 [113/456] 082740 한화엔진 corp=00361008
20:29:18 [114/456] 039030 이오테크닉스 corp=00246417
20:29:35 [115/456] 004020 현대제철 corp=00145880
20:29:50 [116/456] 062040 산일전기 corp=00366438
20:30:08 [117/456] 011780 금호석유화학 corp=00106368
20:30:24 [118/456] 140410 메지온 corp=00808022
20:30:40 [119/456] 051900 LG생활건강 corp=00356370
20:30:57 [120/456] 088350 한화생명 corp=00113058
20:31:14 [121/456] 214150 클래시스 corp=01061327
20:31:30 [122/456] 000990 DB하이텍 corp=00160843
20:31:47 [123/456] 066970 엘앤에프 corp=00398701
20:32:03 [124/456] 011790 SKC corp=00139889
20:32:20 [125/456] 017800 현대엘리베이터 corp=00164724
20:32:36 [126/456] 035250 강원랜드 corp=00255619
20:32:53 [127/456] 111770 영원무역 corp=00776820
20:33:09 [128/456] 310210 보로노이 corp=01327746
20:33:25 [129/456] 036460 한국가스공사 corp=00261285
20:33:42 [130/456] 302440 SK바이오사이언스 corp=01319899
20:33:59 [131/456] 004990 롯데지주 corp=00120562
20:34:28 [WARN] finstate_all corp=00120562 year=2020 reprt=11012 fs=CFS try=1/4 err=ConnectTimeout: HTTPSConnectionPool(host='opendart.fss.or.kr', port=443): Max retries exceeded with url: /api/fnlttSinglAcntAll.json?crtfc_key=75a12698fc0c7458be36a673011d7c3479f890ed&corp_code=00120562&bsns_year=2020&reprt_code=11012&fs_div=CFS (Caused by ConnectTimeoutError(<HTTPSConnection(host='opendart.fss.or.kr', port=443) at 0x1b3ac14a8d0>, 'Connection to opendart.fss.or.kr timed out. (connect timeout=None)'))
20:34:38 [132/456] 001720 신영증권 corp=00136721
20:34:55 [133/456] 214450 파마리서치 corp=00970453
20:35:11 [134/456] 095340 ISC corp=00572905
20:35:28 [135/456] 004170 신세계 corp=00136378
20:35:44 [136/456] 108490 로보티즈 corp=00946030
20:36:00 [137/456] 403870 HPSP corp=01288827
20:36:18 [138/456] 139130 iM금융지주 corp=00878915
20:36:35 [139/456] 012750 에스원 corp=00158501
20:36:51 [140/456] 011170 롯데케미칼 corp=00165413
20:37:07 [141/456] 014680 한솔케미칼 corp=00140955
20:37:23 [142/456] 103590 일진전기 corp=00683469
20:37:39 [143/456] 097950 CJ제일제당 corp=00635134
20:37:55 [144/456] 319400 현대무벡스 corp=01358463
20:38:12 [145/456] 263750 펄어비스 corp=01152470
20:38:28 [146/456] 023530 롯데쇼핑 corp=00120526
20:38:44 [147/456] 000120 CJ대한통운 corp=00113410
20:39:00 [148/456] 145020 휴젤 corp=00888347
20:39:16 [149/456] 081660 미스토홀딩스 corp=00195229
20:39:32 [150/456] 009970 영원무역홀딩스 corp=00140964
20:39:47 [151/456] 001450 현대해상 corp=00164973
20:40:05 [152/456] 139480 이마트 corp=00872984
20:40:21 [153/456] 357780 솔브레인 corp=01489648
20:40:37 [154/456] 489790 한화비전 corp=01867758
20:40:54 [155/456] 103140 풍산 corp=00684714
20:41:10 [156/456] 047040 대우건설 corp=00124540
20:41:26 [157/456] 018880 한온시스템 corp=00161125
20:41:42 [158/456] 457190 이수스페셜티케미컬 corp=01762569
20:42:00 [159/456] 068760 셀트리온제약 corp=00541349
20:42:17 [160/456] 058610 에스피지 corp=00220686
20:42:33 [161/456] 237690 에스티팜 corp=00871833
20:42:48 [162/456] 000240 한국앤컴퍼니 corp=00160047
20:43:04 [163/456] 010060 OCI홀딩스 corp=00148896
20:43:20 [164/456] 026960 동서 corp=00144395
20:43:36 [165/456] 009420 한올바이오파마 corp=00162586
20:43:51 [166/456] 008930 한미사이언스 corp=00161426
20:44:08 [167/456] 353200 대덕전자 corp=01478712
20:44:24 [168/456] 002790 아모레퍼시픽홀딩스 corp=00154462
20:44:40 [169/456] 071970 HD현대마린엔진 corp=00406046
20:44:56 [170/456] 004370 농심 corp=00108241
20:45:12 [171/456] 204320 HL만도 corp=01042775
20:45:28 [172/456] 041510 에스엠 corp=00260930
20:45:45 [173/456] 028670 팬오션 corp=00122737
20:46:01 [174/456] 030530 원익홀딩스 corp=00216647
20:46:17 [175/456] 004800 효성 corp=00117188
20:46:33 [176/456] 012510 더존비즈온 corp=00172291
20:46:49 [177/456] 383220 F&F corp=01568413
20:47:05 [178/456] 001430 세아베스틸지주 corp=00106669
20:47:22 [179/456] 005290 동진쎄미켐 corp=00118804
20:47:38 [180/456] 003690 코리안리 corp=00113191
20:47:55 [181/456] 051600 한전KPS corp=00159218
20:48:11 [182/456] 257720 실리콘투 corp=00982023
20:48:27 [183/456] 267270 HD건설기계 corp=01205842
20:48:42 [184/456] 440110 파두 corp=01292291
20:48:59 [185/456] 084370 유진테크 corp=00531014
20:49:15 [186/456] 030000 제일기획 corp=00148276
20:49:31 [187/456] 035900 JYP Ent. corp=00258689
20:49:47 [188/456] 023590 다우기술 corp=00176914
20:50:03 [189/456] 069960 현대백화점 corp=00428251
20:50:19 [190/456] 005850 에스엘 corp=00125521
20:50:35 [191/456] 036930 주성엔지니어링 corp=00252135
20:50:52 [192/456] 282330 BGF리테일 corp=01263022
20:51:08 [193/456] 064760 티씨케이 corp=00245472
20:51:26 [194/456] 226950 올릭스 corp=01113718
20:51:42 [195/456] 083650 비에이치아이 corp=00409788
20:51:58 [196/456] 336260 두산퓨얼셀 corp=01412725
20:52:16 [197/456] 192820 코스맥스 corp=01009789
20:52:32 [198/456] 011210 현대위아 corp=00106623
20:52:48 [199/456] 005440 현대지에프홀딩스 corp=00105280
20:53:04 [200/456] 067310 하나마이크론 corp=00445054
20:53:20 [201/456] 290650 엘앤씨바이오 corp=01181515
20:53:36 [202/456] 018670 SK가스 corp=00144164
20:53:52 [203/456] 098460 고영 corp=00579999
20:54:08 [204/456] 475830 오름테라퓨틱 corp=01658831
20:54:25 [205/456] 375500 DL이앤씨 corp=01524093
20:54:42 [206/456] 003540 대신증권 corp=00110893
20:54:58 [207/456] 099320 쎄트렉아이 corp=00449254
20:55:14 [208/456] 458870 씨어스테크놀로지 corp=01514227
20:55:31 [209/456] 178320 서진시스템 corp=00838005
20:55:47 [210/456] 006280 녹십자 corp=00129679
20:56:03 [211/456] 073240 금호타이어 corp=00481454
20:56:19 [212/456] 065350 신성델타테크 corp=00136226
20:56:36 [213/456] 097230 HJ중공업 corp=00633835
20:56:51 [214/456] 483650 달바글로벌 corp=01649204
20:57:09 [215/456] 032820 우리기술 corp=00231044
20:57:25 [216/456] 069620 대웅제약 corp=00427483
20:57:41 [217/456] 020150 롯데에너지머티리얼즈 corp=00113997
20:57:57 [218/456] 160190 하이젠알앤엠 corp=00650771
20:58:14 [219/456] 007340 DN오토모티브 corp=00116949
20:58:30 [220/456] 039200 오스코텍 corp=00263654
20:58:46 [221/456] 101490 에스앤에스텍 corp=00411048
20:59:04 [222/456] 032350 롯데관광개발 corp=00231372
20:59:38 [223/456] 008770 호텔신라 corp=00165680
20:59:54 [224/456] 034230 파라다이스 corp=00171265
21:00:10 [225/456] 006360 GS건설 corp=00120030
21:00:26 [226/456] 007070 GS리테일 corp=00140177
21:00:44 [227/456] 323280 태성 corp=01366000
21:01:00 [228/456] 361610 SK아이이테크놀로지 corp=01386916
21:01:17 [229/456] 003570 SNT다이내믹스 corp=00134477
21:01:33 [230/456] 445680 큐리옥스바이오시스템즈 corp=01498974
21:01:50 [231/456] 017960 한국카본 corp=00159795
21:02:07 [232/456] 112610 씨에스윈드 corp=00670340
21:02:22 [233/456] 140860 파크시스템스 corp=00244747
21:02:37 [234/456] 001120 LX인터내셔널 corp=00120076
21:02:54 [235/456] 298020 효성티앤씨 corp=01316227
21:03:10 [236/456] 120110 코오롱인더 corp=00795135
21:03:26 [237/456] 005070 코스모신소재 corp=00129989
21:03:45 [238/456] 161890 한국콜마 corp=00939331
21:04:01 [239/456] 003380 하림지주 corp=00148364
21:04:18 [240/456] 319660 피에스케이 corp=01365825
21:04:35 [241/456] 082270 젬백스 corp=00492894
21:04:52 [242/456] 232140 와이씨 corp=01109539
21:05:10 [243/456] 437730 삼현 corp=00262266
21:05:27 [244/456] 035760 CJ ENM corp=00265324
21:05:44 [245/456] 466100 클로봇 corp=01784914
21:06:01 [246/456] 085620 미래에셋생명 corp=00112332
21:06:19 [247/456] 007310 오뚜기 corp=00141529
21:06:35 [248/456] 222800 심텍 corp=01095722
21:06:52 [249/456] 006040 동원산업 corp=00118026
21:07:08 [250/456] 030610 교보증권 corp=00113359
21:07:25 [251/456] 348370 엔켐 corp=01011526
21:07:42 [252/456] 031980 피에스케이홀딩스 corp=00208444
21:07:58 [253/456] 003530 한화투자증권 corp=00148610
21:08:15 [254/456] 080220 제주반도체 corp=00447487
21:08:31 [255/456] 281740 레이크머티리얼즈 corp=01255652
21:08:48 [256/456] 089030 테크윙 corp=00535676
21:09:04 [257/456] 003090 대웅 corp=00111810
