11:11:45 [INFO] year range 2016..2025
11:11:45 [INFO] mode=universe metric=revenue_op merge_existing=True
11:11:45 [INFO] primary fs_div=CFS (fallback enabled)
11:11:45 [INFO] explicit tickers rows=1
11:11:45 [INFO] explicit tickers provided -> restrict mode enabled
11:11:45 [INFO] corp_codes rows=3915
11:11:45 [CHECK] corp_code missing ratio=0.000
11:11:45 [INFO] corp_code usable rows: 1 -> 1
11:11:45 [INFO] existing fundamentals rows=14023 from data\processed\fundamentals_quarterly__asof=2026-03-29__src=dart__fs=CFS__y=2016-2025__v=1.parquet
11:11:46 [1/1] 058470 리노공업 corp=00369657
11:12:04 [OK] saved: data\processed\fundamentals_quarterly__asof=2026-03-29__src=dart__fs=CFS__y=2016-2025__v=1.parquet rows=14063 new_rows=40 tickers_ok=1 skipped=0 err=0
11:12:04 [CHECK] quarter coverage:
11:12:04   - (2016, 1): 274
11:12:04   - (2016, 2): 278
11:12:04   - (2016, 3): 280
11:12:04   - (2016, 4): 288
11:12:04   - (2017, 1): 291
11:12:04   - (2017, 2): 300
11:12:04   - (2017, 3): 303
11:12:04   - (2017, 4): 310
11:12:04   - (2018, 1): 309
11:12:04   - (2018, 2): 313
11:12:04   - (2018, 3): 315
11:12:04   - (2018, 4): 324
11:12:04   - (2019, 1): 324
11:12:04   - (2019, 2): 326
11:12:04   - (2019, 3): 326
11:12:04   - (2019, 4): 333
11:12:04   - (2020, 1): 333
11:12:04   - (2020, 2): 335
11:12:04   - (2020, 3): 339
11:12:04   - (2020, 4): 348
11:12:04   - (2021, 1): 349
11:12:04   - (2021, 2): 353
11:12:04   - (2021, 3): 355
11:12:04   - (2021, 4): 359
11:12:04   - (2022, 1): 361
11:12:04   - (2022, 2): 365
11:12:04   - (2022, 3): 365
11:12:04   - (2022, 4): 368
11:12:04   - (2023, 1): 368
11:12:04   - (2023, 2): 372
11:12:04   - (2023, 3): 410
11:12:04   - (2023, 4): 413
11:12:04   - (2024, 1): 415
11:12:04   - (2024, 2): 419
11:12:04   - (2024, 3): 423
11:12:04   - (2024, 4): 427
11:12:04   - (2025, 1): 427
11:12:04   - (2025, 2): 427
11:12:04   - (2025, 3): 427
11:12:04   - (2025, 4): 411
