17:33:04 [INFO] year range 2015..2024
17:33:04 [INFO] mode=universe metric=revenue_op merge_existing=False
17:33:04 [INFO] primary fs_div=CFS (fallback enabled)
17:33:04 [INFO] universe=data\processed\universe__asof=2025-11-16__src=phase1__mcap_top=800__trd_bot=0.1__v=1.parquet rows=456
17:33:04 [INFO] input tickers rows=456 mode=universe
17:33:04 [INFO] corp_codes rows=3914
17:33:04 [CHECK] corp_code missing ratio=0.000
17:33:04 [INFO] corp_code usable rows: 456 -> 456
17:33:04 [INFO] no existing fundamentals cache at data\processed\fundamentals_quarterly__asof=2025-11-16__src=dart__fs=CFS__y=2015-2024__v=1.parquet
17:33:04 [1/456] 005930 삼성전자 corp=00126380
17:33:21 [2/456] 000660 SK하이닉스 corp=00164779
17:33:38 [3/456] 005380 현대자동차 corp=00164742
17:33:55 [4/456] 373220 LG에너지솔루션 corp=01515323
17:34:12 [5/456] 402340 SK스퀘어 corp=01596425
17:34:35 [WARN] finstate_all corp=01596425 year=2015 reprt=11011 fs=OFS try=1/4 err=ConnectTimeout: HTTPSConnectionPool(host='opendart.fss.or.kr', port=443): Max retries exceeded with url: /api/fnlttSinglAcntAll.json?crtfc_key=75a12698fc0c7458be36a673011d7c3479f890ed&corp_code=01596425&bsns_year=2015&reprt_code=11011&fs_div=OFS (Caused by ConnectTimeoutError(<HTTPSConnection(host='opendart.fss.or.kr', port=443) at 0x289b9b585f0>, 'Connection to opendart.fss.or.kr timed out. (connect timeout=None)'))
17:34:54 [6/456] 105560 KB금융 corp=00688996
17:35:14 [7/456] 000270 기아 corp=00106641
17:35:30 [8/456] 034020 두산에너빌리티 corp=00159616
17:35:48 [9/456] 028260 삼성물산 corp=00149655
17:36:05 [10/456] 068270 셀트리온 corp=00413046
17:36:21 [11/456] 055550 신한지주 corp=00382199
17:36:40 [12/456] 012450 한화에어로스페이스 corp=00126566
17:36:58 [13/456] 329180 HD현대중공업 corp=01390344
17:37:16 [14/456] 006800 미래에셋증권 corp=00111722
17:37:35 [15/456] 032830 삼성생명 corp=00126256
17:37:53 [16/456] 012330 현대모비스 corp=00164788
17:38:10 [17/456] 035420 NAVER corp=00266961
17:38:27 [18/456] 042660 한화오션 corp=00111704
17:38:44 [19/456] 015760 한국전력공사 corp=00159193
17:39:01 [20/456] 086790 하나금융지주 corp=00547583
17:39:20 [21/456] 010130 고려아연 corp=00102858
17:39:37 [22/456] 267260 HD현대일렉트릭 corp=01205851
17:39:54 [23/456] 005490 POSCO홀딩스 corp=00155319
17:40:11 [24/456] 316140 우리금융지주 corp=01350869
17:40:31 [25/456] 009540 HD한국조선해양 corp=00164830
17:40:47 [26/456] 000810 삼성화재해상보험 corp=00139214
17:41:09 [27/456] 138040 메리츠금융지주 corp=00860332
17:41:27 [28/456] 006400 삼성SDI corp=00126362
17:41:45 [29/456] 034730 SK corp=00181712
17:42:01 [30/456] 035720 카카오 corp=00258801
17:42:18 [31/456] 010140 삼성중공업 corp=00126478
17:42:35 [32/456] 009150 삼성전기 corp=00126371
17:43:01 [33/456] 051910 LG화학 corp=00356361
17:43:28 [34/456] 298040 효성중공업 corp=01316245
17:43:46 [35/456] 064350 현대로템 corp=00302926
17:44:03 [36/456] 033780 케이티앤지 corp=00244455
17:44:20 [37/456] 066570 LG전자 corp=00401731
17:44:37 [38/456] 024110 기업은행 corp=00149646
17:44:56 [39/456] 196170 알테오젠 corp=00989619
17:45:13 [40/456] 267250 HD현대 corp=01205709
17:45:31 [41/456] 000150 두산 corp=00117212
17:45:48 [42/456] 086520 에코프로 corp=00536541
17:46:06 [43/456] 010120 엘에스일렉트릭 corp=00105855
17:46:23 [44/456] 042700 한미반도체 corp=00161383
17:46:39 [45/456] 272210 한화시스템 corp=00339391
17:46:56 [46/456] 247540 에코프로비엠 corp=01160363
17:47:14 [47/456] 086280 현대글로비스 corp=00360595
17:47:31 [48/456] 011200 HMM corp=00164645
17:47:50 [49/456] 017670 SK텔레콤 corp=00159023
17:48:07 [50/456] 003670 포스코퓨처엠 corp=00155276
17:48:25 [51/456] 047810 한국항공우주 corp=00309503
17:48:41 [52/456] 096770 SK이노베이션 corp=00631518
17:48:59 [53/456] 030200 케이티 corp=00190321
17:49:18 [54/456] 352820 하이브 corp=01204056
17:49:36 [55/456] 003550 LG corp=00120021
17:49:53 [56/456] 071050 한국금융지주 corp=00432102
17:50:12 [57/456] 039490 키움증권 corp=00296290
17:50:31 [58/456] 018260 삼성에스디에스 corp=00126186
17:50:48 [59/456] 323410 카카오뱅크 corp=01133217
17:51:07 [60/456] 277810 레인보우로보틱스 corp=01261644
17:51:26 [61/456] 005830 DB손해보험 corp=00159102
17:51:45 [62/456] 000720 현대건설 corp=00164478
17:52:02 [63/456] 000250 삼천당제약 corp=00128546
17:52:18 [64/456] 259960 크래프톤 corp=00760971
17:52:37 [65/456] 307950 현대오토에버 corp=00362441
17:52:55 [66/456] 010950 S-Oil corp=00138279
17:53:11 [67/456] 047050 포스코인터내셔널 corp=00124504
17:53:29 [68/456] 000880 한화 corp=00160588
17:53:46 [69/456] 278470 에이피알 corp=01190568
17:54:04 [70/456] 079550 LIG넥스원 corp=00503668
17:54:21 [71/456] 005940 NH투자증권 corp=00120182
17:54:38 [72/456] 090430 아모레퍼시픽 corp=00583424
17:54:55 [73/456] 003490 대한항공 corp=00113526
17:55:12 [74/456] 180640 한진칼 corp=00983040
17:55:29 [75/456] 016360 삼성증권 corp=00104856
17:55:47 [76/456] 003230 삼양식품 corp=00126955
17:56:08 [77/456] 161390 한국타이어앤테크놀로지 corp=00937324
17:56:25 [78/456] 298380 에이비엘바이오 corp=01256864
17:56:43 [79/456] 000100 유한양행 corp=00145109
17:57:02 [80/456] 326030 에스케이바이오팜 corp=00878696
17:57:19 [81/456] 377300 카카오페이 corp=01244601
17:57:37 [82/456] 006260 LS corp=00105952
17:57:56 [83/456] 009830 한화솔루션 corp=00162461
17:58:13 [84/456] 128940 한미약품 corp=00828497
17:58:35 [85/456] 443060 HD현대마린솔루션 corp=01194689
17:59:01 [86/456] 032640 LG유플러스 corp=00231363
17:59:17 [87/456] 029780 삼성카드 corp=00126292
17:59:37 [88/456] 138930 BNK금융지주 corp=00858364
17:59:55 [89/456] 175330 JB금융지주 corp=00980122
18:00:21 [90/456] 028300 HLB corp=00199252
18:00:41 [91/456] 001040 CJ corp=00148540
18:01:00 [92/456] 028050 삼성E&A corp=00126308
18:01:19 [93/456] 021240 코웨이 corp=00170558
18:01:37 [94/456] 078930 GS corp=00500254
18:01:55 [95/456] 214370 케어젠 corp=00549891
18:02:18 [96/456] 454910 두산로보틱스 corp=01105153
18:02:40 [97/456] 241560 두산밥캣 corp=01032486
18:03:00 [98/456] 141080 리가켐바이오 corp=00842619
18:03:20 [99/456] 007660 이수페타시스 corp=00107613
18:03:36 [100/456] 064400 LG씨엔에스 corp=00139834
18:03:58 [101/456] 001440 대한전선 corp=00113207
18:04:17 [102/456] 022100 포스코DX corp=00155212
18:04:34 [103/456] 034220 LG디스플레이 corp=00105873
18:04:52 [104/456] 011070 LG이노텍 corp=00105961
18:05:08 [105/456] 087010 펩트론 corp=00415868
18:05:29 [106/456] 052690 한전기술 corp=00159209
18:05:48 [107/456] 271560 오리온 corp=01238169
18:06:05 [108/456] 240810 원익IPS corp=01135941
18:06:22 [109/456] 002380 케이씨씨 corp=00105271
18:06:39 [110/456] 251270 넷마블 corp=00904672
18:06:56 [111/456] 036570 엔씨소프트 corp=00261443
18:07:14 [112/456] 450080 에코프로머티 corp=01311408
18:07:34 [113/456] 082740 한화엔진 corp=00361008
18:07:52 [114/456] 039030 이오테크닉스 corp=00246417
18:08:08 [115/456] 004020 현대제철 corp=00145880
18:08:24 [116/456] 062040 산일전기 corp=00366438
18:08:43 [117/456] 011780 금호석유화학 corp=00106368
18:09:00 [118/456] 140410 메지온 corp=00808022
18:09:16 [119/456] 051900 LG생활건강 corp=00356370
18:09:34 [120/456] 088350 한화생명 corp=00113058
18:09:52 [121/456] 214150 클래시스 corp=01061327
18:10:11 [122/456] 000990 DB하이텍 corp=00160843
18:10:28 [123/456] 066970 엘앤에프 corp=00398701
18:10:45 [124/456] 011790 SKC corp=00139889
18:11:01 [125/456] 017800 현대엘리베이터 corp=00164724
18:11:18 [126/456] 035250 강원랜드 corp=00255619
18:11:35 [127/456] 111770 영원무역 corp=00776820
18:11:52 [128/456] 310210 보로노이 corp=01327746
18:12:10 [129/456] 036460 한국가스공사 corp=00261285
18:12:29 [130/456] 302440 SK바이오사이언스 corp=01319899
18:12:49 [131/456] 004990 롯데지주 corp=00120562
18:13:07 [132/456] 001720 신영증권 corp=00136721
18:13:25 [133/456] 214450 파마리서치 corp=00970453
18:13:44 [134/456] 095340 ISC corp=00572905
18:14:02 [135/456] 004170 신세계 corp=00136378
18:14:24 [136/456] 108490 로보티즈 corp=00946030
18:14:40 [137/456] 403870 HPSP corp=01288827
18:14:59 [138/456] 139130 iM금융지주 corp=00878915
18:15:17 [139/456] 012750 에스원 corp=00158501
18:15:33 [140/456] 011170 롯데케미칼 corp=00165413
18:15:50 [141/456] 014680 한솔케미칼 corp=00140955
18:16:07 [142/456] 103590 일진전기 corp=00683469
18:16:24 [143/456] 097950 CJ제일제당 corp=00635134
18:16:41 [144/456] 319400 현대무벡스 corp=01358463
18:16:58 [145/456] 263750 펄어비스 corp=01152470
18:17:15 [146/456] 023530 롯데쇼핑 corp=00120526
18:17:31 [147/456] 000120 CJ대한통운 corp=00113410
18:17:48 [148/456] 145020 휴젤 corp=00888347
18:18:05 [149/456] 081660 미스토홀딩스 corp=00195229
18:18:21 [150/456] 009970 영원무역홀딩스 corp=00140964
18:18:38 [151/456] 001450 현대해상 corp=00164973
18:18:56 [152/456] 139480 이마트 corp=00872984
18:19:13 [153/456] 357780 솔브레인 corp=01489648
18:19:29 [154/456] 489790 한화비전 corp=01867758
18:20:06 [WARN] finstate_all corp=01867758 year=2024 reprt=11013 fs=OFS try=1/4 err=ConnectTimeout: HTTPSConnectionPool(host='opendart.fss.or.kr', port=443): Max retries exceeded with url: /api/fnlttSinglAcntAll.json?crtfc_key=75a12698fc0c7458be36a673011d7c3479f890ed&corp_code=01867758&bsns_year=2024&reprt_code=11013&fs_div=OFS (Caused by ConnectTimeoutError(<HTTPSConnection(host='opendart.fss.or.kr', port=443) at 0x289fafb0ce0>, 'Connection to opendart.fss.or.kr timed out. (connect timeout=None)'))
18:20:09 [155/456] 103140 풍산 corp=00684714
18:20:25 [156/456] 047040 대우건설 corp=00124540
18:20:41 [157/456] 018880 한온시스템 corp=00161125
18:20:58 [158/456] 457190 이수스페셜티케미컬 corp=01762569
18:21:18 [159/456] 068760 셀트리온제약 corp=00541349
18:21:36 [160/456] 058610 에스피지 corp=00220686
18:21:53 [161/456] 237690 에스티팜 corp=00871833
18:22:09 [162/456] 000240 한국앤컴퍼니 corp=00160047
18:22:27 [163/456] 010060 OCI홀딩스 corp=00148896
18:22:43 [164/456] 026960 동서 corp=00144395
18:23:00 [165/456] 009420 한올바이오파마 corp=00162586
18:23:18 [166/456] 008930 한미사이언스 corp=00161426
18:23:35 [167/456] 353200 대덕전자 corp=01478712
18:23:52 [168/456] 002790 아모레퍼시픽홀딩스 corp=00154462
18:24:09 [169/456] 071970 HD현대마린엔진 corp=00406046
18:24:24 [170/456] 004370 농심 corp=00108241
18:24:41 [171/456] 204320 HL만도 corp=01042775
18:24:58 [172/456] 041510 에스엠 corp=00260930
18:25:15 [173/456] 028670 팬오션 corp=00122737
18:25:32 [174/456] 030530 원익홀딩스 corp=00216647
18:25:49 [175/456] 004800 효성 corp=00117188
18:26:05 [176/456] 012510 더존비즈온 corp=00172291
18:26:22 [177/456] 383220 F&F corp=01568413
18:26:39 [178/456] 001430 세아베스틸지주 corp=00106669
18:26:55 [179/456] 005290 동진쎄미켐 corp=00118804
18:27:12 [180/456] 003690 코리안리 corp=00113191
18:27:31 [181/456] 051600 한전KPS corp=00159218
18:27:49 [182/456] 257720 실리콘투 corp=00982023
18:28:06 [183/456] 267270 HD건설기계 corp=01205842
18:28:26 [184/456] 440110 파두 corp=01292291
18:28:43 [185/456] 084370 유진테크 corp=00531014
18:28:59 [186/456] 030000 제일기획 corp=00148276
18:29:25 [WARN] finstate_all corp=00148276 year=2017 reprt=11011 fs=CFS try=1/4 err=ConnectTimeout: HTTPSConnectionPool(host='opendart.fss.or.kr', port=443): Max retries exceeded with url: /api/fnlttSinglAcntAll.json?crtfc_key=75a12698fc0c7458be36a673011d7c3479f890ed&corp_code=00148276&bsns_year=2017&reprt_code=11011&fs_div=CFS (Caused by ConnectTimeoutError(<HTTPSConnection(host='opendart.fss.or.kr', port=443) at 0x289fafb9400>, 'Connection to opendart.fss.or.kr timed out. (connect timeout=None)'))
18:29:37 [187/456] 035900 JYP Ent. corp=00258689
18:29:53 [188/456] 023590 다우기술 corp=00176914
18:30:10 [189/456] 069960 현대백화점 corp=00428251
18:30:28 [190/456] 005850 에스엘 corp=00125521
18:30:44 [191/456] 036930 주성엔지니어링 corp=00252135
18:31:00 [192/456] 282330 BGF리테일 corp=01263022
18:31:17 [193/456] 064760 티씨케이 corp=00245472
18:31:36 [194/456] 226950 올릭스 corp=01113718
18:31:54 [195/456] 083650 비에이치아이 corp=00409788
18:32:11 [196/456] 336260 두산퓨얼셀 corp=01412725
18:32:30 [197/456] 192820 코스맥스 corp=01009789
18:32:48 [198/456] 011210 현대위아 corp=00106623
18:33:04 [199/456] 005440 현대지에프홀딩스 corp=00105280
18:33:21 [200/456] 067310 하나마이크론 corp=00445054
18:33:37 [201/456] 290650 엘앤씨바이오 corp=01181515
18:33:54 [202/456] 018670 SK가스 corp=00144164
18:34:11 [203/456] 098460 고영 corp=00579999
18:34:27 [204/456] 475830 오름테라퓨틱 corp=01658831
18:34:46 [205/456] 375500 DL이앤씨 corp=01524093
18:35:03 [206/456] 003540 대신증권 corp=00110893
18:35:22 [207/456] 099320 쎄트렉아이 corp=00449254
18:35:38 [208/456] 458870 씨어스테크놀로지 corp=01514227
18:35:56 [209/456] 178320 서진시스템 corp=00838005
18:36:12 [210/456] 006280 녹십자 corp=00129679
18:36:31 [211/456] 073240 금호타이어 corp=00481454
18:36:49 [212/456] 065350 신성델타테크 corp=00136226
18:37:07 [213/456] 097230 HJ중공업 corp=00633835
18:37:22 [214/456] 483650 달바글로벌 corp=01649204
18:37:40 [215/456] 032820 우리기술 corp=00231044
18:37:56 [216/456] 069620 대웅제약 corp=00427483
18:38:13 [217/456] 020150 롯데에너지머티리얼즈 corp=00113997
18:38:29 [218/456] 160190 하이젠알앤엠 corp=00650771
18:38:47 [219/456] 007340 DN오토모티브 corp=00116949
18:39:02 [220/456] 039200 오스코텍 corp=00263654
18:39:19 [221/456] 101490 에스앤에스텍 corp=00411048
18:39:37 [222/456] 032350 롯데관광개발 corp=00231372
18:39:53 [223/456] 008770 호텔신라 corp=00165680
18:40:11 [224/456] 034230 파라다이스 corp=00171265
18:40:27 [225/456] 006360 GS건설 corp=00120030
18:40:45 [226/456] 007070 GS리테일 corp=00140177
18:41:02 [227/456] 323280 태성 corp=01366000
18:41:20 [228/456] 361610 SK아이이테크놀로지 corp=01386916
18:41:37 [229/456] 003570 SNT다이내믹스 corp=00134477
18:41:54 [230/456] 445680 큐리옥스바이오시스템즈 corp=01498974
18:42:12 [231/456] 017960 한국카본 corp=00159795
18:42:28 [232/456] 112610 씨에스윈드 corp=00670340
18:42:44 [233/456] 140860 파크시스템스 corp=00244747
18:43:00 [234/456] 001120 LX인터내셔널 corp=00120076
18:43:17 [235/456] 298020 효성티앤씨 corp=01316227
18:43:33 [236/456] 120110 코오롱인더 corp=00795135
18:43:58 [WARN] finstate_all corp=00795135 year=2016 reprt=11011 fs=CFS try=1/4 err=ConnectTimeout: HTTPSConnectionPool(host='opendart.fss.or.kr', port=443): Max retries exceeded with url: /api/fnlttSinglAcntAll.json?crtfc_key=75a12698fc0c7458be36a673011d7c3479f890ed&corp_code=00795135&bsns_year=2016&reprt_code=11011&fs_div=CFS (Caused by ConnectTimeoutError(<HTTPSConnection(host='opendart.fss.or.kr', port=443) at 0x289fc1b03b0>, 'Connection to opendart.fss.or.kr timed out. (connect timeout=None)'))
18:44:12 [237/456] 005070 코스모신소재 corp=00129989
18:44:33 [238/456] 161890 한국콜마 corp=00939331
18:44:49 [239/456] 003380 하림지주 corp=00148364
18:45:06 [240/456] 319660 피에스케이 corp=01365825
18:45:54 [241/456] 082270 젬백스 corp=00492894
18:46:10 [242/456] 232140 와이씨 corp=01109539
18:46:27 [243/456] 437730 삼현 corp=00262266
18:46:46 [244/456] 035760 CJ ENM corp=00265324
18:47:02 [245/456] 466100 클로봇 corp=01784914
18:47:20 [246/456] 085620 미래에셋생명 corp=00112332
18:47:38 [247/456] 007310 오뚜기 corp=00141529
18:47:54 [248/456] 222800 심텍 corp=01095722
18:48:10 [249/456] 006040 동원산업 corp=00118026
18:48:26 [250/456] 030610 교보증권 corp=00113359
18:48:44 [251/456] 348370 엔켐 corp=01011526
18:49:01 [252/456] 031980 피에스케이홀딩스 corp=00208444
18:49:17 [253/456] 003530 한화투자증권 corp=00148610
18:49:34 [254/456] 080220 제주반도체 corp=00447487
18:49:51 [255/456] 281740 레이크머티리얼즈 corp=01255652
18:50:07 [256/456] 089030 테크윙 corp=00535676
18:50:23 [257/456] 003090 대웅 corp=00111810
18:50:40 [258/456] 001800 오리온홀딩스 corp=00117577
18:50:57 [259/456] 294870 HDC현대산업개발 corp=01310269
18:51:13 [260/456] 007390 네이처셀 corp=00117276
18:51:33 [261/456] 090710 휴림로봇 corp=00540429
18:51:49 [262/456] 195940 HK이노엔 corp=01012066
18:52:07 [263/456] 058470 리노공업 corp=00369657
18:52:26 [264/456] 397030 에이프릴바이오 corp=01375822
18:52:52 [WARN] finstate_all corp=01375822 year=2017 reprt=11014 fs=OFS try=1/4 err=ConnectTimeout: HTTPSConnectionPool(host='opendart.fss.or.kr', port=443): Max retries exceeded with url: /api/fnlttSinglAcntAll.json?crtfc_key=75a12698fc0c7458be36a673011d7c3479f890ed&corp_code=01375822&bsns_year=2017&reprt_code=11014&fs_div=OFS (Caused by ConnectTimeoutError(<HTTPSConnection(host='opendart.fss.or.kr', port=443) at 0x289fc41c560>, 'Connection to opendart.fss.or.kr timed out. (connect timeout=None)'))
18:53:07 [265/456] 096530 씨젠 corp=00788773
18:53:23 [266/456] 253450 스튜디오드래곤 corp=01168684
18:53:40 [267/456] 950160 코오롱티슈진 corp=01245062
18:53:59 [268/456] 056080 유진로봇 corp=00234227
18:54:16 [269/456] 005300 롯데칠성음료 corp=00120571
18:54:32 [270/456] 007810 코리아써키트 corp=00152686
18:54:54 [271/456] 388720 유일로보틱스 corp=01152586
18:55:12 [272/456] 122870 와이지엔터테인먼트 corp=00613318
18:55:31 [273/456] 012630 HDC corp=00164636
18:55:53 [274/456] 229640 LS에코에너지 corp=01093007
18:56:09 [275/456] 078600 대주전자재료 corp=00177816
18:56:26 [276/456] 189300 인텔리안테크 corp=00664181
18:56:42 [277/456] 218410 RFHIC corp=01078178
18:56:59 [278/456] 043260 성호전자 corp=00317210
18:57:15 [279/456] 095610 테스 corp=00524421
18:57:31 [280/456] 499790 GS피앤엘 corp=01882845
18:57:48 [281/456] 000080 하이트진로 corp=00150244
18:58:05 [282/456] 484870 엠앤씨솔루션 corp=01519790
18:58:24 [283/456] 293490 카카오게임즈 corp=01137383
18:58:40 [284/456] 181710 NHN corp=00983271
18:58:57 [285/456] 100790 미래에셋벤처투자 corp=00340096
18:59:15 [286/456] 004000 롯데정밀화학 corp=00157681
18:59:31 [287/456] 204270 제이앤티씨 corp=00447575
18:59:49 [288/456] 280360 롯데웰푸드 corp=01258507
19:00:06 [289/456] 185750 종근당 corp=00992871
19:00:24 [290/456] 003240 태광산업 corp=00153393
19:00:41 [291/456] 137400 피엔티 corp=00612294
19:00:57 [292/456] 131970 두산테스나 corp=00563545
19:01:19 [293/456] 328130 루닛 corp=01397620
19:01:37 [294/456] 115180 큐리언트 corp=01042650
19:01:54 [295/456] 166090 하나머티리얼즈 corp=00660750
19:02:14 [296/456] 036540 SFA반도체 corp=00301246
19:02:31 [297/456] 006120 SK디스커버리 corp=00131832
19:02:51 [298/456] 192080 더블유게임즈 corp=01010110
19:03:08 [299/456] 298050 HS효성첨단소재 corp=01316254
19:03:25 [300/456] 085660 차바이오텍 corp=00525679
19:03:42 [301/456] 006730 서부T&D corp=00130383
19:04:00 [302/456] 009240 한샘 corp=00161693
19:04:16 [303/456] 124500 아이티센글로벌 corp=00620868
19:04:33 [304/456] 183300 코미코 corp=00997812
19:04:50 [305/456] 161580 필옵틱스 corp=00938721
19:05:06 [306/456] 056190 에스에프에이 corp=00358271
19:05:22 [307/456] 285130 SK케미칼 corp=01267170
19:05:48 [WARN] finstate_all corp=01267170 year=2017 reprt=11012 fs=OFS try=1/4 err=ConnectTimeout: HTTPSConnectionPool(host='opendart.fss.or.kr', port=443): Max retries exceeded with url: /api/fnlttSinglAcntAll.json?crtfc_key=75a12698fc0c7458be36a673011d7c3479f890ed&corp_code=01267170&bsns_year=2017&reprt_code=11012&fs_div=OFS (Caused by ConnectTimeoutError(<HTTPSConnection(host='opendart.fss.or.kr', port=443) at 0x289fc365d90>, 'Connection to opendart.fss.or.kr timed out. (connect timeout=None)'))
19:06:01 [308/456] 417200 LS머트리얼즈 corp=01528141
19:06:18 [309/456] 006650 대한유화 corp=00260383
19:06:34 [310/456] 241710 코스메카코리아 corp=00763473
19:06:49 [311/456] 100090 SK오션플랜트 corp=00480367
19:07:06 [312/456] 071320 지역난방공사 corp=00159698
19:07:24 [313/456] 036530 SNT홀딩스 corp=00225159
19:07:41 [314/456] 030190 NICE평가정보 corp=00158325
19:07:57 [315/456] 036830 솔브레인홀딩스 corp=00247975
19:08:13 [316/456] 213420 덕산네오룩스 corp=01061558
19:08:32 [317/456] 000210 DL corp=00109693
19:08:48 [318/456] 174900 앱클론 corp=00991191
19:09:07 [319/456] 032190 다우데이타 corp=00238782
19:09:25 [320/456] 075580 세진중공업 corp=00415628
19:09:41 [321/456] 295310 에이치브이엠 corp=01011368
19:09:59 [322/456] 003160 디아이 corp=00118275
19:10:16 [323/456] 249420 일동제약 corp=01168383
19:10:32 [324/456] 086900 메디톡스 corp=00580199
19:10:48 [325/456] 003470 유안타증권 corp=00117601
19:11:09 [326/456] 376300 디어유 corp=01456011
19:11:29 [327/456] 195870 해성디에스 corp=01032413
19:11:46 [328/456] 079160 CJ CGV corp=00303873
19:12:03 [329/456] 009450 경동나비엔 corp=00101488
19:12:21 [330/456] 347700 스피어 corp=01336762
19:12:39 [331/456] 005690 파미셀 corp=00145163
19:12:59 [332/456] 100840 SNT에너지 corp=00648721
19:13:16 [333/456] 475150 SK이터닉스 corp=01817081
19:13:34 [334/456] 131290 티에스이 corp=00372226
19:13:50 [335/456] 281820 케이씨텍 corp=01261893
19:14:09 [336/456] 014620 성광벤드 corp=00132318
19:14:26 [337/456] 057050 현대홈쇼핑 corp=00412597
19:14:44 [338/456] 171090 선익시스템 corp=00327819
19:15:00 [339/456] 060370 LS마린솔루션 corp=00225742
19:15:19 [340/456] 222080 씨아이에스 corp=01090471
19:15:36 [341/456] 112040 위메이드 corp=00444329
19:15:52 [342/456] 033240 자화전자 corp=00146861
19:16:09 [343/456] 036810 에프에스티 corp=00223434
19:16:26 [344/456] 064960 SNT모티브 corp=00398792
19:16:42 [345/456] 322000 HD현대에너지솔루션 corp=01199550
19:16:59 [346/456] 108320 LX세미콘 corp=00525934
19:17:16 [347/456] 052400 코나아이 corp=00349732
19:17:33 [348/456] 002350 넥센타이어 corp=00173874
19:17:49 [349/456] 248070 솔루엠 corp=01159233
19:18:21 [350/456] 000370 한화손해보험 corp=00135917
19:18:40 [351/456] 347850 디앤디파마텍 corp=01376715
19:18:58 [352/456] 000500 가온전선 corp=00104768
19:19:14 [353/456] 348340 뉴로메카 corp=01336461
19:19:33 [354/456] 089970 브이엠 corp=00544577
19:19:50 [355/456] 093370 후성 corp=00595191
19:20:06 [356/456] 121600 나노신소재 corp=00439965
19:20:22 [357/456] 060250 NHN KCP corp=00357740
19:20:42 [358/456] 005180 빙그레 corp=00124726
19:20:59 [359/456] 102710 이엔에프테크놀로지 corp=00530185
19:21:15 [360/456] 033100 제룡전기 corp=00185356
19:21:34 [361/456] 042000 카페24 corp=00260879
19:21:50 [362/456] 114090 GKL corp=00557508
19:22:08 [363/456] 214430 아이쓰리시스템 corp=00612489
19:22:27 [364/456] 003850 보령 corp=00123143
19:22:43 [365/456] 009520 포스코엠텍 corp=00128111
19:23:02 [366/456] 214320 이노션 corp=00565154
19:23:18 [367/456] 039130 하나투어 corp=00269940
19:23:36 [368/456] 069260 티케이지휴켐스 corp=00426086
19:23:53 [369/456] 001060 JW중외제약 corp=00149947
19:24:11 [370/456] 001680 대상 corp=00121941
19:24:27 [371/456] 001270 부국증권 corp=00123772
19:24:46 [372/456] 086450 동국제약 corp=00114808
19:25:02 [373/456] 002020 코오롱 corp=00152862
19:25:18 [374/456] 225570 넥슨게임즈 corp=01096341
19:25:36 [375/456] 067160 SOOP corp=00399694
19:25:53 [376/456] 348210 넥스틴 corp=01080252
19:26:10 [377/456] 389470 인벤티지랩 corp=01516456
19:26:30 [378/456] 456040 OCI corp=01760738
19:26:47 [379/456] 023160 태광 corp=00153375
19:27:04 [380/456] 272290 이녹스첨단소재 corp=01237540
19:27:21 [381/456] 074600 원익QnC corp=00468374
19:27:38 [382/456] 399720 가온칩스 corp=01364747
19:27:58 [383/456] 025980 아난티 corp=00161781
19:28:14 [384/456] 090360 로보스타 corp=00536523
19:28:30 [385/456] 078160 메디포스트 corp=00453929
19:28:47 [386/456] 077970 STX엔진 corp=00480455
19:29:03 [387/456] 053800 안랩 corp=00298270
19:29:19 [388/456] 420770 기가비스 corp=00765569
19:29:38 [389/456] 383310 에코프로에이치엔 corp=01566248
19:29:55 [390/456] 127120 제이에스링크 corp=00642541
19:30:12 [391/456] 211050 인카금융서비스 corp=01013694
19:30:30 [392/456] 090460 비에이치 corp=00447609
19:30:47 [393/456] 060280 큐렉소 corp=00356802
19:31:07 [394/456] 018290 브이티 corp=00150165
19:31:23 [395/456] 251970 펌텍코리아 corp=00761059
19:31:40 [396/456] 336570 원텍 corp=01407909
19:31:59 [397/456] 253590 네오셈 corp=01170865
19:32:15 [398/456] 287840 인투셀 corp=01374443
19:32:33 [399/456] 372320 큐로셀 corp=01492651
19:32:50 [400/456] 099190 아이센스 corp=00550994
19:33:07 [401/456] 005880 대한해운 corp=00113535
19:33:22 [402/456] 383800 LX홀딩스 corp=01562589
19:33:40 [403/456] 475960 토모큐브 corp=01573336
19:33:58 [404/456] 126340 비나텍 corp=00563518
19:34:15 [405/456] 252990 샘씨엔에스 corp=01199727
19:34:33 [406/456] 041190 우리기술투자 corp=00231664
19:34:50 [407/456] 358570 지아이이노베이션 corp=01351080
19:35:08 [408/456] 016610 DB증권 corp=00115694
19:35:26 [409/456] 044490 태웅 corp=00186799
19:35:45 [410/456] 005420 코스모화학 corp=00160302
19:36:02 [411/456] 015750 성우하이텍 corp=00132992
19:36:19 [412/456] 336370 솔루스첨단소재 corp=01412822
19:36:36 [413/456] 004690 삼천리 corp=00128555
19:38:12 [414/456] 036620 감성코퍼레이션 corp=00261009
19:38:30 [415/456] 025320 시노펙스 corp=00203023
19:38:47 [416/456] 053610 프로텍 corp=00325112
19:39:03 [417/456] 119850 지엔씨에너지 corp=00626464
19:39:20 [418/456] 460930 현대힘스 corp=00667373
19:39:37 [419/456] 178920 PI첨단소재 corp=00767460
19:39:58 [420/456] 094170 동운아나텍 corp=00695969
19:40:17 [421/456] 064260 다날 corp=00389970
19:40:34 [422/456] 389650 넥스트바이오메디컬 corp=01385050
19:40:52 [423/456] 042520 한스바이오메드 corp=00349060
19:41:09 [424/456] 001510 SK증권 corp=00131850
19:41:26 [425/456] 192650 드림텍 corp=00415646
19:41:43 [426/456] 104830 원익머트리얼즈 corp=00623661
19:42:00 [427/456] 050890 쏠리드 corp=00364403
19:42:17 [428/456] 030520 한글과컴퓨터 corp=00204262
19:42:34 [429/456] 039440 에스티아이 corp=00298340
19:42:50 [430/456] 145720 덴티움 corp=00526599
19:43:06 [431/456] 059090 미코 corp=00366942
19:43:22 [432/456] 356860 티엘비 corp=00920379
19:43:39 [433/456] 114810 한솔아이원스 corp=00625942
19:43:57 [434/456] 083450 GST corp=00540863
19:44:14 [435/456] 455900 엔젤로보틱스 corp=01592049
19:44:31 [436/456] 105840 우진 corp=00173944
19:44:48 [437/456] 200710 에이디테크놀로지 corp=00657002
19:45:04 [438/456] 079370 제우스 corp=00442570
19:45:20 [439/456] 045100 한양이엔지 corp=00216762
19:45:37 [440/456] 278280 천보 corp=00897752
19:45:53 [441/456] 105630 한세실업 corp=00728638
19:46:08 [442/456] 006220 제주은행 corp=00148832
19:46:27 [443/456] 425420 티에프이 corp=01035368
19:46:44 [444/456] 089010 켐트로닉스 corp=00371485
19:47:00 [445/456] 215600 신라젠 corp=00919966
19:47:17 [446/456] 376900 로킷헬스케어 corp=01335143
19:47:35 [447/456] 206650 유바이오로직스 corp=00927558
19:47:54 [448/456] 368770 파이버프로 corp=01513440
19:48:11 [449/456] 048410 현대바이오 corp=00313649
19:48:28 [450/456] 011930 신성이엔지 corp=00136271
19:48:45 [451/456] 122640 예스티 corp=00530556
19:49:02 [452/456] 082920 비츠로셀 corp=00154718
19:49:18 [453/456] 117730 티로보틱스 corp=00867098
19:49:34 [454/456] 001500 현대차증권 corp=00137997
19:49:51 [455/456] 476060 온코닉테라퓨틱스 corp=01632912
19:50:09 [456/456] 456160 지투지바이오 corp=01577952
19:50:26 [OK] saved: data\processed\fundamentals_quarterly__asof=2025-11-16__src=dart__fs=CFS__y=2015-2024__v=1.parquet rows=13210 new_rows=13210 tickers_ok=456 skipped=0 err=0
19:50:26 [CHECK] quarter coverage:
19:50:26   - (2015, 4): 286
19:50:26   - (2016, 1): 284
19:50:26   - (2016, 2): 288
19:50:26   - (2016, 3): 290
19:50:26   - (2016, 4): 298
19:50:26   - (2017, 1): 300
19:50:26   - (2017, 2): 309
19:50:26   - (2017, 3): 313
19:50:26   - (2017, 4): 322
19:50:26   - (2018, 1): 321
19:50:26   - (2018, 2): 325
19:50:26   - (2018, 3): 327
19:50:26   - (2018, 4): 336
19:50:26   - (2019, 1): 336
19:50:26   - (2019, 2): 339
19:50:26   - (2019, 3): 339
19:50:26   - (2019, 4): 346
19:50:26   - (2020, 1): 346
19:50:26   - (2020, 2): 348
19:50:26   - (2020, 3): 352
19:50:26   - (2020, 4): 361
19:50:26   - (2021, 1): 362
19:50:26   - (2021, 2): 368
19:50:26   - (2021, 3): 370
19:50:26   - (2021, 4): 375
19:50:26   - (2022, 1): 377
19:50:26   - (2022, 2): 381
19:50:26   - (2022, 3): 383
19:50:26   - (2022, 4): 388
19:50:26   - (2023, 1): 388
19:50:26   - (2023, 2): 392
19:50:26   - (2023, 3): 433
19:50:26   - (2023, 4): 437
19:50:26   - (2024, 1): 439
19:50:26   - (2024, 2): 445
19:50:26   - (2024, 3): 450
19:50:26   - (2024, 4): 456
