03:18:27 [INFO] year range 2016..2025
03:18:27 [INFO] mode=universe metric=revenue_op merge_existing=False
03:18:27 [INFO] primary fs_div=CFS (fallback enabled)
03:18:27 [INFO] universe=data\processed\universe__asof=2026-03-29__src=phase1__mcap_top=800__trd_bot=0.1__v=1.parquet rows=426
03:18:27 [INFO] input tickers rows=426 mode=universe
03:18:27 [INFO] corp_codes rows=3915
03:18:27 [CHECK] corp_code missing ratio=0.000
03:18:27 [INFO] corp_code usable rows: 426 -> 426
03:18:27 [INFO] no existing fundamentals cache at data\processed\fundamentals_quarterly__asof=2026-03-29__src=dart__fs=CFS__y=2016-2025__v=1.parquet
03:18:27 [1/426] 005930 삼성전자 corp=00126380
03:18:43 [2/426] 000660 SK하이닉스 corp=00164779
03:18:58 [3/426] 207940 삼성바이오로직스 corp=00877059
03:19:14 [4/426] 005380 현대자동차 corp=00164742
03:19:30 [5/426] 373220 LG에너지솔루션 corp=01515323
03:19:46 [6/426] 402340 SK스퀘어 corp=01596425
03:20:03 [7/426] 105560 KB금융 corp=00688996
03:20:20 [8/426] 000270 기아 corp=00106641
03:20:35 [9/426] 034020 두산에너빌리티 corp=00159616
03:20:51 [10/426] 028260 삼성물산 corp=00149655
03:21:07 [11/426] 068270 셀트리온 corp=00413046
03:21:22 [12/426] 055550 신한지주 corp=00382199
03:21:39 [13/426] 012450 한화에어로스페이스 corp=00126566
03:21:55 [14/426] 329180 HD현대중공업 corp=01390344
03:22:11 [15/426] 006800 미래에셋증권 corp=00111722
03:22:28 [16/426] 032830 삼성생명 corp=00126256
03:22:45 [17/426] 012330 현대모비스 corp=00164788
03:23:00 [18/426] 035420 NAVER corp=00266961
03:23:16 [19/426] 042660 한화오션 corp=00111704
03:23:31 [20/426] 015760 한국전력공사 corp=00159193
03:23:47 [21/426] 086790 하나금융지주 corp=00547583
03:24:15 [WARN] finstate_all corp=00547583 year=2019 reprt=11011 fs=OFS try=1/4 err=ConnectTimeout: HTTPSConnectionPool(host='opendart.fss.or.kr', port=443): Max retries exceeded with url: /api/fnlttSinglAcntAll.json?crtfc_key=75a12698fc0c7458be36a673011d7c3479f890ed&corp_code=00547583&bsns_year=2019&reprt_code=11011&fs_div=OFS (Caused by ConnectTimeoutError(<HTTPSConnection(host='opendart.fss.or.kr', port=443) at 0x1b3a3f4ce60>, 'Connection to opendart.fss.or.kr timed out. (connect timeout=None)'))
03:24:26 [22/426] 010130 고려아연 corp=00102858
03:24:42 [23/426] 267260 HD현대일렉트릭 corp=01205851
03:24:57 [24/426] 005490 POSCO홀딩스 corp=00155319
03:25:13 [25/426] 316140 우리금융지주 corp=01350869
03:25:30 [26/426] 009540 HD한국조선해양 corp=00164830
03:25:45 [27/426] 000810 삼성화재해상보험 corp=00139214
03:26:02 [28/426] 138040 메리츠금융지주 corp=00860332
03:26:19 [29/426] 006400 삼성SDI corp=00126362
03:26:35 [30/426] 034730 SK corp=00181712
03:26:50 [31/426] 035720 카카오 corp=00258801
03:27:06 [32/426] 010140 삼성중공업 corp=00126478
03:27:21 [33/426] 009150 삼성전기 corp=00126371
03:27:37 [34/426] 051910 LG화학 corp=00356361
03:27:52 [35/426] 298040 효성중공업 corp=01316245
03:28:08 [36/426] 064350 현대로템 corp=00302926
03:28:23 [37/426] 033780 케이티앤지 corp=00244455
03:28:39 [38/426] 066570 LG전자 corp=00401731
03:28:55 [39/426] 024110 기업은행 corp=00149646
03:29:11 [40/426] 196170 알테오젠 corp=00989619
03:29:27 [41/426] 267250 HD현대 corp=01205709
03:29:43 [42/426] 000150 두산 corp=00117212
03:29:59 [43/426] 086520 에코프로 corp=00536541
03:30:16 [44/426] 010120 엘에스일렉트릭 corp=00105855
03:30:32 [45/426] 042700 한미반도체 corp=00161383
03:30:47 [46/426] 272210 한화시스템 corp=00339391
03:31:03 [47/426] 247540 에코프로비엠 corp=01160363
03:31:20 [48/426] 086280 현대글로비스 corp=00360595
03:31:35 [49/426] 011200 HMM corp=00164645
03:31:51 [50/426] 017670 SK텔레콤 corp=00159023
03:32:07 [51/426] 003670 포스코퓨처엠 corp=00155276
03:32:22 [52/426] 047810 한국항공우주 corp=00309503
03:32:37 [53/426] 096770 SK이노베이션 corp=00631518
03:32:53 [54/426] 030200 케이티 corp=00190321
03:33:09 [55/426] 352820 하이브 corp=01204056
03:33:25 [56/426] 003550 LG corp=00120021
03:33:40 [57/426] 071050 한국금융지주 corp=00432102
03:33:57 [58/426] 039490 키움증권 corp=00296290
03:34:14 [59/426] 018260 삼성에스디에스 corp=00126186
03:34:29 [60/426] 277810 레인보우로보틱스 corp=01261644
03:34:45 [61/426] 005830 DB손해보험 corp=00159102
03:35:02 [62/426] 000720 현대건설 corp=00164478
03:35:18 [63/426] 000250 삼천당제약 corp=00128546
03:35:34 [64/426] 259960 크래프톤 corp=00760971
03:35:50 [65/426] 307950 현대오토에버 corp=00362441
03:36:06 [66/426] 010950 S-Oil corp=00138279
03:36:21 [67/426] 047050 포스코인터내셔널 corp=00124504
03:36:37 [68/426] 000880 한화 corp=00160588
03:36:53 [69/426] 278470 에이피알 corp=01190568
03:37:09 [70/426] 079550 LIG넥스원 corp=00503668
03:37:25 [71/426] 005940 NH투자증권 corp=00120182
03:37:42 [72/426] 090430 아모레퍼시픽 corp=00583424
03:37:57 [73/426] 003490 대한항공 corp=00113526
03:38:13 [74/426] 180640 한진칼 corp=00983040
03:38:46 [WARN] finstate_all corp=00983040 year=2023 reprt=11012 fs=CFS try=1/4 err=ConnectTimeout: HTTPSConnectionPool(host='opendart.fss.or.kr', port=443): Max retries exceeded with url: /api/fnlttSinglAcntAll.json?crtfc_key=75a12698fc0c7458be36a673011d7c3479f890ed&corp_code=00983040&bsns_year=2023&reprt_code=11012&fs_div=CFS (Caused by ConnectTimeoutError(<HTTPSConnection(host='opendart.fss.or.kr', port=443) at 0x1b362c89d90>, 'Connection to opendart.fss.or.kr timed out. (connect timeout=None)'))
03:38:51 [75/426] 016360 삼성증권 corp=00104856
03:39:08 [76/426] 003230 삼양식품 corp=00126955
03:39:23 [77/426] 161390 한국타이어앤테크놀로지 corp=00937324
03:39:38 [78/426] 298380 에이비엘바이오 corp=01256864
03:39:55 [79/426] 000100 유한양행 corp=00145109
03:40:11 [80/426] 326030 에스케이바이오팜 corp=00878696
03:40:27 [81/426] 377300 카카오페이 corp=01244601
03:40:44 [82/426] 006260 LS corp=00105952
03:41:08 [WARN] finstate_all corp=00105952 year=2018 reprt=11012 fs=CFS try=1/4 err=ConnectTimeout: HTTPSConnectionPool(host='opendart.fss.or.kr', port=443): Max retries exceeded with url: /api/fnlttSinglAcntAll.json?crtfc_key=75a12698fc0c7458be36a673011d7c3479f890ed&corp_code=00105952&bsns_year=2018&reprt_code=11012&fs_div=CFS (Caused by ConnectTimeoutError(<HTTPSConnection(host='opendart.fss.or.kr', port=443) at 0x1b3a3ba9700>, 'Connection to opendart.fss.or.kr timed out. (connect timeout=None)'))
03:41:21 [83/426] 009830 한화솔루션 corp=00162461
03:41:37 [84/426] 128940 한미약품 corp=00828497
03:41:52 [85/426] 443060 HD현대마린솔루션 corp=01194689
03:42:09 [86/426] 032640 LG유플러스 corp=00231363
03:42:25 [87/426] 029780 삼성카드 corp=00126292
03:42:41 [88/426] 138930 BNK금융지주 corp=00858364
03:42:58 [89/426] 175330 JB금융지주 corp=00980122
03:43:15 [90/426] 028300 HLB corp=00199252
03:43:32 [91/426] 001040 CJ corp=00148540
03:43:48 [92/426] 028050 삼성E&A corp=00126308
03:44:03 [93/426] 021240 코웨이 corp=00170558
03:44:18 [94/426] 078930 GS corp=00500254
03:44:34 [95/426] 214370 케어젠 corp=00549891
03:44:50 [96/426] 454910 두산로보틱스 corp=01105153
03:45:06 [97/426] 241560 두산밥캣 corp=01032486
03:45:22 [98/426] 141080 리가켐바이오 corp=00842619
03:45:38 [99/426] 007660 이수페타시스 corp=00107613
03:45:53 [100/426] 064400 LG씨엔에스 corp=00139834
03:46:10 [101/426] 001440 대한전선 corp=00113207
03:46:25 [102/426] 022100 포스코DX corp=00155212
03:46:41 [103/426] 034220 LG디스플레이 corp=00105873
03:46:57 [104/426] 011070 LG이노텍 corp=00105961
03:47:12 [105/426] 052690 한전기술 corp=00159209
03:47:29 [106/426] 271560 오리온 corp=01238169
03:47:44 [107/426] 240810 원익IPS corp=01135941
03:48:00 [108/426] 002380 케이씨씨 corp=00105271
03:48:16 [109/426] 251270 넷마블 corp=00904672
03:48:32 [110/426] 036570 엔씨소프트 corp=00261443
03:48:48 [111/426] 082740 한화엔진 corp=00361008
03:49:03 [112/426] 039030 이오테크닉스 corp=00246417
03:49:19 [113/426] 004020 현대제철 corp=00145880
03:49:34 [114/426] 062040 산일전기 corp=00366438
03:49:51 [115/426] 011780 금호석유화학 corp=00106368
03:50:07 [116/426] 140410 메지온 corp=00808022
03:50:22 [117/426] 051900 LG생활건강 corp=00356370
03:50:38 [118/426] 088350 한화생명 corp=00113058
03:50:55 [119/426] 214150 클래시스 corp=01061327
03:51:10 [120/426] 000990 DB하이텍 corp=00160843
03:51:26 [121/426] 066970 엘앤에프 corp=00398701
03:51:41 [122/426] 011790 SKC corp=00139889
03:51:57 [123/426] 017800 현대엘리베이터 corp=00164724
03:52:13 [124/426] 035250 강원랜드 corp=00255619
03:52:28 [125/426] 111770 영원무역 corp=00776820
03:52:44 [126/426] 310210 보로노이 corp=01327746
03:53:00 [127/426] 036460 한국가스공사 corp=00261285
03:53:16 [128/426] 302440 SK바이오사이언스 corp=01319899
03:53:33 [129/426] 004990 롯데지주 corp=00120562
03:53:49 [130/426] 001720 신영증권 corp=00136721
03:54:06 [131/426] 214450 파마리서치 corp=00970453
03:54:22 [132/426] 095340 ISC corp=00572905
03:54:38 [133/426] 004170 신세계 corp=00136378
03:54:53 [134/426] 108490 로보티즈 corp=00946030
03:55:09 [135/426] 139130 iM금융지주 corp=00878915
03:55:26 [136/426] 012750 에스원 corp=00158501
03:55:41 [137/426] 011170 롯데케미칼 corp=00165413
03:55:57 [138/426] 014680 한솔케미칼 corp=00140955
03:56:13 [139/426] 103590 일진전기 corp=00683469
03:56:29 [140/426] 097950 CJ제일제당 corp=00635134
03:56:44 [141/426] 319400 현대무벡스 corp=01358463
03:57:00 [142/426] 263750 펄어비스 corp=01152470
03:57:17 [143/426] 023530 롯데쇼핑 corp=00120526
03:57:32 [144/426] 000120 CJ대한통운 corp=00113410
03:57:48 [145/426] 145020 휴젤 corp=00888347
03:58:04 [146/426] 081660 미스토홀딩스 corp=00195229
03:58:19 [147/426] 009970 영원무역홀딩스 corp=00140964
03:58:35 [148/426] 001450 현대해상 corp=00164973
03:58:52 [149/426] 139480 이마트 corp=00872984
03:59:07 [150/426] 357780 솔브레인 corp=01489648
03:59:23 [151/426] 489790 한화비전 corp=01867758
03:59:40 [152/426] 103140 풍산 corp=00684714
03:59:56 [153/426] 047040 대우건설 corp=00124540
04:00:11 [154/426] 018880 한온시스템 corp=00161125
04:00:27 [155/426] 457190 이수스페셜티케미컬 corp=01762569
04:00:44 [156/426] 068760 셀트리온제약 corp=00541349
04:01:02 [157/426] 058610 에스피지 corp=00220686
04:01:18 [158/426] 237690 에스티팜 corp=00871833
04:01:34 [159/426] 000240 한국앤컴퍼니 corp=00160047
04:01:50 [160/426] 010060 OCI홀딩스 corp=00148896
04:02:05 [161/426] 026960 동서 corp=00144395
04:02:20 [162/426] 009420 한올바이오파마 corp=00162586
04:02:35 [163/426] 008930 한미사이언스 corp=00161426
04:02:51 [164/426] 353200 대덕전자 corp=01478712
04:03:07 [165/426] 002790 아모레퍼시픽홀딩스 corp=00154462
04:03:23 [166/426] 071970 HD현대마린엔진 corp=00406046
04:03:38 [167/426] 004370 농심 corp=00108241
04:03:53 [168/426] 204320 HL만도 corp=01042775
04:04:09 [169/426] 041510 에스엠 corp=00260930
04:04:25 [170/426] 028670 팬오션 corp=00122737
04:04:40 [171/426] 030530 원익홀딩스 corp=00216647
04:04:56 [172/426] 004800 효성 corp=00117188
04:05:12 [173/426] 012510 더존비즈온 corp=00172291
04:05:27 [174/426] 383220 F&F corp=01568413
04:05:43 [175/426] 001430 세아베스틸지주 corp=00106669
04:05:58 [176/426] 005290 동진쎄미켐 corp=00118804
04:06:14 [177/426] 003690 코리안리 corp=00113191
04:06:31 [178/426] 051600 한전KPS corp=00159218
04:06:47 [179/426] 257720 실리콘투 corp=00982023
04:07:03 [180/426] 267270 HD건설기계 corp=01205842
04:07:19 [181/426] 440110 파두 corp=01292291
04:07:36 [182/426] 084370 유진테크 corp=00531014
04:07:51 [183/426] 030000 제일기획 corp=00148276
04:08:07 [184/426] 035900 JYP Ent. corp=00258689
04:08:22 [185/426] 023590 다우기술 corp=00176914
04:08:38 [186/426] 069960 현대백화점 corp=00428251
04:08:53 [187/426] 005850 에스엘 corp=00125521
04:09:09 [188/426] 036930 주성엔지니어링 corp=00252135
04:09:25 [189/426] 282330 BGF리테일 corp=01263022
04:09:40 [190/426] 226950 올릭스 corp=01113718
04:09:56 [191/426] 083650 비에이치아이 corp=00409788
04:10:12 [192/426] 336260 두산퓨얼셀 corp=01412725
04:10:29 [193/426] 192820 코스맥스 corp=01009789
04:10:45 [194/426] 011210 현대위아 corp=00106623
04:11:00 [195/426] 005440 현대지에프홀딩스 corp=00105280
04:11:15 [196/426] 067310 하나마이크론 corp=00445054
04:11:31 [197/426] 290650 엘앤씨바이오 corp=01181515
04:11:47 [198/426] 018670 SK가스 corp=00144164
04:12:03 [199/426] 098460 고영 corp=00579999
04:12:19 [200/426] 475830 오름테라퓨틱 corp=01658831
04:12:36 [201/426] 375500 DL이앤씨 corp=01524093
04:12:52 [202/426] 003540 대신증권 corp=00110893
04:13:09 [203/426] 099320 쎄트렉아이 corp=00449254
04:13:25 [204/426] 458870 씨어스테크놀로지 corp=01514227
04:13:42 [205/426] 178320 서진시스템 corp=00838005
04:13:58 [206/426] 006280 녹십자 corp=00129679
04:14:13 [207/426] 073240 금호타이어 corp=00481454
04:14:29 [208/426] 065350 신성델타테크 corp=00136226
04:14:45 [209/426] 097230 HJ중공업 corp=00633835
04:15:01 [210/426] 483650 달바글로벌 corp=01649204
04:15:18 [211/426] 032820 우리기술 corp=00231044
04:15:33 [212/426] 069620 대웅제약 corp=00427483
04:15:49 [213/426] 020150 롯데에너지머티리얼즈 corp=00113997
04:16:05 [214/426] 160190 하이젠알앤엠 corp=00650771
04:16:21 [215/426] 007340 DN오토모티브 corp=00116949
04:16:37 [216/426] 039200 오스코텍 corp=00263654
04:16:53 [217/426] 101490 에스앤에스텍 corp=00411048
04:17:10 [218/426] 032350 롯데관광개발 corp=00231372
04:17:25 [219/426] 008770 호텔신라 corp=00165680
04:17:40 [220/426] 034230 파라다이스 corp=00171265
04:17:56 [221/426] 006360 GS건설 corp=00120030
04:18:11 [222/426] 007070 GS리테일 corp=00140177
04:18:27 [223/426] 323280 태성 corp=01366000
04:18:43 [224/426] 361610 SK아이이테크놀로지 corp=01386916
04:18:59 [225/426] 003570 SNT다이내믹스 corp=00134477
04:19:15 [226/426] 445680 큐리옥스바이오시스템즈 corp=01498974
04:19:32 [227/426] 017960 한국카본 corp=00159795
04:19:47 [228/426] 112610 씨에스윈드 corp=00670340
04:20:02 [229/426] 140860 파크시스템스 corp=00244747
04:20:18 [230/426] 001120 LX인터내셔널 corp=00120076
04:20:33 [231/426] 298020 효성티앤씨 corp=01316227
04:20:49 [232/426] 120110 코오롱인더 corp=00795135
04:21:05 [233/426] 161890 한국콜마 corp=00939331
04:21:20 [234/426] 003380 하림지주 corp=00148364
04:21:37 [235/426] 319660 피에스케이 corp=01365825
04:21:52 [236/426] 082270 젬백스 corp=00492894
04:22:08 [237/426] 232140 와이씨 corp=01109539
04:22:23 [238/426] 437730 삼현 corp=00262266
04:22:40 [239/426] 035760 CJ ENM corp=00265324
04:22:56 [240/426] 466100 클로봇 corp=01784914
04:23:13 [241/426] 085620 미래에셋생명 corp=00112332
04:23:30 [242/426] 007310 오뚜기 corp=00141529
04:23:45 [243/426] 222800 심텍 corp=01095722
04:24:01 [244/426] 006040 동원산업 corp=00118026
04:24:17 [245/426] 348370 엔켐 corp=01011526
04:24:33 [246/426] 031980 피에스케이홀딩스 corp=00208444
04:24:49 [247/426] 003530 한화투자증권 corp=00148610
04:25:06 [248/426] 080220 제주반도체 corp=00447487
04:25:21 [249/426] 281740 레이크머티리얼즈 corp=01255652
04:25:37 [250/426] 089030 테크윙 corp=00535676
04:25:53 [251/426] 003090 대웅 corp=00111810
04:26:09 [252/426] 038500 삼표시멘트 corp=00239639
04:26:24 [253/426] 001800 오리온홀딩스 corp=00117577
04:26:41 [254/426] 294870 HDC현대산업개발 corp=01310269
04:26:56 [255/426] 007390 네이처셀 corp=00117276
04:27:14 [256/426] 090710 휴림로봇 corp=00540429
04:27:29 [257/426] 195940 HK이노엔 corp=01012066
04:27:47 [258/426] 096530 씨젠 corp=00788773
04:28:02 [259/426] 056080 유진로봇 corp=00234227
04:28:19 [260/426] 005300 롯데칠성음료 corp=00120571
04:28:35 [261/426] 007810 코리아써키트 corp=00152686
04:28:50 [262/426] 388720 유일로보틱스 corp=01152586
04:29:07 [263/426] 122870 와이지엔터테인먼트 corp=00613318
04:29:23 [264/426] 012630 HDC corp=00164636
04:29:39 [265/426] 229640 LS에코에너지 corp=01093007
04:29:54 [266/426] 078600 대주전자재료 corp=00177816
04:30:09 [267/426] 189300 인텔리안테크 corp=00664181
04:30:25 [268/426] 218410 RFHIC corp=01078178
04:30:41 [269/426] 043260 성호전자 corp=00317210
04:30:56 [270/426] 095610 테스 corp=00524421
04:31:12 [271/426] 499790 GS피앤엘 corp=01882845
04:31:29 [272/426] 000080 하이트진로 corp=00150244
04:31:45 [273/426] 293490 카카오게임즈 corp=01137383
04:32:01 [274/426] 181710 NHN corp=00983271
04:32:17 [275/426] 100790 미래에셋벤처투자 corp=00340096
04:32:34 [276/426] 004000 롯데정밀화학 corp=00157681
04:32:49 [277/426] 204270 제이앤티씨 corp=00447575
04:33:04 [278/426] 280360 롯데웰푸드 corp=01258507
04:33:20 [279/426] 185750 종근당 corp=00992871
04:33:36 [280/426] 003240 태광산업 corp=00153393
04:33:52 [281/426] 137400 피엔티 corp=00612294
04:34:07 [282/426] 131970 두산테스나 corp=00563545
04:34:25 [283/426] 001740 SK네트웍스 corp=00131780
04:34:41 [284/426] 328130 루닛 corp=01397620
04:34:57 [285/426] 115180 큐리언트 corp=01042650
04:35:14 [286/426] 166090 하나머티리얼즈 corp=00660750
04:35:31 [287/426] 036540 SFA반도체 corp=00301246
04:35:46 [288/426] 006120 SK디스커버리 corp=00131832
04:36:02 [289/426] 192080 더블유게임즈 corp=01010110
04:36:17 [290/426] 298050 HS효성첨단소재 corp=01316254
04:36:33 [291/426] 085660 차바이오텍 corp=00525679
04:36:50 [292/426] 006730 서부T&D corp=00130383
04:37:07 [293/426] 124500 아이티센글로벌 corp=00620868
04:37:22 [294/426] 183300 코미코 corp=00997812
04:37:38 [295/426] 161580 필옵틱스 corp=00938721
04:37:54 [296/426] 056190 에스에프에이 corp=00358271
04:38:26 [WARN] finstate_all corp=00358271 year=2022 reprt=11014 fs=CFS try=1/4 err=ConnectTimeout: HTTPSConnectionPool(host='opendart.fss.or.kr', port=443): Max retries exceeded with url: /api/fnlttSinglAcntAll.json?crtfc_key=75a12698fc0c7458be36a673011d7c3479f890ed&corp_code=00358271&bsns_year=2022&reprt_code=11014&fs_div=CFS (Caused by ConnectTimeoutError(<HTTPSConnection(host='opendart.fss.or.kr', port=443) at 0x1b3a55c74a0>, 'Connection to opendart.fss.or.kr timed out. (connect timeout=None)'))
04:38:32 [297/426] 285130 SK케미칼 corp=01267170
04:38:48 [298/426] 417200 LS머트리얼즈 corp=01528141
04:39:04 [299/426] 006650 대한유화 corp=00260383
04:39:19 [300/426] 241710 코스메카코리아 corp=00763473
04:39:35 [301/426] 100090 SK오션플랜트 corp=00480367
04:39:50 [302/426] 071320 지역난방공사 corp=00159698
04:40:07 [303/426] 036830 솔브레인홀딩스 corp=00247975
04:40:22 [304/426] 213420 덕산네오룩스 corp=01061558
04:40:40 [305/426] 000210 DL corp=00109693
04:40:55 [306/426] 032190 다우데이타 corp=00238782
04:41:11 [307/426] 075580 세진중공업 corp=00415628
04:41:26 [308/426] 003160 디아이 corp=00118275
04:41:42 [309/426] 249420 일동제약 corp=01168383
04:41:57 [310/426] 086900 메디톡스 corp=00580199
04:42:13 [311/426] 003470 유안타증권 corp=00117601
04:42:30 [312/426] 376300 디어유 corp=01456011
04:42:47 [313/426] 195870 해성디에스 corp=01032413
04:43:02 [314/426] 347700 스피어 corp=01336762
04:43:19 [315/426] 100840 SNT에너지 corp=00648721
04:43:35 [316/426] 475150 SK이터닉스 corp=01817081
04:43:52 [317/426] 131290 티에스이 corp=00372226
04:44:08 [318/426] 281820 케이씨텍 corp=01261893
04:44:25 [319/426] 014620 성광벤드 corp=00132318
04:44:40 [320/426] 057050 현대홈쇼핑 corp=00412597
04:44:56 [321/426] 171090 선익시스템 corp=00327819
04:45:11 [322/426] 060370 LS마린솔루션 corp=00225742
04:45:29 [323/426] 222080 씨아이에스 corp=01090471
04:45:46 [324/426] 112040 위메이드 corp=00444329
04:46:02 [325/426] 033240 자화전자 corp=00146861
04:46:17 [326/426] 036810 에프에스티 corp=00223434
04:46:33 [327/426] 064960 SNT모티브 corp=00398792
04:46:49 [328/426] 322000 HD현대에너지솔루션 corp=01199550
04:47:04 [329/426] 010780 아이에스동서 corp=00115977
04:47:20 [330/426] 079900 전진건설로봇 corp=00372129
04:47:37 [331/426] 108320 LX세미콘 corp=00525934
04:47:52 [332/426] 052400 코나아이 corp=00349732
04:48:08 [333/426] 248070 솔루엠 corp=01159233
04:48:24 [334/426] 000370 한화손해보험 corp=00135917
04:48:41 [335/426] 347850 디앤디파마텍 corp=01376715
04:48:57 [336/426] 000500 가온전선 corp=00104768
04:49:13 [337/426] 348340 뉴로메카 corp=01336461
04:49:30 [338/426] 089970 브이엠 corp=00544577
04:49:45 [339/426] 093370 후성 corp=00595191
04:50:00 [340/426] 121600 나노신소재 corp=00439965
04:50:16 [341/426] 060250 NHN KCP corp=00357740
04:50:32 [342/426] 102710 이엔에프테크놀로지 corp=00530185
04:50:47 [343/426] 033500 동성화인텍 corp=00231105
04:51:03 [344/426] 042000 카페24 corp=00260879
04:51:18 [345/426] 114090 GKL corp=00557508
04:51:34 [346/426] 214430 아이쓰리시스템 corp=00612489
04:51:53 [347/426] 009520 포스코엠텍 corp=00128111
04:52:11 [348/426] 214320 이노션 corp=00565154
04:52:26 [349/426] 039130 하나투어 corp=00269940
04:52:42 [350/426] 069260 티케이지휴켐스 corp=00426086
04:52:58 [351/426] 001680 대상 corp=00121941
04:53:13 [352/426] 086450 동국제약 corp=00114808
04:53:29 [353/426] 002020 코오롱 corp=00152862
04:53:45 [354/426] 225570 넥슨게임즈 corp=01096341
04:54:02 [355/426] 003620 KG모빌리티 corp=00138242
04:54:17 [356/426] 067160 SOOP corp=00399694
04:54:33 [357/426] 348210 넥스틴 corp=01080252
04:54:49 [358/426] 389470 인벤티지랩 corp=01516456
04:55:06 [359/426] 456040 OCI corp=01760738
04:55:23 [360/426] 023160 태광 corp=00153375
04:55:39 [361/426] 272290 이녹스첨단소재 corp=01237540
04:55:54 [362/426] 074600 원익QnC corp=00468374
04:56:10 [363/426] 399720 가온칩스 corp=01364747
04:56:27 [364/426] 025980 아난티 corp=00161781
04:56:43 [365/426] 090360 로보스타 corp=00536523
04:56:58 [366/426] 078160 메디포스트 corp=00453929
04:57:14 [367/426] 077970 STX엔진 corp=00480455
04:57:30 [368/426] 420770 기가비스 corp=00765569
04:57:47 [369/426] 383310 에코프로에이치엔 corp=01566248
04:58:03 [370/426] 127120 제이에스링크 corp=00642541
04:58:19 [371/426] 090460 비에이치 corp=00447609
04:58:34 [372/426] 060280 큐렉소 corp=00356802
04:58:52 [373/426] 018290 브이티 corp=00150165
04:59:08 [374/426] 336570 원텍 corp=01407909
04:59:34 [WARN] finstate_all corp=01407909 year=2018 reprt=11014 fs=OFS try=1/4 err=ConnectTimeout: HTTPSConnectionPool(host='opendart.fss.or.kr', port=443): Max retries exceeded with url: /api/fnlttSinglAcntAll.json?crtfc_key=75a12698fc0c7458be36a673011d7c3479f890ed&corp_code=01407909&bsns_year=2018&reprt_code=11014&fs_div=OFS (Caused by ConnectTimeoutError(<HTTPSConnection(host='opendart.fss.or.kr', port=443) at 0x1b3a3d59910>, 'Connection to opendart.fss.or.kr timed out. (connect timeout=None)'))
04:59:46 [375/426] 253590 네오셈 corp=01170865
05:00:02 [376/426] 372320 큐로셀 corp=01492651
05:00:19 [377/426] 130660 한전산업 corp=00194947
05:00:35 [378/426] 005880 대한해운 corp=00113535
05:00:51 [379/426] 475960 토모큐브 corp=01573336
05:01:08 [380/426] 126340 비나텍 corp=00563518
05:01:24 [381/426] 041960 코미팜 corp=00187415
05:01:39 [382/426] 041190 우리기술투자 corp=00231664
05:01:56 [383/426] 005420 코스모화학 corp=00160302
05:02:12 [384/426] 015750 성우하이텍 corp=00132992
05:02:28 [385/426] 336370 솔루스첨단소재 corp=01412822
05:02:44 [386/426] 004690 삼천리 corp=00128555
05:03:00 [387/426] 036620 감성코퍼레이션 corp=00261009
05:03:18 [388/426] 025320 시노펙스 corp=00203023
05:03:33 [389/426] 053610 프로텍 corp=00325112
05:03:49 [390/426] 119850 지엔씨에너지 corp=00626464
05:04:05 [391/426] 027360 아주IB투자 corp=00156895
05:04:22 [392/426] 460930 현대힘스 corp=00667373
05:04:39 [393/426] 064260 다날 corp=00389970
05:04:54 [394/426] 042520 한스바이오메드 corp=00349060
05:05:09 [395/426] 001510 SK증권 corp=00131850
05:05:26 [396/426] 005090 SGC에너지 corp=00125150
05:05:41 [397/426] 192650 드림텍 corp=00415646
05:05:58 [398/426] 003030 세아제강지주 corp=00124197
05:06:14 [399/426] 104830 원익머트리얼즈 corp=00623661
05:06:30 [400/426] 050890 쏠리드 corp=00364403
05:06:46 [401/426] 030520 한글과컴퓨터 corp=00204262
05:07:02 [402/426] 039440 에스티아이 corp=00298340
05:07:17 [403/426] 145720 덴티움 corp=00526599
05:07:33 [404/426] 059090 미코 corp=00366942
05:07:49 [405/426] 356860 티엘비 corp=00920379
05:08:05 [406/426] 114810 한솔아이원스 corp=00625942
05:08:22 [407/426] 083450 GST corp=00540863
05:08:38 [408/426] 105840 우진 corp=00173944
05:08:53 [409/426] 200710 에이디테크놀로지 corp=00657002
05:09:09 [410/426] 079370 제우스 corp=00442570
05:09:25 [411/426] 045100 한양이엔지 corp=00216762
05:09:40 [412/426] 278280 천보 corp=00897752
05:09:56 [413/426] 006220 제주은행 corp=00148832
05:10:13 [414/426] 425420 티에프이 corp=01035368
05:10:30 [415/426] 089010 켐트로닉스 corp=00371485
05:10:46 [416/426] 215600 신라젠 corp=00919966
05:11:01 [417/426] 376900 로킷헬스케어 corp=01335143
05:11:17 [418/426] 206650 유바이오로직스 corp=00927558
05:11:35 [419/426] 368770 파이버프로 corp=01513440
05:11:51 [420/426] 041920 메디아나 corp=00273439
05:12:06 [421/426] 048410 현대바이오 corp=00313649
05:12:22 [422/426] 011930 신성이엔지 corp=00136271
05:12:38 [423/426] 122640 예스티 corp=00530556
05:12:54 [424/426] 082920 비츠로셀 corp=00154718
05:13:10 [425/426] 117730 티로보틱스 corp=00867098
05:13:26 [426/426] 001500 현대차증권 corp=00137997
05:13:42 [OK] saved: data\processed\fundamentals_quarterly__asof=2026-03-29__src=dart__fs=CFS__y=2016-2025__v=1.parquet rows=14023 new_rows=14023 tickers_ok=426 skipped=0 err=0
05:13:42 [CHECK] quarter coverage:
05:13:42   - (2016, 1): 273
05:13:42   - (2016, 2): 277
05:13:42   - (2016, 3): 279
05:13:42   - (2016, 4): 287
05:13:42   - (2017, 1): 290
05:13:42   - (2017, 2): 299
05:13:42   - (2017, 3): 302
05:13:42   - (2017, 4): 309
05:13:42   - (2018, 1): 308
05:13:42   - (2018, 2): 312
05:13:42   - (2018, 3): 314
05:13:42   - (2018, 4): 323
05:13:42   - (2019, 1): 323
05:13:42   - (2019, 2): 325
05:13:42   - (2019, 3): 325
05:13:42   - (2019, 4): 332
05:13:42   - (2020, 1): 332
05:13:42   - (2020, 2): 334
05:13:42   - (2020, 3): 338
05:13:42   - (2020, 4): 347
05:13:42   - (2021, 1): 348
05:13:42   - (2021, 2): 352
05:13:42   - (2021, 3): 354
05:13:42   - (2021, 4): 358
05:13:42   - (2022, 1): 360
05:13:42   - (2022, 2): 364
05:13:42   - (2022, 3): 364
05:13:42   - (2022, 4): 367
05:13:42   - (2023, 1): 367
05:13:42   - (2023, 2): 371
05:13:42   - (2023, 3): 409
05:13:42   - (2023, 4): 412
05:13:42   - (2024, 1): 414
05:13:42   - (2024, 2): 418
05:13:42   - (2024, 3): 422
05:13:42   - (2024, 4): 426
05:13:42   - (2025, 1): 426
05:13:42   - (2025, 2): 426
05:13:42   - (2025, 3): 426
05:13:42   - (2025, 4): 410
