07:59:09 [INFO] year range 2016..2025
07:59:09 [INFO] mode=universe metric=revenue_op merge_existing=False
07:59:09 [INFO] primary fs_div=CFS (fallback enabled)
07:59:09 [INFO] universe=data\processed\universe__asof=2025-11-16__metric=revenue_op__v=1.csv rows=456
07:59:09 [INFO] input tickers rows=456 mode=universe
07:59:09 [INFO] corp_codes rows=3915
07:59:09 [CHECK] corp_code missing ratio=0.000
07:59:09 [INFO] corp_code usable rows: 456 -> 456
07:59:10 [INFO] existing fundamentals rows=14721 from data\processed\fundamentals_quarterly__asof=2025-11-16__src=dart__fs=CFS__y=2016-2025__v=1.parquet
07:59:10 [1/456] 005930 삼성전자 corp=00126380
07:59:26 [2/456] 000660 SK하이닉스 corp=00164779
07:59:41 [3/456] 005380 현대자동차 corp=00164742
07:59:57 [4/456] 373220 LG에너지솔루션 corp=01515323
08:00:14 [5/456] 402340 SK스퀘어 corp=01596425
08:00:32 [6/456] 105560 KB금융 corp=00688996
08:00:49 [7/456] 000270 기아 corp=00106641
08:01:47 [8/456] 034020 두산에너빌리티 corp=00159616
08:02:03 [9/456] 028260 삼성물산 corp=00149655
08:02:19 [10/456] 068270 셀트리온 corp=00413046
08:02:35 [11/456] 055550 신한지주 corp=00382199
08:02:52 [12/456] 012450 한화에어로스페이스 corp=00126566
08:03:08 [13/456] 329180 HD현대중공업 corp=01390344
08:03:25 [14/456] 006800 미래에셋증권 corp=00111722
08:04:04 [15/456] 032830 삼성생명 corp=00126256
08:04:21 [16/456] 012330 현대모비스 corp=00164788
08:04:37 [17/456] 035420 NAVER corp=00266961
08:04:53 [18/456] 042660 한화오션 corp=00111704
08:05:09 [19/456] 015760 한국전력공사 corp=00159193
08:05:26 [20/456] 086790 하나금융지주 corp=00547583
08:05:43 [21/456] 010130 고려아연 corp=00102858
08:05:59 [22/456] 267260 HD현대일렉트릭 corp=01205851
08:06:36 [23/456] 005490 POSCO홀딩스 corp=00155319
08:06:53 [24/456] 316140 우리금융지주 corp=01350869
08:07:11 [25/456] 009540 HD한국조선해양 corp=00164830
08:07:26 [26/456] 000810 삼성화재해상보험 corp=00139214
08:07:44 [27/456] 138040 메리츠금융지주 corp=00860332
08:08:01 [28/456] 006400 삼성SDI corp=00126362
08:08:18 [29/456] 034730 SK corp=00181712
08:08:34 [30/456] 035720 카카오 corp=00258801
08:08:50 [31/456] 010140 삼성중공업 corp=00126478
08:09:06 [32/456] 009150 삼성전기 corp=00126371
08:09:21 [33/456] 051910 LG화학 corp=00356361
08:09:37 [34/456] 298040 효성중공업 corp=01316245
08:09:53 [35/456] 064350 현대로템 corp=00302926
08:10:09 [36/456] 033780 케이티앤지 corp=00244455
08:10:25 [37/456] 066570 LG전자 corp=00401731
08:10:41 [38/456] 024110 기업은행 corp=00149646
08:10:59 [39/456] 196170 알테오젠 corp=00989619
08:11:15 [40/456] 267250 HD현대 corp=01205709
08:11:32 [41/456] 000150 두산 corp=00117212
08:11:49 [42/456] 086520 에코프로 corp=00536541
08:12:05 [43/456] 010120 엘에스일렉트릭 corp=00105855
08:12:22 [44/456] 042700 한미반도체 corp=00161383
08:12:37 [45/456] 272210 한화시스템 corp=00339391
08:12:54 [46/456] 247540 에코프로비엠 corp=01160363
08:13:10 [47/456] 086280 현대글로비스 corp=00360595
08:13:26 [48/456] 011200 HMM corp=00164645
08:13:42 [49/456] 017670 SK텔레콤 corp=00159023
08:13:58 [50/456] 003670 포스코퓨처엠 corp=00155276
08:14:14 [51/456] 047810 한국항공우주 corp=00309503
08:14:29 [52/456] 096770 SK이노베이션 corp=00631518
08:14:46 [53/456] 030200 케이티 corp=00190321
08:15:02 [54/456] 352820 하이브 corp=01204056
08:15:18 [55/456] 003550 LG corp=00120021
08:15:35 [56/456] 071050 한국금융지주 corp=00432102
08:15:52 [57/456] 039490 키움증권 corp=00296290
08:16:09 [58/456] 018260 삼성에스디에스 corp=00126186
08:16:25 [59/456] 323410 카카오뱅크 corp=01133217
08:16:43 [60/456] 277810 레인보우로보틱스 corp=01261644
08:17:00 [61/456] 005830 DB손해보험 corp=00159102
08:17:17 [62/456] 000720 현대건설 corp=00164478
08:17:33 [63/456] 000250 삼천당제약 corp=00128546
08:17:49 [64/456] 259960 크래프톤 corp=00760971
08:18:06 [65/456] 307950 현대오토에버 corp=00362441
08:18:22 [66/456] 010950 S-Oil corp=00138279
08:18:38 [67/456] 047050 포스코인터내셔널 corp=00124504
08:18:54 [68/456] 000880 한화 corp=00160588
08:19:11 [69/456] 278470 에이피알 corp=01190568
08:19:27 [70/456] 079550 LIG넥스원 corp=00503668
08:19:43 [71/456] 005940 NH투자증권 corp=00120182
08:20:01 [72/456] 090430 아모레퍼시픽 corp=00583424
08:20:17 [73/456] 003490 대한항공 corp=00113526
08:20:34 [74/456] 180640 한진칼 corp=00983040
08:20:50 [75/456] 016360 삼성증권 corp=00104856
08:21:07 [76/456] 003230 삼양식품 corp=00126955
08:21:23 [77/456] 161390 한국타이어앤테크놀로지 corp=00937324
08:21:39 [78/456] 298380 에이비엘바이오 corp=01256864
08:21:56 [79/456] 000100 유한양행 corp=00145109
08:22:13 [80/456] 326030 에스케이바이오팜 corp=00878696
08:22:29 [81/456] 377300 카카오페이 corp=01244601
08:22:46 [82/456] 006260 LS corp=00105952
08:23:02 [83/456] 009830 한화솔루션 corp=00162461
08:23:18 [84/456] 128940 한미약품 corp=00828497
08:23:34 [85/456] 443060 HD현대마린솔루션 corp=01194689
08:23:51 [86/456] 032640 LG유플러스 corp=00231363
08:24:07 [87/456] 029780 삼성카드 corp=00126292
08:24:24 [88/456] 138930 BNK금융지주 corp=00858364
08:24:42 [89/456] 175330 JB금융지주 corp=00980122
08:24:59 [90/456] 028300 HLB corp=00199252
08:25:16 [91/456] 001040 CJ corp=00148540
08:25:32 [92/456] 028050 삼성E&A corp=00126308
08:25:48 [93/456] 021240 코웨이 corp=00170558
08:26:04 [94/456] 078930 GS corp=00500254
08:26:20 [95/456] 214370 케어젠 corp=00549891
08:26:35 [96/456] 454910 두산로보틱스 corp=01105153
08:26:53 [97/456] 241560 두산밥캣 corp=01032486
08:27:09 [98/456] 141080 리가켐바이오 corp=00842619
08:27:25 [99/456] 007660 이수페타시스 corp=00107613
08:27:41 [100/456] 064400 LG씨엔에스 corp=00139834
08:27:58 [101/456] 001440 대한전선 corp=00113207
08:28:15 [102/456] 022100 포스코DX corp=00155212
08:28:30 [103/456] 034220 LG디스플레이 corp=00105873
08:28:46 [104/456] 011070 LG이노텍 corp=00105961
08:29:02 [105/456] 087010 펩트론 corp=00415868
08:29:21 [106/456] 052690 한전기술 corp=00159209
08:29:39 [107/456] 271560 오리온 corp=01238169
08:29:55 [108/456] 240810 원익IPS corp=01135941
08:30:12 [109/456] 002380 케이씨씨 corp=00105271
08:30:29 [110/456] 251270 넷마블 corp=00904672
08:30:45 [111/456] 036570 엔씨소프트 corp=00261443
08:31:02 [112/456] 450080 에코프로머티 corp=01311408
08:31:20 [113/456] 082740 한화엔진 corp=00361008
08:31:37 [114/456] 039030 이오테크닉스 corp=00246417
08:31:52 [115/456] 004020 현대제철 corp=00145880
08:32:08 [116/456] 062040 산일전기 corp=00366438
08:32:26 [117/456] 011780 금호석유화학 corp=00106368
08:32:42 [118/456] 140410 메지온 corp=00808022
08:32:58 [119/456] 051900 LG생활건강 corp=00356370
08:33:14 [120/456] 088350 한화생명 corp=00113058
08:33:31 [121/456] 214150 클래시스 corp=01061327
08:33:47 [122/456] 000990 DB하이텍 corp=00160843
08:34:03 [123/456] 066970 엘앤에프 corp=00398701
08:34:19 [124/456] 011790 SKC corp=00139889
08:34:36 [125/456] 017800 현대엘리베이터 corp=00164724
08:34:52 [126/456] 035250 강원랜드 corp=00255619
08:35:08 [127/456] 111770 영원무역 corp=00776820
08:35:24 [128/456] 310210 보로노이 corp=01327746
08:35:41 [129/456] 036460 한국가스공사 corp=00261285
08:35:59 [130/456] 302440 SK바이오사이언스 corp=01319899
08:36:16 [131/456] 004990 롯데지주 corp=00120562
08:36:33 [132/456] 001720 신영증권 corp=00136721
08:36:50 [133/456] 214450 파마리서치 corp=00970453
08:37:06 [134/456] 095340 ISC corp=00572905
08:37:22 [135/456] 004170 신세계 corp=00136378
08:37:38 [136/456] 108490 로보티즈 corp=00946030
08:37:55 [137/456] 403870 HPSP corp=01288827
08:38:13 [138/456] 139130 iM금융지주 corp=00878915
08:38:30 [139/456] 012750 에스원 corp=00158501
08:38:46 [140/456] 011170 롯데케미칼 corp=00165413
08:39:02 [141/456] 014680 한솔케미칼 corp=00140955
08:39:18 [142/456] 103590 일진전기 corp=00683469
08:39:34 [143/456] 097950 CJ제일제당 corp=00635134
08:39:50 [144/456] 319400 현대무벡스 corp=01358463
08:40:07 [145/456] 263750 펄어비스 corp=01152470
08:40:24 [146/456] 023530 롯데쇼핑 corp=00120526
08:40:40 [147/456] 000120 CJ대한통운 corp=00113410
08:40:56 [148/456] 145020 휴젤 corp=00888347
08:41:12 [149/456] 081660 미스토홀딩스 corp=00195229
08:41:28 [150/456] 009970 영원무역홀딩스 corp=00140964
08:41:44 [151/456] 001450 현대해상 corp=00164973
08:42:02 [152/456] 139480 이마트 corp=00872984
08:42:18 [153/456] 357780 솔브레인 corp=01489648
08:42:35 [154/456] 489790 한화비전 corp=01867758
08:42:52 [155/456] 103140 풍산 corp=00684714
08:43:08 [156/456] 047040 대우건설 corp=00124540
08:43:24 [157/456] 018880 한온시스템 corp=00161125
08:43:40 [158/456] 457190 이수스페셜티케미컬 corp=01762569
08:43:57 [159/456] 068760 셀트리온제약 corp=00541349
08:44:15 [160/456] 058610 에스피지 corp=00220686
08:44:31 [161/456] 237690 에스티팜 corp=00871833
08:44:47 [162/456] 000240 한국앤컴퍼니 corp=00160047
08:45:03 [163/456] 010060 OCI홀딩스 corp=00148896
08:45:19 [164/456] 026960 동서 corp=00144395
08:45:35 [165/456] 009420 한올바이오파마 corp=00162586
08:45:50 [166/456] 008930 한미사이언스 corp=00161426
08:46:07 [167/456] 353200 대덕전자 corp=01478712
08:46:24 [168/456] 002790 아모레퍼시픽홀딩스 corp=00154462
08:46:40 [169/456] 071970 HD현대마린엔진 corp=00406046
08:46:56 [170/456] 004370 농심 corp=00108241
08:47:11 [171/456] 204320 HL만도 corp=01042775
08:47:27 [172/456] 041510 에스엠 corp=00260930
08:47:44 [173/456] 028670 팬오션 corp=00122737
08:47:59 [174/456] 030530 원익홀딩스 corp=00216647
08:48:15 [175/456] 004800 효성 corp=00117188
08:48:31 [176/456] 012510 더존비즈온 corp=00172291
08:48:47 [177/456] 383220 F&F corp=01568413
08:49:04 [178/456] 001430 세아베스틸지주 corp=00106669
08:49:20 [179/456] 005290 동진쎄미켐 corp=00118804
08:49:36 [180/456] 003690 코리안리 corp=00113191
08:49:53 [181/456] 051600 한전KPS corp=00159218
08:50:10 [182/456] 257720 실리콘투 corp=00982023
08:50:28 [183/456] 267270 HD건설기계 corp=01205842
08:50:44 [184/456] 440110 파두 corp=01292291
08:51:01 [185/456] 084370 유진테크 corp=00531014
08:51:17 [186/456] 030000 제일기획 corp=00148276
08:51:33 [187/456] 035900 JYP Ent. corp=00258689
08:51:50 [188/456] 023590 다우기술 corp=00176914
08:52:06 [189/456] 069960 현대백화점 corp=00428251
08:52:22 [190/456] 005850 에스엘 corp=00125521
08:52:38 [191/456] 036930 주성엔지니어링 corp=00252135
08:52:54 [192/456] 282330 BGF리테일 corp=01263022
08:53:10 [193/456] 064760 티씨케이 corp=00245472
08:53:29 [194/456] 226950 올릭스 corp=01113718
08:53:46 [195/456] 083650 비에이치아이 corp=00409788
08:54:01 [196/456] 336260 두산퓨얼셀 corp=01412725
08:54:20 [197/456] 192820 코스맥스 corp=01009789
08:54:36 [198/456] 011210 현대위아 corp=00106623
08:54:52 [199/456] 005440 현대지에프홀딩스 corp=00105280
08:55:09 [200/456] 067310 하나마이크론 corp=00445054
08:55:26 [201/456] 290650 엘앤씨바이오 corp=01181515
08:55:42 [202/456] 018670 SK가스 corp=00144164
08:55:58 [203/456] 098460 고영 corp=00579999
08:56:14 [204/456] 475830 오름테라퓨틱 corp=01658831
08:56:32 [205/456] 375500 DL이앤씨 corp=01524093
08:56:50 [206/456] 003540 대신증권 corp=00110893
08:57:07 [207/456] 099320 쎄트렉아이 corp=00449254
08:57:22 [208/456] 458870 씨어스테크놀로지 corp=01514227
08:57:40 [209/456] 178320 서진시스템 corp=00838005
08:57:56 [210/456] 006280 녹십자 corp=00129679
08:58:12 [211/456] 073240 금호타이어 corp=00481454
08:58:28 [212/456] 065350 신성델타테크 corp=00136226
08:58:44 [213/456] 097230 HJ중공업 corp=00633835
08:59:00 [214/456] 483650 달바글로벌 corp=01649204
08:59:17 [215/456] 032820 우리기술 corp=00231044
08:59:33 [216/456] 069620 대웅제약 corp=00427483
08:59:51 [217/456] 020150 롯데에너지머티리얼즈 corp=00113997
09:00:06 [218/456] 160190 하이젠알앤엠 corp=00650771
09:00:24 [219/456] 007340 DN오토모티브 corp=00116949
09:00:40 [220/456] 039200 오스코텍 corp=00263654
09:00:56 [221/456] 101490 에스앤에스텍 corp=00411048
09:01:14 [222/456] 032350 롯데관광개발 corp=00231372
09:01:30 [223/456] 008770 호텔신라 corp=00165680
09:01:47 [224/456] 034230 파라다이스 corp=00171265
09:02:03 [225/456] 006360 GS건설 corp=00120030
09:02:19 [226/456] 007070 GS리테일 corp=00140177
09:02:35 [227/456] 323280 태성 corp=01366000
09:02:53 [228/456] 361610 SK아이이테크놀로지 corp=01386916
09:03:10 [229/456] 003570 SNT다이내믹스 corp=00134477
09:03:26 [230/456] 445680 큐리옥스바이오시스템즈 corp=01498974
09:03:43 [231/456] 017960 한국카본 corp=00159795
09:04:00 [232/456] 112610 씨에스윈드 corp=00670340
09:04:16 [233/456] 140860 파크시스템스 corp=00244747
09:04:32 [234/456] 001120 LX인터내셔널 corp=00120076
09:04:48 [235/456] 298020 효성티앤씨 corp=01316227
09:05:04 [236/456] 120110 코오롱인더 corp=00795135
09:05:21 [237/456] 005070 코스모신소재 corp=00129989
09:05:40 [238/456] 161890 한국콜마 corp=00939331
09:05:56 [239/456] 003380 하림지주 corp=00148364
09:06:13 [240/456] 319660 피에스케이 corp=01365825
09:06:29 [241/456] 082270 젬백스 corp=00492894
09:06:45 [242/456] 232140 와이씨 corp=01109539
09:07:01 [243/456] 437730 삼현 corp=00262266
09:07:20 [244/456] 035760 CJ ENM corp=00265324
09:07:37 [245/456] 466100 클로봇 corp=01784914
09:07:55 [246/456] 085620 미래에셋생명 corp=00112332
09:08:12 [247/456] 007310 오뚜기 corp=00141529
09:08:28 [248/456] 222800 심텍 corp=01095722
09:08:44 [249/456] 006040 동원산업 corp=00118026
09:09:00 [250/456] 030610 교보증권 corp=00113359
09:09:18 [251/456] 348370 엔켐 corp=01011526
09:09:34 [252/456] 031980 피에스케이홀딩스 corp=00208444
09:10:35 [253/456] 003530 한화투자증권 corp=00148610
09:10:52 [254/456] 080220 제주반도체 corp=00447487
09:11:08 [255/456] 281740 레이크머티리얼즈 corp=01255652
09:11:24 [256/456] 089030 테크윙 corp=00535676
09:11:41 [257/456] 003090 대웅 corp=00111810
09:11:58 [258/456] 001800 오리온홀딩스 corp=00117577
09:12:15 [259/456] 294870 HDC현대산업개발 corp=01310269
09:12:31 [260/456] 007390 네이처셀 corp=00117276
09:12:50 [261/456] 090710 휴림로봇 corp=00540429
09:13:06 [262/456] 195940 HK이노엔 corp=01012066
09:13:30 [WARN] finstate_all corp=01012066 year=2017 reprt=11011 fs=CFS try=1/4 err=ConnectTimeout: HTTPSConnectionPool(host='opendart.fss.or.kr', port=443): Max retries exceeded with url: /api/fnlttSinglAcntAll.json?crtfc_key=75a12698fc0c7458be36a673011d7c3479f890ed&corp_code=01012066&bsns_year=2017&reprt_code=11011&fs_div=CFS (Caused by ConnectTimeoutError(<HTTPSConnection(host='opendart.fss.or.kr', port=443) at 0x2273018f170>, 'Connection to opendart.fss.or.kr timed out. (connect timeout=None)'))
09:13:46 [263/456] 058470 리노공업 corp=00369657
09:14:06 [264/456] 397030 에이프릴바이오 corp=01375822
09:14:25 [265/456] 096530 씨젠 corp=00788773
09:14:40 [266/456] 253450 스튜디오드래곤 corp=01168684
09:14:57 [267/456] 950160 코오롱티슈진 corp=01245062
09:15:16 [268/456] 056080 유진로봇 corp=00234227
09:15:34 [269/456] 005300 롯데칠성음료 corp=00120571
09:15:51 [270/456] 007810 코리아써키트 corp=00152686
09:16:07 [271/456] 388720 유일로보틱스 corp=01152586
09:16:26 [272/456] 122870 와이지엔터테인먼트 corp=00613318
09:16:43 [273/456] 012630 HDC corp=00164636
09:16:59 [274/456] 229640 LS에코에너지 corp=01093007
09:17:15 [275/456] 078600 대주전자재료 corp=00177816
09:17:31 [276/456] 189300 인텔리안테크 corp=00664181
09:17:47 [277/456] 218410 RFHIC corp=01078178
09:18:04 [278/456] 043260 성호전자 corp=00317210
09:18:20 [279/456] 095610 테스 corp=00524421
09:18:36 [280/456] 499790 GS피앤엘 corp=01882845
09:18:54 [281/456] 000080 하이트진로 corp=00150244
09:19:10 [282/456] 484870 엠앤씨솔루션 corp=01519790
09:19:29 [283/456] 293490 카카오게임즈 corp=01137383
09:19:46 [284/456] 181710 NHN corp=00983271
09:20:02 [285/456] 100790 미래에셋벤처투자 corp=00340096
09:20:20 [286/456] 004000 롯데정밀화학 corp=00157681
09:20:36 [287/456] 204270 제이앤티씨 corp=00447575
09:20:53 [288/456] 280360 롯데웰푸드 corp=01258507
09:21:09 [289/456] 185750 종근당 corp=00992871
09:21:26 [290/456] 003240 태광산업 corp=00153393
09:21:42 [291/456] 137400 피엔티 corp=00612294
09:21:58 [292/456] 131970 두산테스나 corp=00563545
09:22:18 [293/456] 328130 루닛 corp=01397620
09:22:36 [294/456] 115180 큐리언트 corp=01042650
09:22:53 [295/456] 166090 하나머티리얼즈 corp=00660750
09:23:11 [296/456] 036540 SFA반도체 corp=00301246
09:23:27 [297/456] 006120 SK디스커버리 corp=00131832
09:23:43 [298/456] 192080 더블유게임즈 corp=01010110
09:23:59 [299/456] 298050 HS효성첨단소재 corp=01316254
09:24:15 [300/456] 085660 차바이오텍 corp=00525679
09:24:32 [301/456] 006730 서부T&D corp=00130383
09:24:49 [302/456] 009240 한샘 corp=00161693
09:25:05 [303/456] 124500 아이티센글로벌 corp=00620868
09:25:22 [304/456] 183300 코미코 corp=00997812
09:25:38 [305/456] 161580 필옵틱스 corp=00938721
09:25:54 [306/456] 056190 에스에프에이 corp=00358271
09:26:10 [307/456] 285130 SK케미칼 corp=01267170
09:26:26 [308/456] 417200 LS머트리얼즈 corp=01528141
09:26:46 [309/456] 006650 대한유화 corp=00260383
09:27:02 [310/456] 241710 코스메카코리아 corp=00763473
09:27:18 [311/456] 100090 SK오션플랜트 corp=00480367
09:27:34 [312/456] 071320 지역난방공사 corp=00159698
09:27:51 [313/456] 036530 SNT홀딩스 corp=00225159
09:28:07 [314/456] 030190 NICE평가정보 corp=00158325
09:28:23 [315/456] 036830 솔브레인홀딩스 corp=00247975
09:28:38 [316/456] 213420 덕산네오룩스 corp=01061558
09:28:56 [317/456] 000210 DL corp=00109693
09:29:12 [318/456] 174900 앱클론 corp=00991191
09:29:31 [319/456] 032190 다우데이타 corp=00238782
09:29:47 [320/456] 075580 세진중공업 corp=00415628
09:30:03 [321/456] 295310 에이치브이엠 corp=01011368
09:30:21 [322/456] 003160 디아이 corp=00118275
09:30:38 [323/456] 249420 일동제약 corp=01168383
09:30:54 [324/456] 086900 메디톡스 corp=00580199
09:31:11 [325/456] 003470 유안타증권 corp=00117601
09:31:29 [326/456] 376300 디어유 corp=01456011
09:31:46 [327/456] 195870 해성디에스 corp=01032413
09:32:02 [328/456] 079160 CJ CGV corp=00303873
09:32:18 [329/456] 009450 경동나비엔 corp=00101488
09:32:34 [330/456] 347700 스피어 corp=01336762
09:32:51 [331/456] 005690 파미셀 corp=00145163
09:33:11 [332/456] 100840 SNT에너지 corp=00648721
09:33:28 [333/456] 475150 SK이터닉스 corp=01817081
09:33:46 [334/456] 131290 티에스이 corp=00372226
09:34:02 [335/456] 281820 케이씨텍 corp=01261893
09:34:22 [336/456] 014620 성광벤드 corp=00132318
09:34:38 [337/456] 057050 현대홈쇼핑 corp=00412597
09:34:54 [338/456] 171090 선익시스템 corp=00327819
09:35:10 [339/456] 060370 LS마린솔루션 corp=00225742
09:35:29 [340/456] 222080 씨아이에스 corp=01090471
09:35:47 [341/456] 112040 위메이드 corp=00444329
09:36:03 [342/456] 033240 자화전자 corp=00146861
09:36:19 [343/456] 036810 에프에스티 corp=00223434
09:36:35 [344/456] 064960 SNT모티브 corp=00398792
09:36:51 [345/456] 322000 HD현대에너지솔루션 corp=01199550
09:37:08 [346/456] 108320 LX세미콘 corp=00525934
09:37:25 [347/456] 052400 코나아이 corp=00349732
09:37:43 [348/456] 002350 넥센타이어 corp=00173874
09:38:00 [349/456] 248070 솔루엠 corp=01159233
09:38:18 [350/456] 000370 한화손해보험 corp=00135917
09:38:37 [351/456] 347850 디앤디파마텍 corp=01376715
09:38:54 [352/456] 000500 가온전선 corp=00104768
09:39:11 [353/456] 348340 뉴로메카 corp=01336461
09:39:28 [354/456] 089970 브이엠 corp=00544577
09:39:45 [355/456] 093370 후성 corp=00595191
09:40:04 [356/456] 121600 나노신소재 corp=00439965
09:40:24 [357/456] 060250 NHN KCP corp=00357740
09:40:41 [358/456] 005180 빙그레 corp=00124726
09:40:59 [359/456] 102710 이엔에프테크놀로지 corp=00530185
09:41:16 [360/456] 033100 제룡전기 corp=00185356
09:41:32 [361/456] 042000 카페24 corp=00260879
09:41:52 [362/456] 114090 GKL corp=00557508
09:42:09 [363/456] 214430 아이쓰리시스템 corp=00612489
09:42:27 [364/456] 003850 보령 corp=00123143
09:42:43 [365/456] 009520 포스코엠텍 corp=00128111
09:43:02 [366/456] 214320 이노션 corp=00565154
09:43:18 [367/456] 039130 하나투어 corp=00269940
09:43:37 [368/456] 069260 티케이지휴켐스 corp=00426086
09:43:54 [369/456] 001060 JW중외제약 corp=00149947
09:44:11 [370/456] 001680 대상 corp=00121941
09:44:28 [371/456] 001270 부국증권 corp=00123772
09:44:45 [372/456] 086450 동국제약 corp=00114808
09:45:02 [373/456] 002020 코오롱 corp=00152862
09:45:20 [374/456] 225570 넥슨게임즈 corp=01096341
09:45:36 [375/456] 067160 SOOP corp=00399694
09:45:53 [376/456] 348210 넥스틴 corp=01080252
09:46:10 [377/456] 389470 인벤티지랩 corp=01516456
09:46:29 [378/456] 456040 OCI corp=01760738
09:46:46 [379/456] 023160 태광 corp=00153375
09:47:03 [380/456] 272290 이녹스첨단소재 corp=01237540
09:47:20 [381/456] 074600 원익QnC corp=00468374
09:47:37 [382/456] 399720 가온칩스 corp=01364747
09:47:54 [383/456] 025980 아난티 corp=00161781
09:48:13 [384/456] 090360 로보스타 corp=00536523
09:48:31 [385/456] 078160 메디포스트 corp=00453929
09:48:48 [386/456] 077970 STX엔진 corp=00480455
09:49:04 [387/456] 053800 안랩 corp=00298270
09:49:21 [388/456] 420770 기가비스 corp=00765569
09:49:38 [389/456] 383310 에코프로에이치엔 corp=01566248
09:49:55 [390/456] 127120 제이에스링크 corp=00642541
09:50:14 [391/456] 211050 인카금융서비스 corp=01013694
09:50:32 [392/456] 090460 비에이치 corp=00447609
09:50:50 [393/456] 060280 큐렉소 corp=00356802
09:51:07 [394/456] 018290 브이티 corp=00150165
09:51:24 [395/456] 251970 펌텍코리아 corp=00761059
09:51:41 [396/456] 336570 원텍 corp=01407909
09:51:58 [397/456] 253590 네오셈 corp=01170865
09:52:15 [398/456] 287840 인투셀 corp=01374443
09:52:31 [399/456] 372320 큐로셀 corp=01492651
09:52:48 [400/456] 099190 아이센스 corp=00550994
09:53:08 [401/456] 005880 대한해운 corp=00113535
09:53:28 [402/456] 383800 LX홀딩스 corp=01562589
09:53:45 [403/456] 475960 토모큐브 corp=01573336
09:54:03 [404/456] 126340 비나텍 corp=00563518
09:54:20 [405/456] 252990 샘씨엔에스 corp=01199727
09:54:37 [406/456] 041190 우리기술투자 corp=00231664
09:54:54 [407/456] 358570 지아이이노베이션 corp=01351080
09:55:11 [408/456] 016610 DB증권 corp=00115694
09:55:29 [409/456] 044490 태웅 corp=00186799
09:55:46 [410/456] 005420 코스모화학 corp=00160302
09:56:03 [411/456] 015750 성우하이텍 corp=00132992
09:56:20 [412/456] 336370 솔루스첨단소재 corp=01412822
09:56:37 [413/456] 004690 삼천리 corp=00128555
09:56:54 [414/456] 036620 감성코퍼레이션 corp=00261009
09:57:12 [415/456] 025320 시노펙스 corp=00203023
09:57:29 [416/456] 053610 프로텍 corp=00325112
09:57:47 [417/456] 119850 지엔씨에너지 corp=00626464
09:58:03 [418/456] 460930 현대힘스 corp=00667373
09:58:20 [419/456] 178920 PI첨단소재 corp=00767460
09:58:37 [420/456] 094170 동운아나텍 corp=00695969
09:58:54 [421/456] 064260 다날 corp=00389970
09:59:11 [422/456] 389650 넥스트바이오메디컬 corp=01385050
09:59:28 [423/456] 042520 한스바이오메드 corp=00349060
09:59:45 [424/456] 001510 SK증권 corp=00131850
10:00:01 [425/456] 192650 드림텍 corp=00415646
10:00:22 [426/456] 104830 원익머트리얼즈 corp=00623661
10:00:39 [427/456] 050890 쏠리드 corp=00364403
10:00:56 [428/456] 030520 한글과컴퓨터 corp=00204262
10:01:14 [429/456] 039440 에스티아이 corp=00298340
10:01:31 [430/456] 145720 덴티움 corp=00526599
10:01:49 [431/456] 059090 미코 corp=00366942
10:02:07 [432/456] 356860 티엘비 corp=00920379
10:02:24 [433/456] 114810 한솔아이원스 corp=00625942
10:02:41 [434/456] 083450 GST corp=00540863
10:02:58 [435/456] 455900 엔젤로보틱스 corp=01592049
10:03:15 [436/456] 105840 우진 corp=00173944
10:03:32 [437/456] 200710 에이디테크놀로지 corp=00657002
10:03:50 [438/456] 079370 제우스 corp=00442570
10:04:07 [439/456] 045100 한양이엔지 corp=00216762
10:04:24 [440/456] 278280 천보 corp=00897752
10:04:42 [441/456] 105630 한세실업 corp=00728638
10:05:00 [442/456] 006220 제주은행 corp=00148832
10:05:16 [443/456] 425420 티에프이 corp=01035368
10:05:34 [444/456] 089010 켐트로닉스 corp=00371485
10:05:51 [445/456] 215600 신라젠 corp=00919966
10:06:08 [446/456] 376900 로킷헬스케어 corp=01335143
10:06:25 [447/456] 206650 유바이오로직스 corp=00927558
10:06:42 [448/456] 368770 파이버프로 corp=01513440
10:06:59 [449/456] 048410 현대바이오 corp=00313649
10:07:16 [450/456] 011930 신성이엔지 corp=00136271
10:07:33 [451/456] 122640 예스티 corp=00530556
10:07:51 [452/456] 082920 비츠로셀 corp=00154718
10:08:07 [453/456] 117730 티로보틱스 corp=00867098
10:08:24 [454/456] 001500 현대차증권 corp=00137997
10:08:41 [455/456] 476060 온코닉테라퓨틱스 corp=01632912
10:08:58 [456/456] 456160 지투지바이오 corp=01577952
10:09:16 [OK] saved: data\processed\fundamentals_quarterly__asof=2025-11-16__src=dart__fs=CFS__y=2016-2025__v=1.parquet rows=11283 new_rows=11283 tickers_ok=456 skipped=0 err=0
10:09:16 [CHECK] quarter coverage:
10:09:16   - (2016, 1): 221
10:09:16   - (2016, 2): 224
10:09:16   - (2016, 3): 226
10:09:16   - (2016, 4): 231
10:09:16   - (2017, 1): 234
10:09:16   - (2017, 2): 241
10:09:16   - (2017, 3): 244
10:09:16   - (2017, 4): 252
10:09:16   - (2018, 1): 251
10:09:16   - (2018, 2): 256
10:09:16   - (2018, 3): 256
10:09:16   - (2018, 4): 260
10:09:16   - (2019, 1): 260
10:09:16   - (2019, 2): 262
10:09:16   - (2019, 3): 262
10:09:16   - (2019, 4): 267
10:09:16   - (2020, 1): 267
10:09:16   - (2020, 2): 269
10:09:16   - (2020, 3): 271
10:09:16   - (2020, 4): 278
10:09:16   - (2021, 1): 279
10:09:16   - (2021, 2): 282
10:09:16   - (2021, 3): 284
10:09:16   - (2021, 4): 288
10:09:16   - (2022, 1): 289
10:09:16   - (2022, 2): 291
10:09:16   - (2022, 3): 293
10:09:16   - (2022, 4): 294
10:09:16   - (2023, 1): 294
10:09:16   - (2023, 2): 296
10:09:16   - (2023, 3): 329
10:09:16   - (2023, 4): 330
10:09:16   - (2024, 1): 332
10:09:16   - (2024, 2): 336
10:09:16   - (2024, 3): 339
10:09:16   - (2024, 4): 343
10:09:16   - (2025, 1): 343
10:09:16   - (2025, 2): 343
10:09:16   - (2025, 3): 343
10:09:16   - (2025, 4): 323
