22:24:11 [INFO] year range 2023..2025
22:24:11 [INFO] mode=missing_only metric=revenue_op merge_existing=True
22:24:11 [INFO] primary fs_div=CFS (fallback enabled)
22:24:11 [INFO] explicit tickers rows=1
22:24:11 [INFO] explicit tickers provided -> restrict mode enabled
22:24:11 [INFO] corp_codes rows=3913
22:24:11 [CHECK] corp_code missing ratio=0.000
22:24:11 [INFO] corp_code usable rows: 1 -> 1
22:24:11 [INFO] existing fundamentals rows=14001 from data\processed\fundamentals_quarterly__asof=2026-03-13__src=dart__fs=CFS__y=2023-2025__v=1.parquet
22:24:11 [INFO] missing ticker-year pairs=3 (from wanted=3)
22:24:11 [1/3] 058470 리노공업 corp=00369657
22:24:17 [2/3] 058470 리노공업 corp=00369657
22:24:21 [3/3] 058470 리노공업 corp=00369657
22:24:26 [OK] saved: data\processed\fundamentals_quarterly__asof=2026-03-13__src=dart__fs=CFS__y=2023-2025__v=1.parquet rows=4678 new_rows=33 tickers_ok=3 skipped=0 err=0
22:24:26 [CHECK] quarter coverage:
22:24:26   - (2023, 1): 373
22:24:26   - (2023, 2): 374
22:24:26   - (2023, 3): 414
22:24:26   - (2023, 4): 415
22:24:26   - (2024, 1): 419
22:24:26   - (2024, 2): 423
22:24:26   - (2024, 3): 428
22:24:26   - (2024, 4): 433
22:24:26   - (2025, 1): 434
22:24:26   - (2025, 2): 437
22:24:26   - (2025, 3): 439
22:24:26   - (2025, 4): 89
