05:29:31 [INFO] year range 2016..2025
05:29:31 [INFO] mode=universe metric=revenue_op merge_existing=False
05:29:31 [INFO] primary fs_div=CFS (fallback enabled)
05:29:31 [INFO] universe=data\processed\universe__asof=2025-11-16__metric=revenue_op__v=1.csv rows=456
05:29:31 [INFO] input tickers rows=456 mode=universe
05:29:31 [INFO] corp_codes rows=3915
05:29:31 [CHECK] corp_code missing ratio=0.000
05:29:31 [INFO] corp_code usable rows: 456 -> 456
05:29:31 [INFO] existing fundamentals rows=14717 from data\processed\fundamentals_quarterly__asof=2025-11-16__src=dart__fs=CFS__y=2016-2025__v=1.parquet
05:29:32 [1/456] 005930 삼성전자 corp=00126380
05:29:47 [2/456] 000660 SK하이닉스 corp=00164779
05:30:03 [3/456] 005380 현대자동차 corp=00164742
05:30:21 [4/456] 373220 LG에너지솔루션 corp=01515323
05:30:37 [5/456] 402340 SK스퀘어 corp=01596425
05:30:54 [6/456] 105560 KB금융 corp=00688996
05:31:11 [7/456] 000270 기아 corp=00106641
05:31:28 [8/456] 034020 두산에너빌리티 corp=00159616
05:31:45 [9/456] 028260 삼성물산 corp=00149655
05:32:01 [10/456] 068270 셀트리온 corp=00413046
05:32:17 [11/456] 055550 신한지주 corp=00382199
05:32:35 [12/456] 012450 한화에어로스페이스 corp=00126566
05:32:50 [13/456] 329180 HD현대중공업 corp=01390344
05:33:06 [14/456] 006800 미래에셋증권 corp=00111722
05:33:23 [15/456] 032830 삼성생명 corp=00126256
05:33:40 [16/456] 012330 현대모비스 corp=00164788
05:33:56 [17/456] 035420 NAVER corp=00266961
05:34:11 [18/456] 042660 한화오션 corp=00111704
05:34:27 [19/456] 015760 한국전력공사 corp=00159193
05:34:43 [20/456] 086790 하나금융지주 corp=00547583
05:35:00 [21/456] 010130 고려아연 corp=00102858
05:35:16 [22/456] 267260 HD현대일렉트릭 corp=01205851
05:35:32 [23/456] 005490 POSCO홀딩스 corp=00155319
05:35:47 [24/456] 316140 우리금융지주 corp=01350869
05:36:04 [25/456] 009540 HD한국조선해양 corp=00164830
05:36:20 [26/456] 000810 삼성화재해상보험 corp=00139214
05:36:37 [27/456] 138040 메리츠금융지주 corp=00860332
05:36:54 [28/456] 006400 삼성SDI corp=00126362
05:37:10 [29/456] 034730 SK corp=00181712
05:37:25 [30/456] 035720 카카오 corp=00258801
05:37:41 [31/456] 010140 삼성중공업 corp=00126478
05:37:57 [32/456] 009150 삼성전기 corp=00126371
05:38:13 [33/456] 051910 LG화학 corp=00356361
05:38:28 [34/456] 298040 효성중공업 corp=01316245
05:38:44 [35/456] 064350 현대로템 corp=00302926
05:38:59 [36/456] 033780 케이티앤지 corp=00244455
05:39:15 [37/456] 066570 LG전자 corp=00401731
05:39:31 [38/456] 024110 기업은행 corp=00149646
05:39:48 [39/456] 196170 알테오젠 corp=00989619
05:40:03 [40/456] 267250 HD현대 corp=01205709
05:40:19 [41/456] 000150 두산 corp=00117212
05:40:37 [42/456] 086520 에코프로 corp=00536541
05:40:53 [43/456] 010120 엘에스일렉트릭 corp=00105855
05:41:10 [44/456] 042700 한미반도체 corp=00161383
05:41:25 [45/456] 272210 한화시스템 corp=00339391
05:41:41 [46/456] 247540 에코프로비엠 corp=01160363
05:41:57 [47/456] 086280 현대글로비스 corp=00360595
05:42:13 [48/456] 011200 HMM corp=00164645
05:42:30 [49/456] 017670 SK텔레콤 corp=00159023
05:42:46 [50/456] 003670 포스코퓨처엠 corp=00155276
05:43:01 [51/456] 047810 한국항공우주 corp=00309503
05:43:16 [52/456] 096770 SK이노베이션 corp=00631518
05:43:33 [53/456] 030200 케이티 corp=00190321
05:43:49 [54/456] 352820 하이브 corp=01204056
05:44:05 [55/456] 003550 LG corp=00120021
05:44:21 [56/456] 071050 한국금융지주 corp=00432102
05:44:38 [57/456] 039490 키움증권 corp=00296290
05:44:55 [58/456] 018260 삼성에스디에스 corp=00126186
05:45:10 [59/456] 323410 카카오뱅크 corp=01133217
05:45:28 [60/456] 277810 레인보우로보틱스 corp=01261644
05:45:44 [61/456] 005830 DB손해보험 corp=00159102
05:46:00 [62/456] 000720 현대건설 corp=00164478
05:46:16 [63/456] 000250 삼천당제약 corp=00128546
05:46:32 [64/456] 259960 크래프톤 corp=00760971
05:46:49 [65/456] 307950 현대오토에버 corp=00362441
05:47:05 [66/456] 010950 S-Oil corp=00138279
05:47:20 [67/456] 047050 포스코인터내셔널 corp=00124504
05:47:36 [68/456] 000880 한화 corp=00160588
05:47:52 [69/456] 278470 에이피알 corp=01190568
05:48:08 [70/456] 079550 LIG넥스원 corp=00503668
05:48:24 [71/456] 005940 NH투자증권 corp=00120182
05:48:41 [72/456] 090430 아모레퍼시픽 corp=00583424
05:48:56 [73/456] 003490 대한항공 corp=00113526
05:49:12 [74/456] 180640 한진칼 corp=00983040
05:49:29 [75/456] 016360 삼성증권 corp=00104856
05:49:45 [76/456] 003230 삼양식품 corp=00126955
05:50:01 [77/456] 161390 한국타이어앤테크놀로지 corp=00937324
05:50:17 [78/456] 298380 에이비엘바이오 corp=01256864
05:50:38 [WARN] finstate_all corp=01256864 year=2016 reprt=11012 fs=CFS try=1/4 err=ConnectTimeout: HTTPSConnectionPool(host='opendart.fss.or.kr', port=443): Max retries exceeded with url: /api/fnlttSinglAcntAll.json?crtfc_key=75a12698fc0c7458be36a673011d7c3479f890ed&corp_code=01256864&bsns_year=2016&reprt_code=11012&fs_div=CFS (Caused by ConnectTimeoutError(<HTTPSConnection(host='opendart.fss.or.kr', port=443) at 0x19d30a91c10>, 'Connection to opendart.fss.or.kr timed out. (connect timeout=None)'))
05:50:55 [79/456] 000100 유한양행 corp=00145109
05:51:12 [80/456] 326030 에스케이바이오팜 corp=00878696
05:51:28 [81/456] 377300 카카오페이 corp=01244601
05:51:44 [82/456] 006260 LS corp=00105952
05:52:00 [83/456] 009830 한화솔루션 corp=00162461
05:52:16 [84/456] 128940 한미약품 corp=00828497
05:52:32 [85/456] 443060 HD현대마린솔루션 corp=01194689
05:52:49 [86/456] 032640 LG유플러스 corp=00231363
05:53:05 [87/456] 029780 삼성카드 corp=00126292
05:53:22 [88/456] 138930 BNK금융지주 corp=00858364
05:53:38 [89/456] 175330 JB금융지주 corp=00980122
05:53:55 [90/456] 028300 HLB corp=00199252
05:54:11 [91/456] 001040 CJ corp=00148540
05:54:27 [92/456] 028050 삼성E&A corp=00126308
05:54:43 [93/456] 021240 코웨이 corp=00170558
05:54:59 [94/456] 078930 GS corp=00500254
05:55:15 [95/456] 214370 케어젠 corp=00549891
05:55:30 [96/456] 454910 두산로보틱스 corp=01105153
05:55:47 [97/456] 241560 두산밥캣 corp=01032486
05:56:02 [98/456] 141080 리가켐바이오 corp=00842619
05:56:18 [99/456] 007660 이수페타시스 corp=00107613
05:56:34 [100/456] 064400 LG씨엔에스 corp=00139834
05:56:50 [101/456] 001440 대한전선 corp=00113207
05:57:07 [102/456] 022100 포스코DX corp=00155212
05:57:23 [103/456] 034220 LG디스플레이 corp=00105873
05:57:39 [104/456] 011070 LG이노텍 corp=00105961
05:57:54 [105/456] 087010 펩트론 corp=00415868
05:58:13 [106/456] 052690 한전기술 corp=00159209
05:58:30 [107/456] 271560 오리온 corp=01238169
05:58:47 [108/456] 240810 원익IPS corp=01135941
05:59:02 [109/456] 002380 케이씨씨 corp=00105271
05:59:18 [110/456] 251270 넷마블 corp=00904672
05:59:34 [111/456] 036570 엔씨소프트 corp=00261443
05:59:51 [112/456] 450080 에코프로머티 corp=01311408
06:00:08 [113/456] 082740 한화엔진 corp=00361008
06:00:25 [114/456] 039030 이오테크닉스 corp=00246417
06:00:41 [115/456] 004020 현대제철 corp=00145880
06:00:57 [116/456] 062040 산일전기 corp=00366438
06:01:14 [117/456] 011780 금호석유화학 corp=00106368
06:01:29 [118/456] 140410 메지온 corp=00808022
06:01:45 [119/456] 051900 LG생활건강 corp=00356370
06:02:02 [120/456] 088350 한화생명 corp=00113058
06:02:19 [121/456] 214150 클래시스 corp=01061327
06:02:35 [122/456] 000990 DB하이텍 corp=00160843
06:02:50 [123/456] 066970 엘앤에프 corp=00398701
06:03:06 [124/456] 011790 SKC corp=00139889
06:03:23 [125/456] 017800 현대엘리베이터 corp=00164724
06:03:39 [126/456] 035250 강원랜드 corp=00255619
06:03:55 [127/456] 111770 영원무역 corp=00776820
06:04:11 [128/456] 310210 보로노이 corp=01327746
06:04:27 [129/456] 036460 한국가스공사 corp=00261285
06:04:44 [130/456] 302440 SK바이오사이언스 corp=01319899
06:05:01 [131/456] 004990 롯데지주 corp=00120562
06:05:18 [132/456] 001720 신영증권 corp=00136721
06:05:34 [133/456] 214450 파마리서치 corp=00970453
06:05:50 [134/456] 095340 ISC corp=00572905
06:06:06 [135/456] 004170 신세계 corp=00136378
06:06:22 [136/456] 108490 로보티즈 corp=00946030
06:06:38 [137/456] 403870 HPSP corp=01288827
06:06:56 [138/456] 139130 iM금융지주 corp=00878915
06:07:13 [139/456] 012750 에스원 corp=00158501
06:07:29 [140/456] 011170 롯데케미칼 corp=00165413
06:07:45 [141/456] 014680 한솔케미칼 corp=00140955
06:08:01 [142/456] 103590 일진전기 corp=00683469
06:08:18 [143/456] 097950 CJ제일제당 corp=00635134
06:08:34 [144/456] 319400 현대무벡스 corp=01358463
06:08:50 [145/456] 263750 펄어비스 corp=01152470
06:09:06 [146/456] 023530 롯데쇼핑 corp=00120526
06:09:23 [147/456] 000120 CJ대한통운 corp=00113410
06:09:39 [148/456] 145020 휴젤 corp=00888347
06:09:55 [149/456] 081660 미스토홀딩스 corp=00195229
06:10:11 [150/456] 009970 영원무역홀딩스 corp=00140964
06:10:27 [151/456] 001450 현대해상 corp=00164973
06:10:44 [152/456] 139480 이마트 corp=00872984
06:11:01 [153/456] 357780 솔브레인 corp=01489648
06:11:17 [154/456] 489790 한화비전 corp=01867758
06:11:34 [155/456] 103140 풍산 corp=00684714
06:11:52 [156/456] 047040 대우건설 corp=00124540
06:12:08 [157/456] 018880 한온시스템 corp=00161125
06:12:24 [158/456] 457190 이수스페셜티케미컬 corp=01762569
06:12:41 [159/456] 068760 셀트리온제약 corp=00541349
06:12:58 [160/456] 058610 에스피지 corp=00220686
06:13:14 [161/456] 237690 에스티팜 corp=00871833
06:13:30 [162/456] 000240 한국앤컴퍼니 corp=00160047
06:13:46 [163/456] 010060 OCI홀딩스 corp=00148896
06:14:02 [164/456] 026960 동서 corp=00144395
06:14:18 [165/456] 009420 한올바이오파마 corp=00162586
06:14:34 [166/456] 008930 한미사이언스 corp=00161426
06:14:50 [167/456] 353200 대덕전자 corp=01478712
06:15:06 [168/456] 002790 아모레퍼시픽홀딩스 corp=00154462
06:15:22 [169/456] 071970 HD현대마린엔진 corp=00406046
06:15:37 [170/456] 004370 농심 corp=00108241
06:15:53 [171/456] 204320 HL만도 corp=01042775
06:16:09 [172/456] 041510 에스엠 corp=00260930
06:16:26 [173/456] 028670 팬오션 corp=00122737
06:16:42 [174/456] 030530 원익홀딩스 corp=00216647
06:16:58 [175/456] 004800 효성 corp=00117188
06:17:14 [176/456] 012510 더존비즈온 corp=00172291
06:17:30 [177/456] 383220 F&F corp=01568413
06:17:46 [178/456] 001430 세아베스틸지주 corp=00106669
06:18:02 [179/456] 005290 동진쎄미켐 corp=00118804
06:18:18 [180/456] 003690 코리안리 corp=00113191
06:18:35 [181/456] 051600 한전KPS corp=00159218
06:18:51 [182/456] 257720 실리콘투 corp=00982023
06:19:08 [183/456] 267270 HD건설기계 corp=01205842
06:19:23 [184/456] 440110 파두 corp=01292291
06:19:40 [185/456] 084370 유진테크 corp=00531014
06:19:56 [186/456] 030000 제일기획 corp=00148276
06:20:13 [187/456] 035900 JYP Ent. corp=00258689
06:20:29 [188/456] 023590 다우기술 corp=00176914
06:20:45 [189/456] 069960 현대백화점 corp=00428251
06:21:01 [190/456] 005850 에스엘 corp=00125521
06:21:17 [191/456] 036930 주성엔지니어링 corp=00252135
06:21:33 [192/456] 282330 BGF리테일 corp=01263022
06:21:49 [193/456] 064760 티씨케이 corp=00245472
06:22:08 [194/456] 226950 올릭스 corp=01113718
06:22:24 [195/456] 083650 비에이치아이 corp=00409788
06:22:41 [196/456] 336260 두산퓨얼셀 corp=01412725
06:22:58 [197/456] 192820 코스맥스 corp=01009789
06:23:15 [198/456] 011210 현대위아 corp=00106623
06:23:30 [199/456] 005440 현대지에프홀딩스 corp=00105280
06:23:46 [200/456] 067310 하나마이크론 corp=00445054
06:24:02 [201/456] 290650 엘앤씨바이오 corp=01181515
06:24:19 [202/456] 018670 SK가스 corp=00144164
06:24:35 [203/456] 098460 고영 corp=00579999
06:24:51 [204/456] 475830 오름테라퓨틱 corp=01658831
06:25:08 [205/456] 375500 DL이앤씨 corp=01524093
06:25:24 [206/456] 003540 대신증권 corp=00110893
06:25:41 [207/456] 099320 쎄트렉아이 corp=00449254
06:25:57 [208/456] 458870 씨어스테크놀로지 corp=01514227
06:26:14 [209/456] 178320 서진시스템 corp=00838005
06:26:30 [210/456] 006280 녹십자 corp=00129679
06:26:46 [211/456] 073240 금호타이어 corp=00481454
06:27:02 [212/456] 065350 신성델타테크 corp=00136226
06:27:18 [213/456] 097230 HJ중공업 corp=00633835
06:27:34 [214/456] 483650 달바글로벌 corp=01649204
06:27:51 [215/456] 032820 우리기술 corp=00231044
06:28:09 [216/456] 069620 대웅제약 corp=00427483
06:28:25 [217/456] 020150 롯데에너지머티리얼즈 corp=00113997
06:28:41 [218/456] 160190 하이젠알앤엠 corp=00650771
06:28:57 [219/456] 007340 DN오토모티브 corp=00116949
06:29:13 [220/456] 039200 오스코텍 corp=00263654
06:29:29 [221/456] 101490 에스앤에스텍 corp=00411048
06:29:46 [222/456] 032350 롯데관광개발 corp=00231372
06:30:02 [223/456] 008770 호텔신라 corp=00165680
06:30:20 [224/456] 034230 파라다이스 corp=00171265
06:30:36 [225/456] 006360 GS건설 corp=00120030
06:30:52 [226/456] 007070 GS리테일 corp=00140177
06:31:08 [227/456] 323280 태성 corp=01366000
06:31:25 [228/456] 361610 SK아이이테크놀로지 corp=01386916
06:31:41 [229/456] 003570 SNT다이내믹스 corp=00134477
06:31:56 [230/456] 445680 큐리옥스바이오시스템즈 corp=01498974
06:32:13 [231/456] 017960 한국카본 corp=00159795
06:32:30 [232/456] 112610 씨에스윈드 corp=00670340
06:32:46 [233/456] 140860 파크시스템스 corp=00244747
06:33:03 [234/456] 001120 LX인터내셔널 corp=00120076
06:33:19 [235/456] 298020 효성티앤씨 corp=01316227
06:33:35 [236/456] 120110 코오롱인더 corp=00795135
06:33:51 [237/456] 005070 코스모신소재 corp=00129989
06:34:10 [238/456] 161890 한국콜마 corp=00939331
06:34:27 [239/456] 003380 하림지주 corp=00148364
06:34:43 [240/456] 319660 피에스케이 corp=01365825
06:34:59 [241/456] 082270 젬백스 corp=00492894
06:35:15 [242/456] 232140 와이씨 corp=01109539
06:35:31 [243/456] 437730 삼현 corp=00262266
06:35:48 [244/456] 035760 CJ ENM corp=00265324
06:36:04 [245/456] 466100 클로봇 corp=01784914
06:36:21 [246/456] 085620 미래에셋생명 corp=00112332
06:36:38 [247/456] 007310 오뚜기 corp=00141529
06:36:54 [248/456] 222800 심텍 corp=01095722
06:37:10 [249/456] 006040 동원산업 corp=00118026
06:37:27 [250/456] 030610 교보증권 corp=00113359
06:37:43 [251/456] 348370 엔켐 corp=01011526
06:38:00 [252/456] 031980 피에스케이홀딩스 corp=00208444
06:38:15 [253/456] 003530 한화투자증권 corp=00148610
06:38:32 [254/456] 080220 제주반도체 corp=00447487
06:38:48 [255/456] 281740 레이크머티리얼즈 corp=01255652
06:39:04 [256/456] 089030 테크윙 corp=00535676
06:39:20 [257/456] 003090 대웅 corp=00111810
06:39:35 [258/456] 001800 오리온홀딩스 corp=00117577
06:39:52 [259/456] 294870 HDC현대산업개발 corp=01310269
06:40:08 [260/456] 007390 네이처셀 corp=00117276
06:40:27 [261/456] 090710 휴림로봇 corp=00540429
06:40:43 [262/456] 195940 HK이노엔 corp=01012066
06:41:00 [263/456] 058470 리노공업 corp=00369657
06:41:19 [264/456] 397030 에이프릴바이오 corp=01375822
06:41:37 [265/456] 096530 씨젠 corp=00788773
06:41:53 [266/456] 253450 스튜디오드래곤 corp=01168684
06:42:09 [267/456] 950160 코오롱티슈진 corp=01245062
06:42:27 [268/456] 056080 유진로봇 corp=00234227
06:42:44 [269/456] 005300 롯데칠성음료 corp=00120571
06:43:00 [270/456] 007810 코리아써키트 corp=00152686
06:43:17 [271/456] 388720 유일로보틱스 corp=01152586
06:43:49 [272/456] 122870 와이지엔터테인먼트 corp=00613318
06:44:06 [273/456] 012630 HDC corp=00164636
06:44:22 [274/456] 229640 LS에코에너지 corp=01093007
06:44:37 [275/456] 078600 대주전자재료 corp=00177816
06:44:53 [276/456] 189300 인텔리안테크 corp=00664181
06:45:08 [277/456] 218410 RFHIC corp=01078178
06:45:25 [278/456] 043260 성호전자 corp=00317210
06:45:41 [279/456] 095610 테스 corp=00524421
06:45:57 [280/456] 499790 GS피앤엘 corp=01882845
06:46:14 [281/456] 000080 하이트진로 corp=00150244
06:46:30 [282/456] 484870 엠앤씨솔루션 corp=01519790
06:46:48 [283/456] 293490 카카오게임즈 corp=01137383
06:47:04 [284/456] 181710 NHN corp=00983271
06:47:21 [285/456] 100790 미래에셋벤처투자 corp=00340096
06:47:37 [286/456] 004000 롯데정밀화학 corp=00157681
06:47:53 [287/456] 204270 제이앤티씨 corp=00447575
06:48:09 [288/456] 280360 롯데웰푸드 corp=01258507
06:48:25 [289/456] 185750 종근당 corp=00992871
06:48:42 [290/456] 003240 태광산업 corp=00153393
06:48:58 [291/456] 137400 피엔티 corp=00612294
06:49:14 [292/456] 131970 두산테스나 corp=00563545
06:49:33 [293/456] 328130 루닛 corp=01397620
06:49:49 [294/456] 115180 큐리언트 corp=01042650
06:50:06 [295/456] 166090 하나머티리얼즈 corp=00660750
06:50:25 [296/456] 036540 SFA반도체 corp=00301246
06:50:40 [297/456] 006120 SK디스커버리 corp=00131832
06:50:56 [298/456] 192080 더블유게임즈 corp=01010110
06:51:13 [299/456] 298050 HS효성첨단소재 corp=01316254
06:51:28 [300/456] 085660 차바이오텍 corp=00525679
06:51:46 [301/456] 006730 서부T&D corp=00130383
06:52:03 [302/456] 009240 한샘 corp=00161693
06:52:18 [303/456] 124500 아이티센글로벌 corp=00620868
06:52:35 [304/456] 183300 코미코 corp=00997812
06:52:51 [305/456] 161580 필옵틱스 corp=00938721
06:53:06 [306/456] 056190 에스에프에이 corp=00358271
06:53:23 [307/456] 285130 SK케미칼 corp=01267170
06:53:39 [308/456] 417200 LS머트리얼즈 corp=01528141
06:53:55 [309/456] 006650 대한유화 corp=00260383
06:54:11 [310/456] 241710 코스메카코리아 corp=00763473
06:54:26 [311/456] 100090 SK오션플랜트 corp=00480367
06:54:42 [312/456] 071320 지역난방공사 corp=00159698
06:54:59 [313/456] 036530 SNT홀딩스 corp=00225159
06:55:15 [314/456] 030190 NICE평가정보 corp=00158325
06:55:31 [315/456] 036830 솔브레인홀딩스 corp=00247975
06:55:47 [316/456] 213420 덕산네오룩스 corp=01061558
06:56:21 [WARN] finstate_all corp=01061558 year=2022 reprt=11011 fs=CFS try=1/4 err=ConnectTimeout: HTTPSConnectionPool(host='opendart.fss.or.kr', port=443): Max retries exceeded with url: /api/fnlttSinglAcntAll.json?crtfc_key=75a12698fc0c7458be36a673011d7c3479f890ed&corp_code=01061558&bsns_year=2022&reprt_code=11011&fs_div=CFS (Caused by ConnectTimeoutError(<HTTPSConnection(host='opendart.fss.or.kr', port=443) at 0x19d31bd18e0>, 'Connection to opendart.fss.or.kr timed out. (connect timeout=None)'))
06:56:26 [317/456] 000210 DL corp=00109693
06:56:42 [318/456] 174900 앱클론 corp=00991191
06:57:01 [319/456] 032190 다우데이타 corp=00238782
06:57:17 [320/456] 075580 세진중공업 corp=00415628
06:57:33 [321/456] 295310 에이치브이엠 corp=01011368
06:57:59 [WARN] finstate_all corp=01011368 year=2019 reprt=11012 fs=CFS try=1/4 err=ConnectTimeout: HTTPSConnectionPool(host='opendart.fss.or.kr', port=443): Max retries exceeded with url: /api/fnlttSinglAcntAll.json?crtfc_key=75a12698fc0c7458be36a673011d7c3479f890ed&corp_code=01011368&bsns_year=2019&reprt_code=11012&fs_div=CFS (Caused by ConnectTimeoutError(<HTTPSConnection(host='opendart.fss.or.kr', port=443) at 0x19d2fa06c30>, 'Connection to opendart.fss.or.kr timed out. (connect timeout=None)'))
06:58:12 [322/456] 003160 디아이 corp=00118275
06:58:28 [323/456] 249420 일동제약 corp=01168383
06:58:44 [324/456] 086900 메디톡스 corp=00580199
06:59:00 [325/456] 003470 유안타증권 corp=00117601
06:59:18 [326/456] 376300 디어유 corp=01456011
06:59:34 [327/456] 195870 해성디에스 corp=01032413
06:59:50 [328/456] 079160 CJ CGV corp=00303873
07:00:07 [329/456] 009450 경동나비엔 corp=00101488
07:00:22 [330/456] 347700 스피어 corp=01336762
07:00:40 [331/456] 005690 파미셀 corp=00145163
07:00:58 [332/456] 100840 SNT에너지 corp=00648721
07:01:15 [333/456] 475150 SK이터닉스 corp=01817081
07:01:32 [334/456] 131290 티에스이 corp=00372226
07:01:48 [335/456] 281820 케이씨텍 corp=01261893
07:02:07 [336/456] 014620 성광벤드 corp=00132318
07:02:23 [337/456] 057050 현대홈쇼핑 corp=00412597
07:02:39 [338/456] 171090 선익시스템 corp=00327819
07:02:55 [339/456] 060370 LS마린솔루션 corp=00225742
07:03:14 [340/456] 222080 씨아이에스 corp=01090471
07:03:31 [341/456] 112040 위메이드 corp=00444329
07:03:47 [342/456] 033240 자화전자 corp=00146861
07:04:03 [343/456] 036810 에프에스티 corp=00223434
07:04:19 [344/456] 064960 SNT모티브 corp=00398792
07:04:35 [345/456] 322000 HD현대에너지솔루션 corp=01199550
07:04:51 [346/456] 108320 LX세미콘 corp=00525934
07:05:06 [347/456] 052400 코나아이 corp=00349732
07:05:23 [348/456] 002350 넥센타이어 corp=00173874
07:05:38 [349/456] 248070 솔루엠 corp=01159233
07:05:55 [350/456] 000370 한화손해보험 corp=00135917
07:06:12 [351/456] 347850 디앤디파마텍 corp=01376715
07:06:29 [352/456] 000500 가온전선 corp=00104768
07:06:45 [353/456] 348340 뉴로메카 corp=01336461
07:07:01 [354/456] 089970 브이엠 corp=00544577
07:07:18 [355/456] 093370 후성 corp=00595191
07:07:34 [356/456] 121600 나노신소재 corp=00439965
07:07:50 [357/456] 060250 NHN KCP corp=00357740
07:08:06 [358/456] 005180 빙그레 corp=00124726
07:08:27 [359/456] 102710 이엔에프테크놀로지 corp=00530185
07:08:44 [360/456] 033100 제룡전기 corp=00185356
07:09:04 [361/456] 042000 카페24 corp=00260879
07:09:21 [362/456] 114090 GKL corp=00557508
07:09:38 [363/456] 214430 아이쓰리시스템 corp=00612489
07:09:58 [364/456] 003850 보령 corp=00123143
07:10:15 [365/456] 009520 포스코엠텍 corp=00128111
07:10:35 [366/456] 214320 이노션 corp=00565154
07:10:51 [367/456] 039130 하나투어 corp=00269940
07:11:08 [368/456] 069260 티케이지휴켐스 corp=00426086
07:11:26 [369/456] 001060 JW중외제약 corp=00149947
07:11:42 [370/456] 001680 대상 corp=00121941
07:11:59 [371/456] 001270 부국증권 corp=00123772
07:12:17 [372/456] 086450 동국제약 corp=00114808
07:12:34 [373/456] 002020 코오롱 corp=00152862
07:12:52 [374/456] 225570 넥슨게임즈 corp=01096341
07:13:10 [375/456] 067160 SOOP corp=00399694
07:13:28 [376/456] 348210 넥스틴 corp=01080252
07:13:45 [377/456] 389470 인벤티지랩 corp=01516456
07:14:04 [378/456] 456040 OCI corp=01760738
07:14:22 [379/456] 023160 태광 corp=00153375
07:14:41 [380/456] 272290 이녹스첨단소재 corp=01237540
07:14:57 [381/456] 074600 원익QnC corp=00468374
07:15:14 [382/456] 399720 가온칩스 corp=01364747
07:15:31 [383/456] 025980 아난티 corp=00161781
07:15:48 [384/456] 090360 로보스타 corp=00536523
07:16:04 [385/456] 078160 메디포스트 corp=00453929
07:16:21 [386/456] 077970 STX엔진 corp=00480455
07:16:38 [387/456] 053800 안랩 corp=00298270
07:16:54 [388/456] 420770 기가비스 corp=00765569
07:17:13 [389/456] 383310 에코프로에이치엔 corp=01566248
07:17:30 [390/456] 127120 제이에스링크 corp=00642541
07:17:47 [391/456] 211050 인카금융서비스 corp=01013694
07:18:04 [392/456] 090460 비에이치 corp=00447609
07:18:21 [393/456] 060280 큐렉소 corp=00356802
07:18:41 [394/456] 018290 브이티 corp=00150165
07:18:57 [395/456] 251970 펌텍코리아 corp=00761059
07:19:15 [396/456] 336570 원텍 corp=01407909
07:19:48 [WARN] finstate_all corp=01407909 year=2022 reprt=11011 fs=CFS try=1/4 err=ConnectTimeout: HTTPSConnectionPool(host='opendart.fss.or.kr', port=443): Max retries exceeded with url: /api/fnlttSinglAcntAll.json?crtfc_key=75a12698fc0c7458be36a673011d7c3479f890ed&corp_code=01407909&bsns_year=2022&reprt_code=11011&fs_div=CFS (Caused by ConnectTimeoutError(<HTTPSConnection(host='opendart.fss.or.kr', port=443) at 0x19d2f9d5010>, 'Connection to opendart.fss.or.kr timed out. (connect timeout=None)'))
07:19:54 [397/456] 253590 네오셈 corp=01170865
07:20:11 [398/456] 287840 인투셀 corp=01374443
07:20:31 [399/456] 372320 큐로셀 corp=01492651
07:20:49 [400/456] 099190 아이센스 corp=00550994
07:21:05 [401/456] 005880 대한해운 corp=00113535
07:21:23 [402/456] 383800 LX홀딩스 corp=01562589
07:21:41 [403/456] 475960 토모큐브 corp=01573336
07:22:00 [404/456] 126340 비나텍 corp=00563518
07:22:17 [405/456] 252990 샘씨엔에스 corp=01199727
07:22:37 [406/456] 041190 우리기술투자 corp=00231664
07:22:55 [407/456] 358570 지아이이노베이션 corp=01351080
07:23:15 [408/456] 016610 DB증권 corp=00115694
07:23:33 [409/456] 044490 태웅 corp=00186799
07:23:54 [410/456] 005420 코스모화학 corp=00160302
07:24:12 [411/456] 015750 성우하이텍 corp=00132992
07:24:29 [412/456] 336370 솔루스첨단소재 corp=01412822
07:24:46 [413/456] 004690 삼천리 corp=00128555
07:25:03 [414/456] 036620 감성코퍼레이션 corp=00261009
07:25:22 [415/456] 025320 시노펙스 corp=00203023
07:25:38 [416/456] 053610 프로텍 corp=00325112
07:25:55 [417/456] 119850 지엔씨에너지 corp=00626464
07:26:13 [418/456] 460930 현대힘스 corp=00667373
07:26:31 [419/456] 178920 PI첨단소재 corp=00767460
07:26:52 [420/456] 094170 동운아나텍 corp=00695969
07:27:13 [421/456] 064260 다날 corp=00389970
07:27:29 [422/456] 389650 넥스트바이오메디컬 corp=01385050
07:27:48 [423/456] 042520 한스바이오메드 corp=00349060
07:28:04 [424/456] 001510 SK증권 corp=00131850
07:28:23 [425/456] 192650 드림텍 corp=00415646
07:28:40 [426/456] 104830 원익머트리얼즈 corp=00623661
07:28:57 [427/456] 050890 쏠리드 corp=00364403
07:29:14 [428/456] 030520 한글과컴퓨터 corp=00204262
07:29:32 [429/456] 039440 에스티아이 corp=00298340
07:29:48 [430/456] 145720 덴티움 corp=00526599
07:30:05 [431/456] 059090 미코 corp=00366942
07:30:41 [WARN] finstate_all corp=00366942 year=2024 reprt=11014 fs=CFS try=1/4 err=ConnectTimeout: HTTPSConnectionPool(host='opendart.fss.or.kr', port=443): Max retries exceeded with url: /api/fnlttSinglAcntAll.json?crtfc_key=75a12698fc0c7458be36a673011d7c3479f890ed&corp_code=00366942&bsns_year=2024&reprt_code=11014&fs_div=CFS (Caused by ConnectTimeoutError(<HTTPSConnection(host='opendart.fss.or.kr', port=443) at 0x19d31ecda30>, 'Connection to opendart.fss.or.kr timed out. (connect timeout=None)'))
07:30:45 [432/456] 356860 티엘비 corp=00920379
07:31:02 [433/456] 114810 한솔아이원스 corp=00625942
07:31:21 [434/456] 083450 GST corp=00540863
07:31:39 [435/456] 455900 엔젤로보틱스 corp=01592049
07:31:59 [436/456] 105840 우진 corp=00173944
07:32:16 [437/456] 200710 에이디테크놀로지 corp=00657002
07:32:32 [438/456] 079370 제우스 corp=00442570
07:32:49 [439/456] 045100 한양이엔지 corp=00216762
07:33:06 [440/456] 278280 천보 corp=00897752
07:33:23 [441/456] 105630 한세실업 corp=00728638
07:33:40 [442/456] 006220 제주은행 corp=00148832
07:33:59 [443/456] 425420 티에프이 corp=01035368
07:34:17 [444/456] 089010 켐트로닉스 corp=00371485
07:34:34 [445/456] 215600 신라젠 corp=00919966
07:34:51 [446/456] 376900 로킷헬스케어 corp=01335143
07:35:09 [447/456] 206650 유바이오로직스 corp=00927558
07:35:28 [448/456] 368770 파이버프로 corp=01513440
07:35:46 [449/456] 048410 현대바이오 corp=00313649
07:36:04 [450/456] 011930 신성이엔지 corp=00136271
07:36:21 [451/456] 122640 예스티 corp=00530556
07:36:38 [452/456] 082920 비츠로셀 corp=00154718
07:36:55 [453/456] 117730 티로보틱스 corp=00867098
07:37:12 [454/456] 001500 현대차증권 corp=00137997
07:37:31 [455/456] 476060 온코닉테라퓨틱스 corp=01632912
07:37:50 [456/456] 456160 지투지바이오 corp=01577952
07:38:09 [OK] saved: data\processed\fundamentals_quarterly__asof=2025-11-16__src=dart__fs=CFS__y=2016-2025__v=1.parquet rows=14721 new_rows=14721 tickers_ok=456 skipped=0 err=0
07:38:09 [CHECK] quarter coverage:
07:38:09   - (2016, 1): 284
07:38:09   - (2016, 2): 288
07:38:09   - (2016, 3): 290
07:38:09   - (2016, 4): 298
07:38:09   - (2017, 1): 300
07:38:09   - (2017, 2): 309
07:38:09   - (2017, 3): 313
07:38:09   - (2017, 4): 322
07:38:09   - (2018, 1): 321
07:38:09   - (2018, 2): 325
07:38:09   - (2018, 3): 327
07:38:09   - (2018, 4): 336
07:38:09   - (2019, 1): 336
07:38:09   - (2019, 2): 339
07:38:09   - (2019, 3): 339
07:38:09   - (2019, 4): 346
07:38:09   - (2020, 1): 346
07:38:09   - (2020, 2): 348
07:38:09   - (2020, 3): 352
07:38:09   - (2020, 4): 361
07:38:09   - (2021, 1): 362
07:38:09   - (2021, 2): 368
07:38:09   - (2021, 3): 370
07:38:09   - (2021, 4): 375
07:38:09   - (2022, 1): 377
07:38:09   - (2022, 2): 381
07:38:09   - (2022, 3): 383
07:38:09   - (2022, 4): 388
07:38:09   - (2023, 1): 388
07:38:09   - (2023, 2): 392
07:38:09   - (2023, 3): 433
07:38:09   - (2023, 4): 437
07:38:09   - (2024, 1): 439
07:38:09   - (2024, 2): 445
07:38:09   - (2024, 3): 450
07:38:09   - (2024, 4): 456
07:38:09   - (2025, 1): 456
07:38:09   - (2025, 2): 456
07:38:09   - (2025, 3): 456
07:38:09   - (2025, 4): 429
