22:12:44 [INFO] year range 2016..2025
22:12:44 [INFO] mode=universe metric=revenue_op merge_existing=False
22:12:44 [INFO] primary fs_div=CFS (fallback enabled)
22:12:44 [INFO] universe=data\processed\universe__asof=2025-11-16__metric=revenue_op__v=1.csv rows=456
22:12:44 [INFO] input tickers rows=456 mode=universe
22:12:44 [INFO] corp_codes rows=3914
22:12:44 [CHECK] corp_code missing ratio=0.000
22:12:44 [INFO] corp_code usable rows: 456 -> 456
22:12:44 [INFO] existing fundamentals rows=10363 from data\processed\fundamentals_quarterly__asof=2025-11-16__src=dart__fs=CFS__y=2016-2025__v=1.parquet
22:12:44 [1/456] 005930 삼성전자 corp=00126380
22:13:00 [2/456] 000660 SK하이닉스 corp=00164779
22:13:15 [3/456] 005380 현대자동차 corp=00164742
22:13:31 [4/456] 373220 LG에너지솔루션 corp=01515323
22:13:48 [5/456] 402340 SK스퀘어 corp=01596425
22:14:05 [6/456] 105560 KB금융 corp=00688996
22:14:22 [7/456] 000270 기아 corp=00106641
22:14:38 [8/456] 034020 두산에너빌리티 corp=00159616
22:14:54 [9/456] 028260 삼성물산 corp=00149655
22:15:10 [10/456] 068270 셀트리온 corp=00413046
22:15:26 [11/456] 055550 신한지주 corp=00382199
22:15:44 [12/456] 012450 한화에어로스페이스 corp=00126566
22:16:00 [13/456] 329180 HD현대중공업 corp=01390344
22:16:16 [14/456] 006800 미래에셋증권 corp=00111722
22:16:34 [15/456] 032830 삼성생명 corp=00126256
22:16:51 [16/456] 012330 현대모비스 corp=00164788
22:17:07 [17/456] 035420 NAVER corp=00266961
22:17:22 [18/456] 042660 한화오션 corp=00111704
22:17:38 [19/456] 015760 한국전력공사 corp=00159193
22:17:54 [20/456] 086790 하나금융지주 corp=00547583
22:18:11 [21/456] 010130 고려아연 corp=00102858
22:18:27 [22/456] 267260 HD현대일렉트릭 corp=01205851
22:18:43 [23/456] 005490 POSCO홀딩스 corp=00155319
22:18:59 [24/456] 316140 우리금융지주 corp=01350869
22:19:16 [25/456] 009540 HD한국조선해양 corp=00164830
22:19:34 [26/456] 000810 삼성화재해상보험 corp=00139214
22:19:51 [27/456] 138040 메리츠금융지주 corp=00860332
22:20:10 [28/456] 006400 삼성SDI corp=00126362
22:20:25 [29/456] 034730 SK corp=00181712
22:20:41 [30/456] 035720 카카오 corp=00258801
22:21:03 [WARN] finstate_all corp=00258801 year=2016 reprt=11014 fs=CFS try=1/4 err=ConnectTimeout: HTTPSConnectionPool(host='opendart.fss.or.kr', port=443): Max retries exceeded with url: /api/fnlttSinglAcntAll.json?crtfc_key=75a12698fc0c7458be36a673011d7c3479f890ed&corp_code=00258801&bsns_year=2016&reprt_code=11014&fs_div=CFS (Caused by ConnectTimeoutError(<HTTPSConnection(host='opendart.fss.or.kr', port=443) at 0x1fe13017380>, 'Connection to opendart.fss.or.kr timed out. (connect timeout=None)'))
22:21:21 [31/456] 010140 삼성중공업 corp=00126478
22:21:37 [32/456] 009150 삼성전기 corp=00126371
22:21:52 [33/456] 051910 LG화학 corp=00356361
22:22:09 [34/456] 298040 효성중공업 corp=01316245
22:22:25 [35/456] 064350 현대로템 corp=00302926
22:22:41 [36/456] 033780 케이티앤지 corp=00244455
22:22:57 [37/456] 066570 LG전자 corp=00401731
22:23:14 [38/456] 024110 기업은행 corp=00149646
22:23:31 [39/456] 196170 알테오젠 corp=00989619
22:23:47 [40/456] 267250 HD현대 corp=01205709
22:24:03 [41/456] 000150 두산 corp=00117212
22:24:19 [42/456] 086520 에코프로 corp=00536541
22:24:35 [43/456] 010120 엘에스일렉트릭 corp=00105855
22:24:52 [44/456] 042700 한미반도체 corp=00161383
22:25:08 [45/456] 272210 한화시스템 corp=00339391
22:25:24 [46/456] 247540 에코프로비엠 corp=01160363
22:25:41 [47/456] 086280 현대글로비스 corp=00360595
22:25:58 [48/456] 011200 HMM corp=00164645
22:26:14 [49/456] 017670 SK텔레콤 corp=00159023
22:26:30 [50/456] 003670 포스코퓨처엠 corp=00155276
22:26:46 [51/456] 047810 한국항공우주 corp=00309503
22:27:01 [52/456] 096770 SK이노베이션 corp=00631518
22:27:17 [53/456] 030200 케이티 corp=00190321
22:27:33 [54/456] 352820 하이브 corp=01204056
22:27:50 [55/456] 003550 LG corp=00120021
22:28:06 [56/456] 071050 한국금융지주 corp=00432102
22:28:23 [57/456] 039490 키움증권 corp=00296290
22:28:40 [58/456] 018260 삼성에스디에스 corp=00126186
22:28:56 [59/456] 323410 카카오뱅크 corp=01133217
22:29:14 [60/456] 277810 레인보우로보틱스 corp=01261644
22:29:30 [61/456] 005830 DB손해보험 corp=00159102
22:29:48 [62/456] 000720 현대건설 corp=00164478
22:30:04 [63/456] 000250 삼천당제약 corp=00128546
22:30:20 [64/456] 259960 크래프톤 corp=00760971
22:30:37 [65/456] 307950 현대오토에버 corp=00362441
22:30:53 [66/456] 010950 S-Oil corp=00138279
22:31:10 [67/456] 047050 포스코인터내셔널 corp=00124504
22:31:26 [68/456] 000880 한화 corp=00160588
22:31:43 [69/456] 278470 에이피알 corp=01190568
22:32:00 [70/456] 079550 LIG넥스원 corp=00503668
22:32:17 [71/456] 005940 NH투자증권 corp=00120182
22:32:35 [72/456] 090430 아모레퍼시픽 corp=00583424
22:32:51 [73/456] 003490 대한항공 corp=00113526
22:33:25 [WARN] finstate_all corp=00113526 year=2023 reprt=11011 fs=CFS try=1/4 err=ConnectTimeout: HTTPSConnectionPool(host='opendart.fss.or.kr', port=443): Max retries exceeded with url: /api/fnlttSinglAcntAll.json?crtfc_key=75a12698fc0c7458be36a673011d7c3479f890ed&corp_code=00113526&bsns_year=2023&reprt_code=11011&fs_div=CFS (Caused by ConnectTimeoutError(<HTTPSConnection(host='opendart.fss.or.kr', port=443) at 0x1fe1461efc0>, 'Connection to opendart.fss.or.kr timed out. (connect timeout=None)'))
22:33:29 [74/456] 180640 한진칼 corp=00983040
22:33:45 [75/456] 016360 삼성증권 corp=00104856
22:34:03 [76/456] 003230 삼양식품 corp=00126955
22:34:19 [77/456] 161390 한국타이어앤테크놀로지 corp=00937324
22:34:35 [78/456] 298380 에이비엘바이오 corp=01256864
22:34:52 [79/456] 000100 유한양행 corp=00145109
22:35:09 [80/456] 326030 에스케이바이오팜 corp=00878696
22:35:26 [81/456] 377300 카카오페이 corp=01244601
22:35:43 [82/456] 006260 LS corp=00105952
22:35:59 [83/456] 009830 한화솔루션 corp=00162461
22:36:16 [84/456] 128940 한미약품 corp=00828497
22:36:32 [85/456] 443060 HD현대마린솔루션 corp=01194689
22:36:49 [86/456] 032640 LG유플러스 corp=00231363
22:37:06 [87/456] 029780 삼성카드 corp=00126292
22:37:23 [88/456] 138930 BNK금융지주 corp=00858364
22:37:41 [89/456] 175330 JB금융지주 corp=00980122
22:37:59 [90/456] 028300 HLB corp=00199252
22:38:16 [91/456] 001040 CJ corp=00148540
22:38:33 [92/456] 028050 삼성E&A corp=00126308
22:38:49 [93/456] 021240 코웨이 corp=00170558
22:39:05 [94/456] 078930 GS corp=00500254
22:39:21 [95/456] 214370 케어젠 corp=00549891
22:39:37 [96/456] 454910 두산로보틱스 corp=01105153
22:39:54 [97/456] 241560 두산밥캣 corp=01032486
22:40:10 [98/456] 141080 리가켐바이오 corp=00842619
22:40:27 [99/456] 007660 이수페타시스 corp=00107613
22:40:43 [100/456] 064400 LG씨엔에스 corp=00139834
22:41:02 [101/456] 001440 대한전선 corp=00113207
22:41:18 [102/456] 022100 포스코DX corp=00155212
22:41:34 [103/456] 034220 LG디스플레이 corp=00105873
22:41:50 [104/456] 011070 LG이노텍 corp=00105961
22:42:06 [105/456] 087010 펩트론 corp=00415868
22:42:26 [106/456] 052690 한전기술 corp=00159209
22:42:44 [107/456] 271560 오리온 corp=01238169
22:43:01 [108/456] 240810 원익IPS corp=01135941
22:43:16 [109/456] 002380 케이씨씨 corp=00105271
22:43:33 [110/456] 251270 넷마블 corp=00904672
22:43:49 [111/456] 036570 엔씨소프트 corp=00261443
22:44:06 [112/456] 450080 에코프로머티 corp=01311408
22:44:25 [113/456] 082740 한화엔진 corp=00361008
22:44:42 [114/456] 039030 이오테크닉스 corp=00246417
22:44:58 [115/456] 004020 현대제철 corp=00145880
22:45:14 [116/456] 062040 산일전기 corp=00366438
22:45:32 [117/456] 011780 금호석유화학 corp=00106368
22:45:48 [118/456] 140410 메지온 corp=00808022
22:46:04 [119/456] 051900 LG생활건강 corp=00356370
22:46:20 [120/456] 088350 한화생명 corp=00113058
22:46:37 [121/456] 214150 클래시스 corp=01061327
22:46:54 [122/456] 000990 DB하이텍 corp=00160843
22:47:09 [123/456] 066970 엘앤에프 corp=00398701
22:47:25 [124/456] 011790 SKC corp=00139889
22:47:42 [125/456] 017800 현대엘리베이터 corp=00164724
22:47:58 [126/456] 035250 강원랜드 corp=00255619
22:48:14 [127/456] 111770 영원무역 corp=00776820
22:48:30 [128/456] 310210 보로노이 corp=01327746
22:48:47 [129/456] 036460 한국가스공사 corp=00261285
22:49:03 [130/456] 302440 SK바이오사이언스 corp=01319899
22:49:21 [131/456] 004990 롯데지주 corp=00120562
22:49:37 [132/456] 001720 신영증권 corp=00136721
22:49:55 [133/456] 214450 파마리서치 corp=00970453
22:50:11 [134/456] 095340 ISC corp=00572905
22:50:27 [135/456] 004170 신세계 corp=00136378
22:50:43 [136/456] 108490 로보티즈 corp=00946030
22:50:59 [137/456] 403870 HPSP corp=01288827
22:51:17 [138/456] 139130 iM금융지주 corp=00878915
22:51:34 [139/456] 012750 에스원 corp=00158501
22:51:50 [140/456] 011170 롯데케미칼 corp=00165413
22:52:06 [141/456] 014680 한솔케미칼 corp=00140955
22:52:22 [142/456] 103590 일진전기 corp=00683469
22:52:38 [143/456] 097950 CJ제일제당 corp=00635134
22:52:54 [144/456] 319400 현대무벡스 corp=01358463
22:53:11 [145/456] 263750 펄어비스 corp=01152470
22:53:27 [146/456] 023530 롯데쇼핑 corp=00120526
22:53:43 [147/456] 000120 CJ대한통운 corp=00113410
22:53:59 [148/456] 145020 휴젤 corp=00888347
22:54:14 [149/456] 081660 미스토홀딩스 corp=00195229
22:54:30 [150/456] 009970 영원무역홀딩스 corp=00140964
22:54:46 [151/456] 001450 현대해상 corp=00164973
22:55:03 [152/456] 139480 이마트 corp=00872984
22:55:20 [153/456] 357780 솔브레인 corp=01489648
22:55:37 [154/456] 489790 한화비전 corp=01867758
22:55:54 [155/456] 103140 풍산 corp=00684714
22:56:10 [156/456] 047040 대우건설 corp=00124540
22:56:26 [157/456] 018880 한온시스템 corp=00161125
22:56:42 [158/456] 457190 이수스페셜티케미컬 corp=01762569
22:56:59 [159/456] 068760 셀트리온제약 corp=00541349
22:57:17 [160/456] 058610 에스피지 corp=00220686
22:57:33 [161/456] 237690 에스티팜 corp=00871833
22:57:49 [162/456] 000240 한국앤컴퍼니 corp=00160047
22:58:05 [163/456] 010060 OCI홀딩스 corp=00148896
22:58:21 [164/456] 026960 동서 corp=00144395
22:58:37 [165/456] 009420 한올바이오파마 corp=00162586
22:58:53 [166/456] 008930 한미사이언스 corp=00161426
22:59:09 [167/456] 353200 대덕전자 corp=01478712
22:59:25 [168/456] 002790 아모레퍼시픽홀딩스 corp=00154462
22:59:41 [169/456] 071970 HD현대마린엔진 corp=00406046
22:59:56 [170/456] 004370 농심 corp=00108241
23:00:12 [171/456] 204320 HL만도 corp=01042775
23:00:31 [172/456] 041510 에스엠 corp=00260930
23:00:58 [173/456] 028670 팬오션 corp=00122737
23:01:18 [174/456] 030530 원익홀딩스 corp=00216647
23:01:42 [175/456] 004800 효성 corp=00117188
23:02:05 [176/456] 012510 더존비즈온 corp=00172291
23:02:27 [177/456] 383220 F&F corp=01568413
23:02:51 [178/456] 001430 세아베스틸지주 corp=00106669
23:03:12 [179/456] 005290 동진쎄미켐 corp=00118804
23:03:36 [180/456] 003690 코리안리 corp=00113191
23:04:02 [181/456] 051600 한전KPS corp=00159218
23:04:23 [182/456] 257720 실리콘투 corp=00982023
23:04:46 [183/456] 267270 HD건설기계 corp=01205842
23:05:08 [184/456] 440110 파두 corp=01292291
23:05:33 [185/456] 084370 유진테크 corp=00531014
23:05:56 [186/456] 030000 제일기획 corp=00148276
23:06:16 [187/456] 035900 JYP Ent. corp=00258689
23:06:44 [188/456] 023590 다우기술 corp=00176914
23:07:07 [189/456] 069960 현대백화점 corp=00428251
23:07:26 [190/456] 005850 에스엘 corp=00125521
23:07:48 [191/456] 036930 주성엔지니어링 corp=00252135
23:08:13 [192/456] 282330 BGF리테일 corp=01263022
23:08:33 [193/456] 064760 티씨케이 corp=00245472
23:09:02 [194/456] 226950 올릭스 corp=01113718
23:09:22 [195/456] 083650 비에이치아이 corp=00409788
23:09:46 [196/456] 336260 두산퓨얼셀 corp=01412725
23:10:10 [197/456] 192820 코스맥스 corp=01009789
23:10:30 [198/456] 011210 현대위아 corp=00106623
23:10:51 [199/456] 005440 현대지에프홀딩스 corp=00105280
23:11:30 [WARN] finstate_all corp=00105280 year=2023 reprt=11013 fs=CFS try=1/4 err=ConnectTimeout: HTTPSConnectionPool(host='opendart.fss.or.kr', port=443): Max retries exceeded with url: /api/fnlttSinglAcntAll.json?crtfc_key=75a12698fc0c7458be36a673011d7c3479f890ed&corp_code=00105280&bsns_year=2023&reprt_code=11013&fs_div=CFS (Caused by ConnectTimeoutError(<HTTPSConnection(host='opendart.fss.or.kr', port=443) at 0x1fe1461eea0>, 'Connection to opendart.fss.or.kr timed out. (connect timeout=None)'))
23:11:37 [200/456] 067310 하나마이크론 corp=00445054
23:12:06 [201/456] 290650 엘앤씨바이오 corp=01181515
23:12:30 [202/456] 018670 SK가스 corp=00144164
23:12:53 [203/456] 098460 고영 corp=00579999
23:13:14 [204/456] 475830 오름테라퓨틱 corp=01658831
23:13:41 [205/456] 375500 DL이앤씨 corp=01524093
23:14:06 [206/456] 003540 대신증권 corp=00110893
23:14:33 [207/456] 099320 쎄트렉아이 corp=00449254
23:14:55 [208/456] 458870 씨어스테크놀로지 corp=01514227
23:15:20 [209/456] 178320 서진시스템 corp=00838005
23:15:40 [210/456] 006280 녹십자 corp=00129679
23:16:01 [211/456] 073240 금호타이어 corp=00481454
23:16:21 [212/456] 065350 신성델타테크 corp=00136226
23:16:44 [213/456] 097230 HJ중공업 corp=00633835
23:17:05 [214/456] 483650 달바글로벌 corp=01649204
23:17:28 [215/456] 032820 우리기술 corp=00231044
23:17:52 [216/456] 069620 대웅제약 corp=00427483
23:18:16 [217/456] 020150 롯데에너지머티리얼즈 corp=00113997
23:18:37 [218/456] 160190 하이젠알앤엠 corp=00650771
23:19:01 [219/456] 007340 DN오토모티브 corp=00116949
23:19:22 [220/456] 039200 오스코텍 corp=00263654
23:19:44 [221/456] 101490 에스앤에스텍 corp=00411048
23:20:06 [222/456] 032350 롯데관광개발 corp=00231372
23:20:26 [223/456] 008770 호텔신라 corp=00165680
23:20:58 [WARN] finstate_all corp=00165680 year=2021 reprt=11014 fs=CFS try=1/4 err=ConnectTimeout: HTTPSConnectionPool(host='opendart.fss.or.kr', port=443): Max retries exceeded with url: /api/fnlttSinglAcntAll.json?crtfc_key=75a12698fc0c7458be36a673011d7c3479f890ed&corp_code=00165680&bsns_year=2021&reprt_code=11014&fs_div=CFS (Caused by ConnectTimeoutError(<HTTPSConnection(host='opendart.fss.or.kr', port=443) at 0x1fe151861e0>, 'Connection to opendart.fss.or.kr timed out. (connect timeout=None)'))
23:21:08 [224/456] 034230 파라다이스 corp=00171265
23:21:27 [225/456] 006360 GS건설 corp=00120030
23:21:48 [226/456] 007070 GS리테일 corp=00140177
23:22:08 [227/456] 323280 태성 corp=01366000
23:22:31 [228/456] 361610 SK아이이테크놀로지 corp=01386916
23:22:53 [229/456] 003570 SNT다이내믹스 corp=00134477
23:23:14 [230/456] 445680 큐리옥스바이오시스템즈 corp=01498974
23:23:37 [231/456] 017960 한국카본 corp=00159795
23:23:58 [232/456] 112610 씨에스윈드 corp=00670340
23:24:18 [233/456] 140860 파크시스템스 corp=00244747
23:24:37 [234/456] 001120 LX인터내셔널 corp=00120076
23:24:58 [235/456] 298020 효성티앤씨 corp=01316227
23:25:17 [236/456] 120110 코오롱인더 corp=00795135
23:25:36 [237/456] 005070 코스모신소재 corp=00129989
23:26:01 [238/456] 161890 한국콜마 corp=00939331
23:26:20 [239/456] 003380 하림지주 corp=00148364
23:26:41 [240/456] 319660 피에스케이 corp=01365825
23:27:01 [241/456] 082270 젬백스 corp=00492894
23:27:22 [242/456] 232140 와이씨 corp=01109539
23:27:41 [243/456] 437730 삼현 corp=00262266
23:28:00 [244/456] 035760 CJ ENM corp=00265324
23:28:17 [245/456] 466100 클로봇 corp=01784914
23:28:35 [246/456] 085620 미래에셋생명 corp=00112332
23:28:52 [247/456] 007310 오뚜기 corp=00141529
23:29:08 [248/456] 222800 심텍 corp=01095722
23:29:24 [249/456] 006040 동원산업 corp=00118026
23:29:40 [250/456] 030610 교보증권 corp=00113359
23:29:56 [251/456] 348370 엔켐 corp=01011526
23:30:14 [252/456] 031980 피에스케이홀딩스 corp=00208444
23:30:30 [253/456] 003530 한화투자증권 corp=00148610
23:30:49 [254/456] 080220 제주반도체 corp=00447487
23:31:04 [255/456] 281740 레이크머티리얼즈 corp=01255652
23:31:20 [256/456] 089030 테크윙 corp=00535676
23:31:37 [257/456] 003090 대웅 corp=00111810
23:31:54 [258/456] 001800 오리온홀딩스 corp=00117577
23:32:10 [259/456] 294870 HDC현대산업개발 corp=01310269
23:32:26 [260/456] 007390 네이처셀 corp=00117276
23:32:45 [261/456] 090710 휴림로봇 corp=00540429
23:33:01 [262/456] 195940 HK이노엔 corp=01012066
23:33:19 [263/456] 058470 리노공업 corp=00369657
23:33:39 [264/456] 397030 에이프릴바이오 corp=01375822
23:33:57 [265/456] 096530 씨젠 corp=00788773
23:34:14 [266/456] 253450 스튜디오드래곤 corp=01168684
23:34:30 [267/456] 950160 코오롱티슈진 corp=01245062
23:34:49 [268/456] 056080 유진로봇 corp=00234227
23:35:07 [269/456] 005300 롯데칠성음료 corp=00120571
23:35:23 [270/456] 007810 코리아써키트 corp=00152686
23:35:40 [271/456] 388720 유일로보틱스 corp=01152586
23:35:58 [272/456] 122870 와이지엔터테인먼트 corp=00613318
23:36:15 [273/456] 012630 HDC corp=00164636
23:36:32 [274/456] 229640 LS에코에너지 corp=01093007
23:36:47 [275/456] 078600 대주전자재료 corp=00177816
23:37:04 [276/456] 189300 인텔리안테크 corp=00664181
23:37:20 [277/456] 218410 RFHIC corp=01078178
23:37:36 [278/456] 043260 성호전자 corp=00317210
23:37:52 [279/456] 095610 테스 corp=00524421
23:38:08 [280/456] 499790 GS피앤엘 corp=01882845
23:38:25 [281/456] 000080 하이트진로 corp=00150244
23:38:42 [282/456] 484870 엠앤씨솔루션 corp=01519790
23:38:59 [283/456] 293490 카카오게임즈 corp=01137383
23:39:16 [284/456] 181710 NHN corp=00983271
23:39:32 [285/456] 100790 미래에셋벤처투자 corp=00340096
23:39:49 [286/456] 004000 롯데정밀화학 corp=00157681
23:40:04 [287/456] 204270 제이앤티씨 corp=00447575
23:40:23 [288/456] 280360 롯데웰푸드 corp=01258507
23:40:40 [289/456] 185750 종근당 corp=00992871
23:40:56 [290/456] 003240 태광산업 corp=00153393
23:41:12 [291/456] 137400 피엔티 corp=00612294
23:41:28 [292/456] 131970 두산테스나 corp=00563545
23:41:47 [293/456] 328130 루닛 corp=01397620
23:42:03 [294/456] 115180 큐리언트 corp=01042650
23:42:20 [295/456] 166090 하나머티리얼즈 corp=00660750
23:42:43 [296/456] 036540 SFA반도체 corp=00301246
23:43:03 [297/456] 006120 SK디스커버리 corp=00131832
23:43:19 [298/456] 192080 더블유게임즈 corp=01010110
23:43:35 [299/456] 298050 HS효성첨단소재 corp=01316254
23:43:51 [300/456] 085660 차바이오텍 corp=00525679
23:44:10 [301/456] 006730 서부T&D corp=00130383
23:44:27 [302/456] 009240 한샘 corp=00161693
23:44:43 [303/456] 124500 아이티센글로벌 corp=00620868
23:44:59 [304/456] 183300 코미코 corp=00997812
23:45:15 [305/456] 161580 필옵틱스 corp=00938721
23:45:31 [306/456] 056190 에스에프에이 corp=00358271
23:45:48 [307/456] 285130 SK케미칼 corp=01267170
23:46:04 [308/456] 417200 LS머트리얼즈 corp=01528141
23:46:21 [309/456] 006650 대한유화 corp=00260383
23:46:37 [310/456] 241710 코스메카코리아 corp=00763473
23:46:52 [311/456] 100090 SK오션플랜트 corp=00480367
23:47:08 [312/456] 071320 지역난방공사 corp=00159698
23:47:25 [313/456] 036530 SNT홀딩스 corp=00225159
23:47:41 [314/456] 030190 NICE평가정보 corp=00158325
23:47:58 [315/456] 036830 솔브레인홀딩스 corp=00247975
23:48:14 [316/456] 213420 덕산네오룩스 corp=01061558
23:48:31 [317/456] 000210 DL corp=00109693
23:48:47 [318/456] 174900 앱클론 corp=00991191
23:49:06 [319/456] 032190 다우데이타 corp=00238782
23:49:38 [320/456] 075580 세진중공업 corp=00415628
23:49:54 [321/456] 295310 에이치브이엠 corp=01011368
23:50:12 [322/456] 003160 디아이 corp=00118275
23:50:28 [323/456] 249420 일동제약 corp=01168383
23:50:43 [324/456] 086900 메디톡스 corp=00580199
23:50:59 [325/456] 003470 유안타증권 corp=00117601
23:51:17 [326/456] 376300 디어유 corp=01456011
23:51:34 [327/456] 195870 해성디에스 corp=01032413
23:51:49 [328/456] 079160 CJ CGV corp=00303873
23:52:06 [329/456] 009450 경동나비엔 corp=00101488
23:52:22 [330/456] 347700 스피어 corp=01336762
23:52:42 [331/456] 005690 파미셀 corp=00145163
23:53:01 [332/456] 100840 SNT에너지 corp=00648721
23:53:17 [333/456] 475150 SK이터닉스 corp=01817081
23:53:34 [334/456] 131290 티에스이 corp=00372226
23:53:49 [335/456] 281820 케이씨텍 corp=01261893
23:54:08 [336/456] 014620 성광벤드 corp=00132318
23:54:23 [337/456] 057050 현대홈쇼핑 corp=00412597
23:54:39 [338/456] 171090 선익시스템 corp=00327819
23:54:55 [339/456] 060370 LS마린솔루션 corp=00225742
23:55:13 [340/456] 222080 씨아이에스 corp=01090471
23:55:30 [341/456] 112040 위메이드 corp=00444329
23:55:46 [342/456] 033240 자화전자 corp=00146861
23:56:02 [343/456] 036810 에프에스티 corp=00223434
23:56:19 [344/456] 064960 SNT모티브 corp=00398792
23:56:35 [345/456] 322000 HD현대에너지솔루션 corp=01199550
23:56:51 [346/456] 108320 LX세미콘 corp=00525934
23:57:06 [347/456] 052400 코나아이 corp=00349732
23:57:23 [348/456] 002350 넥센타이어 corp=00173874
23:57:38 [349/456] 248070 솔루엠 corp=01159233
23:57:55 [350/456] 000370 한화손해보험 corp=00135917
23:58:12 [351/456] 347850 디앤디파마텍 corp=01376715
23:58:31 [352/456] 000500 가온전선 corp=00104768
23:58:47 [353/456] 348340 뉴로메카 corp=01336461
23:59:04 [354/456] 089970 브이엠 corp=00544577
23:59:20 [355/456] 093370 후성 corp=00595191
23:59:43 [WARN] finstate_all corp=00595191 year=2017 reprt=11013 fs=CFS try=1/4 err=ConnectTimeout: HTTPSConnectionPool(host='opendart.fss.or.kr', port=443): Max retries exceeded with url: /api/fnlttSinglAcntAll.json?crtfc_key=75a12698fc0c7458be36a673011d7c3479f890ed&corp_code=00595191&bsns_year=2017&reprt_code=11013&fs_div=CFS (Caused by ConnectTimeoutError(<HTTPSConnection(host='opendart.fss.or.kr', port=443) at 0x1fe142c3290>, 'Connection to opendart.fss.or.kr timed out. (connect timeout=None)'))
23:59:58 [356/456] 121600 나노신소재 corp=00439965
00:00:14 [357/456] 060250 NHN KCP corp=00357740
00:00:30 [358/456] 005180 빙그레 corp=00124726
00:00:47 [359/456] 102710 이엔에프테크놀로지 corp=00530185
00:01:03 [360/456] 033100 제룡전기 corp=00185356
00:01:22 [361/456] 042000 카페24 corp=00260879
00:01:38 [362/456] 114090 GKL corp=00557508
00:01:55 [363/456] 214430 아이쓰리시스템 corp=00612489
00:02:13 [364/456] 003850 보령 corp=00123143
00:02:30 [365/456] 009520 포스코엠텍 corp=00128111
00:02:49 [366/456] 214320 이노션 corp=00565154
00:03:04 [367/456] 039130 하나투어 corp=00269940
00:03:21 [368/456] 069260 티케이지휴켐스 corp=00426086
00:03:39 [369/456] 001060 JW중외제약 corp=00149947
00:03:55 [370/456] 001680 대상 corp=00121941
00:04:11 [371/456] 001270 부국증권 corp=00123772
00:04:28 [372/456] 086450 동국제약 corp=00114808
00:04:45 [373/456] 002020 코오롱 corp=00152862
00:05:02 [374/456] 225570 넥슨게임즈 corp=01096341
00:05:19 [375/456] 067160 SOOP corp=00399694
00:05:36 [376/456] 348210 넥스틴 corp=01080252
00:05:52 [377/456] 389470 인벤티지랩 corp=01516456
00:06:10 [378/456] 456040 OCI corp=01760738
00:06:27 [379/456] 023160 태광 corp=00153375
00:06:44 [380/456] 272290 이녹스첨단소재 corp=01237540
00:06:59 [381/456] 074600 원익QnC corp=00468374
00:07:15 [382/456] 399720 가온칩스 corp=01364747
00:07:32 [383/456] 025980 아난티 corp=00161781
00:07:48 [384/456] 090360 로보스타 corp=00536523
00:08:03 [385/456] 078160 메디포스트 corp=00453929
00:08:20 [386/456] 077970 STX엔진 corp=00480455
00:08:37 [387/456] 053800 안랩 corp=00298270
00:08:52 [388/456] 420770 기가비스 corp=00765569
00:09:10 [389/456] 383310 에코프로에이치엔 corp=01566248
00:09:26 [390/456] 127120 제이에스링크 corp=00642541
00:09:42 [391/456] 211050 인카금융서비스 corp=01013694
00:09:58 [392/456] 090460 비에이치 corp=00447609
00:10:15 [393/456] 060280 큐렉소 corp=00356802
00:10:34 [394/456] 018290 브이티 corp=00150165
00:11:00 [WARN] finstate_all corp=00150165 year=2018 reprt=11014 fs=CFS try=1/4 err=ConnectTimeout: HTTPSConnectionPool(host='opendart.fss.or.kr', port=443): Max retries exceeded with url: /api/fnlttSinglAcntAll.json?crtfc_key=75a12698fc0c7458be36a673011d7c3479f890ed&corp_code=00150165&bsns_year=2018&reprt_code=11014&fs_div=CFS (Caused by ConnectTimeoutError(<HTTPSConnection(host='opendart.fss.or.kr', port=443) at 0x1fe133d4650>, 'Connection to opendart.fss.or.kr timed out. (connect timeout=None)'))
00:11:13 [395/456] 251970 펌텍코리아 corp=00761059
00:11:29 [396/456] 336570 원텍 corp=01407909
00:11:46 [397/456] 253590 네오셈 corp=01170865
00:12:02 [398/456] 287840 인투셀 corp=01374443
00:12:20 [399/456] 372320 큐로셀 corp=01492651
00:12:37 [400/456] 099190 아이센스 corp=00550994
00:12:53 [401/456] 005880 대한해운 corp=00113535
00:13:09 [402/456] 383800 LX홀딩스 corp=01562589
00:13:26 [403/456] 475960 토모큐브 corp=01573336
00:13:44 [404/456] 126340 비나텍 corp=00563518
00:14:00 [405/456] 252990 샘씨엔에스 corp=01199727
00:14:18 [406/456] 041190 우리기술투자 corp=00231664
00:14:35 [407/456] 358570 지아이이노베이션 corp=01351080
00:14:53 [408/456] 016610 DB증권 corp=00115694
00:15:11 [409/456] 044490 태웅 corp=00186799
00:15:31 [410/456] 005420 코스모화학 corp=00160302
00:15:49 [411/456] 015750 성우하이텍 corp=00132992
00:16:06 [412/456] 336370 솔루스첨단소재 corp=01412822
00:16:22 [413/456] 004690 삼천리 corp=00128555
00:16:38 [414/456] 036620 감성코퍼레이션 corp=00261009
00:16:57 [415/456] 025320 시노펙스 corp=00203023
00:17:13 [416/456] 053610 프로텍 corp=00325112
00:17:29 [417/456] 119850 지엔씨에너지 corp=00626464
00:17:45 [418/456] 460930 현대힘스 corp=00667373
00:18:01 [419/456] 178920 PI첨단소재 corp=00767460
00:18:20 [420/456] 094170 동운아나텍 corp=00695969
00:18:40 [421/456] 064260 다날 corp=00389970
00:18:56 [422/456] 389650 넥스트바이오메디컬 corp=01385050
00:19:14 [423/456] 042520 한스바이오메드 corp=00349060
00:19:30 [424/456] 001510 SK증권 corp=00131850
00:19:47 [425/456] 192650 드림텍 corp=00415646
00:20:04 [426/456] 104830 원익머트리얼즈 corp=00623661
00:20:20 [427/456] 050890 쏠리드 corp=00364403
00:20:36 [428/456] 030520 한글과컴퓨터 corp=00204262
00:20:53 [429/456] 039440 에스티아이 corp=00298340
00:21:09 [430/456] 145720 덴티움 corp=00526599
00:21:25 [431/456] 059090 미코 corp=00366942
00:21:42 [432/456] 356860 티엘비 corp=00920379
00:21:58 [433/456] 114810 한솔아이원스 corp=00625942
00:22:16 [434/456] 083450 GST corp=00540863
00:22:32 [435/456] 455900 엔젤로보틱스 corp=01592049
00:22:50 [436/456] 105840 우진 corp=00173944
00:23:05 [437/456] 200710 에이디테크놀로지 corp=00657002
00:23:20 [438/456] 079370 제우스 corp=00442570
00:23:36 [439/456] 045100 한양이엔지 corp=00216762
00:23:52 [440/456] 278280 천보 corp=00897752
00:24:09 [441/456] 105630 한세실업 corp=00728638
00:24:24 [442/456] 006220 제주은행 corp=00148832
00:24:41 [443/456] 425420 티에프이 corp=01035368
00:24:58 [444/456] 089010 켐트로닉스 corp=00371485
00:25:14 [445/456] 215600 신라젠 corp=00919966
00:25:30 [446/456] 376900 로킷헬스케어 corp=01335143
00:25:47 [447/456] 206650 유바이오로직스 corp=00927558
00:26:05 [448/456] 368770 파이버프로 corp=01513440
00:26:22 [449/456] 048410 현대바이오 corp=00313649
00:26:39 [450/456] 011930 신성이엔지 corp=00136271
00:26:56 [451/456] 122640 예스티 corp=00530556
00:27:12 [452/456] 082920 비츠로셀 corp=00154718
00:27:28 [453/456] 117730 티로보틱스 corp=00867098
00:27:44 [454/456] 001500 현대차증권 corp=00137997
00:28:01 [455/456] 476060 온코닉테라퓨틱스 corp=01632912
00:28:19 [456/456] 456160 지투지바이오 corp=01577952
