06:50:43 [INFO] year range 2016..2025
06:50:43 [INFO] mode=universe metric=revenue_op merge_existing=False
06:50:43 [INFO] primary fs_div=CFS (fallback enabled)
06:50:43 [INFO] universe=data\processed\universe__asof=2025-11-16__metric=revenue_op__v=1.csv rows=456
06:50:43 [INFO] input tickers rows=456 mode=universe
06:50:43 [INFO] corp_codes rows=3915
06:50:43 [CHECK] corp_code missing ratio=0.000
06:50:43 [INFO] corp_code usable rows: 456 -> 456
06:50:43 [INFO] existing fundamentals rows=11283 from data\processed\fundamentals_quarterly__asof=2025-11-16__src=dart__fs=CFS__y=2016-2025__v=1.parquet
06:50:43 [1/456] 005930 삼성전자 corp=00126380
06:51:13 [WARN] finstate_all corp=00126380 year=2022 reprt=11013 fs=CFS try=1/4 err=ConnectTimeout: HTTPSConnectionPool(host='opendart.fss.or.kr', port=443): Max retries exceeded with url: /api/fnlttSinglAcntAll.json?crtfc_key=75a12698fc0c7458be36a673011d7c3479f890ed&corp_code=00126380&bsns_year=2022&reprt_code=11013&fs_div=CFS (Caused by ConnectTimeoutError(<HTTPSConnection(host='opendart.fss.or.kr', port=443) at 0x18f03ec0dd0>, 'Connection to opendart.fss.or.kr timed out. (connect timeout=None)'))
06:51:20 [2/456] 000660 SK하이닉스 corp=00164779
06:51:36 [3/456] 005380 현대자동차 corp=00164742
06:51:52 [4/456] 373220 LG에너지솔루션 corp=01515323
06:52:08 [5/456] 402340 SK스퀘어 corp=01596425
06:52:25 [6/456] 105560 KB금융 corp=00688996
06:52:42 [7/456] 000270 기아 corp=00106641
06:52:58 [8/456] 034020 두산에너빌리티 corp=00159616
06:53:14 [9/456] 028260 삼성물산 corp=00149655
06:53:30 [10/456] 068270 셀트리온 corp=00413046
06:53:46 [11/456] 055550 신한지주 corp=00382199
06:54:03 [12/456] 012450 한화에어로스페이스 corp=00126566
06:54:26 [WARN] finstate_all corp=00126566 year=2017 reprt=11012 fs=CFS try=1/4 err=ConnectTimeout: HTTPSConnectionPool(host='opendart.fss.or.kr', port=443): Max retries exceeded with url: /api/fnlttSinglAcntAll.json?crtfc_key=75a12698fc0c7458be36a673011d7c3479f890ed&corp_code=00126566&bsns_year=2017&reprt_code=11012&fs_div=CFS (Caused by ConnectTimeoutError(<HTTPSConnection(host='opendart.fss.or.kr', port=443) at 0x18f052aeed0>, 'Connection to opendart.fss.or.kr timed out. (connect timeout=None)'))
06:54:41 [13/456] 329180 HD현대중공업 corp=01390344
06:54:57 [14/456] 006800 미래에셋증권 corp=00111722
06:55:14 [15/456] 032830 삼성생명 corp=00126256
06:55:31 [16/456] 012330 현대모비스 corp=00164788
06:55:47 [17/456] 035420 NAVER corp=00266961
06:56:02 [18/456] 042660 한화오션 corp=00111704
06:56:19 [19/456] 015760 한국전력공사 corp=00159193
06:56:35 [20/456] 086790 하나금융지주 corp=00547583
06:56:51 [21/456] 010130 고려아연 corp=00102858
06:57:08 [22/456] 267260 HD현대일렉트릭 corp=01205851
06:57:23 [23/456] 005490 POSCO홀딩스 corp=00155319
06:57:39 [24/456] 316140 우리금융지주 corp=01350869
06:57:56 [25/456] 009540 HD한국조선해양 corp=00164830
06:58:11 [26/456] 000810 삼성화재해상보험 corp=00139214
06:58:28 [27/456] 138040 메리츠금융지주 corp=00860332
06:58:45 [28/456] 006400 삼성SDI corp=00126362
06:59:02 [29/456] 034730 SK corp=00181712
06:59:18 [30/456] 035720 카카오 corp=00258801
06:59:34 [31/456] 010140 삼성중공업 corp=00126478
06:59:51 [32/456] 009150 삼성전기 corp=00126371
07:00:08 [33/456] 051910 LG화학 corp=00356361
07:00:25 [34/456] 298040 효성중공업 corp=01316245
07:00:41 [35/456] 064350 현대로템 corp=00302926
07:00:56 [36/456] 033780 케이티앤지 corp=00244455
07:01:12 [37/456] 066570 LG전자 corp=00401731
07:01:28 [38/456] 024110 기업은행 corp=00149646
07:01:45 [39/456] 196170 알테오젠 corp=00989619
07:02:00 [40/456] 267250 HD현대 corp=01205709
07:02:16 [41/456] 000150 두산 corp=00117212
07:02:34 [42/456] 086520 에코프로 corp=00536541
07:02:50 [43/456] 010120 엘에스일렉트릭 corp=00105855
07:03:06 [44/456] 042700 한미반도체 corp=00161383
07:03:22 [45/456] 272210 한화시스템 corp=00339391
07:03:38 [46/456] 247540 에코프로비엠 corp=01160363
07:03:54 [47/456] 086280 현대글로비스 corp=00360595
07:04:10 [48/456] 011200 HMM corp=00164645
07:04:26 [49/456] 017670 SK텔레콤 corp=00159023
07:04:42 [50/456] 003670 포스코퓨처엠 corp=00155276
07:04:58 [51/456] 047810 한국항공우주 corp=00309503
07:05:15 [52/456] 096770 SK이노베이션 corp=00631518
07:05:30 [53/456] 030200 케이티 corp=00190321
07:06:28 [54/456] 352820 하이브 corp=01204056
07:06:44 [55/456] 003550 LG corp=00120021
07:07:00 [56/456] 071050 한국금융지주 corp=00432102
07:07:16 [57/456] 039490 키움증권 corp=00296290
07:07:33 [58/456] 018260 삼성에스디에스 corp=00126186
07:07:50 [59/456] 323410 카카오뱅크 corp=01133217
07:08:07 [60/456] 277810 레인보우로보틱스 corp=01261644
07:08:23 [61/456] 005830 DB손해보험 corp=00159102
07:08:40 [62/456] 000720 현대건설 corp=00164478
07:08:56 [63/456] 000250 삼천당제약 corp=00128546
07:09:12 [64/456] 259960 크래프톤 corp=00760971
07:09:29 [65/456] 307950 현대오토에버 corp=00362441
07:09:44 [66/456] 010950 S-Oil corp=00138279
07:09:59 [67/456] 047050 포스코인터내셔널 corp=00124504
07:10:16 [68/456] 000880 한화 corp=00160588
07:10:34 [69/456] 278470 에이피알 corp=01190568
07:10:50 [70/456] 079550 LIG넥스원 corp=00503668
07:11:06 [71/456] 005940 NH투자증권 corp=00120182
07:11:22 [72/456] 090430 아모레퍼시픽 corp=00583424
07:11:38 [73/456] 003490 대한항공 corp=00113526
07:11:54 [74/456] 180640 한진칼 corp=00983040
07:12:11 [75/456] 016360 삼성증권 corp=00104856
07:12:27 [76/456] 003230 삼양식품 corp=00126955
07:12:43 [77/456] 161390 한국타이어앤테크놀로지 corp=00937324
07:12:59 [78/456] 298380 에이비엘바이오 corp=01256864
07:13:16 [79/456] 000100 유한양행 corp=00145109
07:13:32 [80/456] 326030 에스케이바이오팜 corp=00878696
07:13:48 [81/456] 377300 카카오페이 corp=01244601
07:14:05 [82/456] 006260 LS corp=00105952
07:14:21 [83/456] 009830 한화솔루션 corp=00162461
07:14:37 [84/456] 128940 한미약품 corp=00828497
07:14:54 [85/456] 443060 HD현대마린솔루션 corp=01194689
07:15:11 [86/456] 032640 LG유플러스 corp=00231363
07:15:26 [87/456] 029780 삼성카드 corp=00126292
07:15:43 [88/456] 138930 BNK금융지주 corp=00858364
07:15:59 [89/456] 175330 JB금융지주 corp=00980122
07:16:16 [90/456] 028300 HLB corp=00199252
07:17:44 [91/456] 001040 CJ corp=00148540
07:19:34 [92/456] 028050 삼성E&A corp=00126308
07:19:49 [93/456] 021240 코웨이 corp=00170558
07:20:06 [94/456] 078930 GS corp=00500254
07:20:21 [95/456] 214370 케어젠 corp=00549891
07:20:37 [96/456] 454910 두산로보틱스 corp=01105153
07:20:54 [97/456] 241560 두산밥캣 corp=01032486
07:21:10 [98/456] 141080 리가켐바이오 corp=00842619
07:21:26 [99/456] 007660 이수페타시스 corp=00107613
07:21:41 [100/456] 064400 LG씨엔에스 corp=00139834
07:21:58 [101/456] 001440 대한전선 corp=00113207
07:22:14 [102/456] 022100 포스코DX corp=00155212
07:22:29 [103/456] 034220 LG디스플레이 corp=00105873
07:22:45 [104/456] 011070 LG이노텍 corp=00105961
07:23:00 [105/456] 087010 펩트론 corp=00415868
07:23:18 [106/456] 052690 한전기술 corp=00159209
07:23:34 [107/456] 271560 오리온 corp=01238169
07:23:50 [108/456] 240810 원익IPS corp=01135941
07:24:06 [109/456] 002380 케이씨씨 corp=00105271
07:24:22 [110/456] 251270 넷마블 corp=00904672
07:24:38 [111/456] 036570 엔씨소프트 corp=00261443
07:24:55 [112/456] 450080 에코프로머티 corp=01311408
07:25:12 [113/456] 082740 한화엔진 corp=00361008
07:25:28 [114/456] 039030 이오테크닉스 corp=00246417
07:25:44 [115/456] 004020 현대제철 corp=00145880
07:25:59 [116/456] 062040 산일전기 corp=00366438
07:26:16 [117/456] 011780 금호석유화학 corp=00106368
07:26:32 [118/456] 140410 메지온 corp=00808022
07:26:47 [119/456] 051900 LG생활건강 corp=00356370
07:27:02 [120/456] 088350 한화생명 corp=00113058
07:27:19 [121/456] 214150 클래시스 corp=01061327
07:27:35 [122/456] 000990 DB하이텍 corp=00160843
07:27:50 [123/456] 066970 엘앤에프 corp=00398701
07:28:05 [124/456] 011790 SKC corp=00139889
07:28:21 [125/456] 017800 현대엘리베이터 corp=00164724
07:28:37 [126/456] 035250 강원랜드 corp=00255619
07:28:53 [127/456] 111770 영원무역 corp=00776820
07:29:09 [128/456] 310210 보로노이 corp=01327746
07:29:25 [129/456] 036460 한국가스공사 corp=00261285
07:29:41 [130/456] 302440 SK바이오사이언스 corp=01319899
07:29:57 [131/456] 004990 롯데지주 corp=00120562
07:30:14 [132/456] 001720 신영증권 corp=00136721
07:30:31 [133/456] 214450 파마리서치 corp=00970453
07:30:47 [134/456] 095340 ISC corp=00572905
07:31:02 [135/456] 004170 신세계 corp=00136378
07:31:18 [136/456] 108490 로보티즈 corp=00946030
07:31:34 [137/456] 403870 HPSP corp=01288827
07:31:51 [138/456] 139130 iM금융지주 corp=00878915
07:32:08 [139/456] 012750 에스원 corp=00158501
07:32:23 [140/456] 011170 롯데케미칼 corp=00165413
07:32:40 [141/456] 014680 한솔케미칼 corp=00140955
07:32:55 [142/456] 103590 일진전기 corp=00683469
07:33:10 [143/456] 097950 CJ제일제당 corp=00635134
07:33:26 [144/456] 319400 현대무벡스 corp=01358463
07:33:42 [145/456] 263750 펄어비스 corp=01152470
07:33:57 [146/456] 023530 롯데쇼핑 corp=00120526
07:34:13 [147/456] 000120 CJ대한통운 corp=00113410
07:34:30 [148/456] 145020 휴젤 corp=00888347
07:34:45 [149/456] 081660 미스토홀딩스 corp=00195229
07:35:01 [150/456] 009970 영원무역홀딩스 corp=00140964
07:35:16 [151/456] 001450 현대해상 corp=00164973
07:35:33 [152/456] 139480 이마트 corp=00872984
07:35:48 [153/456] 357780 솔브레인 corp=01489648
07:36:04 [154/456] 489790 한화비전 corp=01867758
07:36:21 [155/456] 103140 풍산 corp=00684714
07:36:37 [156/456] 047040 대우건설 corp=00124540
07:36:52 [157/456] 018880 한온시스템 corp=00161125
07:37:08 [158/456] 457190 이수스페셜티케미컬 corp=01762569
07:37:25 [159/456] 068760 셀트리온제약 corp=00541349
07:37:42 [160/456] 058610 에스피지 corp=00220686
07:37:57 [161/456] 237690 에스티팜 corp=00871833
07:38:13 [162/456] 000240 한국앤컴퍼니 corp=00160047
07:38:29 [163/456] 010060 OCI홀딩스 corp=00148896
07:38:44 [164/456] 026960 동서 corp=00144395
07:39:00 [165/456] 009420 한올바이오파마 corp=00162586
07:39:15 [166/456] 008930 한미사이언스 corp=00161426
07:39:31 [167/456] 353200 대덕전자 corp=01478712
07:39:47 [168/456] 002790 아모레퍼시픽홀딩스 corp=00154462
07:40:03 [169/456] 071970 HD현대마린엔진 corp=00406046
07:40:19 [170/456] 004370 농심 corp=00108241
07:40:35 [171/456] 204320 HL만도 corp=01042775
07:40:51 [172/456] 041510 에스엠 corp=00260930
07:41:07 [173/456] 028670 팬오션 corp=00122737
07:41:23 [174/456] 030530 원익홀딩스 corp=00216647
07:41:39 [175/456] 004800 효성 corp=00117188
07:41:55 [176/456] 012510 더존비즈온 corp=00172291
07:42:11 [177/456] 383220 F&F corp=01568413
07:42:27 [178/456] 001430 세아베스틸지주 corp=00106669
07:42:44 [179/456] 005290 동진쎄미켐 corp=00118804
07:42:59 [180/456] 003690 코리안리 corp=00113191
07:43:16 [181/456] 051600 한전KPS corp=00159218
07:43:32 [182/456] 257720 실리콘투 corp=00982023
07:43:48 [183/456] 267270 HD건설기계 corp=01205842
07:44:03 [184/456] 440110 파두 corp=01292291
07:44:20 [185/456] 084370 유진테크 corp=00531014
07:44:36 [186/456] 030000 제일기획 corp=00148276
07:44:52 [187/456] 035900 JYP Ent. corp=00258689
07:45:08 [188/456] 023590 다우기술 corp=00176914
07:45:24 [189/456] 069960 현대백화점 corp=00428251
07:45:40 [190/456] 005850 에스엘 corp=00125521
07:45:55 [191/456] 036930 주성엔지니어링 corp=00252135
07:46:11 [192/456] 282330 BGF리테일 corp=01263022
07:46:27 [193/456] 064760 티씨케이 corp=00245472
07:46:46 [194/456] 226950 올릭스 corp=01113718
07:47:02 [195/456] 083650 비에이치아이 corp=00409788
07:47:17 [196/456] 336260 두산퓨얼셀 corp=01412725
07:47:34 [197/456] 192820 코스맥스 corp=01009789
07:47:50 [198/456] 011210 현대위아 corp=00106623
07:48:06 [199/456] 005440 현대지에프홀딩스 corp=00105280
07:48:22 [200/456] 067310 하나마이크론 corp=00445054
07:48:38 [201/456] 290650 엘앤씨바이오 corp=01181515
07:48:53 [202/456] 018670 SK가스 corp=00144164
07:49:09 [203/456] 098460 고영 corp=00579999
07:49:25 [204/456] 475830 오름테라퓨틱 corp=01658831
07:49:42 [205/456] 375500 DL이앤씨 corp=01524093
07:49:58 [206/456] 003540 대신증권 corp=00110893
07:50:16 [207/456] 099320 쎄트렉아이 corp=00449254
07:50:32 [208/456] 458870 씨어스테크놀로지 corp=01514227
07:50:50 [209/456] 178320 서진시스템 corp=00838005
07:51:06 [210/456] 006280 녹십자 corp=00129679
07:51:22 [211/456] 073240 금호타이어 corp=00481454
07:51:37 [212/456] 065350 신성델타테크 corp=00136226
07:51:54 [213/456] 097230 HJ중공업 corp=00633835
07:52:09 [214/456] 483650 달바글로벌 corp=01649204
07:52:26 [215/456] 032820 우리기술 corp=00231044
07:52:42 [216/456] 069620 대웅제약 corp=00427483
07:52:58 [217/456] 020150 롯데에너지머티리얼즈 corp=00113997
07:53:13 [218/456] 160190 하이젠알앤엠 corp=00650771
07:53:30 [219/456] 007340 DN오토모티브 corp=00116949
07:53:46 [220/456] 039200 오스코텍 corp=00263654
07:54:02 [221/456] 101490 에스앤에스텍 corp=00411048
07:54:19 [222/456] 032350 롯데관광개발 corp=00231372
07:54:35 [223/456] 008770 호텔신라 corp=00165680
07:54:51 [224/456] 034230 파라다이스 corp=00171265
07:55:08 [225/456] 006360 GS건설 corp=00120030
07:55:23 [226/456] 007070 GS리테일 corp=00140177
07:55:39 [227/456] 323280 태성 corp=01366000
07:55:55 [228/456] 361610 SK아이이테크놀로지 corp=01386916
07:56:12 [229/456] 003570 SNT다이내믹스 corp=00134477
07:56:27 [230/456] 445680 큐리옥스바이오시스템즈 corp=01498974
07:56:44 [231/456] 017960 한국카본 corp=00159795
07:57:00 [232/456] 112610 씨에스윈드 corp=00670340
07:57:16 [233/456] 140860 파크시스템스 corp=00244747
07:57:31 [234/456] 001120 LX인터내셔널 corp=00120076
07:57:47 [235/456] 298020 효성티앤씨 corp=01316227
07:58:02 [236/456] 120110 코오롱인더 corp=00795135
07:58:19 [237/456] 005070 코스모신소재 corp=00129989
07:58:38 [238/456] 161890 한국콜마 corp=00939331
07:58:54 [239/456] 003380 하림지주 corp=00148364
07:59:10 [240/456] 319660 피에스케이 corp=01365825
07:59:25 [241/456] 082270 젬백스 corp=00492894
07:59:41 [242/456] 232140 와이씨 corp=01109539
07:59:56 [243/456] 437730 삼현 corp=00262266
08:00:14 [244/456] 035760 CJ ENM corp=00265324
08:00:31 [245/456] 466100 클로봇 corp=01784914
08:00:48 [246/456] 085620 미래에셋생명 corp=00112332
08:01:05 [247/456] 007310 오뚜기 corp=00141529
08:01:21 [248/456] 222800 심텍 corp=01095722
08:01:38 [249/456] 006040 동원산업 corp=00118026
08:01:54 [250/456] 030610 교보증권 corp=00113359
08:02:11 [251/456] 348370 엔켐 corp=01011526
08:02:28 [252/456] 031980 피에스케이홀딩스 corp=00208444
08:02:43 [253/456] 003530 한화투자증권 corp=00148610
08:03:00 [254/456] 080220 제주반도체 corp=00447487
08:03:15 [255/456] 281740 레이크머티리얼즈 corp=01255652
08:03:31 [256/456] 089030 테크윙 corp=00535676
08:03:47 [257/456] 003090 대웅 corp=00111810
08:04:03 [258/456] 001800 오리온홀딩스 corp=00117577
08:04:20 [259/456] 294870 HDC현대산업개발 corp=01310269
08:04:36 [260/456] 007390 네이처셀 corp=00117276
08:04:55 [261/456] 090710 휴림로봇 corp=00540429
08:05:10 [262/456] 195940 HK이노엔 corp=01012066
08:05:28 [263/456] 058470 리노공업 corp=00369657
08:05:46 [264/456] 397030 에이프릴바이오 corp=01375822
08:06:03 [265/456] 096530 씨젠 corp=00788773
08:06:18 [266/456] 253450 스튜디오드래곤 corp=01168684
08:06:35 [267/456] 950160 코오롱티슈진 corp=01245062
08:06:53 [268/456] 056080 유진로봇 corp=00234227
08:07:10 [269/456] 005300 롯데칠성음료 corp=00120571
08:07:26 [270/456] 007810 코리아써키트 corp=00152686
08:07:42 [271/456] 388720 유일로보틱스 corp=01152586
08:08:00 [272/456] 122870 와이지엔터테인먼트 corp=00613318
08:08:16 [273/456] 012630 HDC corp=00164636
08:08:33 [274/456] 229640 LS에코에너지 corp=01093007
08:08:49 [275/456] 078600 대주전자재료 corp=00177816
08:10:29 [276/456] 189300 인텔리안테크 corp=00664181
08:10:45 [277/456] 218410 RFHIC corp=01078178
08:11:02 [278/456] 043260 성호전자 corp=00317210
08:11:17 [279/456] 095610 테스 corp=00524421
08:11:33 [280/456] 499790 GS피앤엘 corp=01882845
08:11:49 [281/456] 000080 하이트진로 corp=00150244
08:12:06 [282/456] 484870 엠앤씨솔루션 corp=01519790
08:12:24 [283/456] 293490 카카오게임즈 corp=01137383
08:12:40 [284/456] 181710 NHN corp=00983271
08:12:56 [285/456] 100790 미래에셋벤처투자 corp=00340096
08:13:12 [286/456] 004000 롯데정밀화학 corp=00157681
08:13:28 [287/456] 204270 제이앤티씨 corp=00447575
08:13:44 [288/456] 280360 롯데웰푸드 corp=01258507
08:14:01 [289/456] 185750 종근당 corp=00992871
08:14:18 [290/456] 003240 태광산업 corp=00153393
08:14:34 [291/456] 137400 피엔티 corp=00612294
08:14:52 [292/456] 131970 두산테스나 corp=00563545
08:15:10 [293/456] 328130 루닛 corp=01397620
08:15:27 [294/456] 115180 큐리언트 corp=01042650
08:15:43 [295/456] 166090 하나머티리얼즈 corp=00660750
08:16:01 [296/456] 036540 SFA반도체 corp=00301246
08:16:17 [297/456] 006120 SK디스커버리 corp=00131832
08:16:33 [298/456] 192080 더블유게임즈 corp=01010110
08:16:50 [299/456] 298050 HS효성첨단소재 corp=01316254
08:17:06 [300/456] 085660 차바이오텍 corp=00525679
08:17:22 [301/456] 006730 서부T&D corp=00130383
08:17:40 [302/456] 009240 한샘 corp=00161693
08:17:55 [303/456] 124500 아이티센글로벌 corp=00620868
08:18:11 [304/456] 183300 코미코 corp=00997812
08:18:27 [305/456] 161580 필옵틱스 corp=00938721
08:18:43 [306/456] 056190 에스에프에이 corp=00358271
08:18:59 [307/456] 285130 SK케미칼 corp=01267170
08:19:15 [308/456] 417200 LS머트리얼즈 corp=01528141
08:19:32 [309/456] 006650 대한유화 corp=00260383
08:19:47 [310/456] 241710 코스메카코리아 corp=00763473
08:20:02 [311/456] 100090 SK오션플랜트 corp=00480367
08:20:19 [312/456] 071320 지역난방공사 corp=00159698
08:20:36 [313/456] 036530 SNT홀딩스 corp=00225159
08:20:52 [314/456] 030190 NICE평가정보 corp=00158325
08:21:08 [315/456] 036830 솔브레인홀딩스 corp=00247975
08:21:24 [316/456] 213420 덕산네오룩스 corp=01061558
08:21:41 [317/456] 000210 DL corp=00109693
08:21:57 [318/456] 174900 앱클론 corp=00991191
08:22:16 [319/456] 032190 다우데이타 corp=00238782
08:22:32 [320/456] 075580 세진중공업 corp=00415628
08:22:48 [321/456] 295310 에이치브이엠 corp=01011368
08:23:05 [322/456] 003160 디아이 corp=00118275
08:23:21 [323/456] 249420 일동제약 corp=01168383
08:23:37 [324/456] 086900 메디톡스 corp=00580199
08:23:53 [325/456] 003470 유안타증권 corp=00117601
08:24:10 [326/456] 376300 디어유 corp=01456011
08:24:27 [327/456] 195870 해성디에스 corp=01032413
08:24:43 [328/456] 079160 CJ CGV corp=00303873
08:24:59 [329/456] 009450 경동나비엔 corp=00101488
08:25:15 [330/456] 347700 스피어 corp=01336762
08:25:32 [331/456] 005690 파미셀 corp=00145163
08:25:50 [332/456] 100840 SNT에너지 corp=00648721
08:26:07 [333/456] 475150 SK이터닉스 corp=01817081
08:26:24 [334/456] 131290 티에스이 corp=00372226
08:26:40 [335/456] 281820 케이씨텍 corp=01261893
08:26:58 [336/456] 014620 성광벤드 corp=00132318
08:27:13 [337/456] 057050 현대홈쇼핑 corp=00412597
08:27:29 [338/456] 171090 선익시스템 corp=00327819
08:27:44 [339/456] 060370 LS마린솔루션 corp=00225742
08:28:02 [340/456] 222080 씨아이에스 corp=01090471
08:28:19 [341/456] 112040 위메이드 corp=00444329
08:28:36 [342/456] 033240 자화전자 corp=00146861
08:28:52 [343/456] 036810 에프에스티 corp=00223434
08:29:08 [344/456] 064960 SNT모티브 corp=00398792
08:29:24 [345/456] 322000 HD현대에너지솔루션 corp=01199550
08:29:40 [346/456] 108320 LX세미콘 corp=00525934
08:29:56 [347/456] 052400 코나아이 corp=00349732
08:30:18 [348/456] 002350 넥센타이어 corp=00173874
08:30:34 [349/456] 248070 솔루엠 corp=01159233
08:30:51 [350/456] 000370 한화손해보험 corp=00135917
08:31:08 [351/456] 347850 디앤디파마텍 corp=01376715
08:31:25 [352/456] 000500 가온전선 corp=00104768
08:31:41 [353/456] 348340 뉴로메카 corp=01336461
08:31:57 [354/456] 089970 브이엠 corp=00544577
08:32:14 [355/456] 093370 후성 corp=00595191
08:32:29 [356/456] 121600 나노신소재 corp=00439965
08:32:46 [357/456] 060250 NHN KCP corp=00357740
08:33:01 [358/456] 005180 빙그레 corp=00124726
08:33:17 [359/456] 102710 이엔에프테크놀로지 corp=00530185
08:33:33 [360/456] 033100 제룡전기 corp=00185356
08:33:51 [361/456] 042000 카페24 corp=00260879
08:34:07 [362/456] 114090 GKL corp=00557508
08:34:24 [363/456] 214430 아이쓰리시스템 corp=00612489
08:34:42 [364/456] 003850 보령 corp=00123143
08:34:58 [365/456] 009520 포스코엠텍 corp=00128111
08:35:17 [366/456] 214320 이노션 corp=00565154
08:35:33 [367/456] 039130 하나투어 corp=00269940
08:35:49 [368/456] 069260 티케이지휴켐스 corp=00426086
08:36:06 [369/456] 001060 JW중외제약 corp=00149947
08:36:21 [370/456] 001680 대상 corp=00121941
08:36:37 [371/456] 001270 부국증권 corp=00123772
08:36:54 [372/456] 086450 동국제약 corp=00114808
08:37:10 [373/456] 002020 코오롱 corp=00152862
08:37:27 [374/456] 225570 넥슨게임즈 corp=01096341
08:37:43 [375/456] 067160 SOOP corp=00399694
08:37:59 [376/456] 348210 넥스틴 corp=01080252
08:38:16 [377/456] 389470 인벤티지랩 corp=01516456
08:38:33 [378/456] 456040 OCI corp=01760738
08:38:50 [379/456] 023160 태광 corp=00153375
08:39:06 [380/456] 272290 이녹스첨단소재 corp=01237540
08:39:22 [381/456] 074600 원익QnC corp=00468374
08:39:37 [382/456] 399720 가온칩스 corp=01364747
08:39:53 [383/456] 025980 아난티 corp=00161781
08:40:09 [384/456] 090360 로보스타 corp=00536523
08:40:25 [385/456] 078160 메디포스트 corp=00453929
08:40:41 [386/456] 077970 STX엔진 corp=00480455
08:40:57 [387/456] 053800 안랩 corp=00298270
08:41:13 [388/456] 420770 기가비스 corp=00765569
08:41:30 [389/456] 383310 에코프로에이치엔 corp=01566248
08:41:46 [390/456] 127120 제이에스링크 corp=00642541
08:42:01 [391/456] 211050 인카금융서비스 corp=01013694
08:42:18 [392/456] 090460 비에이치 corp=00447609
08:42:34 [393/456] 060280 큐렉소 corp=00356802
08:42:52 [394/456] 018290 브이티 corp=00150165
08:43:08 [395/456] 251970 펌텍코리아 corp=00761059
08:43:23 [396/456] 336570 원텍 corp=01407909
08:43:40 [397/456] 253590 네오셈 corp=01170865
08:43:56 [398/456] 287840 인투셀 corp=01374443
08:44:13 [399/456] 372320 큐로셀 corp=01492651
08:44:30 [400/456] 099190 아이센스 corp=00550994
08:44:46 [401/456] 005880 대한해운 corp=00113535
08:45:01 [402/456] 383800 LX홀딩스 corp=01562589
08:45:18 [403/456] 475960 토모큐브 corp=01573336
08:45:35 [404/456] 126340 비나텍 corp=00563518
08:45:51 [405/456] 252990 샘씨엔에스 corp=01199727
08:46:10 [406/456] 041190 우리기술투자 corp=00231664
08:46:26 [407/456] 358570 지아이이노베이션 corp=01351080
08:46:44 [408/456] 016610 DB증권 corp=00115694
08:47:00 [409/456] 044490 태웅 corp=00186799
08:47:19 [410/456] 005420 코스모화학 corp=00160302
08:47:38 [411/456] 015750 성우하이텍 corp=00132992
08:47:54 [412/456] 336370 솔루스첨단소재 corp=01412822
08:48:10 [413/456] 004690 삼천리 corp=00128555
08:48:27 [414/456] 036620 감성코퍼레이션 corp=00261009
08:48:44 [415/456] 025320 시노펙스 corp=00203023
08:48:59 [416/456] 053610 프로텍 corp=00325112
08:49:15 [417/456] 119850 지엔씨에너지 corp=00626464
08:49:32 [418/456] 460930 현대힘스 corp=00667373
08:49:48 [419/456] 178920 PI첨단소재 corp=00767460
08:50:07 [420/456] 094170 동운아나텍 corp=00695969
08:50:27 [421/456] 064260 다날 corp=00389970
08:50:43 [422/456] 389650 넥스트바이오메디컬 corp=01385050
08:51:01 [423/456] 042520 한스바이오메드 corp=00349060
08:51:17 [424/456] 001510 SK증권 corp=00131850
08:51:34 [425/456] 192650 드림텍 corp=00415646
08:51:50 [426/456] 104830 원익머트리얼즈 corp=00623661
08:52:06 [427/456] 050890 쏠리드 corp=00364403
08:52:23 [428/456] 030520 한글과컴퓨터 corp=00204262
08:52:38 [429/456] 039440 에스티아이 corp=00298340
08:53:00 [WARN] finstate_all corp=00298340 year=2016 reprt=11012 fs=CFS try=1/4 err=ConnectTimeout: HTTPSConnectionPool(host='opendart.fss.or.kr', port=443): Max retries exceeded with url: /api/fnlttSinglAcntAll.json?crtfc_key=75a12698fc0c7458be36a673011d7c3479f890ed&corp_code=00298340&bsns_year=2016&reprt_code=11012&fs_div=CFS (Caused by ConnectTimeoutError(<HTTPSConnection(host='opendart.fss.or.kr', port=443) at 0x18f04d5b620>, 'Connection to opendart.fss.or.kr timed out. (connect timeout=None)'))
08:53:17 [430/456] 145720 덴티움 corp=00526599
08:53:33 [431/456] 059090 미코 corp=00366942
08:53:49 [432/456] 356860 티엘비 corp=00920379
08:54:05 [433/456] 114810 한솔아이원스 corp=00625942
08:54:22 [434/456] 083450 GST corp=00540863
08:54:38 [435/456] 455900 엔젤로보틱스 corp=01592049
08:54:56 [436/456] 105840 우진 corp=00173944
08:55:12 [437/456] 200710 에이디테크놀로지 corp=00657002
08:55:28 [438/456] 079370 제우스 corp=00442570
08:55:44 [439/456] 045100 한양이엔지 corp=00216762
08:56:00 [440/456] 278280 천보 corp=00897752
08:56:16 [441/456] 105630 한세실업 corp=00728638
08:56:32 [442/456] 006220 제주은행 corp=00148832
08:56:49 [443/456] 425420 티에프이 corp=01035368
08:57:05 [444/456] 089010 켐트로닉스 corp=00371485
08:57:21 [445/456] 215600 신라젠 corp=00919966
08:57:37 [446/456] 376900 로킷헬스케어 corp=01335143
08:57:53 [447/456] 206650 유바이오로직스 corp=00927558
08:58:11 [448/456] 368770 파이버프로 corp=01513440
08:58:28 [449/456] 048410 현대바이오 corp=00313649
08:58:44 [450/456] 011930 신성이엔지 corp=00136271
08:59:00 [451/456] 122640 예스티 corp=00530556
08:59:17 [452/456] 082920 비츠로셀 corp=00154718
08:59:32 [453/456] 117730 티로보틱스 corp=00867098
08:59:48 [454/456] 001500 현대차증권 corp=00137997
09:00:05 [455/456] 476060 온코닉테라퓨틱스 corp=01632912
09:00:23 [456/456] 456160 지투지바이오 corp=01577952
09:00:41 [OK] saved: data\processed\fundamentals_quarterly__asof=2025-11-16__src=dart__fs=CFS__y=2016-2025__v=1.parquet rows=14726 new_rows=14726 tickers_ok=456 skipped=0 err=0
09:00:41 [CHECK] quarter coverage:
09:00:41   - (2016, 1): 284
09:00:41   - (2016, 2): 288
09:00:41   - (2016, 3): 290
09:00:41   - (2016, 4): 298
09:00:41   - (2017, 1): 300
09:00:41   - (2017, 2): 309
09:00:41   - (2017, 3): 313
09:00:41   - (2017, 4): 322
09:00:41   - (2018, 1): 321
09:00:41   - (2018, 2): 325
09:00:41   - (2018, 3): 327
09:00:41   - (2018, 4): 336
09:00:41   - (2019, 1): 336
09:00:41   - (2019, 2): 339
09:00:41   - (2019, 3): 339
09:00:41   - (2019, 4): 346
09:00:41   - (2020, 1): 346
09:00:41   - (2020, 2): 348
09:00:41   - (2020, 3): 352
09:00:41   - (2020, 4): 361
09:00:41   - (2021, 1): 362
09:00:41   - (2021, 2): 368
09:00:41   - (2021, 3): 370
09:00:41   - (2021, 4): 375
09:00:41   - (2022, 1): 377
09:00:41   - (2022, 2): 381
09:00:41   - (2022, 3): 383
09:00:41   - (2022, 4): 388
09:00:41   - (2023, 1): 388
09:00:41   - (2023, 2): 392
09:00:41   - (2023, 3): 433
09:00:41   - (2023, 4): 437
09:00:41   - (2024, 1): 439
09:00:41   - (2024, 2): 445
09:00:41   - (2024, 3): 450
09:00:41   - (2024, 4): 456
09:00:41   - (2025, 1): 456
09:00:41   - (2025, 2): 456
09:00:41   - (2025, 3): 456
09:00:41   - (2025, 4): 434
